[ +325 ms] Artifact Instance of 'AndroidGenSnapshotArtifacts' is not required, skipping update.
[        ] Artifact Instance of 'AndroidInternalBuildArtifacts' is not required, skipping update.
[        ] Artifact Instance of 'IOSEngineArtifacts' is not required, skipping update.
[        ] Artifact Instance of 'FlutterWebSdk' is not required, skipping update.
[        ] Artifact Instance of 'LegacyCanvasKitRemover' is not required, skipping update.
[   +2 ms] Artifact Instance of 'WindowsEngineArtifacts' is not required, skipping update.
[        ] Artifact Instance of 'MacOSEngineArtifacts' is not required, skipping update.
[        ] Artifact Instance of 'LinuxEngineArtifacts' is not required, skipping update.
[        ] Artifact Instance of 'LinuxFuchsiaSDKArtifacts' is not required, skipping update.
[        ] Artifact Instance of 'MacOSFuchsiaSDKArtifacts' is not required, skipping update.
[        ] Artifact Instance of 'FlutterRunnerSDKArtifacts' is not required, skipping update.
[        ] Artifact Instance of 'FlutterRunnerDebugSymbols' is not required, skipping update.
[  +48 ms] Artifact Instance of 'MaterialFonts' is not required, skipping update.
[        ] Artifact Instance of 'GradleWrapper' is not required, skipping update.
[   +3 ms] Artifact Instance of 'AndroidInternalBuildArtifacts' is not required, skipping update.
[        ] Artifact Instance of 'IOSEngineArtifacts' is not required, skipping update.
[        ] Artifact Instance of 'FlutterWebSdk' is not required, skipping update.
[        ] Artifact Instance of 'LegacyCanvasKitRemover' is not required, skipping update.
[        ] Artifact Instance of 'FlutterSdk' is not required, skipping update.
[        ] Artifact Instance of 'WindowsEngineArtifacts' is not required, skipping update.
[        ] Artifact Instance of 'MacOSEngineArtifacts' is not required, skipping update.
[        ] Artifact Instance of 'LinuxEngineArtifacts' is not required, skipping update.
[        ] Artifact Instance of 'LinuxFuchsiaSDKArtifacts' is not required, skipping update.
[        ] Artifact Instance of 'MacOSFuchsiaSDKArtifacts' is not required, skipping update.
[        ] Artifact Instance of 'FlutterRunnerSDKArtifacts' is not required, skipping update.
[        ] Artifact Instance of 'FlutterRunnerDebugSymbols' is not required, skipping update.
[        ] Artifact Instance of 'IosUsbArtifacts' is not required, skipping update.
[        ] Artifact Instance of 'IosUsbArtifacts' is not required, skipping update.
[        ] Artifact Instance of 'IosUsbArtifacts' is not required, skipping update.
[        ] Artifact Instance of 'IosUsbArtifacts' is not required, skipping update.
[        ] Artifact Instance of 'IosUsbArtifacts' is not required, skipping update.
[        ] Artifact Instance of 'FontSubsetArtifacts' is not required, skipping update.
[        ] Artifact Instance of 'PubDependencies' is not required, skipping update.
[  +88 ms] Skipping pub get: version match.
[  +32 ms] Found plugin cloud_firestore at C:\Users\ardaa\AppData\Local\Pub\Cache\hosted\pub.dev\cloud_firestore-6.2.0\
[   +7 ms] Found plugin cloud_firestore_web at C:\Users\ardaa\AppData\Local\Pub\Cache\hosted\pub.dev\cloud_firestore_web-5.2.0\
[   +9 ms] Found plugin firebase_core at C:\Users\ardaa\AppData\Local\Pub\Cache\hosted\pub.dev\firebase_core-4.6.0\
[   +3 ms] Found plugin firebase_core_web at C:\Users\ardaa\AppData\Local\Pub\Cache\hosted\pub.dev\firebase_core_web-3.5.1\
[   +3 ms] Found plugin flutter_local_notifications at C:\Users\ardaa\AppData\Local\Pub\Cache\hosted\pub.dev\flutter_local_notifications-19.5.0\
[   +1 ms] Found plugin flutter_local_notifications_linux at C:\Users\ardaa\AppData\Local\Pub\Cache\hosted\pub.dev\flutter_local_notifications_linux-6.0.0\
[   +3 ms] Found plugin flutter_local_notifications_windows at C:\Users\ardaa\AppData\Local\Pub\Cache\hosted\pub.dev\flutter_local_notifications_windows-1.0.3\
[   +3 ms] Found plugin google_mobile_ads at C:\Users\ardaa\AppData\Local\Pub\Cache\hosted\pub.dev\google_mobile_ads-6.0.0\
[  +21 ms] Found plugin path_provider at C:\Users\ardaa\AppData\Local\Pub\Cache\hosted\pub.dev\path_provider-2.1.5\
[   +2 ms] Found plugin path_provider_android at C:\Users\ardaa\AppData\Local\Pub\Cache\hosted\pub.dev\path_provider_android-2.2.19\
[   +1 ms] Found plugin path_provider_foundation at C:\Users\ardaa\AppData\Local\Pub\Cache\hosted\pub.dev\path_provider_foundation-2.4.2\
[   +3 ms] Found plugin path_provider_linux at C:\Users\ardaa\AppData\Local\Pub\Cache\hosted\pub.dev\path_provider_linux-2.2.1\
[   +3 ms] Found plugin path_provider_windows at C:\Users\ardaa\AppData\Local\Pub\Cache\hosted\pub.dev\path_provider_windows-2.3.0\
[  +27 ms] Found plugin webview_flutter at C:\Users\ardaa\AppData\Local\Pub\Cache\hosted\pub.dev\webview_flutter-4.13.0\
[   +1 ms] Found plugin webview_flutter_android at C:\Users\ardaa\AppData\Local\Pub\Cache\hosted\pub.dev\webview_flutter_android-4.10.1\
[   +2 ms] Found plugin webview_flutter_wkwebview at C:\Users\ardaa\AppData\Local\Pub\Cache\hosted\pub.dev\webview_flutter_wkwebview-3.23.0\
[  +57 ms] Found plugin cloud_firestore at C:\Users\ardaa\AppData\Local\Pub\Cache\hosted\pub.dev\cloud_firestore-6.2.0\
[   +2 ms] Found plugin cloud_firestore_web at C:\Users\ardaa\AppData\Local\Pub\Cache\hosted\pub.dev\cloud_firestore_web-5.2.0\
[   +7 ms] Found plugin firebase_core at C:\Users\ardaa\AppData\Local\Pub\Cache\hosted\pub.dev\firebase_core-4.6.0\
[   +2 ms] Found plugin firebase_core_web at C:\Users\ardaa\AppData\Local\Pub\Cache\hosted\pub.dev\firebase_core_web-3.5.1\
[   +1 ms] Found plugin flutter_local_notifications at C:\Users\ardaa\AppData\Local\Pub\Cache\hosted\pub.dev\flutter_local_notifications-19.5.0\
[   +1 ms] Found plugin flutter_local_notifications_linux at C:\Users\ardaa\AppData\Local\Pub\Cache\hosted\pub.dev\flutter_local_notifications_linux-6.0.0\
[   +2 ms] Found plugin flutter_local_notifications_windows at C:\Users\ardaa\AppData\Local\Pub\Cache\hosted\pub.dev\flutter_local_notifications_windows-1.0.3\
[   +3 ms] Found plugin google_mobile_ads at C:\Users\ardaa\AppData\Local\Pub\Cache\hosted\pub.dev\google_mobile_ads-6.0.0\
[  +14 ms] Found plugin path_provider at C:\Users\ardaa\AppData\Local\Pub\Cache\hosted\pub.dev\path_provider-2.1.5\
[   +1 ms] Found plugin path_provider_android at C:\Users\ardaa\AppData\Local\Pub\Cache\hosted\pub.dev\path_provider_android-2.2.19\
[   +1 ms] Found plugin path_provider_foundation at C:\Users\ardaa\AppData\Local\Pub\Cache\hosted\pub.dev\path_provider_foundation-2.4.2\
[   +1 ms] Found plugin path_provider_linux at C:\Users\ardaa\AppData\Local\Pub\Cache\hosted\pub.dev\path_provider_linux-2.2.1\
[   +1 ms] Found plugin path_provider_windows at C:\Users\ardaa\AppData\Local\Pub\Cache\hosted\pub.dev\path_provider_windows-2.3.0\
[  +13 ms] Found plugin webview_flutter at C:\Users\ardaa\AppData\Local\Pub\Cache\hosted\pub.dev\webview_flutter-4.13.0\
[   +1 ms] Found plugin webview_flutter_android at C:\Users\ardaa\AppData\Local\Pub\Cache\hosted\pub.dev\webview_flutter_android-4.10.1\
[   +2 ms] Found plugin webview_flutter_wkwebview at C:\Users\ardaa\AppData\Local\Pub\Cache\hosted\pub.dev\webview_flutter_wkwebview-3.23.0\
[  +29 ms] Found plugin cloud_firestore at C:\Users\ardaa\AppData\Local\Pub\Cache\hosted\pub.dev\cloud_firestore-6.2.0\
[   +2 ms] Found plugin cloud_firestore_web at C:\Users\ardaa\AppData\Local\Pub\Cache\hosted\pub.dev\cloud_firestore_web-5.2.0\
[   +6 ms] Found plugin firebase_core at C:\Users\ardaa\AppData\Local\Pub\Cache\hosted\pub.dev\firebase_core-4.6.0\
[   +1 ms] Found plugin firebase_core_web at C:\Users\ardaa\AppData\Local\Pub\Cache\hosted\pub.dev\firebase_core_web-3.5.1\
[   +1 ms] Found plugin flutter_local_notifications at C:\Users\ardaa\AppData\Local\Pub\Cache\hosted\pub.dev\flutter_local_notifications-19.5.0\
[        ] Found plugin flutter_local_notifications_linux at C:\Users\ardaa\AppData\Local\Pub\Cache\hosted\pub.dev\flutter_local_notifications_linux-6.0.0\
[   +2 ms] Found plugin flutter_local_notifications_windows at C:\Users\ardaa\AppData\Local\Pub\Cache\hosted\pub.dev\flutter_local_notifications_windows-1.0.3\
[   +2 ms] Found plugin google_mobile_ads at C:\Users\ardaa\AppData\Local\Pub\Cache\hosted\pub.dev\google_mobile_ads-6.0.0\
[  +10 ms] Found plugin path_provider at C:\Users\ardaa\AppData\Local\Pub\Cache\hosted\pub.dev\path_provider-2.1.5\
[   +1 ms] Found plugin path_provider_android at C:\Users\ardaa\AppData\Local\Pub\Cache\hosted\pub.dev\path_provider_android-2.2.19\
[   +1 ms] Found plugin path_provider_foundation at C:\Users\ardaa\AppData\Local\Pub\Cache\hosted\pub.dev\path_provider_foundation-2.4.2\
[   +1 ms] Found plugin path_provider_linux at C:\Users\ardaa\AppData\Local\Pub\Cache\hosted\pub.dev\path_provider_linux-2.2.1\
[   +2 ms] Found plugin path_provider_windows at C:\Users\ardaa\AppData\Local\Pub\Cache\hosted\pub.dev\path_provider_windows-2.3.0\
[  +14 ms] Found plugin webview_flutter at C:\Users\ardaa\AppData\Local\Pub\Cache\hosted\pub.dev\webview_flutter-4.13.0\
[        ] Found plugin webview_flutter_android at C:\Users\ardaa\AppData\Local\Pub\Cache\hosted\pub.dev\webview_flutter_android-4.10.1\
[   +2 ms] Found plugin webview_flutter_wkwebview at C:\Users\ardaa\AppData\Local\Pub\Cache\hosted\pub.dev\webview_flutter_wkwebview-3.23.0\
[  +11 ms] Generating C:\Users\ardaa\StudioProjects\sigara\android\app\src\main\java\io\flutter\plugins\GeneratedPluginRegistrant.java
[ +113 ms] executing: C:\Program Files\Android\Android Studio\jbr\bin\java -version
[ +113 ms] Exit code 0 from: C:\Program Files\Android\Android Studio\jbr\bin\java -version
[        ] openjdk version "21.0.5" 2024-10-15
           OpenJDK Runtime Environment (build 21.0.5+-13047016-b750.29)
           OpenJDK 64-Bit Server VM (build 21.0.5+-13047016-b750.29, mixed mode)
flutter : [   +5 ms] Support for Android x86
 targets will be removed in the next stable 
release after 3.27. See https://github.com/f
lutter/flutter/issues/157543 for details.
At line:1 char:1
+ flutter build apk --debug --verbose 2>&1 |
 Tee-Object build_output.tx ...
+ ~~~~~~~~~~~~~~~~~~~~~~~~~~~~~~~~~~~~~~~~
    + CategoryInfo          : NotSpecified: 
    ([   +5 ms] Supp...43 for details.:Str  
  ing) [], RemoteException
    + FullyQualifiedErrorId : NativeCommand 
   Error
 
[   +4 ms] Top-level Gradle build file not found, skipping migration of task "clean".
[   +2 ms] executing: C:\Program Files\Java\jdk-17\bin\java --version
[  +95 ms] Exit code 0 from: C:\Program Files\Java\jdk-17\bin\java --version
[        ] java 17.0.12 2024-07-16 LTS
           Java(TM) SE Runtime Environment (build 17.0.12+8-LTS-286)
           Java HotSpot(TM) 64-Bit Server VM (build 17.0.12+8-LTS-286, mixed mode, sharing)
[  +10 ms] CMake project not found, skipping support Android 15 16k page size migration.
[   +4 ms] Using gradle from C:\Users\ardaa\StudioProjects\sigara\android\gradlew.bat.
[  +43 ms] Running Gradle task 'assembleDebug'...
[   +1 ms] executing: [C:\Users\ardaa\StudioProjects\sigara\android/] C:\Users\ardaa\StudioProjects\sigara\android\gradlew.bat --full-stacktrace --info -Pverbose=true -Ptarget-platform=android-arm,android-arm64,android-x86,android-x64 -Ptarget=lib\main.dart -Pbase-application-name=android.app.Application -Pdart-obfuscation=false -Ptrack-widget-creation=true -Ptree-shake-icons=false assembleDebug
[ +679 ms] Initialized native services in: C:\Users\ardaa\.gradle\native
[        ] Initialized jansi services in: C:\Users\ardaa\.gradle\native
[ +110 ms] Received JVM installation metadata from 'C:\Program Files\Java\jdk-17': {JAVA_HOME=C:\Program Files\Java\jdk-17, JAVA_VERSION=17.0.12, JAVA_VENDOR=Oracle Corporation, RUNTIME_NAME=Java(TM) SE Runtime Environment, RUNTIME_VERSION=17.0.12+8-LTS-286, VM_NAME=Java HotSpot(TM) 64-Bit Server VM, VM_VERSION=17.0.12+8-LTS-286, VM_VENDOR=Oracle Corporation, OS_ARCH=amd64}
[ +311 ms] The client will now receive all logging from the daemon (pid: 49284). The daemon log file: C:\Users\ardaa\.gradle\daemon\8.10.2\daemon-49284.out.log
[  +91 ms] Starting 7th build in daemon [uptime: 13 mins 29.353 secs, performance: 100%, GC rate: 0.00/s, heap usage: 0% of 8 GiB, non-heap usage: 4% of 4 GiB]
[        ] Using 16 worker leases.
[        ] Now considering [C:\Users\ardaa\StudioProjects\sigara\android, C:\src\flutter\packages\flutter_tools\gradle] as hierarchies to watch
[        ] Watching the file system is configured to be enabled if available
[        ] File system watching is active
[        ] Starting Build
[        ] Now considering [C:\src\flutter\packages\flutter_tools\gradle, C:\Users\ardaa\StudioProjects\sigara\android] as hierarchies to watch
[ +202 ms] > Configure project :gradle
[        ] Evaluating project ':gradle' using build file 'C:\src\flutter\packages\flutter_tools\gradle\build.gradle.kts'.
[        ] Transforming gradle-kotlin-dsl-plugins-4.5.0.jar (org.gradle.kotlin:gradle-kotlin-dsl-plugins:4.5.0) with InstrumentationAnalysisTransform
[        ] Transforming kotlin-stdlib-1.9.24.jar (org.jetbrains.kotlin:kotlin-stdlib:1.9.24) with InstrumentationAnalysisTransform
[        ] Transforming annotations-13.0.jar (org.jetbrains:annotations:13.0) with InstrumentationAnalysisTransform
[        ] Transforming kotlin-sam-with-receiver-1.9.24-gradle82.jar (org.jetbrains.kotlin:kotlin-sam-with-receiver:1.9.24) with InstrumentationAnalysisTransform
[        ] Transforming kotlin-assignment-1.9.24-gradle82.jar (org.jetbrains.kotlin:kotlin-assignment:1.9.24) with InstrumentationAnalysisTransform
[        ] Transforming kotlin-gradle-plugin-model-1.9.24.jar (org.jetbrains.kotlin:kotlin-gradle-plugin-model:1.9.24) with InstrumentationAnalysisTransform
[        ] Transforming kotlin-gradle-plugin-api-1.9.24.jar (org.jetbrains.kotlin:kotlin-gradle-plugin-api:1.9.24) with InstrumentationAnalysisTransform
[        ] Transforming kotlin-gradle-plugin-api-1.9.24-gradle82.jar (org.jetbrains.kotlin:kotlin-gradle-plugin-api:1.9.24) with InstrumentationAnalysisTransform
[        ] Transforming kotlin-gradle-plugin-1.9.24-gradle82.jar (org.jetbrains.kotlin:kotlin-gradle-plugin:1.9.24) with InstrumentationAnalysisTransform
[        ] Transforming kotlin-gradle-plugin-idea-proto-1.9.24.jar (org.jetbrains.kotlin:kotlin-gradle-plugin-idea-proto:1.9.24) with InstrumentationAnalysisTransform
[        ] Transforming kotlin-gradle-plugin-idea-1.9.24.jar (org.jetbrains.kotlin:kotlin-gradle-plugin-idea:1.9.24) with InstrumentationAnalysisTransform
[        ] Transforming kotlin-klib-commonizer-api-1.9.24.jar (org.jetbrains.kotlin:kotlin-klib-commonizer-api:1.9.24) with InstrumentationAnalysisTransform
[        ] Transforming kotlin-native-utils-1.9.24.jar (org.jetbrains.kotlin:kotlin-native-utils:1.9.24) with InstrumentationAnalysisTransform
[        ] Transforming kotlin-util-klib-1.9.24.jar (org.jetbrains.kotlin:kotlin-util-klib:1.9.24) with InstrumentationAnalysisTransform
[        ] Transforming kotlin-build-tools-api-1.9.24.jar (org.jetbrains.kotlin:kotlin-build-tools-api:1.9.24) with InstrumentationAnalysisTransform
[        ] Transforming kotlin-android-extensions-1.9.24.jar (org.jetbrains.kotlin:kotlin-android-extensions:1.9.24) with InstrumentationAnalysisTransform
[        ] Transforming kotlin-compiler-runner-1.9.24.jar (org.jetbrains.kotlin:kotlin-compiler-runner:1.9.24) with InstrumentationAnalysisTransform
[        ] Transforming kotlin-compiler-embeddable-1.9.24.jar (org.jetbrains.kotlin:kotlin-compiler-embeddable:1.9.24) with InstrumentationAnalysisTransform
[        ] Transforming kotlin-scripting-compiler-embeddable-1.9.24.jar (org.jetbrains.kotlin:kotlin-scripting-compiler-embeddable:1.9.24) with InstrumentationAnalysisTransform
[        ] Transforming kotlin-scripting-compiler-impl-embeddable-1.9.24.jar (org.jetbrains.kotlin:kotlin-scripting-compiler-impl-embeddable:1.9.24) with InstrumentationAnalysisTransform
[        ] Transforming kotlin-gradle-plugin-annotations-1.9.24.jar (org.jetbrains.kotlin:kotlin-gradle-plugin-annotations:1.9.24) with InstrumentationAnalysisTransform
[        ] Transforming kotlin-project-model-1.9.24.jar (org.jetbrains.kotlin:kotlin-project-model:1.9.24) with InstrumentationAnalysisTransform
[        ] Transforming kotlin-tooling-core-1.9.24.jar (org.jetbrains.kotlin:kotlin-tooling-core:1.9.24) with InstrumentationAnalysisTransform
[        ] Transforming kotlin-util-io-1.9.24.jar (org.jetbrains.kotlin:kotlin-util-io:1.9.24) with InstrumentationAnalysisTransform
[        ] Transforming kotlin-daemon-embeddable-1.9.24.jar (org.jetbrains.kotlin:kotlin-daemon-embeddable:1.9.24) with InstrumentationAnalysisTransform
[        ] Transforming trove4j-1.0.20200330.jar (org.jetbrains.intellij.deps:trove4j:1.0.20200330) with InstrumentationAnalysisTransform
[        ] Transforming kotlin-daemon-client-1.9.24.jar (org.jetbrains.kotlin:kotlin-daemon-client:1.9.24) with InstrumentationAnalysisTransform
[        ] Transforming kotlinx-coroutines-core-jvm-1.5.0.jar (org.jetbrains.kotlinx:kotlinx-coroutines-core-jvm:1.5.0) with InstrumentationAnalysisTransform
[        ] Transforming kotlin-scripting-jvm-1.9.24.jar (org.jetbrains.kotlin:kotlin-scripting-jvm:1.9.24) with InstrumentationAnalysisTransform
[        ] Transforming kotlin-scripting-common-1.9.24.jar (org.jetbrains.kotlin:kotlin-scripting-common:1.9.24) with InstrumentationAnalysisTransform
[        ] Transforming gradle-kotlin-dsl-plugins-4.5.0.jar (org.gradle.kotlin:gradle-kotlin-dsl-plugins:4.5.0) with InstrumentationAnalysisTransform
[        ] Transforming gradle-kotlin-dsl-plugins-4.5.0.jar (org.gradle.kotlin:gradle-kotlin-dsl-plugins:4.5.0) with MergeInstrumentationAnalysisTransform
[        ] Transforming kotlin-stdlib-1.9.24.jar (org.jetbrains.kotlin:kotlin-stdlib:1.9.24) with InstrumentationAnalysisTransform
[        ] Transforming kotlin-stdlib-1.9.24.jar (org.jetbrains.kotlin:kotlin-stdlib:1.9.24) with MergeInstrumentationAnalysisTransform
[        ] Transforming annotations-13.0.jar (org.jetbrains:annotations:13.0) with InstrumentationAnalysisTransform
[        ] Transforming annotations-13.0.jar (org.jetbrains:annotations:13.0) with MergeInstrumentationAnalysisTransform
[        ] Transforming gradle-kotlin-dsl-plugins-4.5.0.jar (org.gradle.kotlin:gradle-kotlin-dsl-plugins:4.5.0) with ExternalDependencyInstrumentingArtifactTransform
[        ] Transforming kotlin-sam-with-receiver-1.9.24-gradle82.jar (org.jetbrains.kotlin:kotlin-sam-with-receiver:1.9.24) with InstrumentationAnalysisTransform
[        ] Transforming kotlin-sam-with-receiver-1.9.24-gradle82.jar (org.jetbrains.kotlin:kotlin-sam-with-receiver:1.9.24) with MergeInstrumentationAnalysisTransform
[        ] Transforming annotations-13.0.jar (org.jetbrains:annotations:13.0) with ExternalDependencyInstrumentingArtifactTransform
[        ] Transforming kotlin-stdlib-1.9.24.jar (org.jetbrains.kotlin:kotlin-stdlib:1.9.24) with ExternalDependencyInstrumentingArtifactTransform
[        ] Transforming kotlin-assignment-1.9.24-gradle82.jar (org.jetbrains.kotlin:kotlin-assignment:1.9.24) with InstrumentationAnalysisTransform
[        ] Transforming kotlin-assignment-1.9.24-gradle82.jar (org.jetbrains.kotlin:kotlin-assignment:1.9.24) with MergeInstrumentationAnalysisTransform
[        ] Transforming kotlin-sam-with-receiver-1.9.24-gradle82.jar (org.jetbrains.kotlin:kotlin-sam-with-receiver:1.9.24) with ExternalDependencyInstrumentingArtifactTransform
[        ] Transforming kotlin-gradle-plugin-model-1.9.24.jar (org.jetbrains.kotlin:kotlin-gradle-plugin-model:1.9.24) with InstrumentationAnalysisTransform
[        ] Transforming kotlin-gradle-plugin-model-1.9.24.jar (org.jetbrains.kotlin:kotlin-gradle-plugin-model:1.9.24) with MergeInstrumentationAnalysisTransform
[        ] Transforming kotlin-assignment-1.9.24-gradle82.jar (org.jetbrains.kotlin:kotlin-assignment:1.9.24) with ExternalDependencyInstrumentingArtifactTransform
[        ] Transforming kotlin-gradle-plugin-api-1.9.24.jar (org.jetbrains.kotlin:kotlin-gradle-plugin-api:1.9.24) with InstrumentationAnalysisTransform
[        ] Transforming kotlin-gradle-plugin-api-1.9.24.jar (org.jetbrains.kotlin:kotlin-gradle-plugin-api:1.9.24) with MergeInstrumentationAnalysisTransform
[        ] Transforming kotlin-gradle-plugin-model-1.9.24.jar (org.jetbrains.kotlin:kotlin-gradle-plugin-model:1.9.24) with ExternalDependencyInstrumentingArtifactTransform
[        ] Transforming kotlin-gradle-plugin-api-1.9.24-gradle82.jar (org.jetbrains.kotlin:kotlin-gradle-plugin-api:1.9.24) with InstrumentationAnalysisTransform
[        ] Transforming kotlin-gradle-plugin-api-1.9.24-gradle82.jar (org.jetbrains.kotlin:kotlin-gradle-plugin-api:1.9.24) with MergeInstrumentationAnalysisTransform
[        ] Transforming kotlin-gradle-plugin-api-1.9.24.jar (org.jetbrains.kotlin:kotlin-gradle-plugin-api:1.9.24) with ExternalDependencyInstrumentingArtifactTransform
[        ] Transforming kotlin-gradle-plugin-1.9.24-gradle82.jar (org.jetbrains.kotlin:kotlin-gradle-plugin:1.9.24) with InstrumentationAnalysisTransform
[        ] Transforming kotlin-gradle-plugin-api-1.9.24-gradle82.jar (org.jetbrains.kotlin:kotlin-gradle-plugin-api:1.9.24) with ExternalDependencyInstrumentingArtifactTransform
[        ] Transforming kotlin-gradle-plugin-1.9.24-gradle82.jar (org.jetbrains.kotlin:kotlin-gradle-plugin:1.9.24) with MergeInstrumentationAnalysisTransform
[        ] Transforming kotlin-gradle-plugin-idea-proto-1.9.24.jar (org.jetbrains.kotlin:kotlin-gradle-plugin-idea-proto:1.9.24) with InstrumentationAnalysisTransform
[        ] Transforming kotlin-gradle-plugin-1.9.24-gradle82.jar (org.jetbrains.kotlin:kotlin-gradle-plugin:1.9.24) with ExternalDependencyInstrumentingArtifactTransform
[        ] Transforming kotlin-gradle-plugin-idea-proto-1.9.24.jar (org.jetbrains.kotlin:kotlin-gradle-plugin-idea-proto:1.9.24) with MergeInstrumentationAnalysisTransform
[        ] Transforming kotlin-gradle-plugin-idea-1.9.24.jar (org.jetbrains.kotlin:kotlin-gradle-plugin-idea:1.9.24) with InstrumentationAnalysisTransform
[        ] Transforming kotlin-gradle-plugin-idea-1.9.24.jar (org.jetbrains.kotlin:kotlin-gradle-plugin-idea:1.9.24) with MergeInstrumentationAnalysisTransform
[        ] Transforming kotlin-gradle-plugin-idea-proto-1.9.24.jar (org.jetbrains.kotlin:kotlin-gradle-plugin-idea-proto:1.9.24) with ExternalDependencyInstrumentingArtifactTransform
[        ] Transforming kotlin-klib-commonizer-api-1.9.24.jar (org.jetbrains.kotlin:kotlin-klib-commonizer-api:1.9.24) with InstrumentationAnalysisTransform
[        ] Transforming kotlin-klib-commonizer-api-1.9.24.jar (org.jetbrains.kotlin:kotlin-klib-commonizer-api:1.9.24) with MergeInstrumentationAnalysisTransform
[        ] Transforming kotlin-gradle-plugin-idea-1.9.24.jar (org.jetbrains.kotlin:kotlin-gradle-plugin-idea:1.9.24) with ExternalDependencyInstrumentingArtifactTransform
[        ] Transforming kotlin-native-utils-1.9.24.jar (org.jetbrains.kotlin:kotlin-native-utils:1.9.24) with InstrumentationAnalysisTransform
[        ] Transforming kotlin-klib-commonizer-api-1.9.24.jar (org.jetbrains.kotlin:kotlin-klib-commonizer-api:1.9.24) with ExternalDependencyInstrumentingArtifactTransform
[        ] Transforming kotlin-native-utils-1.9.24.jar (org.jetbrains.kotlin:kotlin-native-utils:1.9.24) with MergeInstrumentationAnalysisTransform
[        ] Transforming kotlin-util-klib-1.9.24.jar (org.jetbrains.kotlin:kotlin-util-klib:1.9.24) with InstrumentationAnalysisTransform
[        ] Transforming kotlin-util-klib-1.9.24.jar (org.jetbrains.kotlin:kotlin-util-klib:1.9.24) with MergeInstrumentationAnalysisTransform
[        ] Transforming kotlin-native-utils-1.9.24.jar (org.jetbrains.kotlin:kotlin-native-utils:1.9.24) with ExternalDependencyInstrumentingArtifactTransform
[        ] Transforming kotlin-build-tools-api-1.9.24.jar (org.jetbrains.kotlin:kotlin-build-tools-api:1.9.24) with InstrumentationAnalysisTransform
[        ] Transforming kotlin-build-tools-api-1.9.24.jar (org.jetbrains.kotlin:kotlin-build-tools-api:1.9.24) with MergeInstrumentationAnalysisTransform
[        ] Transforming kotlin-util-klib-1.9.24.jar (org.jetbrains.kotlin:kotlin-util-klib:1.9.24) with ExternalDependencyInstrumentingArtifactTransform
[        ] Transforming kotlin-android-extensions-1.9.24.jar (org.jetbrains.kotlin:kotlin-android-extensions:1.9.24) with InstrumentationAnalysisTransform
[        ] Transforming kotlin-android-extensions-1.9.24.jar (org.jetbrains.kotlin:kotlin-android-extensions:1.9.24) with MergeInstrumentationAnalysisTransform
[        ] Transforming kotlin-build-tools-api-1.9.24.jar (org.jetbrains.kotlin:kotlin-build-tools-api:1.9.24) with ExternalDependencyInstrumentingArtifactTransform
[        ] Transforming kotlin-android-extensions-1.9.24.jar (org.jetbrains.kotlin:kotlin-android-extensions:1.9.24) with ExternalDependencyInstrumentingArtifactTransform
[        ] Transforming kotlin-compiler-runner-1.9.24.jar (org.jetbrains.kotlin:kotlin-compiler-runner:1.9.24) with InstrumentationAnalysisTransform
[        ] Transforming kotlin-compiler-runner-1.9.24.jar (org.jetbrains.kotlin:kotlin-compiler-runner:1.9.24) with MergeInstrumentationAnalysisTransform
[        ] Transforming kotlin-compiler-embeddable-1.9.24.jar (org.jetbrains.kotlin:kotlin-compiler-embeddable:1.9.24) with InstrumentationAnalysisTransform
[        ] Transforming kotlin-compiler-embeddable-1.9.24.jar (org.jetbrains.kotlin:kotlin-compiler-embeddable:1.9.24) with MergeInstrumentationAnalysisTransform
[        ] Transforming kotlin-compiler-runner-1.9.24.jar (org.jetbrains.kotlin:kotlin-compiler-runner:1.9.24) with ExternalDependencyInstrumentingArtifactTransform
[        ] Transforming kotlin-scripting-compiler-embeddable-1.9.24.jar (org.jetbrains.kotlin:kotlin-scripting-compiler-embeddable:1.9.24) with InstrumentationAnalysisTransform
[        ] Transforming kotlin-compiler-embeddable-1.9.24.jar (org.jetbrains.kotlin:kotlin-compiler-embeddable:1.9.24) with ExternalDependencyInstrumentingArtifactTransform
[        ] Transforming kotlin-scripting-compiler-embeddable-1.9.24.jar (org.jetbrains.kotlin:kotlin-scripting-compiler-embeddable:1.9.24) with MergeInstrumentationAnalysisTransform
[        ] Transforming kotlin-scripting-compiler-impl-embeddable-1.9.24.jar (org.jetbrains.kotlin:kotlin-scripting-compiler-impl-embeddable:1.9.24) with InstrumentationAnalysisTransform
[        ] Transforming kotlin-scripting-compiler-impl-embeddable-1.9.24.jar (org.jetbrains.kotlin:kotlin-scripting-compiler-impl-embeddable:1.9.24) with MergeInstrumentationAnalysisTransform
[        ] Transforming kotlin-scripting-compiler-embeddable-1.9.24.jar (org.jetbrains.kotlin:kotlin-scripting-compiler-embeddable:1.9.24) with ExternalDependencyInstrumentingArtifactTransform
[        ] Transforming kotlin-gradle-plugin-annotations-1.9.24.jar (org.jetbrains.kotlin:kotlin-gradle-plugin-annotations:1.9.24) with InstrumentationAnalysisTransform
[        ] Transforming kotlin-scripting-compiler-impl-embeddable-1.9.24.jar (org.jetbrains.kotlin:kotlin-scripting-compiler-impl-embeddable:1.9.24) with ExternalDependencyInstrumentingArtifactTransform
[        ] Transforming kotlin-gradle-plugin-annotations-1.9.24.jar (org.jetbrains.kotlin:kotlin-gradle-plugin-annotations:1.9.24) with MergeInstrumentationAnalysisTransform
[        ] Transforming kotlin-project-model-1.9.24.jar (org.jetbrains.kotlin:kotlin-project-model:1.9.24) with InstrumentationAnalysisTransform
[        ] Transforming kotlin-project-model-1.9.24.jar (org.jetbrains.kotlin:kotlin-project-model:1.9.24) with MergeInstrumentationAnalysisTransform
[        ] Transforming kotlin-tooling-core-1.9.24.jar (org.jetbrains.kotlin:kotlin-tooling-core:1.9.24) with InstrumentationAnalysisTransform
[        ] Transforming kotlin-gradle-plugin-annotations-1.9.24.jar (org.jetbrains.kotlin:kotlin-gradle-plugin-annotations:1.9.24) with ExternalDependencyInstrumentingArtifactTransform
[        ] Transforming kotlin-project-model-1.9.24.jar (org.jetbrains.kotlin:kotlin-project-model:1.9.24) with ExternalDependencyInstrumentingArtifactTransform
[        ] Transforming kotlin-tooling-core-1.9.24.jar (org.jetbrains.kotlin:kotlin-tooling-core:1.9.24) with MergeInstrumentationAnalysisTransform
[        ] Transforming kotlin-util-io-1.9.24.jar (org.jetbrains.kotlin:kotlin-util-io:1.9.24) with InstrumentationAnalysisTransform
[        ] Transforming kotlin-util-io-1.9.24.jar (org.jetbrains.kotlin:kotlin-util-io:1.9.24) with MergeInstrumentationAnalysisTransform
[        ] Transforming kotlin-tooling-core-1.9.24.jar (org.jetbrains.kotlin:kotlin-tooling-core:1.9.24) with ExternalDependencyInstrumentingArtifactTransform
[        ] Transforming kotlin-daemon-embeddable-1.9.24.jar (org.jetbrains.kotlin:kotlin-daemon-embeddable:1.9.24) with InstrumentationAnalysisTransform
[        ] Transforming kotlin-util-io-1.9.24.jar (org.jetbrains.kotlin:kotlin-util-io:1.9.24) with ExternalDependencyInstrumentingArtifactTransform
[        ] Transforming kotlin-daemon-embeddable-1.9.24.jar (org.jetbrains.kotlin:kotlin-daemon-embeddable:1.9.24) with MergeInstrumentationAnalysisTransform
[        ] Transforming trove4j-1.0.20200330.jar (org.jetbrains.intellij.deps:trove4j:1.0.20200330) with InstrumentationAnalysisTransform
[        ] Transforming trove4j-1.0.20200330.jar (org.jetbrains.intellij.deps:trove4j:1.0.20200330) with MergeInstrumentationAnalysisTransform
[        ] Transforming kotlin-daemon-client-1.9.24.jar (org.jetbrains.kotlin:kotlin-daemon-client:1.9.24) with InstrumentationAnalysisTransform
[        ] Transforming kotlin-daemon-embeddable-1.9.24.jar (org.jetbrains.kotlin:kotlin-daemon-embeddable:1.9.24) with ExternalDependencyInstrumentingArtifactTransform
[        ] Transforming kotlin-daemon-client-1.9.24.jar (org.jetbrains.kotlin:kotlin-daemon-client:1.9.24) with MergeInstrumentationAnalysisTransform
[        ] Transforming trove4j-1.0.20200330.jar (org.jetbrains.intellij.deps:trove4j:1.0.20200330) with ExternalDependencyInstrumentingArtifactTransform
[        ] Transforming kotlinx-coroutines-core-jvm-1.5.0.jar (org.jetbrains.kotlinx:kotlinx-coroutines-core-jvm:1.5.0) with InstrumentationAnalysisTransform
[        ] Transforming kotlin-daemon-client-1.9.24.jar (org.jetbrains.kotlin:kotlin-daemon-client:1.9.24) with ExternalDependencyInstrumentingArtifactTransform
[        ] Transforming kotlinx-coroutines-core-jvm-1.5.0.jar (org.jetbrains.kotlinx:kotlinx-coroutines-core-jvm:1.5.0) with MergeInstrumentationAnalysisTransform
[        ] Transforming kotlin-scripting-jvm-1.9.24.jar (org.jetbrains.kotlin:kotlin-scripting-jvm:1.9.24) with InstrumentationAnalysisTransform
[        ] Transforming kotlin-scripting-jvm-1.9.24.jar (org.jetbrains.kotlin:kotlin-scripting-jvm:1.9.24) with MergeInstrumentationAnalysisTransform
[        ] Transforming kotlinx-coroutines-core-jvm-1.5.0.jar (org.jetbrains.kotlinx:kotlinx-coroutines-core-jvm:1.5.0) with ExternalDependencyInstrumentingArtifactTransform
[        ] Transforming kotlin-scripting-common-1.9.24.jar (org.jetbrains.kotlin:kotlin-scripting-common:1.9.24) with InstrumentationAnalysisTransform
[        ] Transforming kotlin-scripting-jvm-1.9.24.jar (org.jetbrains.kotlin:kotlin-scripting-jvm:1.9.24) with ExternalDependencyInstrumentingArtifactTransform
[        ] Transforming kotlin-scripting-common-1.9.24.jar (org.jetbrains.kotlin:kotlin-scripting-common:1.9.24) with MergeInstrumentationAnalysisTransform
[        ] Transforming kotlin-scripting-common-1.9.24.jar (org.jetbrains.kotlin:kotlin-scripting-common:1.9.24) with ExternalDependencyInstrumentingArtifactTransform
[        ] Using Kotlin Gradle Plugin gradle82 variant
[        ] kotlin scripting plugin: created the scripting discovery configuration: kotlinScriptDef
[        ] kotlin scripting plugin: created the scripting discovery configuration: testKotlinScriptDef
[        ] file or directory 'C:\src\flutter\packages\flutter_tools\gradle\src\main\java', not found
[  +76 ms] Resolve mutations for :gradle:checkKotlinGradlePluginConfigurationErrors (Thread[Execution worker Thread 2,5,main]) started.
[        ] :gradle:checkKotlinGradlePluginConfigurationErrors (Thread[Execution worker Thread 10,5,main]) started.
[        ] > Task :gradle:checkKotlinGradlePluginConfigurationErrors
[        ] Caching disabled for task ':gradle:checkKotlinGradlePluginConfigurationErrors' because:
[        ]   Build cache is disabled
[        ] Task ':gradle:checkKotlinGradlePluginConfigurationErrors' is not up-to-date because:
[        ]   Task has not declared any outputs despite executing actions.
[        ] Resolve mutations for :gradle:compileKotlin (Thread[Execution worker Thread 10,5,main]) started.
[        ] :gradle:compileKotlin (Thread[Execution worker Thread 10,5,main]) started.
[ +107 ms] > Task :gradle:compileKotlin UP-TO-DATE
[        ] Transforming gradle-api-8.10.2.jar with ClasspathEntrySnapshotTransform
[        ] Transforming groovy-3.0.22.jar with ClasspathEntrySnapshotTransform
[        ] Transforming groovy-ant-3.0.22.jar with ClasspathEntrySnapshotTransform
[        ] Transforming groovy-astbuilder-3.0.22.jar with ClasspathEntrySnapshotTransform
[        ] Transforming groovy-console-3.0.22.jar with ClasspathEntrySnapshotTransform
[        ] Transforming groovy-datetime-3.0.22.jar with ClasspathEntrySnapshotTransform
[        ] Transforming groovy-dateutil-3.0.22.jar with ClasspathEntrySnapshotTransform
[        ] Transforming groovy-groovydoc-3.0.22.jar with ClasspathEntrySnapshotTransform
[        ] Transforming groovy-json-3.0.22.jar with ClasspathEntrySnapshotTransform
[        ] Transforming groovy-nio-3.0.22.jar with ClasspathEntrySnapshotTransform
[        ] Transforming groovy-sql-3.0.22.jar with ClasspathEntrySnapshotTransform
[        ] Transforming groovy-templates-3.0.22.jar with ClasspathEntrySnapshotTransform
[        ] Transforming groovy-test-3.0.22.jar with ClasspathEntrySnapshotTransform
[        ] Transforming groovy-xml-3.0.22.jar with ClasspathEntrySnapshotTransform
[        ] Transforming javaparser-core-3.17.0.jar with ClasspathEntrySnapshotTransform
[        ] Transforming kotlin-reflect-1.9.24.jar with ClasspathEntrySnapshotTransform
[        ] Transforming kotlin-stdlib-1.9.24.jar with ClasspathEntrySnapshotTransform
[        ] Transforming gradle-installation-beacon-8.10.2.jar with ClasspathEntrySnapshotTransform
[        ] Transforming gradle-kotlin-dsl-extensions-8.10.2.jar with ClasspathEntrySnapshotTransform
[        ] Transforming gradle-kotlin-dsl-8.10.2.jar with ClasspathEntrySnapshotTransform
[        ] Transforming gradle-kotlin-dsl-shared-runtime-8.10.2.jar with ClasspathEntrySnapshotTransform
[        ] Transforming gradle-kotlin-dsl-tooling-models-8.10.2.jar with ClasspathEntrySnapshotTransform
[        ] Transforming gradle-8.7.3.jar with ClasspathEntrySnapshotTransform
[        ] Transforming kotlin-reflect-1.9.24.jar with ClasspathEntrySnapshotTransform
[        ] Transforming kotlin-stdlib-1.9.24.jar with ClasspathEntrySnapshotTransform
[        ] Transforming builder-8.7.3.jar with ClasspathEntrySnapshotTransform
[        ] Transforming builder-model-8.7.3.jar with ClasspathEntrySnapshotTransform
[        ] Transforming gradle-api-8.7.3.jar with ClasspathEntrySnapshotTransform
[        ] Transforming annotations-13.0.jar with ClasspathEntrySnapshotTransform
[        ] Transforming manifest-merger-31.7.3.jar with ClasspathEntrySnapshotTransform
[        ] Transforming zipflinger-8.7.3.jar with ClasspathEntrySnapshotTransform
[        ] Transforming apksig-8.7.3.jar with ClasspathEntrySnapshotTransform
[        ] Transforming apkzlib-8.7.3.jar with ClasspathEntrySnapshotTransform
[        ] Transforming javawriter-2.5.0.jar with ClasspathEntrySnapshotTransform
[        ] Transforming asm-9.6.jar with ClasspathEntrySnapshotTransform
[        ] Caching disabled for task ':gradle:compileKotlin' because:
[        ]   Build cache is disabled
[        ] Skipping task ':gradle:compileKotlin' as it is up-to-date.
[        ] Resolve mutations for :gradle:compileJava (Thread[Execution worker Thread 10,5,main]) started.
[        ] :gradle:compileJava (Thread[Execution worker Thread 10,5,main]) started.
[        ] > Task :gradle:compileJava NO-SOURCE
[        ] Skipping task ':gradle:compileJava' as it has no source files and no previous output files.
[        ] Resolve mutations for :gradle:compileGroovy (Thread[Execution worker Thread 10,5,main]) started.
[        ] :gradle:compileGroovy (Thread[Execution worker Thread 10,5,main]) started.
[        ] > Task :gradle:compileGroovy UP-TO-DATE
[        ] Caching disabled for task ':gradle:compileGroovy' because:
[        ]   Build cache is disabled
[        ] Skipping task ':gradle:compileGroovy' as it is up-to-date.
[        ] Resolve mutations for :gradle:pluginDescriptors (Thread[Execution worker Thread 10,5,main]) started.
[        ] :gradle:pluginDescriptors (Thread[Execution worker Thread 10,5,main]) started.
[        ] > Task :gradle:pluginDescriptors UP-TO-DATE
[        ] Caching disabled for task ':gradle:pluginDescriptors' because:
[        ]   Build cache is disabled
[        ]   Not worth caching
[        ] Skipping task ':gradle:pluginDescriptors' as it is up-to-date.
[        ] Resolve mutations for :gradle:processResources (Thread[Execution worker Thread 10,5,main]) started.
[        ] :gradle:processResources (Thread[Execution worker Thread 10,5,main]) started.
[        ] > Task :gradle:processResources UP-TO-DATE
[        ] Caching disabled for task ':gradle:processResources' because:
[        ]   Build cache is disabled
[        ]   Not worth caching
[        ] Skipping task ':gradle:processResources' as it is up-to-date.
[        ] Resolve mutations for :gradle:classes (Thread[Execution worker Thread 10,5,main]) started.
[        ] :gradle:classes (Thread[Execution worker Thread 10,5,main]) started.
[        ] > Task :gradle:classes UP-TO-DATE
[        ] Skipping task ':gradle:classes' as it has no actions.
[        ] Resolve mutations for :gradle:jar (Thread[Execution worker Thread 10,5,main]) started.
[        ] :gradle:jar (Thread[Execution worker Thread 10,5,main]) started.
[        ] > Task :gradle:jar UP-TO-DATE
[        ] Caching disabled for task ':gradle:jar' because:
[        ]   Build cache is disabled
[        ]   Not worth caching
[        ] Skipping task ':gradle:jar' as it is up-to-date.
[ +182 ms] Transforming gradle-8.7.0.jar (com.android.tools.build:gradle:8.7.0) with InstrumentationAnalysisTransform
[        ] Transforming gradle-settings-api-8.7.0.jar (com.android.tools.build:gradle-settings-api:8.7.0) with InstrumentationAnalysisTransform
[        ] Transforming lint-model-31.7.0.jar (com.android.tools.lint:lint-model:31.7.0) with InstrumentationAnalysisTransform
[        ] Transforming builder-8.7.0.jar (com.android.tools.build:builder:8.7.0) with InstrumentationAnalysisTransform
[        ] Transforming manifest-merger-31.7.0.jar (com.android.tools.build:manifest-merger:31.7.0) with InstrumentationAnalysisTransform
[        ] Transforming sdk-common-31.7.0.jar (com.android.tools:sdk-common:31.7.0) with InstrumentationAnalysisTransform
[        ] Transforming sdklib-31.7.0.jar (com.android.tools:sdklib:31.7.0) with InstrumentationAnalysisTransform
[        ] Transforming repository-31.7.0.jar (com.android.tools:repository:31.7.0) with InstrumentationAnalysisTransform
[        ] Transforming aaptcompiler-8.7.0.jar (com.android.tools.build:aaptcompiler:8.7.0) with InstrumentationAnalysisTransform
[        ] Transforming tracker-31.7.0.jar (com.android.tools.analytics-library:tracker:31.7.0) with InstrumentationAnalysisTransform
[        ] Transforming shared-31.7.0.jar (com.android.tools.analytics-library:shared:31.7.0) with InstrumentationAnalysisTransform
[        ] Transforming databinding-compiler-common-8.7.0.jar (androidx.databinding:databinding-compiler-common:8.7.0) with InstrumentationAnalysisTransform
[        ] Transforming android-test-plugin-host-emulator-control-proto-31.7.0.jar (com.android.tools.utp:android-test-plugin-host-emulator-control-proto:31.7.0) with InstrumentationAnalysisTransform
[        ] Transforming android-test-plugin-host-retention-proto-31.7.0.jar (com.android.tools.utp:android-test-plugin-host-retention-proto:31.7.0) with InstrumentationAnalysisTransform
[        ] Transforming builder-model-8.7.0.jar (com.android.tools.build:builder-model:8.7.0) with InstrumentationAnalysisTransform
[        ] Transforming gradle-api-8.7.0.jar (com.android.tools.build:gradle-api:8.7.0) with InstrumentationAnalysisTransform
[        ] Transforming google-services-4.3.15.jar (com.google.gms:google-services:4.3.15) with InstrumentationAnalysisTransform
[        ] Transforming strict-version-matcher-plugin-1.2.4.jar (com.google.android.gms:strict-version-matcher-plugin:1.2.4) with InstrumentationAnalysisTransform
[        ] Transforming builder-test-api-8.7.0.jar (com.android.tools.build:builder-test-api:8.7.0) with InstrumentationAnalysisTransform
[        ] Transforming ddmlib-31.7.0.jar (com.android.tools.ddms:ddmlib:31.7.0) with InstrumentationAnalysisTransform
[        ] Transforming layoutlib-api-31.7.0.jar (com.android.tools.layoutlib:layoutlib-api:31.7.0) with InstrumentationAnalysisTransform
[        ] Transforming dvlib-31.7.0.jar (com.android.tools:dvlib:31.7.0) with InstrumentationAnalysisTransform
[        ] Transforming common-31.7.0.jar (com.android.tools:common:31.7.0) with InstrumentationAnalysisTransform
[        ] Transforming kotlin-stdlib-jdk8-1.9.20.jar (org.jetbrains.kotlin:kotlin-stdlib-jdk8:1.9.20) with InstrumentationAnalysisTransform
[        ] Transforming jetifier-processor-1.0.0-beta10.jar (com.android.tools.build.jetifier:jetifier-processor:1.0.0-beta10) with InstrumentationAnalysisTransform
[        ] Transforming jetifier-core-1.0.0-beta10.jar (com.android.tools.build.jetifier:jetifier-core:1.0.0-beta10) with InstrumentationAnalysisTransform
[        ] Transforming kotlin-reflect-1.9.24.jar (org.jetbrains.kotlin:kotlin-reflect:1.9.24) with InstrumentationAnalysisTransform
[        ] Transforming kotlin-stdlib-jdk7-1.9.20.jar (org.jetbrains.kotlin:kotlin-stdlib-jdk7:1.9.20) with InstrumentationAnalysisTransform
[        ] Transforming kotlin-stdlib-1.9.24.jar (org.jetbrains.kotlin:kotlin-stdlib:1.9.24) with InstrumentationAnalysisTransform
[        ] Transforming annotations-13.0.jar (org.jetbrains:annotations:13.0) with InstrumentationAnalysisTransform
[        ] Transforming kotlin-gradle-plugin-model-1.8.22.jar (org.jetbrains.kotlin:kotlin-gradle-plugin-model:1.8.22) with InstrumentationAnalysisTransform
[        ] Transforming kotlin-gradle-plugin-api-1.8.22-gradle76.jar (org.jetbrains.kotlin:kotlin-gradle-plugin-api:1.8.22) with InstrumentationAnalysisTransform
[        ] Transforming kotlin-gradle-plugin-api-1.8.22.jar (org.jetbrains.kotlin:kotlin-gradle-plugin-api:1.8.22) with InstrumentationAnalysisTransform
[        ] Transforming kotlin-gradle-plugin-1.8.22-gradle76.jar (org.jetbrains.kotlin:kotlin-gradle-plugin:1.8.22) with InstrumentationAnalysisTransform
[        ] Transforming bundletool-1.17.1.jar (com.android.tools.build:bundletool:1.17.1) with InstrumentationAnalysisTransform
[        ] Transforming aapt2-proto-8.7.0-12006047.jar (com.android.tools.build:aapt2-proto:8.7.0-12006047) with InstrumentationAnalysisTransform
[        ] Transforming crash-31.7.0.jar (com.android.tools.analytics-library:crash:31.7.0) with InstrumentationAnalysisTransform
[        ] Transforming lint-typedef-remover-31.7.0.jar (com.android.tools.lint:lint-typedef-remover:31.7.0) with InstrumentationAnalysisTransform
[        ] Transforming databinding-common-8.7.0.jar (androidx.databinding:databinding-common:8.7.0) with InstrumentationAnalysisTransform
[        ] Transforming baseLibrary-8.7.0.jar (com.android.databinding:baseLibrary:8.7.0) with InstrumentationAnalysisTransform
[        ] Transforming android-device-provider-ddmlib-proto-31.7.0.jar (com.android.tools.utp:android-device-provider-ddmlib-proto:31.7.0) with InstrumentationAnalysisTransform
[        ] Transforming android-device-provider-gradle-proto-31.7.0.jar (com.android.tools.utp:android-device-provider-gradle-proto:31.7.0) with InstrumentationAnalysisTransform
[        ] Transforming android-device-provider-profile-proto-31.7.0.jar (com.android.tools.utp:android-device-provider-profile-proto:31.7.0) with InstrumentationAnalysisTransform
[        ] Transforming android-test-plugin-host-additional-test-output-proto-31.7.0.jar (com.android.tools.utp:android-test-plugin-host-additional-test-output-proto:31.7.0) with InstrumentationAnalysisTransform
[        ] Transforming android-test-plugin-host-coverage-proto-31.7.0.jar (com.android.tools.utp:android-test-plugin-host-coverage-proto:31.7.0) with InstrumentationAnalysisTransform
[        ] Transforming android-test-plugin-host-logcat-proto-31.7.0.jar (com.android.tools.utp:android-test-plugin-host-logcat-proto:31.7.0) with InstrumentationAnalysisTransform
[        ] Transforming android-test-plugin-host-apk-installer-proto-31.7.0.jar (com.android.tools.utp:android-test-plugin-host-apk-installer-proto:31.7.0) with InstrumentationAnalysisTransform
[        ] Transforming android-test-plugin-result-listener-gradle-proto-31.7.0.jar (com.android.tools.utp:android-test-plugin-result-listener-gradle-proto:31.7.0) with InstrumentationAnalysisTransform
[        ] Transforming transform-api-2.0.0-deprecated-use-gradle-api.jar (com.android.tools.build:transform-api:2.0.0-deprecated-use-gradle-api) with InstrumentationAnalysisTransform
[        ] Transforming httpmime-4.5.6.jar (org.apache.httpcomponents:httpmime:4.5.6) with InstrumentationAnalysisTransform
[        ] Transforming commons-io-2.13.0.jar (commons-io:commons-io:2.13.0) with InstrumentationAnalysisTransform
[        ] Transforming asm-commons-9.6.jar (org.ow2.asm:asm-commons:9.6) with InstrumentationAnalysisTransform
[        ] Transforming asm-util-9.6.jar (org.ow2.asm:asm-util:9.6) with InstrumentationAnalysisTransform
[        ] Transforming asm-analysis-9.6.jar (org.ow2.asm:asm-analysis:9.6) with InstrumentationAnalysisTransform
[        ] Transforming asm-tree-9.6.jar (org.ow2.asm:asm-tree:9.6) with InstrumentationAnalysisTransform
[        ] Transforming asm-9.6.jar (org.ow2.asm:asm:9.6) with InstrumentationAnalysisTransform
[        ] Transforming apkzlib-8.7.0.jar (com.android.tools.build:apkzlib:8.7.0) with InstrumentationAnalysisTransform
[        ] Transforming bcpkix-jdk18on-1.77.jar (org.bouncycastle:bcpkix-jdk18on:1.77) with InstrumentationAnalysisTransform
[        ] Transforming jaxb-runtime-2.3.2.jar (org.glassfish.jaxb:jaxb-runtime:2.3.2) with InstrumentationAnalysisTransform
[        ] Transforming jopt-simple-4.9.jar (net.sf.jopt-simple:jopt-simple:4.9) with InstrumentationAnalysisTransform
[        ] Transforming javapoet-1.10.0.jar (com.squareup:javapoet:1.10.0) with InstrumentationAnalysisTransform
[        ] Transforming protobuf-java-util-3.22.3.jar (com.google.protobuf:protobuf-java-util:3.22.3) with InstrumentationAnalysisTransform
[        ] Transforming grpc-protobuf-1.57.0.jar (io.grpc:grpc-protobuf:1.57.0) with InstrumentationAnalysisTransform
[        ] Transforming tink-1.7.0.jar (com.google.crypto.tink:tink:1.7.0) with InstrumentationAnalysisTransform
[        ] Transforming protos-31.7.0.jar (com.android.tools.analytics-library:protos:31.7.0) with InstrumentationAnalysisTransform
[        ] Transforming proto-google-common-protos-2.17.0.jar (com.google.api.grpc:proto-google-common-protos:2.17.0) with InstrumentationAnalysisTransform
[        ] Transforming protobuf-java-3.22.3.jar (com.google.protobuf:protobuf-java:3.22.3) with InstrumentationAnalysisTransform
[        ] Transforming grpc-netty-1.57.0.jar (io.grpc:grpc-netty:1.57.0) with InstrumentationAnalysisTransform
[        ] Transforming grpc-core-1.57.0.jar (io.grpc:grpc-core:1.57.0) with InstrumentationAnalysisTransform
[        ] Transforming gson-2.10.1.jar (com.google.code.gson:gson:2.10.1) with InstrumentationAnalysisTransform
[        ] Transforming grpc-stub-1.57.0.jar (io.grpc:grpc-stub:1.57.0) with InstrumentationAnalysisTransform
[        ] Transforming core-proto-0.0.9-alpha02.jar (com.google.testing.platform:core-proto:0.0.9-alpha02) with InstrumentationAnalysisTransform
[        ] Transforming tensorflow-lite-metadata-0.1.0-rc2.jar (org.tensorflow:tensorflow-lite-metadata:0.1.0-rc2) with InstrumentationAnalysisTransform
[        ] Transforming flatbuffers-java-1.12.0.jar (com.google.flatbuffers:flatbuffers-java:1.12.0) with InstrumentationAnalysisTransform
[        ] Transforming jimfs-1.1.jar (com.google.jimfs:jimfs:1.1) with InstrumentationAnalysisTransform
[        ] Transforming grpc-context-1.57.0.jar (io.grpc:grpc-context:1.57.0) with InstrumentationAnalysisTransform
[        ] Transforming grpc-protobuf-lite-1.57.0.jar (io.grpc:grpc-protobuf-lite:1.57.0) with InstrumentationAnalysisTransform
[        ] Transforming grpc-api-1.57.0.jar (io.grpc:grpc-api:1.57.0) with InstrumentationAnalysisTransform
[        ] Transforming guava-32.0.1-jre.jar (com.google.guava:guava:32.0.1-jre) with InstrumentationAnalysisTransform
[        ] Transforming kotlin-gradle-plugin-idea-proto-1.8.22.jar (org.jetbrains.kotlin:kotlin-gradle-plugin-idea-proto:1.8.22) with InstrumentationAnalysisTransform
[        ] Transforming kotlin-gradle-plugin-idea-1.8.22.jar (org.jetbrains.kotlin:kotlin-gradle-plugin-idea:1.8.22) with InstrumentationAnalysisTransform
[        ] Transforming kotlin-project-model-1.8.22.jar (org.jetbrains.kotlin:kotlin-project-model:1.8.22) with InstrumentationAnalysisTransform
[        ] Transforming kotlin-tooling-core-1.8.22.jar (org.jetbrains.kotlin:kotlin-tooling-core:1.8.22) with InstrumentationAnalysisTransform
[        ] Transforming kotlin-util-klib-1.8.22.jar (org.jetbrains.kotlin:kotlin-util-klib:1.8.22) with InstrumentationAnalysisTransform
[        ] Transforming kotlin-klib-commonizer-api-1.8.22.jar (org.jetbrains.kotlin:kotlin-klib-commonizer-api:1.8.22) with InstrumentationAnalysisTransform
[        ] Transforming kotlin-annotation-processing-gradle-1.8.22.jar (org.jetbrains.kotlin:kotlin-annotation-processing-gradle:1.8.22) with InstrumentationAnalysisTransform
[        ] Transforming kotlin-android-extensions-1.8.22.jar (org.jetbrains.kotlin:kotlin-android-extensions:1.8.22) with InstrumentationAnalysisTransform
[        ] Transforming kotlin-compiler-runner-1.8.22.jar (org.jetbrains.kotlin:kotlin-compiler-runner:1.8.22) with InstrumentationAnalysisTransform
[        ] Transforming kotlin-compiler-embeddable-1.8.22.jar (org.jetbrains.kotlin:kotlin-compiler-embeddable:1.8.22) with InstrumentationAnalysisTransform
[        ] Transforming kotlin-scripting-compiler-embeddable-1.8.22.jar (org.jetbrains.kotlin:kotlin-scripting-compiler-embeddable:1.8.22) with InstrumentationAnalysisTransform
[        ] Transforming kotlin-scripting-compiler-impl-embeddable-1.8.22.jar (org.jetbrains.kotlin:kotlin-scripting-compiler-impl-embeddable:1.8.22) with InstrumentationAnalysisTransform
[        ] Transforming dagger-2.28.3.jar (com.google.dagger:dagger:2.28.3) with InstrumentationAnalysisTransform
[        ] Transforming javax.inject-1.jar (javax.inject:javax.inject:1) with InstrumentationAnalysisTransform
[        ] Transforming kxml2-2.3.0.jar (net.sf.kxml:kxml2:2.3.0) with InstrumentationAnalysisTransform
[        ] Transforming bcutil-jdk18on-1.77.jar (org.bouncycastle:bcutil-jdk18on:1.77) with InstrumentationAnalysisTransform
[        ] Transforming bcprov-jdk18on-1.77.jar (org.bouncycastle:bcprov-jdk18on:1.77) with InstrumentationAnalysisTransform
[        ] Transforming trove4j-1.0.20200330.jar (org.jetbrains.intellij.deps:trove4j:1.0.20200330) with InstrumentationAnalysisTransform
[        ] Transforming commons-compress-1.21.jar (org.apache.commons:commons-compress:1.21) with InstrumentationAnalysisTransform
[        ] Transforming httpclient-4.5.14.jar (org.apache.httpcomponents:httpclient:4.5.14) with InstrumentationAnalysisTransform
[        ] Transforming httpcore-4.4.16.jar (org.apache.httpcomponents:httpcore:4.4.16) with InstrumentationAnalysisTransform
[        ] Transforming javax.activation-1.2.0.jar (com.sun.activation:javax.activation:1.2.0) with InstrumentationAnalysisTransform
[        ] Transforming signflinger-8.7.0.jar (com.android:signflinger:8.7.0) with InstrumentationAnalysisTransform
[        ] Transforming zipflinger-8.7.0.jar (com.android:zipflinger:8.7.0) with InstrumentationAnalysisTransform
[        ] Transforming annotations-31.7.0.jar (com.android.tools:annotations:31.7.0) with InstrumentationAnalysisTransform
[        ] Transforming jna-platform-5.6.0.jar (net.java.dev.jna:jna-platform:5.6.0) with InstrumentationAnalysisTransform
[        ] Transforming juniversalchardet-1.0.3.jar (com.googlecode.juniversalchardet:juniversalchardet:1.0.3) with InstrumentationAnalysisTransform
[        ] Transforming javax.annotation-api-1.3.2.jar (javax.annotation:javax.annotation-api:1.3.2) with InstrumentationAnalysisTransform
[        ] Transforming stax-ex-1.8.1.jar (org.jvnet.staxex:stax-ex:1.8.1) with InstrumentationAnalysisTransform
[        ] Transforming jakarta.xml.bind-api-2.3.2.jar (jakarta.xml.bind:jakarta.xml.bind-api:2.3.2) with InstrumentationAnalysisTransform
[        ] Transforming txw2-2.3.2.jar (org.glassfish.jaxb:txw2:2.3.2) with InstrumentationAnalysisTransform
[        ] Transforming istack-commons-runtime-3.0.8.jar (com.sun.istack:istack-commons-runtime:3.0.8) with InstrumentationAnalysisTransform
[        ] Transforming FastInfoset-1.2.16.jar (com.sun.xml.fastinfoset:FastInfoset:1.2.16) with InstrumentationAnalysisTransform
[        ] Transforming jakarta.activation-api-1.2.1.jar (jakarta.activation:jakarta.activation-api:1.2.1) with InstrumentationAnalysisTransform
[        ] Transforming auto-value-annotations-1.6.2.jar (com.google.auto.value:auto-value-annotations:1.6.2) with InstrumentationAnalysisTransform
[        ] Transforming error_prone_annotations-2.18.0.jar (com.google.errorprone:error_prone_annotations:2.18.0) with InstrumentationAnalysisTransform
[        ] Transforming jose4j-0.9.5.jar (org.bitbucket.b_c:jose4j:0.9.5) with InstrumentationAnalysisTransform
[        ] Transforming slf4j-api-1.7.30.jar (org.slf4j:slf4j-api:1.7.30) with InstrumentationAnalysisTransform
[        ] Transforming jdom2-2.0.6.jar (org.jdom:jdom2:2.0.6) with InstrumentationAnalysisTransform
[        ] Transforming jsr305-3.0.2.jar (com.google.code.findbugs:jsr305:3.0.2) with InstrumentationAnalysisTransform
[        ] Transforming j2objc-annotations-2.8.jar (com.google.j2objc:j2objc-annotations:2.8) with InstrumentationAnalysisTransform
[        ] Transforming annotations-4.1.1.4.jar (com.google.android:annotations:4.1.1.4) with InstrumentationAnalysisTransform
[        ] Transforming animal-sniffer-annotations-1.23.jar (org.codehaus.mojo:animal-sniffer-annotations:1.23) with InstrumentationAnalysisTransform
[        ] Transforming perfmark-api-0.26.0.jar (io.perfmark:perfmark-api:0.26.0) with InstrumentationAnalysisTransform
[        ] Transforming netty-codec-http2-4.1.93.Final.jar (io.netty:netty-codec-http2:4.1.93.Final) with InstrumentationAnalysisTransform
[        ] Transforming netty-handler-proxy-4.1.93.Final.jar (io.netty:netty-handler-proxy:4.1.93.Final) with InstrumentationAnalysisTransform
[        ] Transforming netty-codec-http-4.1.93.Final.jar (io.netty:netty-codec-http:4.1.93.Final) with InstrumentationAnalysisTransform
[        ] Transforming netty-handler-4.1.93.Final.jar (io.netty:netty-handler:4.1.93.Final) with InstrumentationAnalysisTransform
[        ] Transforming netty-transport-native-unix-common-4.1.93.Final.jar (io.netty:netty-transport-native-unix-common:4.1.93.Final) with InstrumentationAnalysisTransform
[        ] Transforming checker-qual-3.33.0.jar (org.checkerframework:checker-qual:3.33.0) with InstrumentationAnalysisTransform
[        ] Transforming commons-codec-1.11.jar (commons-codec:commons-codec:1.11) with InstrumentationAnalysisTransform
[        ] Transforming apksig-8.7.0.jar (com.android.tools.build:apksig:8.7.0) with InstrumentationAnalysisTransform
[        ] Transforming javawriter-2.5.0.jar (com.squareup:javawriter:2.5.0) with InstrumentationAnalysisTransform
[        ] Transforming kotlin-gradle-plugin-annotations-1.8.22.jar (org.jetbrains.kotlin:kotlin-gradle-plugin-annotations:1.8.22) with InstrumentationAnalysisTransform
[        ] Transforming kotlin-native-utils-1.8.22.jar (org.jetbrains.kotlin:kotlin-native-utils:1.8.22) with InstrumentationAnalysisTransform
[        ] Transforming kotlin-util-io-1.8.22.jar (org.jetbrains.kotlin:kotlin-util-io:1.8.22) with InstrumentationAnalysisTransform
[        ] Transforming kotlin-daemon-embeddable-1.8.22.jar (org.jetbrains.kotlin:kotlin-daemon-embeddable:1.8.22) with InstrumentationAnalysisTransform
[        ] Transforming jna-5.6.0.jar (net.java.dev.jna:jna:5.6.0) with InstrumentationAnalysisTransform
[        ] Transforming kotlin-daemon-client-1.8.22.jar (org.jetbrains.kotlin:kotlin-daemon-client:1.8.22) with InstrumentationAnalysisTransform
[        ] Transforming kotlinx-coroutines-core-jvm-1.5.0.jar (org.jetbrains.kotlinx:kotlinx-coroutines-core-jvm:1.5.0) with InstrumentationAnalysisTransform
[        ] Transforming kotlin-scripting-jvm-1.8.22.jar (org.jetbrains.kotlin:kotlin-scripting-jvm:1.8.22) with InstrumentationAnalysisTransform
[        ] Transforming kotlin-scripting-common-1.8.22.jar (org.jetbrains.kotlin:kotlin-scripting-common:1.8.22) with InstrumentationAnalysisTransform
[        ] Transforming failureaccess-1.0.1.jar (com.google.guava:failureaccess:1.0.1) with InstrumentationAnalysisTransform
[        ] Transforming listenablefuture-9999.0-empty-to-avoid-conflict-with-guava.jar (com.google.guava:listenablefuture:9999.0-empty-to-avoid-conflict-with-guava) with InstrumentationAnalysisTransform
[        ] Transforming commons-logging-1.2.jar (commons-logging:commons-logging:1.2) with InstrumentationAnalysisTransform
[        ] Transforming netty-codec-socks-4.1.93.Final.jar (io.netty:netty-codec-socks:4.1.93.Final) with InstrumentationAnalysisTransform
[        ] Transforming netty-codec-4.1.93.Final.jar (io.netty:netty-codec:4.1.93.Final) with InstrumentationAnalysisTransform
[        ] Transforming netty-transport-4.1.93.Final.jar (io.netty:netty-transport:4.1.93.Final) with InstrumentationAnalysisTransform
[        ] Transforming netty-buffer-4.1.93.Final.jar (io.netty:netty-buffer:4.1.93.Final) with InstrumentationAnalysisTransform
[        ] Transforming netty-resolver-4.1.93.Final.jar (io.netty:netty-resolver:4.1.93.Final) with InstrumentationAnalysisTransform
[        ] Transforming netty-common-4.1.93.Final.jar (io.netty:netty-common:4.1.93.Final) with InstrumentationAnalysisTransform
[        ] Transforming main (project :gradle) with InstrumentationAnalysisTransform
[        ] Transforming main (project :gradle) with InstrumentationAnalysisTransform
[        ] Transforming main (project :gradle) with InstrumentationAnalysisTransform
[        ] Transforming gradle-8.7.0.jar (com.android.tools.build:gradle:8.7.0) with InstrumentationAnalysisTransform
[        ] Transforming gradle-8.7.0.jar (com.android.tools.build:gradle:8.7.0) with MergeInstrumentationAnalysisTransform
[        ] Transforming gradle-settings-api-8.7.0.jar (com.android.tools.build:gradle-settings-api:8.7.0) with InstrumentationAnalysisTransform
[        ] Transforming gradle-settings-api-8.7.0.jar (com.android.tools.build:gradle-settings-api:8.7.0) with MergeInstrumentationAnalysisTransform
[        ] Transforming lint-model-31.7.0.jar (com.android.tools.lint:lint-model:31.7.0) with InstrumentationAnalysisTransform
[        ] Transforming lint-model-31.7.0.jar (com.android.tools.lint:lint-model:31.7.0) with MergeInstrumentationAnalysisTransform
[        ] Transforming gradle-8.7.0.jar (com.android.tools.build:gradle:8.7.0) with ExternalDependencyInstrumentingArtifactTransform
[        ] Transforming gradle-settings-api-8.7.0.jar (com.android.tools.build:gradle-settings-api:8.7.0) with ExternalDependencyInstrumentingArtifactTransform
[        ] Transforming builder-8.7.0.jar (com.android.tools.build:builder:8.7.0) with InstrumentationAnalysisTransform
[        ] Transforming builder-8.7.0.jar (com.android.tools.build:builder:8.7.0) with MergeInstrumentationAnalysisTransform
[        ] Transforming lint-model-31.7.0.jar (com.android.tools.lint:lint-model:31.7.0) with ExternalDependencyInstrumentingArtifactTransform
[        ] Transforming manifest-merger-31.7.0.jar (com.android.tools.build:manifest-merger:31.7.0) with InstrumentationAnalysisTransform
[        ] Transforming builder-8.7.0.jar (com.android.tools.build:builder:8.7.0) with ExternalDependencyInstrumentingArtifactTransform
[        ] Transforming manifest-merger-31.7.0.jar (com.android.tools.build:manifest-merger:31.7.0) with MergeInstrumentationAnalysisTransform
[        ] Transforming sdk-common-31.7.0.jar (com.android.tools:sdk-common:31.7.0) with InstrumentationAnalysisTransform
[        ] Transforming manifest-merger-31.7.0.jar (com.android.tools.build:manifest-merger:31.7.0) with ExternalDependencyInstrumentingArtifactTransform
[        ] Transforming sdk-common-31.7.0.jar (com.android.tools:sdk-common:31.7.0) with MergeInstrumentationAnalysisTransform
[        ] Transforming sdklib-31.7.0.jar (com.android.tools:sdklib:31.7.0) with InstrumentationAnalysisTransform
[        ] Transforming sdklib-31.7.0.jar (com.android.tools:sdklib:31.7.0) with MergeInstrumentationAnalysisTransform
[        ] Transforming sdk-common-31.7.0.jar (com.android.tools:sdk-common:31.7.0) with ExternalDependencyInstrumentingArtifactTransform
[        ] Transforming repository-31.7.0.jar (com.android.tools:repository:31.7.0) with InstrumentationAnalysisTransform
[        ] Transforming sdklib-31.7.0.jar (com.android.tools:sdklib:31.7.0) with ExternalDependencyInstrumentingArtifactTransform
[        ] Transforming repository-31.7.0.jar (com.android.tools:repository:31.7.0) with MergeInstrumentationAnalysisTransform
[        ] Transforming aaptcompiler-8.7.0.jar (com.android.tools.build:aaptcompiler:8.7.0) with InstrumentationAnalysisTransform
[        ] Transforming aaptcompiler-8.7.0.jar (com.android.tools.build:aaptcompiler:8.7.0) with MergeInstrumentationAnalysisTransform
[        ] Transforming repository-31.7.0.jar (com.android.tools:repository:31.7.0) with ExternalDependencyInstrumentingArtifactTransform
[        ] Transforming tracker-31.7.0.jar (com.android.tools.analytics-library:tracker:31.7.0) with InstrumentationAnalysisTransform
[        ] Transforming tracker-31.7.0.jar (com.android.tools.analytics-library:tracker:31.7.0) with MergeInstrumentationAnalysisTransform
[        ] Transforming aaptcompiler-8.7.0.jar (com.android.tools.build:aaptcompiler:8.7.0) with ExternalDependencyInstrumentingArtifactTransform
[        ] Transforming shared-31.7.0.jar (com.android.tools.analytics-library:shared:31.7.0) with InstrumentationAnalysisTransform
[        ] Transforming tracker-31.7.0.jar (com.android.tools.analytics-library:tracker:31.7.0) with ExternalDependencyInstrumentingArtifactTransform
[        ] Transforming shared-31.7.0.jar (com.android.tools.analytics-library:shared:31.7.0) with MergeInstrumentationAnalysisTransform
[        ] Transforming databinding-compiler-common-8.7.0.jar (androidx.databinding:databinding-compiler-common:8.7.0) with InstrumentationAnalysisTransform
[        ] Transforming databinding-compiler-common-8.7.0.jar (androidx.databinding:databinding-compiler-common:8.7.0) with MergeInstrumentationAnalysisTransform
[        ] Transforming shared-31.7.0.jar (com.android.tools.analytics-library:shared:31.7.0) with ExternalDependencyInstrumentingArtifactTransform
[        ] Transforming android-test-plugin-host-emulator-control-proto-31.7.0.jar (com.android.tools.utp:android-test-plugin-host-emulator-control-proto:31.7.0) with InstrumentationAnalysisTransform
[        ] Transforming android-test-plugin-host-emulator-control-proto-31.7.0.jar (com.android.tools.utp:android-test-plugin-host-emulator-control-proto:31.7.0) with MergeInstrumentationAnalysisTransform
[        ] Transforming databinding-compiler-common-8.7.0.jar (androidx.databinding:databinding-compiler-common:8.7.0) with ExternalDependencyInstrumentingArtifactTransform
[        ] Transforming android-test-plugin-host-retention-proto-31.7.0.jar (com.android.tools.utp:android-test-plugin-host-retention-proto:31.7.0) with InstrumentationAnalysisTransform
[        ] Transforming android-test-plugin-host-retention-proto-31.7.0.jar (com.android.tools.utp:android-test-plugin-host-retention-proto:31.7.0) with MergeInstrumentationAnalysisTransform
[        ] Transforming android-test-plugin-host-emulator-control-proto-31.7.0.jar (com.android.tools.utp:android-test-plugin-host-emulator-control-proto:31.7.0) with ExternalDependencyInstrumentingArtifactTransform
[        ] Transforming builder-model-8.7.0.jar (com.android.tools.build:builder-model:8.7.0) with InstrumentationAnalysisTransform
[        ] Transforming builder-model-8.7.0.jar (com.android.tools.build:builder-model:8.7.0) with MergeInstrumentationAnalysisTransform
[        ] Transforming android-test-plugin-host-retention-proto-31.7.0.jar (com.android.tools.utp:android-test-plugin-host-retention-proto:31.7.0) with ExternalDependencyInstrumentingArtifactTransform
[        ] Transforming gradle-api-8.7.0.jar (com.android.tools.build:gradle-api:8.7.0) with InstrumentationAnalysisTransform
[        ] Transforming gradle-api-8.7.0.jar (com.android.tools.build:gradle-api:8.7.0) with MergeInstrumentationAnalysisTransform
[        ] Transforming builder-model-8.7.0.jar (com.android.tools.build:builder-model:8.7.0) with ExternalDependencyInstrumentingArtifactTransform
[        ] Transforming google-services-4.3.15.jar (com.google.gms:google-services:4.3.15) with InstrumentationAnalysisTransform
[        ] Transforming gradle-api-8.7.0.jar (com.android.tools.build:gradle-api:8.7.0) with ExternalDependencyInstrumentingArtifactTransform
[        ] Transforming google-services-4.3.15.jar (com.google.gms:google-services:4.3.15) with MergeInstrumentationAnalysisTransform
[        ] Transforming strict-version-matcher-plugin-1.2.4.jar (com.google.android.gms:strict-version-matcher-plugin:1.2.4) with InstrumentationAnalysisTransform
[        ] Transforming strict-version-matcher-plugin-1.2.4.jar (com.google.android.gms:strict-version-matcher-plugin:1.2.4) with MergeInstrumentationAnalysisTransform
[        ] Transforming builder-test-api-8.7.0.jar (com.android.tools.build:builder-test-api:8.7.0) with InstrumentationAnalysisTransform
[        ] Transforming google-services-4.3.15.jar (com.google.gms:google-services:4.3.15) with ExternalDependencyInstrumentingArtifactTransform
[        ] Transforming strict-version-matcher-plugin-1.2.4.jar (com.google.android.gms:strict-version-matcher-plugin:1.2.4) with ExternalDependencyInstrumentingArtifactTransform
[        ] Transforming builder-test-api-8.7.0.jar (com.android.tools.build:builder-test-api:8.7.0) with MergeInstrumentationAnalysisTransform
[        ] Transforming ddmlib-31.7.0.jar (com.android.tools.ddms:ddmlib:31.7.0) with InstrumentationAnalysisTransform
[        ] Transforming builder-test-api-8.7.0.jar (com.android.tools.build:builder-test-api:8.7.0) with ExternalDependencyInstrumentingArtifactTransform
[        ] Transforming ddmlib-31.7.0.jar (com.android.tools.ddms:ddmlib:31.7.0) with MergeInstrumentationAnalysisTransform
[        ] Transforming layoutlib-api-31.7.0.jar (com.android.tools.layoutlib:layoutlib-api:31.7.0) with InstrumentationAnalysisTransform
[        ] Transforming layoutlib-api-31.7.0.jar (com.android.tools.layoutlib:layoutlib-api:31.7.0) with MergeInstrumentationAnalysisTransform
[        ] Transforming ddmlib-31.7.0.jar (com.android.tools.ddms:ddmlib:31.7.0) with ExternalDependencyInstrumentingArtifactTransform
[        ] Transforming dvlib-31.7.0.jar (com.android.tools:dvlib:31.7.0) with InstrumentationAnalysisTransform
[        ] Transforming layoutlib-api-31.7.0.jar (com.android.tools.layoutlib:layoutlib-api:31.7.0) with ExternalDependencyInstrumentingArtifactTransform
[        ] Transforming dvlib-31.7.0.jar (com.android.tools:dvlib:31.7.0) with MergeInstrumentationAnalysisTransform
[        ] Transforming common-31.7.0.jar (com.android.tools:common:31.7.0) with InstrumentationAnalysisTransform
[        ] Transforming dvlib-31.7.0.jar (com.android.tools:dvlib:31.7.0) with ExternalDependencyInstrumentingArtifactTransform
[        ] Transforming common-31.7.0.jar (com.android.tools:common:31.7.0) with MergeInstrumentationAnalysisTransform
[        ] Transforming kotlin-stdlib-jdk8-1.9.20.jar (org.jetbrains.kotlin:kotlin-stdlib-jdk8:1.9.20) with InstrumentationAnalysisTransform
[        ] Transforming kotlin-stdlib-jdk8-1.9.20.jar (org.jetbrains.kotlin:kotlin-stdlib-jdk8:1.9.20) with MergeInstrumentationAnalysisTransform
[        ] Transforming common-31.7.0.jar (com.android.tools:common:31.7.0) with ExternalDependencyInstrumentingArtifactTransform
[        ] Transforming jetifier-processor-1.0.0-beta10.jar (com.android.tools.build.jetifier:jetifier-processor:1.0.0-beta10) with InstrumentationAnalysisTransform
[        ] Transforming kotlin-stdlib-jdk8-1.9.20.jar (org.jetbrains.kotlin:kotlin-stdlib-jdk8:1.9.20) with ExternalDependencyInstrumentingArtifactTransform
[        ] Transforming jetifier-processor-1.0.0-beta10.jar (com.android.tools.build.jetifier:jetifier-processor:1.0.0-beta10) with MergeInstrumentationAnalysisTransform
[        ] Transforming jetifier-core-1.0.0-beta10.jar (com.android.tools.build.jetifier:jetifier-core:1.0.0-beta10) with InstrumentationAnalysisTransform
[        ] Transforming jetifier-core-1.0.0-beta10.jar (com.android.tools.build.jetifier:jetifier-core:1.0.0-beta10) with MergeInstrumentationAnalysisTransform
[        ] Transforming kotlin-reflect-1.9.24.jar (org.jetbrains.kotlin:kotlin-reflect:1.9.24) with InstrumentationAnalysisTransform
[        ] Transforming jetifier-processor-1.0.0-beta10.jar (com.android.tools.build.jetifier:jetifier-processor:1.0.0-beta10) with ExternalDependencyInstrumentingArtifactTransform
[        ] Transforming jetifier-core-1.0.0-beta10.jar (com.android.tools.build.jetifier:jetifier-core:1.0.0-beta10) with ExternalDependencyInstrumentingArtifactTransform
[        ] Transforming kotlin-reflect-1.9.24.jar (org.jetbrains.kotlin:kotlin-reflect:1.9.24) with MergeInstrumentationAnalysisTransform
[        ] Transforming kotlin-stdlib-jdk7-1.9.20.jar (org.jetbrains.kotlin:kotlin-stdlib-jdk7:1.9.20) with InstrumentationAnalysisTransform
[        ] Transforming kotlin-stdlib-jdk7-1.9.20.jar (org.jetbrains.kotlin:kotlin-stdlib-jdk7:1.9.20) with MergeInstrumentationAnalysisTransform
[        ] Transforming kotlin-reflect-1.9.24.jar (org.jetbrains.kotlin:kotlin-reflect:1.9.24) with ExternalDependencyInstrumentingArtifactTransform
[        ] Transforming kotlin-stdlib-1.9.24.jar (org.jetbrains.kotlin:kotlin-stdlib:1.9.24) with InstrumentationAnalysisTransform
[        ] Transforming kotlin-stdlib-jdk7-1.9.20.jar (org.jetbrains.kotlin:kotlin-stdlib-jdk7:1.9.20) with ExternalDependencyInstrumentingArtifactTransform
[        ] Transforming kotlin-stdlib-1.9.24.jar (org.jetbrains.kotlin:kotlin-stdlib:1.9.24) with MergeInstrumentationAnalysisTransform
[        ] Transforming annotations-13.0.jar (org.jetbrains:annotations:13.0) with InstrumentationAnalysisTransform
[        ] Transforming annotations-13.0.jar (org.jetbrains:annotations:13.0) with MergeInstrumentationAnalysisTransform
[        ] Transforming kotlin-stdlib-1.9.24.jar (org.jetbrains.kotlin:kotlin-stdlib:1.9.24) with ExternalDependencyInstrumentingArtifactTransform
[        ] Transforming kotlin-gradle-plugin-model-1.8.22.jar (org.jetbrains.kotlin:kotlin-gradle-plugin-model:1.8.22) with InstrumentationAnalysisTransform
[        ] Transforming annotations-13.0.jar (org.jetbrains:annotations:13.0) with ExternalDependencyInstrumentingArtifactTransform
[        ] Transforming kotlin-gradle-plugin-model-1.8.22.jar (org.jetbrains.kotlin:kotlin-gradle-plugin-model:1.8.22) with MergeInstrumentationAnalysisTransform
[        ] Transforming kotlin-gradle-plugin-api-1.8.22-gradle76.jar (org.jetbrains.kotlin:kotlin-gradle-plugin-api:1.8.22) with InstrumentationAnalysisTransform
[        ] Transforming kotlin-gradle-plugin-api-1.8.22-gradle76.jar (org.jetbrains.kotlin:kotlin-gradle-plugin-api:1.8.22) with MergeInstrumentationAnalysisTransform
[        ] Transforming kotlin-gradle-plugin-api-1.8.22.jar (org.jetbrains.kotlin:kotlin-gradle-plugin-api:1.8.22) with InstrumentationAnalysisTransform
[        ] Transforming kotlin-gradle-plugin-model-1.8.22.jar (org.jetbrains.kotlin:kotlin-gradle-plugin-model:1.8.22) with ExternalDependencyInstrumentingArtifactTransform
[        ] Transforming kotlin-gradle-plugin-api-1.8.22-gradle76.jar (org.jetbrains.kotlin:kotlin-gradle-plugin-api:1.8.22) with ExternalDependencyInstrumentingArtifactTransform
[        ] Transforming kotlin-gradle-plugin-api-1.8.22.jar (org.jetbrains.kotlin:kotlin-gradle-plugin-api:1.8.22) with MergeInstrumentationAnalysisTransform
[        ] Transforming kotlin-gradle-plugin-1.8.22-gradle76.jar (org.jetbrains.kotlin:kotlin-gradle-plugin:1.8.22) with InstrumentationAnalysisTransform
[        ] Transforming kotlin-gradle-plugin-1.8.22-gradle76.jar (org.jetbrains.kotlin:kotlin-gradle-plugin:1.8.22) with MergeInstrumentationAnalysisTransform
[        ] Transforming bundletool-1.17.1.jar (com.android.tools.build:bundletool:1.17.1) with InstrumentationAnalysisTransform
[        ] Transforming kotlin-gradle-plugin-api-1.8.22.jar (org.jetbrains.kotlin:kotlin-gradle-plugin-api:1.8.22) with ExternalDependencyInstrumentingArtifactTransform
[        ] Transforming bundletool-1.17.1.jar (com.android.tools.build:bundletool:1.17.1) with MergeInstrumentationAnalysisTransform
[        ] Transforming kotlin-gradle-plugin-1.8.22-gradle76.jar (org.jetbrains.kotlin:kotlin-gradle-plugin:1.8.22) with ExternalDependencyInstrumentingArtifactTransform
[        ] Transforming aapt2-proto-8.7.0-12006047.jar (com.android.tools.build:aapt2-proto:8.7.0-12006047) with InstrumentationAnalysisTransform
[        ] Transforming bundletool-1.17.1.jar (com.android.tools.build:bundletool:1.17.1) with ExternalDependencyInstrumentingArtifactTransform
[        ] Transforming aapt2-proto-8.7.0-12006047.jar (com.android.tools.build:aapt2-proto:8.7.0-12006047) with MergeInstrumentationAnalysisTransform
[        ] Transforming crash-31.7.0.jar (com.android.tools.analytics-library:crash:31.7.0) with InstrumentationAnalysisTransform
[        ] Transforming crash-31.7.0.jar (com.android.tools.analytics-library:crash:31.7.0) with MergeInstrumentationAnalysisTransform
[        ] Transforming aapt2-proto-8.7.0-12006047.jar (com.android.tools.build:aapt2-proto:8.7.0-12006047) with ExternalDependencyInstrumentingArtifactTransform
[        ] Transforming lint-typedef-remover-31.7.0.jar (com.android.tools.lint:lint-typedef-remover:31.7.0) with InstrumentationAnalysisTransform
[        ] Transforming crash-31.7.0.jar (com.android.tools.analytics-library:crash:31.7.0) with ExternalDependencyInstrumentingArtifactTransform
[        ] Transforming lint-typedef-remover-31.7.0.jar (com.android.tools.lint:lint-typedef-remover:31.7.0) with MergeInstrumentationAnalysisTransform
[        ] Transforming databinding-common-8.7.0.jar (androidx.databinding:databinding-common:8.7.0) with InstrumentationAnalysisTransform
[        ] Transforming databinding-common-8.7.0.jar (androidx.databinding:databinding-common:8.7.0) with MergeInstrumentationAnalysisTransform
[        ] Transforming lint-typedef-remover-31.7.0.jar (com.android.tools.lint:lint-typedef-remover:31.7.0) with ExternalDependencyInstrumentingArtifactTransform
[        ] Transforming baseLibrary-8.7.0.jar (com.android.databinding:baseLibrary:8.7.0) with InstrumentationAnalysisTransform
[        ] Transforming databinding-common-8.7.0.jar (androidx.databinding:databinding-common:8.7.0) with ExternalDependencyInstrumentingArtifactTransform
[        ] Transforming baseLibrary-8.7.0.jar (com.android.databinding:baseLibrary:8.7.0) with MergeInstrumentationAnalysisTransform
[        ] Transforming android-device-provider-ddmlib-proto-31.7.0.jar (com.android.tools.utp:android-device-provider-ddmlib-proto:31.7.0) with InstrumentationAnalysisTransform
[        ] Transforming android-device-provider-ddmlib-proto-31.7.0.jar (com.android.tools.utp:android-device-provider-ddmlib-proto:31.7.0) with MergeInstrumentationAnalysisTransform
[        ] Transforming baseLibrary-8.7.0.jar (com.android.databinding:baseLibrary:8.7.0) with ExternalDependencyInstrumentingArtifactTransform
[        ] Transforming android-device-provider-gradle-proto-31.7.0.jar (com.android.tools.utp:android-device-provider-gradle-proto:31.7.0) with InstrumentationAnalysisTransform
[        ] Transforming android-device-provider-ddmlib-proto-31.7.0.jar (com.android.tools.utp:android-device-provider-ddmlib-proto:31.7.0) with ExternalDependencyInstrumentingArtifactTransform
[        ] Transforming android-device-provider-gradle-proto-31.7.0.jar (com.android.tools.utp:android-device-provider-gradle-proto:31.7.0) with MergeInstrumentationAnalysisTransform
[        ] Transforming android-device-provider-profile-proto-31.7.0.jar (com.android.tools.utp:android-device-provider-profile-proto:31.7.0) with InstrumentationAnalysisTransform
[        ] Transforming android-device-provider-gradle-proto-31.7.0.jar (com.android.tools.utp:android-device-provider-gradle-proto:31.7.0) with ExternalDependencyInstrumentingArtifactTransform
[        ] Transforming android-device-provider-profile-proto-31.7.0.jar (com.android.tools.utp:android-device-provider-profile-proto:31.7.0) with MergeInstrumentationAnalysisTransform
[        ] Transforming android-test-plugin-host-additional-test-output-proto-31.7.0.jar (com.android.tools.utp:android-test-plugin-host-additional-test-output-proto:31.7.0) with InstrumentationAnalysisTransform
[        ] Transforming android-device-provider-profile-proto-31.7.0.jar (com.android.tools.utp:android-device-provider-profile-proto:31.7.0) with ExternalDependencyInstrumentingArtifactTransform
[        ] Transforming android-test-plugin-host-additional-test-output-proto-31.7.0.jar (com.android.tools.utp:android-test-plugin-host-additional-test-output-proto:31.7.0) with MergeInstrumentationAnalysisTransform
[        ] Transforming android-test-plugin-host-coverage-proto-31.7.0.jar (com.android.tools.utp:android-test-plugin-host-coverage-proto:31.7.0) with InstrumentationAnalysisTransform
[        ] Transforming android-test-plugin-host-additional-test-output-proto-31.7.0.jar (com.android.tools.utp:android-test-plugin-host-additional-test-output-proto:31.7.0) with ExternalDependencyInstrumentingArtifactTransform
[        ] Transforming android-test-plugin-host-coverage-proto-31.7.0.jar (com.android.tools.utp:android-test-plugin-host-coverage-proto:31.7.0) with MergeInstrumentationAnalysisTransform
[        ] Transforming android-test-plugin-host-logcat-proto-31.7.0.jar (com.android.tools.utp:android-test-plugin-host-logcat-proto:31.7.0) with InstrumentationAnalysisTransform
[        ] Transforming android-test-plugin-host-logcat-proto-31.7.0.jar (com.android.tools.utp:android-test-plugin-host-logcat-proto:31.7.0) with MergeInstrumentationAnalysisTransform
[        ] Transforming android-test-plugin-host-coverage-proto-31.7.0.jar (com.android.tools.utp:android-test-plugin-host-coverage-proto:31.7.0) with ExternalDependencyInstrumentingArtifactTransform
[        ] Transforming android-test-plugin-host-apk-installer-proto-31.7.0.jar (com.android.tools.utp:android-test-plugin-host-apk-installer-proto:31.7.0) with InstrumentationAnalysisTransform
[        ] Transforming android-test-plugin-host-logcat-proto-31.7.0.jar (com.android.tools.utp:android-test-plugin-host-logcat-proto:31.7.0) with ExternalDependencyInstrumentingArtifactTransform
[        ] Transforming android-test-plugin-host-apk-installer-proto-31.7.0.jar (com.android.tools.utp:android-test-plugin-host-apk-installer-proto:31.7.0) with MergeInstrumentationAnalysisTransform
[  +20 ms] Transforming android-test-plugin-result-listener-gradle-proto-31.7.0.jar (com.android.tools.utp:android-test-plugin-result-listener-gradle-proto:31.7.0) with InstrumentationAnalysisTransform
[        ] Transforming android-test-plugin-result-listener-gradle-proto-31.7.0.jar (com.android.tools.utp:android-test-plugin-result-listener-gradle-proto:31.7.0) with MergeInstrumentationAnalysisTransform
[        ] Transforming android-test-plugin-host-apk-installer-proto-31.7.0.jar (com.android.tools.utp:android-test-plugin-host-apk-installer-proto:31.7.0) with ExternalDependencyInstrumentingArtifactTransform
[  +60 ms] Transforming transform-api-2.0.0-deprecated-use-gradle-api.jar (com.android.tools.build:transform-api:2.0.0-deprecated-use-gradle-api) with InstrumentationAnalysisTransform
[        ] Transforming transform-api-2.0.0-deprecated-use-gradle-api.jar (com.android.tools.build:transform-api:2.0.0-deprecated-use-gradle-api) with MergeInstrumentationAnalysisTransform
[        ] Transforming android-test-plugin-result-listener-gradle-proto-31.7.0.jar (com.android.tools.utp:android-test-plugin-result-listener-gradle-proto:31.7.0) with ExternalDependencyInstrumentingArtifactTransform
[        ] Transforming transform-api-2.0.0-deprecated-use-gradle-api.jar (com.android.tools.build:transform-api:2.0.0-deprecated-use-gradle-api) with ExternalDependencyInstrumentingArtifactTransform
[        ] Transforming httpmime-4.5.6.jar (org.apache.httpcomponents:httpmime:4.5.6) with InstrumentationAnalysisTransform
[        ] Transforming httpmime-4.5.6.jar (org.apache.httpcomponents:httpmime:4.5.6) with MergeInstrumentationAnalysisTransform
[        ] Transforming commons-io-2.13.0.jar (commons-io:commons-io:2.13.0) with InstrumentationAnalysisTransform
[        ] Transforming commons-io-2.13.0.jar (commons-io:commons-io:2.13.0) with MergeInstrumentationAnalysisTransform
[        ] Transforming asm-commons-9.6.jar (org.ow2.asm:asm-commons:9.6) with InstrumentationAnalysisTransform
[        ] Transforming httpmime-4.5.6.jar (org.apache.httpcomponents:httpmime:4.5.6) with ExternalDependencyInstrumentingArtifactTransform
[        ] Transforming commons-io-2.13.0.jar (commons-io:commons-io:2.13.0) with ExternalDependencyInstrumentingArtifactTransform
[        ] Transforming asm-commons-9.6.jar (org.ow2.asm:asm-commons:9.6) with MergeInstrumentationAnalysisTransform
[        ] Transforming asm-util-9.6.jar (org.ow2.asm:asm-util:9.6) with InstrumentationAnalysisTransform
[        ] Transforming asm-util-9.6.jar (org.ow2.asm:asm-util:9.6) with MergeInstrumentationAnalysisTransform
[        ] Transforming asm-commons-9.6.jar (org.ow2.asm:asm-commons:9.6) with ExternalDependencyInstrumentingArtifactTransform
[        ] Transforming asm-analysis-9.6.jar (org.ow2.asm:asm-analysis:9.6) with InstrumentationAnalysisTransform
[        ] Transforming asm-analysis-9.6.jar (org.ow2.asm:asm-analysis:9.6) with MergeInstrumentationAnalysisTransform
[        ] Transforming asm-tree-9.6.jar (org.ow2.asm:asm-tree:9.6) with InstrumentationAnalysisTransform
[        ] Transforming asm-util-9.6.jar (org.ow2.asm:asm-util:9.6) with ExternalDependencyInstrumentingArtifactTransform
[        ] Transforming asm-tree-9.6.jar (org.ow2.asm:asm-tree:9.6) with MergeInstrumentationAnalysisTransform
[        ] Transforming asm-9.6.jar (org.ow2.asm:asm:9.6) with InstrumentationAnalysisTransform
[        ] Transforming asm-analysis-9.6.jar (org.ow2.asm:asm-analysis:9.6) with ExternalDependencyInstrumentingArtifactTransform
[        ] Transforming asm-9.6.jar (org.ow2.asm:asm:9.6) with MergeInstrumentationAnalysisTransform
[        ] Transforming apkzlib-8.7.0.jar (com.android.tools.build:apkzlib:8.7.0) with InstrumentationAnalysisTransform
[        ] Transforming asm-tree-9.6.jar (org.ow2.asm:asm-tree:9.6) with ExternalDependencyInstrumentingArtifactTransform
[        ] Transforming asm-9.6.jar (org.ow2.asm:asm:9.6) with ExternalDependencyInstrumentingArtifactTransform
[        ] Transforming apkzlib-8.7.0.jar (com.android.tools.build:apkzlib:8.7.0) with MergeInstrumentationAnalysisTransform
[        ] Transforming bcpkix-jdk18on-1.77.jar (org.bouncycastle:bcpkix-jdk18on:1.77) with InstrumentationAnalysisTransform
[        ] Transforming apkzlib-8.7.0.jar (com.android.tools.build:apkzlib:8.7.0) with ExternalDependencyInstrumentingArtifactTransform
[        ] Transforming bcpkix-jdk18on-1.77.jar (org.bouncycastle:bcpkix-jdk18on:1.77) with MergeInstrumentationAnalysisTransform
[        ] Transforming jaxb-runtime-2.3.2.jar (org.glassfish.jaxb:jaxb-runtime:2.3.2) with InstrumentationAnalysisTransform
[        ] Transforming bcpkix-jdk18on-1.77.jar (org.bouncycastle:bcpkix-jdk18on:1.77) with ExternalDependencyInstrumentingArtifactTransform
[        ] Transforming jaxb-runtime-2.3.2.jar (org.glassfish.jaxb:jaxb-runtime:2.3.2) with MergeInstrumentationAnalysisTransform
[        ] Transforming jopt-simple-4.9.jar (net.sf.jopt-simple:jopt-simple:4.9) with InstrumentationAnalysisTransform
[        ] Transforming jaxb-runtime-2.3.2.jar (org.glassfish.jaxb:jaxb-runtime:2.3.2) with ExternalDependencyInstrumentingArtifactTransform
[        ] Transforming jopt-simple-4.9.jar (net.sf.jopt-simple:jopt-simple:4.9) with MergeInstrumentationAnalysisTransform
[        ] Transforming javapoet-1.10.0.jar (com.squareup:javapoet:1.10.0) with InstrumentationAnalysisTransform
[        ] Transforming jopt-simple-4.9.jar (net.sf.jopt-simple:jopt-simple:4.9) with ExternalDependencyInstrumentingArtifactTransform
[        ] Transforming javapoet-1.10.0.jar (com.squareup:javapoet:1.10.0) with MergeInstrumentationAnalysisTransform
[        ] Transforming protobuf-java-util-3.22.3.jar (com.google.protobuf:protobuf-java-util:3.22.3) with InstrumentationAnalysisTransform
[        ] Transforming protobuf-java-util-3.22.3.jar (com.google.protobuf:protobuf-java-util:3.22.3) with MergeInstrumentationAnalysisTransform
[        ] Transforming javapoet-1.10.0.jar (com.squareup:javapoet:1.10.0) with ExternalDependencyInstrumentingArtifactTransform
[        ] Transforming grpc-protobuf-1.57.0.jar (io.grpc:grpc-protobuf:1.57.0) with InstrumentationAnalysisTransform
[        ] Transforming grpc-protobuf-1.57.0.jar (io.grpc:grpc-protobuf:1.57.0) with MergeInstrumentationAnalysisTransform
[        ] Transforming protobuf-java-util-3.22.3.jar (com.google.protobuf:protobuf-java-util:3.22.3) with ExternalDependencyInstrumentingArtifactTransform
[        ] Transforming tink-1.7.0.jar (com.google.crypto.tink:tink:1.7.0) with InstrumentationAnalysisTransform
[        ] Transforming grpc-protobuf-1.57.0.jar (io.grpc:grpc-protobuf:1.57.0) with ExternalDependencyInstrumentingArtifactTransform
[        ] Transforming tink-1.7.0.jar (com.google.crypto.tink:tink:1.7.0) with MergeInstrumentationAnalysisTransform
[        ] Transforming protos-31.7.0.jar (com.android.tools.analytics-library:protos:31.7.0) with InstrumentationAnalysisTransform
[        ] Transforming protos-31.7.0.jar (com.android.tools.analytics-library:protos:31.7.0) with MergeInstrumentationAnalysisTransform
[        ] Transforming proto-google-common-protos-2.17.0.jar (com.google.api.grpc:proto-google-common-protos:2.17.0) with InstrumentationAnalysisTransform
[        ] Transforming proto-google-common-protos-2.17.0.jar (com.google.api.grpc:proto-google-common-protos:2.17.0) with MergeInstrumentationAnalysisTransform
[        ] Transforming protobuf-java-3.22.3.jar (com.google.protobuf:protobuf-java:3.22.3) with InstrumentationAnalysisTransform
[        ] Transforming tink-1.7.0.jar (com.google.crypto.tink:tink:1.7.0) with ExternalDependencyInstrumentingArtifactTransform
[        ] Transforming proto-google-common-protos-2.17.0.jar (com.google.api.grpc:proto-google-common-protos:2.17.0) with ExternalDependencyInstrumentingArtifactTransform
[        ] Transforming protobuf-java-3.22.3.jar (com.google.protobuf:protobuf-java:3.22.3) with MergeInstrumentationAnalysisTransform
[        ] Transforming protos-31.7.0.jar (com.android.tools.analytics-library:protos:31.7.0) with ExternalDependencyInstrumentingArtifactTransform
[        ] Transforming grpc-netty-1.57.0.jar (io.grpc:grpc-netty:1.57.0) with InstrumentationAnalysisTransform
[        ] Transforming protobuf-java-3.22.3.jar (com.google.protobuf:protobuf-java:3.22.3) with ExternalDependencyInstrumentingArtifactTransform
[        ] Transforming grpc-netty-1.57.0.jar (io.grpc:grpc-netty:1.57.0) with MergeInstrumentationAnalysisTransform
[        ] Transforming grpc-core-1.57.0.jar (io.grpc:grpc-core:1.57.0) with InstrumentationAnalysisTransform
[        ] Transforming grpc-netty-1.57.0.jar (io.grpc:grpc-netty:1.57.0) with ExternalDependencyInstrumentingArtifactTransform
[        ] Transforming grpc-core-1.57.0.jar (io.grpc:grpc-core:1.57.0) with MergeInstrumentationAnalysisTransform
[        ] Transforming gson-2.10.1.jar (com.google.code.gson:gson:2.10.1) with InstrumentationAnalysisTransform
[        ] Transforming gson-2.10.1.jar (com.google.code.gson:gson:2.10.1) with MergeInstrumentationAnalysisTransform
[        ] Transforming grpc-core-1.57.0.jar (io.grpc:grpc-core:1.57.0) with ExternalDependencyInstrumentingArtifactTransform
[        ] Transforming grpc-stub-1.57.0.jar (io.grpc:grpc-stub:1.57.0) with InstrumentationAnalysisTransform
[        ] Transforming gson-2.10.1.jar (com.google.code.gson:gson:2.10.1) with ExternalDependencyInstrumentingArtifactTransform
[        ] Transforming grpc-stub-1.57.0.jar (io.grpc:grpc-stub:1.57.0) with MergeInstrumentationAnalysisTransform
[        ] Transforming core-proto-0.0.9-alpha02.jar (com.google.testing.platform:core-proto:0.0.9-alpha02) with InstrumentationAnalysisTransform
[        ] Transforming core-proto-0.0.9-alpha02.jar (com.google.testing.platform:core-proto:0.0.9-alpha02) with MergeInstrumentationAnalysisTransform
[        ] Transforming grpc-stub-1.57.0.jar (io.grpc:grpc-stub:1.57.0) with ExternalDependencyInstrumentingArtifactTransform
[        ] Transforming tensorflow-lite-metadata-0.1.0-rc2.jar (org.tensorflow:tensorflow-lite-metadata:0.1.0-rc2) with InstrumentationAnalysisTransform
[        ] Transforming core-proto-0.0.9-alpha02.jar (com.google.testing.platform:core-proto:0.0.9-alpha02) with ExternalDependencyInstrumentingArtifactTransform
[        ] Transforming tensorflow-lite-metadata-0.1.0-rc2.jar (org.tensorflow:tensorflow-lite-metadata:0.1.0-rc2) with MergeInstrumentationAnalysisTransform
[        ] Transforming flatbuffers-java-1.12.0.jar (com.google.flatbuffers:flatbuffers-java:1.12.0) with InstrumentationAnalysisTransform
[        ] Transforming flatbuffers-java-1.12.0.jar (com.google.flatbuffers:flatbuffers-java:1.12.0) with MergeInstrumentationAnalysisTransform
[        ] Transforming jimfs-1.1.jar (com.google.jimfs:jimfs:1.1) with InstrumentationAnalysisTransform
[        ] Transforming tensorflow-lite-metadata-0.1.0-rc2.jar (org.tensorflow:tensorflow-lite-metadata:0.1.0-rc2) with ExternalDependencyInstrumentingArtifactTransform
[        ] Transforming flatbuffers-java-1.12.0.jar (com.google.flatbuffers:flatbuffers-java:1.12.0) with ExternalDependencyInstrumentingArtifactTransform
[        ] Transforming jimfs-1.1.jar (com.google.jimfs:jimfs:1.1) with MergeInstrumentationAnalysisTransform
[        ] Transforming grpc-context-1.57.0.jar (io.grpc:grpc-context:1.57.0) with InstrumentationAnalysisTransform
[        ] Transforming grpc-context-1.57.0.jar (io.grpc:grpc-context:1.57.0) with MergeInstrumentationAnalysisTransform
[        ] Transforming jimfs-1.1.jar (com.google.jimfs:jimfs:1.1) with ExternalDependencyInstrumentingArtifactTransform
[        ] Transforming grpc-protobuf-lite-1.57.0.jar (io.grpc:grpc-protobuf-lite:1.57.0) with InstrumentationAnalysisTransform
[        ] Transforming grpc-context-1.57.0.jar (io.grpc:grpc-context:1.57.0) with ExternalDependencyInstrumentingArtifactTransform
[        ] Transforming grpc-protobuf-lite-1.57.0.jar (io.grpc:grpc-protobuf-lite:1.57.0) with MergeInstrumentationAnalysisTransform
[        ] Transforming grpc-api-1.57.0.jar (io.grpc:grpc-api:1.57.0) with InstrumentationAnalysisTransform
[        ] Transforming grpc-api-1.57.0.jar (io.grpc:grpc-api:1.57.0) with MergeInstrumentationAnalysisTransform
[        ] Transforming guava-32.0.1-jre.jar (com.google.guava:guava:32.0.1-jre) with InstrumentationAnalysisTransform
[        ] Transforming grpc-protobuf-lite-1.57.0.jar (io.grpc:grpc-protobuf-lite:1.57.0) with ExternalDependencyInstrumentingArtifactTransform
[        ] Transforming grpc-api-1.57.0.jar (io.grpc:grpc-api:1.57.0) with ExternalDependencyInstrumentingArtifactTransform
[        ] Transforming guava-32.0.1-jre.jar (com.google.guava:guava:32.0.1-jre) with MergeInstrumentationAnalysisTransform
[        ] Transforming kotlin-gradle-plugin-idea-proto-1.8.22.jar (org.jetbrains.kotlin:kotlin-gradle-plugin-idea-proto:1.8.22) with InstrumentationAnalysisTransform
[        ] Transforming guava-32.0.1-jre.jar (com.google.guava:guava:32.0.1-jre) with ExternalDependencyInstrumentingArtifactTransform
[        ] Transforming kotlin-gradle-plugin-idea-proto-1.8.22.jar (org.jetbrains.kotlin:kotlin-gradle-plugin-idea-proto:1.8.22) with MergeInstrumentationAnalysisTransform
[        ] Transforming kotlin-gradle-plugin-idea-1.8.22.jar (org.jetbrains.kotlin:kotlin-gradle-plugin-idea:1.8.22) with InstrumentationAnalysisTransform
[        ] Transforming kotlin-gradle-plugin-idea-1.8.22.jar (org.jetbrains.kotlin:kotlin-gradle-plugin-idea:1.8.22) with MergeInstrumentationAnalysisTransform
[        ] Transforming kotlin-project-model-1.8.22.jar (org.jetbrains.kotlin:kotlin-project-model:1.8.22) with InstrumentationAnalysisTransform
[        ] Transforming kotlin-gradle-plugin-idea-proto-1.8.22.jar (org.jetbrains.kotlin:kotlin-gradle-plugin-idea-proto:1.8.22) with ExternalDependencyInstrumentingArtifactTransform
[        ] Transforming kotlin-gradle-plugin-idea-1.8.22.jar (org.jetbrains.kotlin:kotlin-gradle-plugin-idea:1.8.22) with ExternalDependencyInstrumentingArtifactTransform
[        ] Transforming kotlin-project-model-1.8.22.jar (org.jetbrains.kotlin:kotlin-project-model:1.8.22) with MergeInstrumentationAnalysisTransform
[        ] Transforming kotlin-tooling-core-1.8.22.jar (org.jetbrains.kotlin:kotlin-tooling-core:1.8.22) with InstrumentationAnalysisTransform
[        ] Transforming kotlin-tooling-core-1.8.22.jar (org.jetbrains.kotlin:kotlin-tooling-core:1.8.22) with MergeInstrumentationAnalysisTransform
[        ] Transforming kotlin-project-model-1.8.22.jar (org.jetbrains.kotlin:kotlin-project-model:1.8.22) with ExternalDependencyInstrumentingArtifactTransform
[        ] Transforming kotlin-util-klib-1.8.22.jar (org.jetbrains.kotlin:kotlin-util-klib:1.8.22) with InstrumentationAnalysisTransform
[        ] Transforming kotlin-tooling-core-1.8.22.jar (org.jetbrains.kotlin:kotlin-tooling-core:1.8.22) with ExternalDependencyInstrumentingArtifactTransform
[        ] Transforming kotlin-util-klib-1.8.22.jar (org.jetbrains.kotlin:kotlin-util-klib:1.8.22) with MergeInstrumentationAnalysisTransform
[        ] Transforming kotlin-klib-commonizer-api-1.8.22.jar (org.jetbrains.kotlin:kotlin-klib-commonizer-api:1.8.22) with InstrumentationAnalysisTransform
[        ] Transforming kotlin-util-klib-1.8.22.jar (org.jetbrains.kotlin:kotlin-util-klib:1.8.22) with ExternalDependencyInstrumentingArtifactTransform
[        ] Transforming kotlin-klib-commonizer-api-1.8.22.jar (org.jetbrains.kotlin:kotlin-klib-commonizer-api:1.8.22) with MergeInstrumentationAnalysisTransform
[        ] Transforming kotlin-annotation-processing-gradle-1.8.22.jar (org.jetbrains.kotlin:kotlin-annotation-processing-gradle:1.8.22) with InstrumentationAnalysisTransform
[        ] Transforming kotlin-annotation-processing-gradle-1.8.22.jar (org.jetbrains.kotlin:kotlin-annotation-processing-gradle:1.8.22) with MergeInstrumentationAnalysisTransform
[        ] Transforming kotlin-android-extensions-1.8.22.jar (org.jetbrains.kotlin:kotlin-android-extensions:1.8.22) with InstrumentationAnalysisTransform
[        ] Transforming kotlin-klib-commonizer-api-1.8.22.jar (org.jetbrains.kotlin:kotlin-klib-commonizer-api:1.8.22) with ExternalDependencyInstrumentingArtifactTransform
[        ] Transforming kotlin-annotation-processing-gradle-1.8.22.jar (org.jetbrains.kotlin:kotlin-annotation-processing-gradle:1.8.22) with ExternalDependencyInstrumentingArtifactTransform
[        ] Transforming kotlin-android-extensions-1.8.22.jar (org.jetbrains.kotlin:kotlin-android-extensions:1.8.22) with MergeInstrumentationAnalysisTransform
[        ] Transforming kotlin-compiler-runner-1.8.22.jar (org.jetbrains.kotlin:kotlin-compiler-runner:1.8.22) with InstrumentationAnalysisTransform
[        ] Transforming kotlin-compiler-runner-1.8.22.jar (org.jetbrains.kotlin:kotlin-compiler-runner:1.8.22) with MergeInstrumentationAnalysisTransform
[        ] Transforming kotlin-android-extensions-1.8.22.jar (org.jetbrains.kotlin:kotlin-android-extensions:1.8.22) with ExternalDependencyInstrumentingArtifactTransform
[        ] Transforming kotlin-compiler-embeddable-1.8.22.jar (org.jetbrains.kotlin:kotlin-compiler-embeddable:1.8.22) with InstrumentationAnalysisTransform
[        ] Transforming kotlin-compiler-runner-1.8.22.jar (org.jetbrains.kotlin:kotlin-compiler-runner:1.8.22) with ExternalDependencyInstrumentingArtifactTransform
[        ] Transforming kotlin-compiler-embeddable-1.8.22.jar (org.jetbrains.kotlin:kotlin-compiler-embeddable:1.8.22) with MergeInstrumentationAnalysisTransform
[        ] Transforming kotlin-scripting-compiler-embeddable-1.8.22.jar (org.jetbrains.kotlin:kotlin-scripting-compiler-embeddable:1.8.22) with InstrumentationAnalysisTransform
[        ] Transforming kotlin-scripting-compiler-embeddable-1.8.22.jar (org.jetbrains.kotlin:kotlin-scripting-compiler-embeddable:1.8.22) with MergeInstrumentationAnalysisTransform
[        ] Transforming kotlin-scripting-compiler-impl-embeddable-1.8.22.jar (org.jetbrains.kotlin:kotlin-scripting-compiler-impl-embeddable:1.8.22) with InstrumentationAnalysisTransform
[        ] Transforming kotlin-compiler-embeddable-1.8.22.jar (org.jetbrains.kotlin:kotlin-compiler-embeddable:1.8.22) with ExternalDependencyInstrumentingArtifactTransform
[        ] Transforming kotlin-scripting-compiler-embeddable-1.8.22.jar (org.jetbrains.kotlin:kotlin-scripting-compiler-embeddable:1.8.22) with ExternalDependencyInstrumentingArtifactTransform
[        ] Transforming kotlin-scripting-compiler-impl-embeddable-1.8.22.jar (org.jetbrains.kotlin:kotlin-scripting-compiler-impl-embeddable:1.8.22) with MergeInstrumentationAnalysisTransform
[        ] Transforming dagger-2.28.3.jar (com.google.dagger:dagger:2.28.3) with InstrumentationAnalysisTransform
[        ] Transforming kotlin-scripting-compiler-impl-embeddable-1.8.22.jar (org.jetbrains.kotlin:kotlin-scripting-compiler-impl-embeddable:1.8.22) with ExternalDependencyInstrumentingArtifactTransform
[        ] Transforming dagger-2.28.3.jar (com.google.dagger:dagger:2.28.3) with MergeInstrumentationAnalysisTransform
[        ] Transforming javax.inject-1.jar (javax.inject:javax.inject:1) with InstrumentationAnalysisTransform
[        ] Transforming javax.inject-1.jar (javax.inject:javax.inject:1) with MergeInstrumentationAnalysisTransform
[        ] Transforming dagger-2.28.3.jar (com.google.dagger:dagger:2.28.3) with ExternalDependencyInstrumentingArtifactTransform
[        ] Transforming kxml2-2.3.0.jar (net.sf.kxml:kxml2:2.3.0) with InstrumentationAnalysisTransform
[        ] Transforming javax.inject-1.jar (javax.inject:javax.inject:1) with ExternalDependencyInstrumentingArtifactTransform
[        ] Transforming kxml2-2.3.0.jar (net.sf.kxml:kxml2:2.3.0) with MergeInstrumentationAnalysisTransform
[        ] Transforming bcutil-jdk18on-1.77.jar (org.bouncycastle:bcutil-jdk18on:1.77) with InstrumentationAnalysisTransform
[        ] Transforming bcutil-jdk18on-1.77.jar (org.bouncycastle:bcutil-jdk18on:1.77) with MergeInstrumentationAnalysisTransform
[        ] Transforming bcprov-jdk18on-1.77.jar (org.bouncycastle:bcprov-jdk18on:1.77) with InstrumentationAnalysisTransform
[        ] Transforming kxml2-2.3.0.jar (net.sf.kxml:kxml2:2.3.0) with ExternalDependencyInstrumentingArtifactTransform
[        ] Transforming bcutil-jdk18on-1.77.jar (org.bouncycastle:bcutil-jdk18on:1.77) with ExternalDependencyInstrumentingArtifactTransform
[        ] Transforming bcprov-jdk18on-1.77.jar (org.bouncycastle:bcprov-jdk18on:1.77) with MergeInstrumentationAnalysisTransform
[        ] Transforming trove4j-1.0.20200330.jar (org.jetbrains.intellij.deps:trove4j:1.0.20200330) with InstrumentationAnalysisTransform
[        ] Transforming trove4j-1.0.20200330.jar (org.jetbrains.intellij.deps:trove4j:1.0.20200330) with MergeInstrumentationAnalysisTransform
[        ] Transforming commons-compress-1.21.jar (org.apache.commons:commons-compress:1.21) with InstrumentationAnalysisTransform
[        ] Transforming bcprov-jdk18on-1.77.jar (org.bouncycastle:bcprov-jdk18on:1.77) with ExternalDependencyInstrumentingArtifactTransform
[        ] Transforming trove4j-1.0.20200330.jar (org.jetbrains.intellij.deps:trove4j:1.0.20200330) with ExternalDependencyInstrumentingArtifactTransform
[        ] Transforming commons-compress-1.21.jar (org.apache.commons:commons-compress:1.21) with MergeInstrumentationAnalysisTransform
[        ] Transforming httpclient-4.5.14.jar (org.apache.httpcomponents:httpclient:4.5.14) with InstrumentationAnalysisTransform
[        ] Transforming commons-compress-1.21.jar (org.apache.commons:commons-compress:1.21) with ExternalDependencyInstrumentingArtifactTransform
[        ] Transforming httpclient-4.5.14.jar (org.apache.httpcomponents:httpclient:4.5.14) with MergeInstrumentationAnalysisTransform
[        ] Transforming httpcore-4.4.16.jar (org.apache.httpcomponents:httpcore:4.4.16) with InstrumentationAnalysisTransform
[        ] Transforming httpcore-4.4.16.jar (org.apache.httpcomponents:httpcore:4.4.16) with MergeInstrumentationAnalysisTransform
[        ] Transforming httpclient-4.5.14.jar (org.apache.httpcomponents:httpclient:4.5.14) with ExternalDependencyInstrumentingArtifactTransform
[        ] Transforming javax.activation-1.2.0.jar (com.sun.activation:javax.activation:1.2.0) with InstrumentationAnalysisTransform
[        ] Transforming httpcore-4.4.16.jar (org.apache.httpcomponents:httpcore:4.4.16) with ExternalDependencyInstrumentingArtifactTransform
[        ] Transforming javax.activation-1.2.0.jar (com.sun.activation:javax.activation:1.2.0) with MergeInstrumentationAnalysisTransform
[        ] Transforming signflinger-8.7.0.jar (com.android:signflinger:8.7.0) with InstrumentationAnalysisTransform
[        ] Transforming javax.activation-1.2.0.jar (com.sun.activation:javax.activation:1.2.0) with ExternalDependencyInstrumentingArtifactTransform
[        ] Transforming signflinger-8.7.0.jar (com.android:signflinger:8.7.0) with MergeInstrumentationAnalysisTransform
[        ] Transforming zipflinger-8.7.0.jar (com.android:zipflinger:8.7.0) with InstrumentationAnalysisTransform
[        ] Transforming zipflinger-8.7.0.jar (com.android:zipflinger:8.7.0) with MergeInstrumentationAnalysisTransform
[        ] Transforming signflinger-8.7.0.jar (com.android:signflinger:8.7.0) with ExternalDependencyInstrumentingArtifactTransform
[        ] Transforming annotations-31.7.0.jar (com.android.tools:annotations:31.7.0) with InstrumentationAnalysisTransform
[        ] Transforming zipflinger-8.7.0.jar (com.android:zipflinger:8.7.0) with ExternalDependencyInstrumentingArtifactTransform
[        ] Transforming annotations-31.7.0.jar (com.android.tools:annotations:31.7.0) with MergeInstrumentationAnalysisTransform
[        ] Transforming jna-platform-5.6.0.jar (net.java.dev.jna:jna-platform:5.6.0) with InstrumentationAnalysisTransform
[        ] Transforming jna-platform-5.6.0.jar (net.java.dev.jna:jna-platform:5.6.0) with MergeInstrumentationAnalysisTransform
[        ] Transforming juniversalchardet-1.0.3.jar (com.googlecode.juniversalchardet:juniversalchardet:1.0.3) with InstrumentationAnalysisTransform
[        ] Transforming annotations-31.7.0.jar (com.android.tools:annotations:31.7.0) with ExternalDependencyInstrumentingArtifactTransform
[        ] Transforming juniversalchardet-1.0.3.jar (com.googlecode.juniversalchardet:juniversalchardet:1.0.3) with MergeInstrumentationAnalysisTransform
[        ] Transforming jna-platform-5.6.0.jar (net.java.dev.jna:jna-platform:5.6.0) with ExternalDependencyInstrumentingArtifactTransform
[        ] Transforming javax.annotation-api-1.3.2.jar (javax.annotation:javax.annotation-api:1.3.2) with InstrumentationAnalysisTransform
[        ] Transforming juniversalchardet-1.0.3.jar (com.googlecode.juniversalchardet:juniversalchardet:1.0.3) with ExternalDependencyInstrumentingArtifactTransform
[        ] Transforming javax.annotation-api-1.3.2.jar (javax.annotation:javax.annotation-api:1.3.2) with MergeInstrumentationAnalysisTransform
[        ] Transforming stax-ex-1.8.1.jar (org.jvnet.staxex:stax-ex:1.8.1) with InstrumentationAnalysisTransform
[        ] Transforming javax.annotation-api-1.3.2.jar (javax.annotation:javax.annotation-api:1.3.2) with ExternalDependencyInstrumentingArtifactTransform
[        ] Transforming stax-ex-1.8.1.jar (org.jvnet.staxex:stax-ex:1.8.1) with MergeInstrumentationAnalysisTransform
[        ] Transforming jakarta.xml.bind-api-2.3.2.jar (jakarta.xml.bind:jakarta.xml.bind-api:2.3.2) with InstrumentationAnalysisTransform
[        ] Transforming stax-ex-1.8.1.jar (org.jvnet.staxex:stax-ex:1.8.1) with ExternalDependencyInstrumentingArtifactTransform
[        ] Transforming jakarta.xml.bind-api-2.3.2.jar (jakarta.xml.bind:jakarta.xml.bind-api:2.3.2) with MergeInstrumentationAnalysisTransform
[        ] Transforming txw2-2.3.2.jar (org.glassfish.jaxb:txw2:2.3.2) with InstrumentationAnalysisTransform
[        ] Transforming txw2-2.3.2.jar (org.glassfish.jaxb:txw2:2.3.2) with MergeInstrumentationAnalysisTransform
[        ] Transforming jakarta.xml.bind-api-2.3.2.jar (jakarta.xml.bind:jakarta.xml.bind-api:2.3.2) with ExternalDependencyInstrumentingArtifactTransform
[        ] Transforming istack-commons-runtime-3.0.8.jar (com.sun.istack:istack-commons-runtime:3.0.8) with InstrumentationAnalysisTransform
[        ] Transforming istack-commons-runtime-3.0.8.jar (com.sun.istack:istack-commons-runtime:3.0.8) with MergeInstrumentationAnalysisTransform
[        ] Transforming FastInfoset-1.2.16.jar (com.sun.xml.fastinfoset:FastInfoset:1.2.16) with InstrumentationAnalysisTransform
[        ] Transforming txw2-2.3.2.jar (org.glassfish.jaxb:txw2:2.3.2) with ExternalDependencyInstrumentingArtifactTransform
[        ] Transforming istack-commons-runtime-3.0.8.jar (com.sun.istack:istack-commons-runtime:3.0.8) with ExternalDependencyInstrumentingArtifactTransform
[        ] Transforming FastInfoset-1.2.16.jar (com.sun.xml.fastinfoset:FastInfoset:1.2.16) with MergeInstrumentationAnalysisTransform
[        ] Transforming jakarta.activation-api-1.2.1.jar (jakarta.activation:jakarta.activation-api:1.2.1) with InstrumentationAnalysisTransform
[        ] Transforming FastInfoset-1.2.16.jar (com.sun.xml.fastinfoset:FastInfoset:1.2.16) with ExternalDependencyInstrumentingArtifactTransform
[        ] Transforming jakarta.activation-api-1.2.1.jar (jakarta.activation:jakarta.activation-api:1.2.1) with MergeInstrumentationAnalysisTransform
[        ] Transforming auto-value-annotations-1.6.2.jar (com.google.auto.value:auto-value-annotations:1.6.2) with InstrumentationAnalysisTransform
[        ] Transforming jakarta.activation-api-1.2.1.jar (jakarta.activation:jakarta.activation-api:1.2.1) with ExternalDependencyInstrumentingArtifactTransform
[        ] Transforming auto-value-annotations-1.6.2.jar (com.google.auto.value:auto-value-annotations:1.6.2) with MergeInstrumentationAnalysisTransform
[        ] Transforming error_prone_annotations-2.18.0.jar (com.google.errorprone:error_prone_annotations:2.18.0) with InstrumentationAnalysisTransform
[        ] Transforming error_prone_annotations-2.18.0.jar (com.google.errorprone:error_prone_annotations:2.18.0) with MergeInstrumentationAnalysisTransform
[        ] Transforming auto-value-annotations-1.6.2.jar (com.google.auto.value:auto-value-annotations:1.6.2) with ExternalDependencyInstrumentingArtifactTransform
[        ] Transforming jose4j-0.9.5.jar (org.bitbucket.b_c:jose4j:0.9.5) with InstrumentationAnalysisTransform
[        ] Transforming error_prone_annotations-2.18.0.jar (com.google.errorprone:error_prone_annotations:2.18.0) with ExternalDependencyInstrumentingArtifactTransform
[        ] Transforming jose4j-0.9.5.jar (org.bitbucket.b_c:jose4j:0.9.5) with MergeInstrumentationAnalysisTransform
[        ] Transforming slf4j-api-1.7.30.jar (org.slf4j:slf4j-api:1.7.30) with InstrumentationAnalysisTransform
[        ] Transforming slf4j-api-1.7.30.jar (org.slf4j:slf4j-api:1.7.30) with MergeInstrumentationAnalysisTransform
[        ] Transforming jdom2-2.0.6.jar (org.jdom:jdom2:2.0.6) with InstrumentationAnalysisTransform
[        ] Transforming jose4j-0.9.5.jar (org.bitbucket.b_c:jose4j:0.9.5) with ExternalDependencyInstrumentingArtifactTransform
[        ] Transforming jdom2-2.0.6.jar (org.jdom:jdom2:2.0.6) with MergeInstrumentationAnalysisTransform
[        ] Transforming jsr305-3.0.2.jar (com.google.code.findbugs:jsr305:3.0.2) with InstrumentationAnalysisTransform
[        ] Transforming slf4j-api-1.7.30.jar (org.slf4j:slf4j-api:1.7.30) with ExternalDependencyInstrumentingArtifactTransform
[        ] Transforming jdom2-2.0.6.jar (org.jdom:jdom2:2.0.6) with ExternalDependencyInstrumentingArtifactTransform
[        ] Transforming jsr305-3.0.2.jar (com.google.code.findbugs:jsr305:3.0.2) with MergeInstrumentationAnalysisTransform
[        ] Transforming j2objc-annotations-2.8.jar (com.google.j2objc:j2objc-annotations:2.8) with InstrumentationAnalysisTransform
[        ] Transforming jsr305-3.0.2.jar (com.google.code.findbugs:jsr305:3.0.2) with ExternalDependencyInstrumentingArtifactTransform
[        ] Transforming j2objc-annotations-2.8.jar (com.google.j2objc:j2objc-annotations:2.8) with MergeInstrumentationAnalysisTransform
[        ] Transforming annotations-4.1.1.4.jar (com.google.android:annotations:4.1.1.4) with InstrumentationAnalysisTransform
[        ] Transforming annotations-4.1.1.4.jar (com.google.android:annotations:4.1.1.4) with MergeInstrumentationAnalysisTransform
[        ] Transforming animal-sniffer-annotations-1.23.jar (org.codehaus.mojo:animal-sniffer-annotations:1.23) with InstrumentationAnalysisTransform
[        ] Transforming j2objc-annotations-2.8.jar (com.google.j2objc:j2objc-annotations:2.8) with ExternalDependencyInstrumentingArtifactTransform
[        ] Transforming annotations-4.1.1.4.jar (com.google.android:annotations:4.1.1.4) with ExternalDependencyInstrumentingArtifactTransform
[        ] Transforming animal-sniffer-annotations-1.23.jar (org.codehaus.mojo:animal-sniffer-annotations:1.23) with MergeInstrumentationAnalysisTransform
[        ] Transforming perfmark-api-0.26.0.jar (io.perfmark:perfmark-api:0.26.0) with InstrumentationAnalysisTransform
[        ] Transforming perfmark-api-0.26.0.jar (io.perfmark:perfmark-api:0.26.0) with MergeInstrumentationAnalysisTransform
[        ] Transforming animal-sniffer-annotations-1.23.jar (org.codehaus.mojo:animal-sniffer-annotations:1.23) with ExternalDependencyInstrumentingArtifactTransform
[        ] Transforming perfmark-api-0.26.0.jar (io.perfmark:perfmark-api:0.26.0) with ExternalDependencyInstrumentingArtifactTransform
[        ] Transforming netty-codec-http2-4.1.93.Final.jar (io.netty:netty-codec-http2:4.1.93.Final) with InstrumentationAnalysisTransform
[        ] Transforming netty-codec-http2-4.1.93.Final.jar (io.netty:netty-codec-http2:4.1.93.Final) with MergeInstrumentationAnalysisTransform
[        ] Transforming netty-handler-proxy-4.1.93.Final.jar (io.netty:netty-handler-proxy:4.1.93.Final) with InstrumentationAnalysisTransform
[        ] Transforming netty-codec-http2-4.1.93.Final.jar (io.netty:netty-codec-http2:4.1.93.Final) with ExternalDependencyInstrumentingArtifactTransform
[        ] Transforming netty-handler-proxy-4.1.93.Final.jar (io.netty:netty-handler-proxy:4.1.93.Final) with MergeInstrumentationAnalysisTransform
[        ] Transforming netty-codec-http-4.1.93.Final.jar (io.netty:netty-codec-http:4.1.93.Final) with InstrumentationAnalysisTransform
[        ] Transforming netty-handler-proxy-4.1.93.Final.jar (io.netty:netty-handler-proxy:4.1.93.Final) with ExternalDependencyInstrumentingArtifactTransform
[        ] Transforming netty-codec-http-4.1.93.Final.jar (io.netty:netty-codec-http:4.1.93.Final) with MergeInstrumentationAnalysisTransform
[        ] Transforming netty-handler-4.1.93.Final.jar (io.netty:netty-handler:4.1.93.Final) with InstrumentationAnalysisTransform
[        ] Transforming netty-handler-4.1.93.Final.jar (io.netty:netty-handler:4.1.93.Final) with MergeInstrumentationAnalysisTransform
[        ] Transforming netty-codec-http-4.1.93.Final.jar (io.netty:netty-codec-http:4.1.93.Final) with ExternalDependencyInstrumentingArtifactTransform
[        ] Transforming netty-transport-native-unix-common-4.1.93.Final.jar (io.netty:netty-transport-native-unix-common:4.1.93.Final) with InstrumentationAnalysisTransform
[        ] Transforming netty-handler-4.1.93.Final.jar (io.netty:netty-handler:4.1.93.Final) with ExternalDependencyInstrumentingArtifactTransform
[        ] Transforming netty-transport-native-unix-common-4.1.93.Final.jar (io.netty:netty-transport-native-unix-common:4.1.93.Final) with MergeInstrumentationAnalysisTransform
[        ] Transforming checker-qual-3.33.0.jar (org.checkerframework:checker-qual:3.33.0) with InstrumentationAnalysisTransform
[        ] Transforming checker-qual-3.33.0.jar (org.checkerframework:checker-qual:3.33.0) with MergeInstrumentationAnalysisTransform
[        ] Transforming netty-transport-native-unix-common-4.1.93.Final.jar (io.netty:netty-transport-native-unix-common:4.1.93.Final) with ExternalDependencyInstrumentingArtifactTransform
[        ] Transforming commons-codec-1.11.jar (commons-codec:commons-codec:1.11) with InstrumentationAnalysisTransform
[        ] Transforming checker-qual-3.33.0.jar (org.checkerframework:checker-qual:3.33.0) with ExternalDependencyInstrumentingArtifactTransform
[        ] Transforming commons-codec-1.11.jar (commons-codec:commons-codec:1.11) with MergeInstrumentationAnalysisTransform
[        ] Transforming apksig-8.7.0.jar (com.android.tools.build:apksig:8.7.0) with InstrumentationAnalysisTransform
[        ] Transforming apksig-8.7.0.jar (com.android.tools.build:apksig:8.7.0) with MergeInstrumentationAnalysisTransform
[        ] Transforming javawriter-2.5.0.jar (com.squareup:javawriter:2.5.0) with InstrumentationAnalysisTransform
[        ] Transforming commons-codec-1.11.jar (commons-codec:commons-codec:1.11) with ExternalDependencyInstrumentingArtifactTransform
[        ] Transforming javawriter-2.5.0.jar (com.squareup:javawriter:2.5.0) with MergeInstrumentationAnalysisTransform
[        ] Transforming apksig-8.7.0.jar (com.android.tools.build:apksig:8.7.0) with ExternalDependencyInstrumentingArtifactTransform
[        ] Transforming javawriter-2.5.0.jar (com.squareup:javawriter:2.5.0) with ExternalDependencyInstrumentingArtifactTransform
[        ] Transforming kotlin-gradle-plugin-annotations-1.8.22.jar (org.jetbrains.kotlin:kotlin-gradle-plugin-annotations:1.8.22) with InstrumentationAnalysisTransform
[        ] Transforming kotlin-gradle-plugin-annotations-1.8.22.jar (org.jetbrains.kotlin:kotlin-gradle-plugin-annotations:1.8.22) with MergeInstrumentationAnalysisTransform
[        ] Transforming kotlin-native-utils-1.8.22.jar (org.jetbrains.kotlin:kotlin-native-utils:1.8.22) with InstrumentationAnalysisTransform
[        ] Transforming kotlin-native-utils-1.8.22.jar (org.jetbrains.kotlin:kotlin-native-utils:1.8.22) with MergeInstrumentationAnalysisTransform
[        ] Transforming kotlin-util-io-1.8.22.jar (org.jetbrains.kotlin:kotlin-util-io:1.8.22) with InstrumentationAnalysisTransform
[        ] Transforming kotlin-gradle-plugin-annotations-1.8.22.jar (org.jetbrains.kotlin:kotlin-gradle-plugin-annotations:1.8.22) with ExternalDependencyInstrumentingArtifactTransform
[        ] Transforming kotlin-native-utils-1.8.22.jar (org.jetbrains.kotlin:kotlin-native-utils:1.8.22) with ExternalDependencyInstrumentingArtifactTransform
[        ] Transforming kotlin-util-io-1.8.22.jar (org.jetbrains.kotlin:kotlin-util-io:1.8.22) with MergeInstrumentationAnalysisTransform
[        ] Transforming kotlin-daemon-embeddable-1.8.22.jar (org.jetbrains.kotlin:kotlin-daemon-embeddable:1.8.22) with InstrumentationAnalysisTransform
[        ] Transforming kotlin-daemon-embeddable-1.8.22.jar (org.jetbrains.kotlin:kotlin-daemon-embeddable:1.8.22) with MergeInstrumentationAnalysisTransform
[        ] Transforming kotlin-util-io-1.8.22.jar (org.jetbrains.kotlin:kotlin-util-io:1.8.22) with ExternalDependencyInstrumentingArtifactTransform
[        ] Transforming jna-5.6.0.jar (net.java.dev.jna:jna:5.6.0) with InstrumentationAnalysisTransform
[        ] Transforming jna-5.6.0.jar (net.java.dev.jna:jna:5.6.0) with MergeInstrumentationAnalysisTransform
[        ] Transforming kotlin-daemon-embeddable-1.8.22.jar (org.jetbrains.kotlin:kotlin-daemon-embeddable:1.8.22) with ExternalDependencyInstrumentingArtifactTransform
[        ] Transforming jna-5.6.0.jar (net.java.dev.jna:jna:5.6.0) with ExternalDependencyInstrumentingArtifactTransform
[        ] Transforming kotlin-daemon-client-1.8.22.jar (org.jetbrains.kotlin:kotlin-daemon-client:1.8.22) with InstrumentationAnalysisTransform
[        ] Transforming kotlin-daemon-client-1.8.22.jar (org.jetbrains.kotlin:kotlin-daemon-client:1.8.22) with MergeInstrumentationAnalysisTransform
[        ] Transforming kotlinx-coroutines-core-jvm-1.5.0.jar (org.jetbrains.kotlinx:kotlinx-coroutines-core-jvm:1.5.0) with InstrumentationAnalysisTransform
[        ] Transforming kotlinx-coroutines-core-jvm-1.5.0.jar (org.jetbrains.kotlinx:kotlinx-coroutines-core-jvm:1.5.0) with MergeInstrumentationAnalysisTransform
[        ] Transforming kotlin-scripting-jvm-1.8.22.jar (org.jetbrains.kotlin:kotlin-scripting-jvm:1.8.22) with InstrumentationAnalysisTransform
[        ] Transforming kotlin-scripting-jvm-1.8.22.jar (org.jetbrains.kotlin:kotlin-scripting-jvm:1.8.22) with MergeInstrumentationAnalysisTransform
[        ] Transforming kotlinx-coroutines-core-jvm-1.5.0.jar (org.jetbrains.kotlinx:kotlinx-coroutines-core-jvm:1.5.0) with ExternalDependencyInstrumentingArtifactTransform
[        ] Transforming kotlin-daemon-client-1.8.22.jar (org.jetbrains.kotlin:kotlin-daemon-client:1.8.22) with ExternalDependencyInstrumentingArtifactTransform
[        ] Transforming kotlin-scripting-common-1.8.22.jar (org.jetbrains.kotlin:kotlin-scripting-common:1.8.22) with InstrumentationAnalysisTransform
[        ] Transforming kotlin-scripting-jvm-1.8.22.jar (org.jetbrains.kotlin:kotlin-scripting-jvm:1.8.22) with ExternalDependencyInstrumentingArtifactTransform
[        ] Transforming kotlin-scripting-common-1.8.22.jar (org.jetbrains.kotlin:kotlin-scripting-common:1.8.22) with MergeInstrumentationAnalysisTransform
[        ] Transforming failureaccess-1.0.1.jar (com.google.guava:failureaccess:1.0.1) with InstrumentationAnalysisTransform
[        ] Transforming failureaccess-1.0.1.jar (com.google.guava:failureaccess:1.0.1) with MergeInstrumentationAnalysisTransform
[        ] Transforming listenablefuture-9999.0-empty-to-avoid-conflict-with-guava.jar (com.google.guava:listenablefuture:9999.0-empty-to-avoid-conflict-with-guava) with InstrumentationAnalysisTransform
[        ] Transforming kotlin-scripting-common-1.8.22.jar (org.jetbrains.kotlin:kotlin-scripting-common:1.8.22) with ExternalDependencyInstrumentingArtifactTransform
[        ] Transforming listenablefuture-9999.0-empty-to-avoid-conflict-with-guava.jar (com.google.guava:listenablefuture:9999.0-empty-to-avoid-conflict-with-guava) with MergeInstrumentationAnalysisTransform
[        ] Transforming commons-logging-1.2.jar (commons-logging:commons-logging:1.2) with InstrumentationAnalysisTransform
[        ] Transforming failureaccess-1.0.1.jar (com.google.guava:failureaccess:1.0.1) with ExternalDependencyInstrumentingArtifactTransform
[        ] Transforming commons-logging-1.2.jar (commons-logging:commons-logging:1.2) with MergeInstrumentationAnalysisTransform
[        ] Transforming listenablefuture-9999.0-empty-to-avoid-conflict-with-guava.jar (com.google.guava:listenablefuture:9999.0-empty-to-avoid-conflict-with-guava) with ExternalDependencyInstrumentingArtifactTransform
[        ] Transforming netty-codec-socks-4.1.93.Final.jar (io.netty:netty-codec-socks:4.1.93.Final) with InstrumentationAnalysisTransform
[        ] Transforming netty-codec-socks-4.1.93.Final.jar (io.netty:netty-codec-socks:4.1.93.Final) with MergeInstrumentationAnalysisTransform
[        ] Transforming commons-logging-1.2.jar (commons-logging:commons-logging:1.2) with ExternalDependencyInstrumentingArtifactTransform
[        ] Transforming netty-codec-4.1.93.Final.jar (io.netty:netty-codec:4.1.93.Final) with InstrumentationAnalysisTransform
[        ] Transforming netty-codec-socks-4.1.93.Final.jar (io.netty:netty-codec-socks:4.1.93.Final) with ExternalDependencyInstrumentingArtifactTransform
[        ] Transforming netty-codec-4.1.93.Final.jar (io.netty:netty-codec:4.1.93.Final) with MergeInstrumentationAnalysisTransform
[        ] Transforming netty-transport-4.1.93.Final.jar (io.netty:netty-transport:4.1.93.Final) with InstrumentationAnalysisTransform
[        ] Transforming netty-transport-4.1.93.Final.jar (io.netty:netty-transport:4.1.93.Final) with MergeInstrumentationAnalysisTransform
[        ] Transforming netty-codec-4.1.93.Final.jar (io.netty:netty-codec:4.1.93.Final) with ExternalDependencyInstrumentingArtifactTransform
[        ] Transforming netty-transport-4.1.93.Final.jar (io.netty:netty-transport:4.1.93.Final) with ExternalDependencyInstrumentingArtifactTransform
[        ] Transforming netty-buffer-4.1.93.Final.jar (io.netty:netty-buffer:4.1.93.Final) with InstrumentationAnalysisTransform
[        ] Transforming netty-buffer-4.1.93.Final.jar (io.netty:netty-buffer:4.1.93.Final) with MergeInstrumentationAnalysisTransform
[        ] Transforming netty-resolver-4.1.93.Final.jar (io.netty:netty-resolver:4.1.93.Final) with InstrumentationAnalysisTransform
[        ] Transforming netty-resolver-4.1.93.Final.jar (io.netty:netty-resolver:4.1.93.Final) with MergeInstrumentationAnalysisTransform
[        ] Transforming netty-common-4.1.93.Final.jar (io.netty:netty-common:4.1.93.Final) with InstrumentationAnalysisTransform
[        ] Transforming netty-buffer-4.1.93.Final.jar (io.netty:netty-buffer:4.1.93.Final) with ExternalDependencyInstrumentingArtifactTransform
[        ] Transforming netty-common-4.1.93.Final.jar (io.netty:netty-common:4.1.93.Final) with MergeInstrumentationAnalysisTransform
[        ] Transforming netty-resolver-4.1.93.Final.jar (io.netty:netty-resolver:4.1.93.Final) with ExternalDependencyInstrumentingArtifactTransform
[        ] Transforming netty-common-4.1.93.Final.jar (io.netty:netty-common:4.1.93.Final) with ExternalDependencyInstrumentingArtifactTransform
[        ] Transforming gradle-1.0.0.jar (project :gradle) with ProjectDependencyInstrumentingArtifactTransform
[        ] Settings evaluated using settings file 'C:\Users\ardaa\StudioProjects\sigara\android\settings.gradle.kts'.
[        ] Projects loaded. Root project using build file 'C:\Users\ardaa\StudioProjects\sigara\android\build.gradle.kts'.
[        ] Included projects: [root project 'android', project ':app', project ':cloud_firestore', project ':firebase_core', project ':flutter_local_notifications', project ':google_mobile_ads', project ':path_provider_android', project ':webview_flutter_android']
[ +578 ms] > Configure project :app
[        ] Evaluating project ':app' using build file 'C:\Users\ardaa\StudioProjects\sigara\android\app\build.gradle.kts'.
[        ] Using default execution profile
[        ] Using Kotlin Gradle Plugin gradle76 variant
[        ] Transforming gradle-7.3.0.jar (com.android.tools.build:gradle:7.3.0) with InstrumentationAnalysisTransform
[        ] Transforming kotlin-gradle-plugin-1.7.10-gradle70.jar (org.jetbrains.kotlin:kotlin-gradle-plugin:1.7.10) with InstrumentationAnalysisTransform
[        ] Transforming databinding-compiler-common-7.3.0.jar (androidx.databinding:databinding-compiler-common:7.3.0) with InstrumentationAnalysisTransform
[        ] Transforming jetifier-processor-1.0.0-beta10.jar (com.android.tools.build.jetifier:jetifier-processor:1.0.0-beta10) with InstrumentationAnalysisTransform
[        ] Transforming jetifier-core-1.0.0-beta10.jar (com.android.tools.build.jetifier:jetifier-core:1.0.0-beta10) with InstrumentationAnalysisTransform
[        ] Transforming lint-model-30.3.0.jar (com.android.tools.lint:lint-model:30.3.0) with InstrumentationAnalysisTransform
[        ] Transforming builder-7.3.0.jar (com.android.tools.build:builder:7.3.0) with InstrumentationAnalysisTransform
[        ] Transforming manifest-merger-30.3.0.jar (com.android.tools.build:manifest-merger:30.3.0) with InstrumentationAnalysisTransform
[        ] Transforming sdk-common-30.3.0.jar (com.android.tools:sdk-common:30.3.0) with InstrumentationAnalysisTransform
[        ] Transforming kotlin-reflect-1.9.24.jar (org.jetbrains.kotlin:kotlin-reflect:1.9.24) with InstrumentationAnalysisTransform
[        ] Transforming sdklib-30.3.0.jar (com.android.tools:sdklib:30.3.0) with InstrumentationAnalysisTransform
[        ] Transforming repository-30.3.0.jar (com.android.tools:repository:30.3.0) with InstrumentationAnalysisTransform
[        ] Transforming gradle-api-7.3.0.jar (com.android.tools.build:gradle-api:7.3.0) with InstrumentationAnalysisTransform
[        ] Transforming builder-test-api-7.3.0.jar (com.android.tools.build:builder-test-api:7.3.0) with InstrumentationAnalysisTransform
[        ] Transforming ddmlib-30.3.0.jar (com.android.tools.ddms:ddmlib:30.3.0) with InstrumentationAnalysisTransform
[        ] Transforming aaptcompiler-7.3.0.jar (com.android.tools.build:aaptcompiler:7.3.0) with InstrumentationAnalysisTransform
[        ] Transforming tracker-30.3.0.jar (com.android.tools.analytics-library:tracker:30.3.0) with InstrumentationAnalysisTransform
[        ] Transforming shared-30.3.0.jar (com.android.tools.analytics-library:shared:30.3.0) with InstrumentationAnalysisTransform
[        ] Transforming android-test-plugin-host-retention-proto-30.3.0.jar (com.android.tools.utp:android-test-plugin-host-retention-proto:30.3.0) with InstrumentationAnalysisTransform
[        ] Transforming builder-model-7.3.0.jar (com.android.tools.build:builder-model:7.3.0) with InstrumentationAnalysisTransform
[        ] Transforming layoutlib-api-30.3.0.jar (com.android.tools.layoutlib:layoutlib-api:30.3.0) with InstrumentationAnalysisTransform
[        ] Transforming dvlib-30.3.0.jar (com.android.tools:dvlib:30.3.0) with InstrumentationAnalysisTransform
[        ] Transforming common-30.3.0.jar (com.android.tools:common:30.3.0) with InstrumentationAnalysisTransform
[        ] Transforming kotlin-stdlib-jdk8-1.8.0.jar (org.jetbrains.kotlin:kotlin-stdlib-jdk8:1.8.0) with InstrumentationAnalysisTransform
[        ] Transforming kotlin-stdlib-jdk7-1.8.0.jar (org.jetbrains.kotlin:kotlin-stdlib-jdk7:1.8.0) with InstrumentationAnalysisTransform
[        ] Transforming kotlin-stdlib-1.9.24.jar (org.jetbrains.kotlin:kotlin-stdlib:1.9.24) with InstrumentationAnalysisTransform
[        ] Transforming annotations-13.0.jar (org.jetbrains:annotations:13.0) with InstrumentationAnalysisTransform
[        ] Transforming bundletool-1.9.0.jar (com.android.tools.build:bundletool:1.9.0) with InstrumentationAnalysisTransform
[        ] Transforming aapt2-proto-7.3.0-8691043.jar (com.android.tools.build:aapt2-proto:7.3.0-8691043) with InstrumentationAnalysisTransform
[        ] Transforming crash-30.3.0.jar (com.android.tools.analytics-library:crash:30.3.0) with InstrumentationAnalysisTransform
[        ] Transforming lint-typedef-remover-30.3.0.jar (com.android.tools.lint:lint-typedef-remover:30.3.0) with InstrumentationAnalysisTransform
[        ] Transforming databinding-common-7.3.0.jar (androidx.databinding:databinding-common:7.3.0) with InstrumentationAnalysisTransform
[        ] Transforming baseLibrary-7.3.0.jar (com.android.databinding:baseLibrary:7.3.0) with InstrumentationAnalysisTransform
[        ] Transforming android-device-provider-ddmlib-proto-30.3.0.jar (com.android.tools.utp:android-device-provider-ddmlib-proto:30.3.0) with InstrumentationAnalysisTransform
[        ] Transforming android-device-provider-gradle-proto-30.3.0.jar (com.android.tools.utp:android-device-provider-gradle-proto:30.3.0) with InstrumentationAnalysisTransform
[        ] Transforming android-test-plugin-host-additional-test-output-proto-30.3.0.jar (com.android.tools.utp:android-test-plugin-host-additional-test-output-proto:30.3.0) with InstrumentationAnalysisTransform
[        ] Transforming android-test-plugin-host-coverage-proto-30.3.0.jar (com.android.tools.utp:android-test-plugin-host-coverage-proto:30.3.0) with InstrumentationAnalysisTransform
[        ] Transforming android-test-plugin-result-listener-gradle-proto-30.3.0.jar (com.android.tools.utp:android-test-plugin-result-listener-gradle-proto:30.3.0) with InstrumentationAnalysisTransform
[        ] Transforming transform-api-2.0.0-deprecated-use-gradle-api.jar (com.android.tools.build:transform-api:2.0.0-deprecated-use-gradle-api) with InstrumentationAnalysisTransform
[        ] Transforming httpmime-4.5.6.jar (org.apache.httpcomponents:httpmime:4.5.6) with InstrumentationAnalysisTransform
[        ] Transforming commons-io-2.4.jar (commons-io:commons-io:2.4) with InstrumentationAnalysisTransform
[        ] Transforming asm-commons-9.1.jar (org.ow2.asm:asm-commons:9.1) with InstrumentationAnalysisTransform
[        ] Transforming asm-util-9.1.jar (org.ow2.asm:asm-util:9.1) with InstrumentationAnalysisTransform
[        ] Transforming asm-analysis-9.1.jar (org.ow2.asm:asm-analysis:9.1) with InstrumentationAnalysisTransform
[        ] Transforming asm-tree-9.1.jar (org.ow2.asm:asm-tree:9.1) with InstrumentationAnalysisTransform
[        ] Transforming asm-9.1.jar (org.ow2.asm:asm:9.1) with InstrumentationAnalysisTransform
[        ] Transforming apkzlib-7.3.0.jar (com.android.tools.build:apkzlib:7.3.0) with InstrumentationAnalysisTransform
[        ] Transforming bcpkix-jdk15on-1.67.jar (org.bouncycastle:bcpkix-jdk15on:1.67) with InstrumentationAnalysisTransform
[        ] Transforming jaxb-runtime-2.3.2.jar (org.glassfish.jaxb:jaxb-runtime:2.3.2) with InstrumentationAnalysisTransform
[        ] Transforming jopt-simple-4.9.jar (net.sf.jopt-simple:jopt-simple:4.9) with InstrumentationAnalysisTransform
[        ] Transforming javapoet-1.10.0.jar (com.squareup:javapoet:1.10.0) with InstrumentationAnalysisTransform
[        ] Transforming protobuf-java-util-3.17.2.jar (com.google.protobuf:protobuf-java-util:3.17.2) with InstrumentationAnalysisTransform
[        ] Transforming grpc-protobuf-1.39.0.jar (io.grpc:grpc-protobuf:1.39.0) with InstrumentationAnalysisTransform
[        ] Transforming tink-1.3.0-rc2.jar (com.google.crypto.tink:tink:1.3.0-rc2) with InstrumentationAnalysisTransform
[        ] Transforming protos-30.3.0.jar (com.android.tools.analytics-library:protos:30.3.0) with InstrumentationAnalysisTransform
[        ] Transforming proto-google-common-protos-2.0.1.jar (com.google.api.grpc:proto-google-common-protos:2.0.1) with InstrumentationAnalysisTransform
[        ] Transforming protobuf-java-3.17.2.jar (com.google.protobuf:protobuf-java:3.17.2) with InstrumentationAnalysisTransform
[        ] Transforming grpc-netty-1.39.0.jar (io.grpc:grpc-netty:1.39.0) with InstrumentationAnalysisTransform
[        ] Transforming grpc-core-1.39.0.jar (io.grpc:grpc-core:1.39.0) with InstrumentationAnalysisTransform
[        ] Transforming kotlin-tooling-metadata-1.7.10.jar (org.jetbrains.kotlin:kotlin-tooling-metadata:1.7.10) with InstrumentationAnalysisTransform
[        ] Transforming gson-2.8.9.jar (com.google.code.gson:gson:2.8.9) with InstrumentationAnalysisTransform
[        ] Transforming grpc-stub-1.39.0.jar (io.grpc:grpc-stub:1.39.0) with InstrumentationAnalysisTransform
[        ] Transforming core-proto-0.0.8-alpha07.jar (com.google.testing.platform:core-proto:0.0.8-alpha07) with InstrumentationAnalysisTransform
[        ] Transforming tensorflow-lite-metadata-0.1.0-rc2.jar (org.tensorflow:tensorflow-lite-metadata:0.1.0-rc2) with InstrumentationAnalysisTransform
[        ] Transforming flatbuffers-java-1.12.0.jar (com.google.flatbuffers:flatbuffers-java:1.12.0) with InstrumentationAnalysisTransform
[        ] Transforming kotlin-gradle-plugin-model-1.7.10.jar (org.jetbrains.kotlin:kotlin-gradle-plugin-model:1.7.10) with InstrumentationAnalysisTransform
[        ] Transforming kotlin-gradle-plugin-api-1.7.10-gradle70.jar (org.jetbrains.kotlin:kotlin-gradle-plugin-api:1.7.10) with InstrumentationAnalysisTransform
[        ] Transforming kotlin-gradle-plugin-api-1.7.10.jar (org.jetbrains.kotlin:kotlin-gradle-plugin-api:1.7.10) with InstrumentationAnalysisTransform
[        ] Transforming kotlin-project-model-1.7.10.jar (org.jetbrains.kotlin:kotlin-project-model:1.7.10) with InstrumentationAnalysisTransform
[        ] Transforming kotlin-tooling-core-1.7.10.jar (org.jetbrains.kotlin:kotlin-tooling-core:1.7.10) with InstrumentationAnalysisTransform
[        ] Transforming kotlin-gradle-plugin-idea-1.7.10.jar (org.jetbrains.kotlin:kotlin-gradle-plugin-idea:1.7.10) with InstrumentationAnalysisTransform
[        ] Transforming kotlin-util-klib-1.7.10.jar (org.jetbrains.kotlin:kotlin-util-klib:1.7.10) with InstrumentationAnalysisTransform
[        ] Transforming kotlin-klib-commonizer-api-1.7.10.jar (org.jetbrains.kotlin:kotlin-klib-commonizer-api:1.7.10) with InstrumentationAnalysisTransform
[        ] Transforming jimfs-1.1.jar (com.google.jimfs:jimfs:1.1) with InstrumentationAnalysisTransform
[        ] Transforming grpc-protobuf-lite-1.39.0.jar (io.grpc:grpc-protobuf-lite:1.39.0) with InstrumentationAnalysisTransform
[        ] Transforming grpc-api-1.39.0.jar (io.grpc:grpc-api:1.39.0) with InstrumentationAnalysisTransform
[        ] Transforming guava-30.1-jre.jar (com.google.guava:guava:30.1-jre) with InstrumentationAnalysisTransform
[        ] Transforming gradle-download-task-4.1.1.jar (de.undercouch:gradle-download-task:4.1.1) with InstrumentationAnalysisTransform
[        ] Transforming semver4j-0.16.4-nodeps.jar (com.github.gundy:semver4j:0.16.4) with InstrumentationAnalysisTransform
[        ] Transforming kotlin-annotation-processing-gradle-1.7.10.jar (org.jetbrains.kotlin:kotlin-annotation-processing-gradle:1.7.10) with InstrumentationAnalysisTransform
[        ] Transforming kotlin-android-extensions-1.7.10.jar (org.jetbrains.kotlin:kotlin-android-extensions:1.7.10) with InstrumentationAnalysisTransform
[        ] Transforming kotlin-compiler-runner-1.7.10.jar (org.jetbrains.kotlin:kotlin-compiler-runner:1.7.10) with InstrumentationAnalysisTransform
[        ] Transforming kotlin-compiler-embeddable-1.7.10.jar (org.jetbrains.kotlin:kotlin-compiler-embeddable:1.7.10) with InstrumentationAnalysisTransform
[        ] Transforming kotlin-scripting-compiler-embeddable-1.7.10.jar (org.jetbrains.kotlin:kotlin-scripting-compiler-embeddable:1.7.10) with InstrumentationAnalysisTransform
[        ] Transforming kotlin-scripting-compiler-impl-embeddable-1.7.10.jar (org.jetbrains.kotlin:kotlin-scripting-compiler-impl-embeddable:1.7.10) with InstrumentationAnalysisTransform
[        ] Transforming dagger-2.28.3.jar (com.google.dagger:dagger:2.28.3) with InstrumentationAnalysisTransform
[        ] Transforming javax.inject-1.jar (javax.inject:javax.inject:1) with InstrumentationAnalysisTransform
[        ] Transforming kxml2-2.3.0.jar (net.sf.kxml:kxml2:2.3.0) with InstrumentationAnalysisTransform
[        ] Transforming bcprov-jdk15on-1.67.jar (org.bouncycastle:bcprov-jdk15on:1.67) with InstrumentationAnalysisTransform
[        ] Transforming trove4j-1.0.20200330.jar (org.jetbrains.intellij.deps:trove4j:1.0.20200330) with InstrumentationAnalysisTransform
[        ] Transforming xercesImpl-2.12.0.jar (xerces:xercesImpl:2.12.0) with InstrumentationAnalysisTransform
[        ] Transforming commons-compress-1.20.jar (org.apache.commons:commons-compress:1.20) with InstrumentationAnalysisTransform
[        ] Transforming httpclient-4.5.13.jar (org.apache.httpcomponents:httpclient:4.5.13) with InstrumentationAnalysisTransform
[        ] Transforming httpcore-4.4.13.jar (org.apache.httpcomponents:httpcore:4.4.13) with InstrumentationAnalysisTransform
[        ] Transforming javax.activation-1.2.0.jar (com.sun.activation:javax.activation:1.2.0) with InstrumentationAnalysisTransform
[        ] Transforming signflinger-7.3.0.jar (com.android:signflinger:7.3.0) with InstrumentationAnalysisTransform
[        ] Transforming zipflinger-7.3.0.jar (com.android:zipflinger:7.3.0) with InstrumentationAnalysisTransform
[        ] Transforming annotations-30.3.0.jar (com.android.tools:annotations:30.3.0) with InstrumentationAnalysisTransform
[        ] Transforming jna-platform-5.6.0.jar (net.java.dev.jna:jna-platform:5.6.0) with InstrumentationAnalysisTransform
[        ] Transforming juniversalchardet-1.0.3.jar (com.googlecode.juniversalchardet:juniversalchardet:1.0.3) with InstrumentationAnalysisTransform
[        ] Transforming javax.annotation-api-1.3.2.jar (javax.annotation:javax.annotation-api:1.3.2) with InstrumentationAnalysisTransform
[        ] Transforming stax-ex-1.8.1.jar (org.jvnet.staxex:stax-ex:1.8.1) with InstrumentationAnalysisTransform
[        ] Transforming jakarta.xml.bind-api-2.3.2.jar (jakarta.xml.bind:jakarta.xml.bind-api:2.3.2) with InstrumentationAnalysisTransform
[        ] Transforming txw2-2.3.2.jar (org.glassfish.jaxb:txw2:2.3.2) with InstrumentationAnalysisTransform
[        ] Transforming istack-commons-runtime-3.0.8.jar (com.sun.istack:istack-commons-runtime:3.0.8) with InstrumentationAnalysisTransform
[        ] Transforming FastInfoset-1.2.16.jar (com.sun.xml.fastinfoset:FastInfoset:1.2.16) with InstrumentationAnalysisTransform
[        ] Transforming jakarta.activation-api-1.2.1.jar (jakarta.activation:jakarta.activation-api:1.2.1) with InstrumentationAnalysisTransform
[        ] Transforming auto-value-annotations-1.6.2.jar (com.google.auto.value:auto-value-annotations:1.6.2) with InstrumentationAnalysisTransform
[        ] Transforming error_prone_annotations-2.4.0.jar (com.google.errorprone:error_prone_annotations:2.4.0) with InstrumentationAnalysisTransform
[        ] Transforming jose4j-0.7.0.jar (org.bitbucket.b_c:jose4j:0.7.0) with InstrumentationAnalysisTransform
[        ] Transforming slf4j-api-1.7.30.jar (org.slf4j:slf4j-api:1.7.30) with InstrumentationAnalysisTransform
[        ] Transforming jdom2-2.0.6.jar (org.jdom:jdom2:2.0.6) with InstrumentationAnalysisTransform
[        ] Transforming annotations-4.1.1.4.jar (com.google.android:annotations:4.1.1.4) with InstrumentationAnalysisTransform
[        ] Transforming animal-sniffer-annotations-1.19.jar (org.codehaus.mojo:animal-sniffer-annotations:1.19) with InstrumentationAnalysisTransform
[        ] Transforming perfmark-api-0.23.0.jar (io.perfmark:perfmark-api:0.23.0) with InstrumentationAnalysisTransform
[        ] Transforming netty-codec-http2-4.1.52.Final.jar (io.netty:netty-codec-http2:4.1.52.Final) with InstrumentationAnalysisTransform
[        ] Transforming netty-handler-proxy-4.1.52.Final.jar (io.netty:netty-handler-proxy:4.1.52.Final) with InstrumentationAnalysisTransform
[        ] Transforming jsr305-3.0.2.jar (com.google.code.findbugs:jsr305:3.0.2) with InstrumentationAnalysisTransform
[        ] Transforming json-20180813.jar (org.json:json:20180813) with InstrumentationAnalysisTransform
[        ] Transforming checker-qual-3.5.0.jar (org.checkerframework:checker-qual:3.5.0) with InstrumentationAnalysisTransform
[        ] Transforming commons-codec-1.11.jar (commons-codec:commons-codec:1.11) with InstrumentationAnalysisTransform
[        ] Transforming fastutil-8.4.0.jar (it.unimi.dsi:fastutil:8.4.0) with InstrumentationAnalysisTransform
[        ] Transforming json-simple-1.1.jar (com.googlecode.json-simple:json-simple:1.1) with InstrumentationAnalysisTransform
[        ] Transforming apksig-7.3.0.jar (com.android.tools.build:apksig:7.3.0) with InstrumentationAnalysisTransform
[        ] Transforming javawriter-2.5.0.jar (com.squareup:javawriter:2.5.0) with InstrumentationAnalysisTransform
[        ] Transforming kotlin-native-utils-1.7.10.jar (org.jetbrains.kotlin:kotlin-native-utils:1.7.10) with InstrumentationAnalysisTransform
[        ] Transforming kotlin-util-io-1.7.10.jar (org.jetbrains.kotlin:kotlin-util-io:1.7.10) with InstrumentationAnalysisTransform
[        ] Transforming kotlin-daemon-embeddable-1.7.10.jar (org.jetbrains.kotlin:kotlin-daemon-embeddable:1.7.10) with InstrumentationAnalysisTransform
[        ] Transforming jna-5.6.0.jar (net.java.dev.jna:jna:5.6.0) with InstrumentationAnalysisTransform
[        ] Transforming kotlin-build-common-1.7.10.jar (org.jetbrains.kotlin:kotlin-build-common:1.7.10) with InstrumentationAnalysisTransform
[        ] Transforming kotlin-daemon-client-1.7.10.jar (org.jetbrains.kotlin:kotlin-daemon-client:1.7.10) with InstrumentationAnalysisTransform
[        ] Transforming kotlinx-coroutines-core-jvm-1.5.0.jar (org.jetbrains.kotlinx:kotlinx-coroutines-core-jvm:1.5.0) with InstrumentationAnalysisTransform
[        ] Transforming kotlin-scripting-jvm-1.7.10.jar (org.jetbrains.kotlin:kotlin-scripting-jvm:1.7.10) with InstrumentationAnalysisTransform
[        ] Transforming kotlin-scripting-common-1.7.10.jar (org.jetbrains.kotlin:kotlin-scripting-common:1.7.10) with InstrumentationAnalysisTransform
[        ] Transforming failureaccess-1.0.1.jar (com.google.guava:failureaccess:1.0.1) with InstrumentationAnalysisTransform
[        ] Transforming listenablefuture-9999.0-empty-to-avoid-conflict-with-guava.jar (com.google.guava:listenablefuture:9999.0-empty-to-avoid-conflict-with-guava) with InstrumentationAnalysisTransform
[        ] Transforming j2objc-annotations-1.3.jar (com.google.j2objc:j2objc-annotations:1.3) with InstrumentationAnalysisTransform
[        ] Transforming xml-apis-1.4.01.jar (xml-apis:xml-apis:1.4.01) with InstrumentationAnalysisTransform
[        ] Transforming commons-logging-1.2.jar (commons-logging:commons-logging:1.2) with InstrumentationAnalysisTransform
[        ] Transforming grpc-context-1.39.0.jar (io.grpc:grpc-context:1.39.0) with InstrumentationAnalysisTransform
[        ] Transforming netty-codec-http-4.1.52.Final.jar (io.netty:netty-codec-http:4.1.52.Final) with InstrumentationAnalysisTransform
[        ] Transforming netty-handler-4.1.52.Final.jar (io.netty:netty-handler:4.1.52.Final) with InstrumentationAnalysisTransform
[        ] Transforming netty-codec-socks-4.1.52.Final.jar (io.netty:netty-codec-socks:4.1.52.Final) with InstrumentationAnalysisTransform
[        ] Transforming netty-codec-4.1.52.Final.jar (io.netty:netty-codec:4.1.52.Final) with InstrumentationAnalysisTransform
[        ] Transforming netty-transport-4.1.52.Final.jar (io.netty:netty-transport:4.1.52.Final) with InstrumentationAnalysisTransform
[        ] Transforming netty-buffer-4.1.52.Final.jar (io.netty:netty-buffer:4.1.52.Final) with InstrumentationAnalysisTransform
[        ] Transforming netty-resolver-4.1.52.Final.jar (io.netty:netty-resolver:4.1.52.Final) with InstrumentationAnalysisTransform
[        ] Transforming netty-common-4.1.52.Final.jar (io.netty:netty-common:4.1.52.Final) with InstrumentationAnalysisTransform
[        ] Transforming gradle-7.3.0.jar (com.android.tools.build:gradle:7.3.0) with InstrumentationAnalysisTransform
[        ] Transforming gradle-7.3.0.jar (com.android.tools.build:gradle:7.3.0) with MergeInstrumentationAnalysisTransform
[        ] Transforming kotlin-gradle-plugin-1.7.10-gradle70.jar (org.jetbrains.kotlin:kotlin-gradle-plugin:1.7.10) with InstrumentationAnalysisTransform
[        ] Transforming kotlin-gradle-plugin-1.7.10-gradle70.jar (org.jetbrains.kotlin:kotlin-gradle-plugin:1.7.10) with MergeInstrumentationAnalysisTransform
[        ] Transforming databinding-compiler-common-7.3.0.jar (androidx.databinding:databinding-compiler-common:7.3.0) with InstrumentationAnalysisTransform
[        ] Transforming databinding-compiler-common-7.3.0.jar (androidx.databinding:databinding-compiler-common:7.3.0) with MergeInstrumentationAnalysisTransform
[        ] Transforming gradle-7.3.0.jar (com.android.tools.build:gradle:7.3.0) with ExternalDependencyInstrumentingArtifactTransform
[        ] Transforming kotlin-gradle-plugin-1.7.10-gradle70.jar (org.jetbrains.kotlin:kotlin-gradle-plugin:1.7.10) with ExternalDependencyInstrumentingArtifactTransform
[        ] Transforming jetifier-processor-1.0.0-beta10.jar (com.android.tools.build.jetifier:jetifier-processor:1.0.0-beta10) with InstrumentationAnalysisTransform
[        ] Transforming databinding-compiler-common-7.3.0.jar (androidx.databinding:databinding-compiler-common:7.3.0) with ExternalDependencyInstrumentingArtifactTransform
[        ] Transforming jetifier-processor-1.0.0-beta10.jar (com.android.tools.build.jetifier:jetifier-processor:1.0.0-beta10) with MergeInstrumentationAnalysisTransform
[        ] Transforming jetifier-core-1.0.0-beta10.jar (com.android.tools.build.jetifier:jetifier-core:1.0.0-beta10) with InstrumentationAnalysisTransform
[        ] Transforming jetifier-processor-1.0.0-beta10.jar (com.android.tools.build.jetifier:jetifier-processor:1.0.0-beta10) with ExternalDependencyInstrumentingArtifactTransform
[        ] Transforming jetifier-core-1.0.0-beta10.jar (com.android.tools.build.jetifier:jetifier-core:1.0.0-beta10) with MergeInstrumentationAnalysisTransform
[        ] Transforming lint-model-30.3.0.jar (com.android.tools.lint:lint-model:30.3.0) with InstrumentationAnalysisTransform
[        ] Transforming jetifier-core-1.0.0-beta10.jar (com.android.tools.build.jetifier:jetifier-core:1.0.0-beta10) with ExternalDependencyInstrumentingArtifactTransform
[        ] Transforming lint-model-30.3.0.jar (com.android.tools.lint:lint-model:30.3.0) with MergeInstrumentationAnalysisTransform
[        ] Transforming builder-7.3.0.jar (com.android.tools.build:builder:7.3.0) with InstrumentationAnalysisTransform
[        ] Transforming builder-7.3.0.jar (com.android.tools.build:builder:7.3.0) with MergeInstrumentationAnalysisTransform
[        ] Transforming lint-model-30.3.0.jar (com.android.tools.lint:lint-model:30.3.0) with ExternalDependencyInstrumentingArtifactTransform
[        ] Transforming manifest-merger-30.3.0.jar (com.android.tools.build:manifest-merger:30.3.0) with InstrumentationAnalysisTransform
[        ] Transforming manifest-merger-30.3.0.jar (com.android.tools.build:manifest-merger:30.3.0) with MergeInstrumentationAnalysisTransform
[        ] Transforming builder-7.3.0.jar (com.android.tools.build:builder:7.3.0) with ExternalDependencyInstrumentingArtifactTransform
[        ] Transforming sdk-common-30.3.0.jar (com.android.tools:sdk-common:30.3.0) with InstrumentationAnalysisTransform
[        ] Transforming manifest-merger-30.3.0.jar (com.android.tools.build:manifest-merger:30.3.0) with ExternalDependencyInstrumentingArtifactTransform
[        ] Transforming sdk-common-30.3.0.jar (com.android.tools:sdk-common:30.3.0) with MergeInstrumentationAnalysisTransform
[        ] Transforming kotlin-reflect-1.9.24.jar (org.jetbrains.kotlin:kotlin-reflect:1.9.24) with InstrumentationAnalysisTransform
[        ] Transforming kotlin-reflect-1.9.24.jar (org.jetbrains.kotlin:kotlin-reflect:1.9.24) with MergeInstrumentationAnalysisTransform
[        ] Transforming sdk-common-30.3.0.jar (com.android.tools:sdk-common:30.3.0) with ExternalDependencyInstrumentingArtifactTransform
[        ] Transforming sdklib-30.3.0.jar (com.android.tools:sdklib:30.3.0) with InstrumentationAnalysisTransform
[        ] Transforming sdklib-30.3.0.jar (com.android.tools:sdklib:30.3.0) with MergeInstrumentationAnalysisTransform
[        ] Transforming kotlin-reflect-1.9.24.jar (org.jetbrains.kotlin:kotlin-reflect:1.9.24) with ExternalDependencyInstrumentingArtifactTransform
[        ] Transforming repository-30.3.0.jar (com.android.tools:repository:30.3.0) with InstrumentationAnalysisTransform
[        ] Transforming repository-30.3.0.jar (com.android.tools:repository:30.3.0) with MergeInstrumentationAnalysisTransform
[        ] Transforming sdklib-30.3.0.jar (com.android.tools:sdklib:30.3.0) with ExternalDependencyInstrumentingArtifactTransform
[        ] Transforming gradle-api-7.3.0.jar (com.android.tools.build:gradle-api:7.3.0) with InstrumentationAnalysisTransform
[        ] Transforming gradle-api-7.3.0.jar (com.android.tools.build:gradle-api:7.3.0) with MergeInstrumentationAnalysisTransform
[        ] Transforming repository-30.3.0.jar (com.android.tools:repository:30.3.0) with ExternalDependencyInstrumentingArtifactTransform
[        ] Transforming builder-test-api-7.3.0.jar (com.android.tools.build:builder-test-api:7.3.0) with InstrumentationAnalysisTransform
[        ] Transforming builder-test-api-7.3.0.jar (com.android.tools.build:builder-test-api:7.3.0) with MergeInstrumentationAnalysisTransform
[        ] Transforming gradle-api-7.3.0.jar (com.android.tools.build:gradle-api:7.3.0) with ExternalDependencyInstrumentingArtifactTransform
[        ] Transforming ddmlib-30.3.0.jar (com.android.tools.ddms:ddmlib:30.3.0) with InstrumentationAnalysisTransform
[        ] Transforming ddmlib-30.3.0.jar (com.android.tools.ddms:ddmlib:30.3.0) with MergeInstrumentationAnalysisTransform
[        ] Transforming builder-test-api-7.3.0.jar (com.android.tools.build:builder-test-api:7.3.0) with ExternalDependencyInstrumentingArtifactTransform
[        ] Transforming aaptcompiler-7.3.0.jar (com.android.tools.build:aaptcompiler:7.3.0) with InstrumentationAnalysisTransform
[        ] Transforming aaptcompiler-7.3.0.jar (com.android.tools.build:aaptcompiler:7.3.0) with MergeInstrumentationAnalysisTransform
[        ] Transforming ddmlib-30.3.0.jar (com.android.tools.ddms:ddmlib:30.3.0) with ExternalDependencyInstrumentingArtifactTransform
[        ] Transforming tracker-30.3.0.jar (com.android.tools.analytics-library:tracker:30.3.0) with InstrumentationAnalysisTransform
[        ] Transforming aaptcompiler-7.3.0.jar (com.android.tools.build:aaptcompiler:7.3.0) with ExternalDependencyInstrumentingArtifactTransform
[        ] Transforming tracker-30.3.0.jar (com.android.tools.analytics-library:tracker:30.3.0) with MergeInstrumentationAnalysisTransform
[        ] Transforming shared-30.3.0.jar (com.android.tools.analytics-library:shared:30.3.0) with InstrumentationAnalysisTransform
[        ] Transforming shared-30.3.0.jar (com.android.tools.analytics-library:shared:30.3.0) with MergeInstrumentationAnalysisTransform
[        ] Transforming tracker-30.3.0.jar (com.android.tools.analytics-library:tracker:30.3.0) with ExternalDependencyInstrumentingArtifactTransform
[        ] Transforming android-test-plugin-host-retention-proto-30.3.0.jar (com.android.tools.utp:android-test-plugin-host-retention-proto:30.3.0) with InstrumentationAnalysisTransform
[        ] Transforming shared-30.3.0.jar (com.android.tools.analytics-library:shared:30.3.0) with ExternalDependencyInstrumentingArtifactTransform
[        ] Transforming android-test-plugin-host-retention-proto-30.3.0.jar (com.android.tools.utp:android-test-plugin-host-retention-proto:30.3.0) with MergeInstrumentationAnalysisTransform
[        ] Transforming builder-model-7.3.0.jar (com.android.tools.build:builder-model:7.3.0) with InstrumentationAnalysisTransform
[        ] Transforming builder-model-7.3.0.jar (com.android.tools.build:builder-model:7.3.0) with MergeInstrumentationAnalysisTransform
[        ] Transforming android-test-plugin-host-retention-proto-30.3.0.jar (com.android.tools.utp:android-test-plugin-host-retention-proto:30.3.0) with ExternalDependencyInstrumentingArtifactTransform
[        ] Transforming layoutlib-api-30.3.0.jar (com.android.tools.layoutlib:layoutlib-api:30.3.0) with InstrumentationAnalysisTransform
[        ] Transforming builder-model-7.3.0.jar (com.android.tools.build:builder-model:7.3.0) with ExternalDependencyInstrumentingArtifactTransform
[        ] Transforming layoutlib-api-30.3.0.jar (com.android.tools.layoutlib:layoutlib-api:30.3.0) with MergeInstrumentationAnalysisTransform
[        ] Transforming dvlib-30.3.0.jar (com.android.tools:dvlib:30.3.0) with InstrumentationAnalysisTransform
[        ] Transforming dvlib-30.3.0.jar (com.android.tools:dvlib:30.3.0) with MergeInstrumentationAnalysisTransform
[        ] Transforming layoutlib-api-30.3.0.jar (com.android.tools.layoutlib:layoutlib-api:30.3.0) with ExternalDependencyInstrumentingArtifactTransform
[        ] Transforming common-30.3.0.jar (com.android.tools:common:30.3.0) with InstrumentationAnalysisTransform
[        ] Transforming dvlib-30.3.0.jar (com.android.tools:dvlib:30.3.0) with ExternalDependencyInstrumentingArtifactTransform
[        ] Transforming common-30.3.0.jar (com.android.tools:common:30.3.0) with MergeInstrumentationAnalysisTransform
[        ] Transforming kotlin-stdlib-jdk8-1.8.0.jar (org.jetbrains.kotlin:kotlin-stdlib-jdk8:1.8.0) with InstrumentationAnalysisTransform
[        ] Transforming common-30.3.0.jar (com.android.tools:common:30.3.0) with ExternalDependencyInstrumentingArtifactTransform
[        ] Transforming kotlin-stdlib-jdk8-1.8.0.jar (org.jetbrains.kotlin:kotlin-stdlib-jdk8:1.8.0) with MergeInstrumentationAnalysisTransform
[        ] Transforming kotlin-stdlib-jdk7-1.8.0.jar (org.jetbrains.kotlin:kotlin-stdlib-jdk7:1.8.0) with InstrumentationAnalysisTransform
[        ] Transforming kotlin-stdlib-jdk7-1.8.0.jar (org.jetbrains.kotlin:kotlin-stdlib-jdk7:1.8.0) with MergeInstrumentationAnalysisTransform
[        ] Transforming kotlin-stdlib-jdk8-1.8.0.jar (org.jetbrains.kotlin:kotlin-stdlib-jdk8:1.8.0) with ExternalDependencyInstrumentingArtifactTransform
[        ] Transforming kotlin-stdlib-1.9.24.jar (org.jetbrains.kotlin:kotlin-stdlib:1.9.24) with InstrumentationAnalysisTransform
[        ] Transforming kotlin-stdlib-jdk7-1.8.0.jar (org.jetbrains.kotlin:kotlin-stdlib-jdk7:1.8.0) with ExternalDependencyInstrumentingArtifactTransform
[        ] Transforming kotlin-stdlib-1.9.24.jar (org.jetbrains.kotlin:kotlin-stdlib:1.9.24) with MergeInstrumentationAnalysisTransform
[        ] Transforming annotations-13.0.jar (org.jetbrains:annotations:13.0) with InstrumentationAnalysisTransform
[        ] Transforming annotations-13.0.jar (org.jetbrains:annotations:13.0) with MergeInstrumentationAnalysisTransform
[        ] Transforming kotlin-stdlib-1.9.24.jar (org.jetbrains.kotlin:kotlin-stdlib:1.9.24) with ExternalDependencyInstrumentingArtifactTransform
[        ] Transforming bundletool-1.9.0.jar (com.android.tools.build:bundletool:1.9.0) with InstrumentationAnalysisTransform
[        ] Transforming annotations-13.0.jar (org.jetbrains:annotations:13.0) with ExternalDependencyInstrumentingArtifactTransform
[        ] Transforming bundletool-1.9.0.jar (com.android.tools.build:bundletool:1.9.0) with MergeInstrumentationAnalysisTransform
[        ] Transforming aapt2-proto-7.3.0-8691043.jar (com.android.tools.build:aapt2-proto:7.3.0-8691043) with InstrumentationAnalysisTransform
[        ] Transforming bundletool-1.9.0.jar (com.android.tools.build:bundletool:1.9.0) with ExternalDependencyInstrumentingArtifactTransform
[        ] Transforming aapt2-proto-7.3.0-8691043.jar (com.android.tools.build:aapt2-proto:7.3.0-8691043) with MergeInstrumentationAnalysisTransform
[        ] Transforming crash-30.3.0.jar (com.android.tools.analytics-library:crash:30.3.0) with InstrumentationAnalysisTransform
[        ] Transforming aapt2-proto-7.3.0-8691043.jar (com.android.tools.build:aapt2-proto:7.3.0-8691043) with ExternalDependencyInstrumentingArtifactTransform
[        ] Transforming crash-30.3.0.jar (com.android.tools.analytics-library:crash:30.3.0) with MergeInstrumentationAnalysisTransform
[        ] Transforming lint-typedef-remover-30.3.0.jar (com.android.tools.lint:lint-typedef-remover:30.3.0) with InstrumentationAnalysisTransform
[        ] Transforming lint-typedef-remover-30.3.0.jar (com.android.tools.lint:lint-typedef-remover:30.3.0) with MergeInstrumentationAnalysisTransform
[        ] Transforming crash-30.3.0.jar (com.android.tools.analytics-library:crash:30.3.0) with ExternalDependencyInstrumentingArtifactTransform
[        ] Transforming databinding-common-7.3.0.jar (androidx.databinding:databinding-common:7.3.0) with InstrumentationAnalysisTransform
[        ] Transforming lint-typedef-remover-30.3.0.jar (com.android.tools.lint:lint-typedef-remover:30.3.0) with ExternalDependencyInstrumentingArtifactTransform
[        ] Transforming databinding-common-7.3.0.jar (androidx.databinding:databinding-common:7.3.0) with MergeInstrumentationAnalysisTransform
[        ] Transforming baseLibrary-7.3.0.jar (com.android.databinding:baseLibrary:7.3.0) with InstrumentationAnalysisTransform
[        ] Transforming databinding-common-7.3.0.jar (androidx.databinding:databinding-common:7.3.0) with ExternalDependencyInstrumentingArtifactTransform
[        ] Transforming baseLibrary-7.3.0.jar (com.android.databinding:baseLibrary:7.3.0) with MergeInstrumentationAnalysisTransform
[        ] Transforming android-device-provider-ddmlib-proto-30.3.0.jar (com.android.tools.utp:android-device-provider-ddmlib-proto:30.3.0) with InstrumentationAnalysisTransform
[        ] Transforming baseLibrary-7.3.0.jar (com.android.databinding:baseLibrary:7.3.0) with ExternalDependencyInstrumentingArtifactTransform
[        ] Transforming android-device-provider-ddmlib-proto-30.3.0.jar (com.android.tools.utp:android-device-provider-ddmlib-proto:30.3.0) with MergeInstrumentationAnalysisTransform
[        ] Transforming android-device-provider-gradle-proto-30.3.0.jar (com.android.tools.utp:android-device-provider-gradle-proto:30.3.0) with InstrumentationAnalysisTransform
[        ] Transforming android-device-provider-gradle-proto-30.3.0.jar (com.android.tools.utp:android-device-provider-gradle-proto:30.3.0) with MergeInstrumentationAnalysisTransform
[        ] Transforming android-device-provider-ddmlib-proto-30.3.0.jar (com.android.tools.utp:android-device-provider-ddmlib-proto:30.3.0) with ExternalDependencyInstrumentingArtifactTransform
[        ] Transforming android-test-plugin-host-additional-test-output-proto-30.3.0.jar (com.android.tools.utp:android-test-plugin-host-additional-test-output-proto:30.3.0) with InstrumentationAnalysisTransform
[        ] Transforming android-device-provider-gradle-proto-30.3.0.jar (com.android.tools.utp:android-device-provider-gradle-proto:30.3.0) with ExternalDependencyInstrumentingArtifactTransform
[        ] Transforming android-test-plugin-host-additional-test-output-proto-30.3.0.jar (com.android.tools.utp:android-test-plugin-host-additional-test-output-proto:30.3.0) with MergeInstrumentationAnalysisTransform
[        ] Transforming android-test-plugin-host-coverage-proto-30.3.0.jar (com.android.tools.utp:android-test-plugin-host-coverage-proto:30.3.0) with InstrumentationAnalysisTransform
[        ] Transforming android-test-plugin-host-coverage-proto-30.3.0.jar (com.android.tools.utp:android-test-plugin-host-coverage-proto:30.3.0) with MergeInstrumentationAnalysisTransform
[        ] Transforming android-test-plugin-host-additional-test-output-proto-30.3.0.jar (com.android.tools.utp:android-test-plugin-host-additional-test-output-proto:30.3.0) with ExternalDependencyInstrumentingArtifactTransform
[        ] Transforming android-test-plugin-result-listener-gradle-proto-30.3.0.jar (com.android.tools.utp:android-test-plugin-result-listener-gradle-proto:30.3.0) with InstrumentationAnalysisTransform
[        ] Transforming android-test-plugin-host-coverage-proto-30.3.0.jar (com.android.tools.utp:android-test-plugin-host-coverage-proto:30.3.0) with ExternalDependencyInstrumentingArtifactTransform
[        ] Transforming android-test-plugin-result-listener-gradle-proto-30.3.0.jar (com.android.tools.utp:android-test-plugin-result-listener-gradle-proto:30.3.0) with MergeInstrumentationAnalysisTransform
[        ] Transforming transform-api-2.0.0-deprecated-use-gradle-api.jar (com.android.tools.build:transform-api:2.0.0-deprecated-use-gradle-api) with InstrumentationAnalysisTransform
[        ] Transforming android-test-plugin-result-listener-gradle-proto-30.3.0.jar (com.android.tools.utp:android-test-plugin-result-listener-gradle-proto:30.3.0) with ExternalDependencyInstrumentingArtifactTransform
[        ] Transforming transform-api-2.0.0-deprecated-use-gradle-api.jar (com.android.tools.build:transform-api:2.0.0-deprecated-use-gradle-api) with MergeInstrumentationAnalysisTransform
[        ] Transforming httpmime-4.5.6.jar (org.apache.httpcomponents:httpmime:4.5.6) with InstrumentationAnalysisTransform
[        ] Transforming httpmime-4.5.6.jar (org.apache.httpcomponents:httpmime:4.5.6) with MergeInstrumentationAnalysisTransform
[        ] Transforming transform-api-2.0.0-deprecated-use-gradle-api.jar (com.android.tools.build:transform-api:2.0.0-deprecated-use-gradle-api) with ExternalDependencyInstrumentingArtifactTransform
[        ] Transforming commons-io-2.4.jar (commons-io:commons-io:2.4) with InstrumentationAnalysisTransform
[        ] Transforming httpmime-4.5.6.jar (org.apache.httpcomponents:httpmime:4.5.6) with ExternalDependencyInstrumentingArtifactTransform
[        ] Transforming commons-io-2.4.jar (commons-io:commons-io:2.4) with MergeInstrumentationAnalysisTransform
[        ] Transforming asm-commons-9.1.jar (org.ow2.asm:asm-commons:9.1) with InstrumentationAnalysisTransform
[        ] Transforming asm-commons-9.1.jar (org.ow2.asm:asm-commons:9.1) with MergeInstrumentationAnalysisTransform
[        ] Transforming commons-io-2.4.jar (commons-io:commons-io:2.4) with ExternalDependencyInstrumentingArtifactTransform
[        ] Transforming asm-util-9.1.jar (org.ow2.asm:asm-util:9.1) with InstrumentationAnalysisTransform
[        ] Transforming asm-commons-9.1.jar (org.ow2.asm:asm-commons:9.1) with ExternalDependencyInstrumentingArtifactTransform
[        ] Transforming asm-util-9.1.jar (org.ow2.asm:asm-util:9.1) with MergeInstrumentationAnalysisTransform
[        ] Transforming asm-analysis-9.1.jar (org.ow2.asm:asm-analysis:9.1) with InstrumentationAnalysisTransform
[        ] Transforming asm-util-9.1.jar (org.ow2.asm:asm-util:9.1) with ExternalDependencyInstrumentingArtifactTransform
[        ] Transforming asm-analysis-9.1.jar (org.ow2.asm:asm-analysis:9.1) with MergeInstrumentationAnalysisTransform
[        ] Transforming asm-tree-9.1.jar (org.ow2.asm:asm-tree:9.1) with InstrumentationAnalysisTransform
[        ] Transforming asm-tree-9.1.jar (org.ow2.asm:asm-tree:9.1) with MergeInstrumentationAnalysisTransform
[        ] Transforming asm-9.1.jar (org.ow2.asm:asm:9.1) with InstrumentationAnalysisTransform
[        ] Transforming asm-analysis-9.1.jar (org.ow2.asm:asm-analysis:9.1) with ExternalDependencyInstrumentingArtifactTransform
[        ] Transforming asm-tree-9.1.jar (org.ow2.asm:asm-tree:9.1) with ExternalDependencyInstrumentingArtifactTransform
[        ] Transforming asm-9.1.jar (org.ow2.asm:asm:9.1) with MergeInstrumentationAnalysisTransform
[        ] Transforming apkzlib-7.3.0.jar (com.android.tools.build:apkzlib:7.3.0) with InstrumentationAnalysisTransform
[        ] Transforming apkzlib-7.3.0.jar (com.android.tools.build:apkzlib:7.3.0) with MergeInstrumentationAnalysisTransform
[        ] Transforming bcpkix-jdk15on-1.67.jar (org.bouncycastle:bcpkix-jdk15on:1.67) with InstrumentationAnalysisTransform
[        ] Transforming asm-9.1.jar (org.ow2.asm:asm:9.1) with ExternalDependencyInstrumentingArtifactTransform
[        ] Transforming apkzlib-7.3.0.jar (com.android.tools.build:apkzlib:7.3.0) with ExternalDependencyInstrumentingArtifactTransform
[        ] Transforming bcpkix-jdk15on-1.67.jar (org.bouncycastle:bcpkix-jdk15on:1.67) with MergeInstrumentationAnalysisTransform
[        ] Transforming jaxb-runtime-2.3.2.jar (org.glassfish.jaxb:jaxb-runtime:2.3.2) with InstrumentationAnalysisTransform
[        ] Transforming jaxb-runtime-2.3.2.jar (org.glassfish.jaxb:jaxb-runtime:2.3.2) with MergeInstrumentationAnalysisTransform
[        ] Transforming bcpkix-jdk15on-1.67.jar (org.bouncycastle:bcpkix-jdk15on:1.67) with ExternalDependencyInstrumentingArtifactTransform
[        ] Transforming jopt-simple-4.9.jar (net.sf.jopt-simple:jopt-simple:4.9) with InstrumentationAnalysisTransform
[        ] Transforming jaxb-runtime-2.3.2.jar (org.glassfish.jaxb:jaxb-runtime:2.3.2) with ExternalDependencyInstrumentingArtifactTransform
[        ] Transforming jopt-simple-4.9.jar (net.sf.jopt-simple:jopt-simple:4.9) with MergeInstrumentationAnalysisTransform
[        ] Transforming javapoet-1.10.0.jar (com.squareup:javapoet:1.10.0) with InstrumentationAnalysisTransform
[        ] Transforming javapoet-1.10.0.jar (com.squareup:javapoet:1.10.0) with MergeInstrumentationAnalysisTransform
[        ] Transforming protobuf-java-util-3.17.2.jar (com.google.protobuf:protobuf-java-util:3.17.2) with InstrumentationAnalysisTransform
[        ] Transforming jopt-simple-4.9.jar (net.sf.jopt-simple:jopt-simple:4.9) with ExternalDependencyInstrumentingArtifactTransform
[        ] Transforming protobuf-java-util-3.17.2.jar (com.google.protobuf:protobuf-java-util:3.17.2) with MergeInstrumentationAnalysisTransform
[        ] Transforming javapoet-1.10.0.jar (com.squareup:javapoet:1.10.0) with ExternalDependencyInstrumentingArtifactTransform
[        ] Transforming grpc-protobuf-1.39.0.jar (io.grpc:grpc-protobuf:1.39.0) with InstrumentationAnalysisTransform
[        ] Transforming protobuf-java-util-3.17.2.jar (com.google.protobuf:protobuf-java-util:3.17.2) with ExternalDependencyInstrumentingArtifactTransform
[        ] Transforming grpc-protobuf-1.39.0.jar (io.grpc:grpc-protobuf:1.39.0) with MergeInstrumentationAnalysisTransform
[        ] Transforming tink-1.3.0-rc2.jar (com.google.crypto.tink:tink:1.3.0-rc2) with InstrumentationAnalysisTransform
[        ] Transforming tink-1.3.0-rc2.jar (com.google.crypto.tink:tink:1.3.0-rc2) with MergeInstrumentationAnalysisTransform
[        ] Transforming grpc-protobuf-1.39.0.jar (io.grpc:grpc-protobuf:1.39.0) with ExternalDependencyInstrumentingArtifactTransform
[        ] Transforming protos-30.3.0.jar (com.android.tools.analytics-library:protos:30.3.0) with InstrumentationAnalysisTransform
[        ] Transforming tink-1.3.0-rc2.jar (com.google.crypto.tink:tink:1.3.0-rc2) with ExternalDependencyInstrumentingArtifactTransform
[        ] Transforming protos-30.3.0.jar (com.android.tools.analytics-library:protos:30.3.0) with MergeInstrumentationAnalysisTransform
[        ] Transforming proto-google-common-protos-2.0.1.jar (com.google.api.grpc:proto-google-common-protos:2.0.1) with InstrumentationAnalysisTransform
[        ] Transforming proto-google-common-protos-2.0.1.jar (com.google.api.grpc:proto-google-common-protos:2.0.1) with MergeInstrumentationAnalysisTransform
[        ] Transforming protobuf-java-3.17.2.jar (com.google.protobuf:protobuf-java:3.17.2) with InstrumentationAnalysisTransform
[        ] Transforming protos-30.3.0.jar (com.android.tools.analytics-library:protos:30.3.0) with ExternalDependencyInstrumentingArtifactTransform
[        ] Transforming proto-google-common-protos-2.0.1.jar (com.google.api.grpc:proto-google-common-protos:2.0.1) with ExternalDependencyInstrumentingArtifactTransform
[        ] Transforming protobuf-java-3.17.2.jar (com.google.protobuf:protobuf-java:3.17.2) with MergeInstrumentationAnalysisTransform
[        ] Transforming grpc-netty-1.39.0.jar (io.grpc:grpc-netty:1.39.0) with InstrumentationAnalysisTransform
[        ] Transforming grpc-netty-1.39.0.jar (io.grpc:grpc-netty:1.39.0) with MergeInstrumentationAnalysisTransform
[        ] Transforming protobuf-java-3.17.2.jar (com.google.protobuf:protobuf-java:3.17.2) with ExternalDependencyInstrumentingArtifactTransform
[        ] Transforming grpc-core-1.39.0.jar (io.grpc:grpc-core:1.39.0) with InstrumentationAnalysisTransform
[        ] Transforming grpc-netty-1.39.0.jar (io.grpc:grpc-netty:1.39.0) with ExternalDependencyInstrumentingArtifactTransform
[        ] Transforming grpc-core-1.39.0.jar (io.grpc:grpc-core:1.39.0) with MergeInstrumentationAnalysisTransform
[        ] Transforming kotlin-tooling-metadata-1.7.10.jar (org.jetbrains.kotlin:kotlin-tooling-metadata:1.7.10) with InstrumentationAnalysisTransform
[        ] Transforming grpc-core-1.39.0.jar (io.grpc:grpc-core:1.39.0) with ExternalDependencyInstrumentingArtifactTransform
[        ] Transforming kotlin-tooling-metadata-1.7.10.jar (org.jetbrains.kotlin:kotlin-tooling-metadata:1.7.10) with MergeInstrumentationAnalysisTransform
[        ] Transforming gson-2.8.9.jar (com.google.code.gson:gson:2.8.9) with InstrumentationAnalysisTransform
[        ] Transforming gson-2.8.9.jar (com.google.code.gson:gson:2.8.9) with MergeInstrumentationAnalysisTransform
[        ] Transforming grpc-stub-1.39.0.jar (io.grpc:grpc-stub:1.39.0) with InstrumentationAnalysisTransform
[        ] Transforming kotlin-tooling-metadata-1.7.10.jar (org.jetbrains.kotlin:kotlin-tooling-metadata:1.7.10) with ExternalDependencyInstrumentingArtifactTransform
[        ] Transforming gson-2.8.9.jar (com.google.code.gson:gson:2.8.9) with ExternalDependencyInstrumentingArtifactTransform
[        ] Transforming grpc-stub-1.39.0.jar (io.grpc:grpc-stub:1.39.0) with MergeInstrumentationAnalysisTransform
[        ] Transforming core-proto-0.0.8-alpha07.jar (com.google.testing.platform:core-proto:0.0.8-alpha07) with InstrumentationAnalysisTransform
[        ] Transforming grpc-stub-1.39.0.jar (io.grpc:grpc-stub:1.39.0) with ExternalDependencyInstrumentingArtifactTransform
[        ] Transforming core-proto-0.0.8-alpha07.jar (com.google.testing.platform:core-proto:0.0.8-alpha07) with MergeInstrumentationAnalysisTransform
[        ] Transforming tensorflow-lite-metadata-0.1.0-rc2.jar (org.tensorflow:tensorflow-lite-metadata:0.1.0-rc2) with InstrumentationAnalysisTransform
[        ] Transforming tensorflow-lite-metadata-0.1.0-rc2.jar (org.tensorflow:tensorflow-lite-metadata:0.1.0-rc2) with MergeInstrumentationAnalysisTransform
[        ] Transforming core-proto-0.0.8-alpha07.jar (com.google.testing.platform:core-proto:0.0.8-alpha07) with ExternalDependencyInstrumentingArtifactTransform
[        ] Transforming flatbuffers-java-1.12.0.jar (com.google.flatbuffers:flatbuffers-java:1.12.0) with InstrumentationAnalysisTransform
[        ] Transforming flatbuffers-java-1.12.0.jar (com.google.flatbuffers:flatbuffers-java:1.12.0) with MergeInstrumentationAnalysisTransform
[        ] Transforming tensorflow-lite-metadata-0.1.0-rc2.jar (org.tensorflow:tensorflow-lite-metadata:0.1.0-rc2) with ExternalDependencyInstrumentingArtifactTransform
[        ] Transforming kotlin-gradle-plugin-model-1.7.10.jar (org.jetbrains.kotlin:kotlin-gradle-plugin-model:1.7.10) with InstrumentationAnalysisTransform
[        ] Transforming kotlin-gradle-plugin-model-1.7.10.jar (org.jetbrains.kotlin:kotlin-gradle-plugin-model:1.7.10) with MergeInstrumentationAnalysisTransform
[        ] Transforming kotlin-gradle-plugin-api-1.7.10-gradle70.jar (org.jetbrains.kotlin:kotlin-gradle-plugin-api:1.7.10) with InstrumentationAnalysisTransform
[        ] Transforming flatbuffers-java-1.12.0.jar (com.google.flatbuffers:flatbuffers-java:1.12.0) with ExternalDependencyInstrumentingArtifactTransform
[        ] Transforming kotlin-gradle-plugin-api-1.7.10-gradle70.jar (org.jetbrains.kotlin:kotlin-gradle-plugin-api:1.7.10) with MergeInstrumentationAnalysisTransform
[        ] Transforming kotlin-gradle-plugin-api-1.7.10.jar (org.jetbrains.kotlin:kotlin-gradle-plugin-api:1.7.10) with InstrumentationAnalysisTransform
[        ] Transforming kotlin-gradle-plugin-api-1.7.10-gradle70.jar (org.jetbrains.kotlin:kotlin-gradle-plugin-api:1.7.10) with ExternalDependencyInstrumentingArtifactTransform
[        ] Transforming kotlin-gradle-plugin-api-1.7.10.jar (org.jetbrains.kotlin:kotlin-gradle-plugin-api:1.7.10) with MergeInstrumentationAnalysisTransform
[        ] Transforming kotlin-gradle-plugin-model-1.7.10.jar (org.jetbrains.kotlin:kotlin-gradle-plugin-model:1.7.10) with ExternalDependencyInstrumentingArtifactTransform
[        ] Transforming kotlin-project-model-1.7.10.jar (org.jetbrains.kotlin:kotlin-project-model:1.7.10) with InstrumentationAnalysisTransform
[        ] Transforming kotlin-gradle-plugin-api-1.7.10.jar (org.jetbrains.kotlin:kotlin-gradle-plugin-api:1.7.10) with ExternalDependencyInstrumentingArtifactTransform
[        ] Transforming kotlin-project-model-1.7.10.jar (org.jetbrains.kotlin:kotlin-project-model:1.7.10) with MergeInstrumentationAnalysisTransform
[        ] Transforming kotlin-tooling-core-1.7.10.jar (org.jetbrains.kotlin:kotlin-tooling-core:1.7.10) with InstrumentationAnalysisTransform
[        ] Transforming kotlin-tooling-core-1.7.10.jar (org.jetbrains.kotlin:kotlin-tooling-core:1.7.10) with MergeInstrumentationAnalysisTransform
[        ] Transforming kotlin-project-model-1.7.10.jar (org.jetbrains.kotlin:kotlin-project-model:1.7.10) with ExternalDependencyInstrumentingArtifactTransform
[        ] Transforming kotlin-gradle-plugin-idea-1.7.10.jar (org.jetbrains.kotlin:kotlin-gradle-plugin-idea:1.7.10) with InstrumentationAnalysisTransform
[        ] Transforming kotlin-tooling-core-1.7.10.jar (org.jetbrains.kotlin:kotlin-tooling-core:1.7.10) with ExternalDependencyInstrumentingArtifactTransform
[        ] Transforming kotlin-gradle-plugin-idea-1.7.10.jar (org.jetbrains.kotlin:kotlin-gradle-plugin-idea:1.7.10) with MergeInstrumentationAnalysisTransform
[        ] Transforming kotlin-util-klib-1.7.10.jar (org.jetbrains.kotlin:kotlin-util-klib:1.7.10) with InstrumentationAnalysisTransform
[        ] Transforming kotlin-gradle-plugin-idea-1.7.10.jar (org.jetbrains.kotlin:kotlin-gradle-plugin-idea:1.7.10) with ExternalDependencyInstrumentingArtifactTransform
[        ] Transforming kotlin-util-klib-1.7.10.jar (org.jetbrains.kotlin:kotlin-util-klib:1.7.10) with MergeInstrumentationAnalysisTransform
[        ] Transforming kotlin-klib-commonizer-api-1.7.10.jar (org.jetbrains.kotlin:kotlin-klib-commonizer-api:1.7.10) with InstrumentationAnalysisTransform
[        ] Transforming kotlin-util-klib-1.7.10.jar (org.jetbrains.kotlin:kotlin-util-klib:1.7.10) with ExternalDependencyInstrumentingArtifactTransform
[        ] Transforming kotlin-klib-commonizer-api-1.7.10.jar (org.jetbrains.kotlin:kotlin-klib-commonizer-api:1.7.10) with MergeInstrumentationAnalysisTransform
[        ] Transforming jimfs-1.1.jar (com.google.jimfs:jimfs:1.1) with InstrumentationAnalysisTransform
[        ] Transforming kotlin-klib-commonizer-api-1.7.10.jar (org.jetbrains.kotlin:kotlin-klib-commonizer-api:1.7.10) with ExternalDependencyInstrumentingArtifactTransform
[        ] Transforming jimfs-1.1.jar (com.google.jimfs:jimfs:1.1) with MergeInstrumentationAnalysisTransform
[        ] Transforming grpc-protobuf-lite-1.39.0.jar (io.grpc:grpc-protobuf-lite:1.39.0) with InstrumentationAnalysisTransform
[        ] Transforming grpc-protobuf-lite-1.39.0.jar (io.grpc:grpc-protobuf-lite:1.39.0) with MergeInstrumentationAnalysisTransform
[        ] Transforming grpc-api-1.39.0.jar (io.grpc:grpc-api:1.39.0) with InstrumentationAnalysisTransform
[        ] Transforming grpc-api-1.39.0.jar (io.grpc:grpc-api:1.39.0) with MergeInstrumentationAnalysisTransform
[        ] Transforming guava-30.1-jre.jar (com.google.guava:guava:30.1-jre) with InstrumentationAnalysisTransform
[        ] Transforming grpc-protobuf-lite-1.39.0.jar (io.grpc:grpc-protobuf-lite:1.39.0) with ExternalDependencyInstrumentingArtifactTransform
[        ] Transforming jimfs-1.1.jar (com.google.jimfs:jimfs:1.1) with ExternalDependencyInstrumentingArtifactTransform
[        ] Transforming grpc-api-1.39.0.jar (io.grpc:grpc-api:1.39.0) with ExternalDependencyInstrumentingArtifactTransform
[        ] Transforming guava-30.1-jre.jar (com.google.guava:guava:30.1-jre) with MergeInstrumentationAnalysisTransform
[        ] Transforming gradle-download-task-4.1.1.jar (de.undercouch:gradle-download-task:4.1.1) with InstrumentationAnalysisTransform
[        ] Transforming gradle-download-task-4.1.1.jar (de.undercouch:gradle-download-task:4.1.1) with MergeInstrumentationAnalysisTransform
[        ] Transforming guava-30.1-jre.jar (com.google.guava:guava:30.1-jre) with ExternalDependencyInstrumentingArtifactTransform
[        ] Transforming semver4j-0.16.4-nodeps.jar (com.github.gundy:semver4j:0.16.4) with InstrumentationAnalysisTransform
[        ] Transforming gradle-download-task-4.1.1.jar (de.undercouch:gradle-download-task:4.1.1) with ExternalDependencyInstrumentingArtifactTransform
[        ] Transforming semver4j-0.16.4-nodeps.jar (com.github.gundy:semver4j:0.16.4) with MergeInstrumentationAnalysisTransform
[        ] Transforming kotlin-annotation-processing-gradle-1.7.10.jar (org.jetbrains.kotlin:kotlin-annotation-processing-gradle:1.7.10) with InstrumentationAnalysisTransform
[        ] Transforming kotlin-annotation-processing-gradle-1.7.10.jar (org.jetbrains.kotlin:kotlin-annotation-processing-gradle:1.7.10) with MergeInstrumentationAnalysisTransform
[        ] Transforming kotlin-android-extensions-1.7.10.jar (org.jetbrains.kotlin:kotlin-android-extensions:1.7.10) with InstrumentationAnalysisTransform
[        ] Transforming semver4j-0.16.4-nodeps.jar (com.github.gundy:semver4j:0.16.4) with ExternalDependencyInstrumentingArtifactTransform
[        ] Transforming kotlin-android-extensions-1.7.10.jar (org.jetbrains.kotlin:kotlin-android-extensions:1.7.10) with MergeInstrumentationAnalysisTransform
[        ] Transforming kotlin-annotation-processing-gradle-1.7.10.jar (org.jetbrains.kotlin:kotlin-annotation-processing-gradle:1.7.10) with ExternalDependencyInstrumentingArtifactTransform
[        ] Transforming kotlin-compiler-runner-1.7.10.jar (org.jetbrains.kotlin:kotlin-compiler-runner:1.7.10) with InstrumentationAnalysisTransform
[        ] Transforming kotlin-android-extensions-1.7.10.jar (org.jetbrains.kotlin:kotlin-android-extensions:1.7.10) with ExternalDependencyInstrumentingArtifactTransform
[        ] Transforming kotlin-compiler-runner-1.7.10.jar (org.jetbrains.kotlin:kotlin-compiler-runner:1.7.10) with MergeInstrumentationAnalysisTransform
[        ] Transforming kotlin-compiler-embeddable-1.7.10.jar (org.jetbrains.kotlin:kotlin-compiler-embeddable:1.7.10) with InstrumentationAnalysisTransform
[        ] Transforming kotlin-compiler-embeddable-1.7.10.jar (org.jetbrains.kotlin:kotlin-compiler-embeddable:1.7.10) with MergeInstrumentationAnalysisTransform
[        ] Transforming kotlin-compiler-runner-1.7.10.jar (org.jetbrains.kotlin:kotlin-compiler-runner:1.7.10) with ExternalDependencyInstrumentingArtifactTransform
[        ] Transforming kotlin-scripting-compiler-embeddable-1.7.10.jar (org.jetbrains.kotlin:kotlin-scripting-compiler-embeddable:1.7.10) with InstrumentationAnalysisTransform
[        ] Transforming kotlin-compiler-embeddable-1.7.10.jar (org.jetbrains.kotlin:kotlin-compiler-embeddable:1.7.10) with ExternalDependencyInstrumentingArtifactTransform
[        ] Transforming kotlin-scripting-compiler-embeddable-1.7.10.jar (org.jetbrains.kotlin:kotlin-scripting-compiler-embeddable:1.7.10) with MergeInstrumentationAnalysisTransform
[        ] Transforming kotlin-scripting-compiler-impl-embeddable-1.7.10.jar (org.jetbrains.kotlin:kotlin-scripting-compiler-impl-embeddable:1.7.10) with InstrumentationAnalysisTransform
[        ] Transforming kotlin-scripting-compiler-impl-embeddable-1.7.10.jar (org.jetbrains.kotlin:kotlin-scripting-compiler-impl-embeddable:1.7.10) with MergeInstrumentationAnalysisTransform
[        ] Transforming dagger-2.28.3.jar (com.google.dagger:dagger:2.28.3) with InstrumentationAnalysisTransform
[        ] Transforming kotlin-scripting-compiler-embeddable-1.7.10.jar (org.jetbrains.kotlin:kotlin-scripting-compiler-embeddable:1.7.10) with ExternalDependencyInstrumentingArtifactTransform
[        ] Transforming kotlin-scripting-compiler-impl-embeddable-1.7.10.jar (org.jetbrains.kotlin:kotlin-scripting-compiler-impl-embeddable:1.7.10) with ExternalDependencyInstrumentingArtifactTransform
[        ] Transforming dagger-2.28.3.jar (com.google.dagger:dagger:2.28.3) with MergeInstrumentationAnalysisTransform
[        ] Transforming javax.inject-1.jar (javax.inject:javax.inject:1) with InstrumentationAnalysisTransform
[        ] Transforming javax.inject-1.jar (javax.inject:javax.inject:1) with MergeInstrumentationAnalysisTransform
[        ] Transforming dagger-2.28.3.jar (com.google.dagger:dagger:2.28.3) with ExternalDependencyInstrumentingArtifactTransform
[        ] Transforming kxml2-2.3.0.jar (net.sf.kxml:kxml2:2.3.0) with InstrumentationAnalysisTransform
[        ] Transforming javax.inject-1.jar (javax.inject:javax.inject:1) with ExternalDependencyInstrumentingArtifactTransform
[        ] Transforming kxml2-2.3.0.jar (net.sf.kxml:kxml2:2.3.0) with MergeInstrumentationAnalysisTransform
[        ] Transforming bcprov-jdk15on-1.67.jar (org.bouncycastle:bcprov-jdk15on:1.67) with InstrumentationAnalysisTransform
[        ] Transforming kxml2-2.3.0.jar (net.sf.kxml:kxml2:2.3.0) with ExternalDependencyInstrumentingArtifactTransform
[        ] Transforming bcprov-jdk15on-1.67.jar (org.bouncycastle:bcprov-jdk15on:1.67) with MergeInstrumentationAnalysisTransform
[        ] Transforming trove4j-1.0.20200330.jar (org.jetbrains.intellij.deps:trove4j:1.0.20200330) with InstrumentationAnalysisTransform
[        ] Transforming trove4j-1.0.20200330.jar (org.jetbrains.intellij.deps:trove4j:1.0.20200330) with MergeInstrumentationAnalysisTransform
[        ] Transforming xercesImpl-2.12.0.jar (xerces:xercesImpl:2.12.0) with InstrumentationAnalysisTransform
[        ] Transforming bcprov-jdk15on-1.67.jar (org.bouncycastle:bcprov-jdk15on:1.67) with ExternalDependencyInstrumentingArtifactTransform
[        ] Transforming trove4j-1.0.20200330.jar (org.jetbrains.intellij.deps:trove4j:1.0.20200330) with ExternalDependencyInstrumentingArtifactTransform
[        ] Transforming xercesImpl-2.12.0.jar (xerces:xercesImpl:2.12.0) with MergeInstrumentationAnalysisTransform
[        ] Transforming commons-compress-1.20.jar (org.apache.commons:commons-compress:1.20) with InstrumentationAnalysisTransform
[        ] Transforming xercesImpl-2.12.0.jar (xerces:xercesImpl:2.12.0) with ExternalDependencyInstrumentingArtifactTransform
[        ] Transforming commons-compress-1.20.jar (org.apache.commons:commons-compress:1.20) with MergeInstrumentationAnalysisTransform
[        ] Transforming httpclient-4.5.13.jar (org.apache.httpcomponents:httpclient:4.5.13) with InstrumentationAnalysisTransform
[        ] Transforming commons-compress-1.20.jar (org.apache.commons:commons-compress:1.20) with ExternalDependencyInstrumentingArtifactTransform
[        ] Transforming httpclient-4.5.13.jar (org.apache.httpcomponents:httpclient:4.5.13) with MergeInstrumentationAnalysisTransform
[        ] Transforming httpcore-4.4.13.jar (org.apache.httpcomponents:httpcore:4.4.13) with InstrumentationAnalysisTransform
[        ] Transforming httpclient-4.5.13.jar (org.apache.httpcomponents:httpclient:4.5.13) with ExternalDependencyInstrumentingArtifactTransform
[        ] Transforming httpcore-4.4.13.jar (org.apache.httpcomponents:httpcore:4.4.13) with MergeInstrumentationAnalysisTransform
[        ] Transforming javax.activation-1.2.0.jar (com.sun.activation:javax.activation:1.2.0) with InstrumentationAnalysisTransform
[        ] Transforming javax.activation-1.2.0.jar (com.sun.activation:javax.activation:1.2.0) with MergeInstrumentationAnalysisTransform
[        ] Transforming httpcore-4.4.13.jar (org.apache.httpcomponents:httpcore:4.4.13) with ExternalDependencyInstrumentingArtifactTransform
[        ] Transforming signflinger-7.3.0.jar (com.android:signflinger:7.3.0) with InstrumentationAnalysisTransform
[        ] Transforming javax.activation-1.2.0.jar (com.sun.activation:javax.activation:1.2.0) with ExternalDependencyInstrumentingArtifactTransform
[        ] Transforming signflinger-7.3.0.jar (com.android:signflinger:7.3.0) with MergeInstrumentationAnalysisTransform
[        ] Transforming zipflinger-7.3.0.jar (com.android:zipflinger:7.3.0) with InstrumentationAnalysisTransform
[        ] Transforming signflinger-7.3.0.jar (com.android:signflinger:7.3.0) with ExternalDependencyInstrumentingArtifactTransform
[        ] Transforming zipflinger-7.3.0.jar (com.android:zipflinger:7.3.0) with MergeInstrumentationAnalysisTransform
[        ] Transforming annotations-30.3.0.jar (com.android.tools:annotations:30.3.0) with InstrumentationAnalysisTransform
[        ] Transforming annotations-30.3.0.jar (com.android.tools:annotations:30.3.0) with MergeInstrumentationAnalysisTransform
[        ] Transforming zipflinger-7.3.0.jar (com.android:zipflinger:7.3.0) with ExternalDependencyInstrumentingArtifactTransform
[        ] Transforming jna-platform-5.6.0.jar (net.java.dev.jna:jna-platform:5.6.0) with InstrumentationAnalysisTransform
[        ] Transforming annotations-30.3.0.jar (com.android.tools:annotations:30.3.0) with ExternalDependencyInstrumentingArtifactTransform
[        ] Transforming jna-platform-5.6.0.jar (net.java.dev.jna:jna-platform:5.6.0) with MergeInstrumentationAnalysisTransform
[        ] Transforming juniversalchardet-1.0.3.jar (com.googlecode.juniversalchardet:juniversalchardet:1.0.3) with InstrumentationAnalysisTransform
[        ] Transforming jna-platform-5.6.0.jar (net.java.dev.jna:jna-platform:5.6.0) with ExternalDependencyInstrumentingArtifactTransform
[        ] Transforming juniversalchardet-1.0.3.jar (com.googlecode.juniversalchardet:juniversalchardet:1.0.3) with MergeInstrumentationAnalysisTransform
[        ] Transforming javax.annotation-api-1.3.2.jar (javax.annotation:javax.annotation-api:1.3.2) with InstrumentationAnalysisTransform
[        ] Transforming javax.annotation-api-1.3.2.jar (javax.annotation:javax.annotation-api:1.3.2) with MergeInstrumentationAnalysisTransform
[        ] Transforming juniversalchardet-1.0.3.jar (com.googlecode.juniversalchardet:juniversalchardet:1.0.3) with ExternalDependencyInstrumentingArtifactTransform
[        ] Transforming stax-ex-1.8.1.jar (org.jvnet.staxex:stax-ex:1.8.1) with InstrumentationAnalysisTransform
[        ] Transforming javax.annotation-api-1.3.2.jar (javax.annotation:javax.annotation-api:1.3.2) with ExternalDependencyInstrumentingArtifactTransform
[        ] Transforming stax-ex-1.8.1.jar (org.jvnet.staxex:stax-ex:1.8.1) with MergeInstrumentationAnalysisTransform
[        ] Transforming jakarta.xml.bind-api-2.3.2.jar (jakarta.xml.bind:jakarta.xml.bind-api:2.3.2) with InstrumentationAnalysisTransform
[        ] Transforming stax-ex-1.8.1.jar (org.jvnet.staxex:stax-ex:1.8.1) with ExternalDependencyInstrumentingArtifactTransform
[        ] Transforming jakarta.xml.bind-api-2.3.2.jar (jakarta.xml.bind:jakarta.xml.bind-api:2.3.2) with MergeInstrumentationAnalysisTransform
[        ] Transforming txw2-2.3.2.jar (org.glassfish.jaxb:txw2:2.3.2) with InstrumentationAnalysisTransform
[        ] Transforming jakarta.xml.bind-api-2.3.2.jar (jakarta.xml.bind:jakarta.xml.bind-api:2.3.2) with ExternalDependencyInstrumentingArtifactTransform
[        ] Transforming txw2-2.3.2.jar (org.glassfish.jaxb:txw2:2.3.2) with MergeInstrumentationAnalysisTransform
[        ] Transforming istack-commons-runtime-3.0.8.jar (com.sun.istack:istack-commons-runtime:3.0.8) with InstrumentationAnalysisTransform
[        ] Transforming istack-commons-runtime-3.0.8.jar (com.sun.istack:istack-commons-runtime:3.0.8) with MergeInstrumentationAnalysisTransform
[        ] Transforming txw2-2.3.2.jar (org.glassfish.jaxb:txw2:2.3.2) with ExternalDependencyInstrumentingArtifactTransform
[        ] Transforming FastInfoset-1.2.16.jar (com.sun.xml.fastinfoset:FastInfoset:1.2.16) with InstrumentationAnalysisTransform
[        ] Transforming istack-commons-runtime-3.0.8.jar (com.sun.istack:istack-commons-runtime:3.0.8) with ExternalDependencyInstrumentingArtifactTransform
[        ] Transforming FastInfoset-1.2.16.jar (com.sun.xml.fastinfoset:FastInfoset:1.2.16) with MergeInstrumentationAnalysisTransform
[        ] Transforming jakarta.activation-api-1.2.1.jar (jakarta.activation:jakarta.activation-api:1.2.1) with InstrumentationAnalysisTransform
[        ] Transforming jakarta.activation-api-1.2.1.jar (jakarta.activation:jakarta.activation-api:1.2.1) with MergeInstrumentationAnalysisTransform
[        ] Transforming FastInfoset-1.2.16.jar (com.sun.xml.fastinfoset:FastInfoset:1.2.16) with ExternalDependencyInstrumentingArtifactTransform
[        ] Transforming auto-value-annotations-1.6.2.jar (com.google.auto.value:auto-value-annotations:1.6.2) with InstrumentationAnalysisTransform
[        ] Transforming jakarta.activation-api-1.2.1.jar (jakarta.activation:jakarta.activation-api:1.2.1) with ExternalDependencyInstrumentingArtifactTransform
[        ] Transforming auto-value-annotations-1.6.2.jar (com.google.auto.value:auto-value-annotations:1.6.2) with MergeInstrumentationAnalysisTransform
[        ] Transforming error_prone_annotations-2.4.0.jar (com.google.errorprone:error_prone_annotations:2.4.0) with InstrumentationAnalysisTransform
[        ] Transforming error_prone_annotations-2.4.0.jar (com.google.errorprone:error_prone_annotations:2.4.0) with MergeInstrumentationAnalysisTransform
[        ] Transforming jose4j-0.7.0.jar (org.bitbucket.b_c:jose4j:0.7.0) with InstrumentationAnalysisTransform
[        ] Transforming auto-value-annotations-1.6.2.jar (com.google.auto.value:auto-value-annotations:1.6.2) with ExternalDependencyInstrumentingArtifactTransform
[        ] Transforming error_prone_annotations-2.4.0.jar (com.google.errorprone:error_prone_annotations:2.4.0) with ExternalDependencyInstrumentingArtifactTransform
[        ] Transforming jose4j-0.7.0.jar (org.bitbucket.b_c:jose4j:0.7.0) with MergeInstrumentationAnalysisTransform
[        ] Transforming slf4j-api-1.7.30.jar (org.slf4j:slf4j-api:1.7.30) with InstrumentationAnalysisTransform
[        ] Transforming slf4j-api-1.7.30.jar (org.slf4j:slf4j-api:1.7.30) with MergeInstrumentationAnalysisTransform
[        ] Transforming jose4j-0.7.0.jar (org.bitbucket.b_c:jose4j:0.7.0) with ExternalDependencyInstrumentingArtifactTransform
[        ] Transforming jdom2-2.0.6.jar (org.jdom:jdom2:2.0.6) with InstrumentationAnalysisTransform
[        ] Transforming slf4j-api-1.7.30.jar (org.slf4j:slf4j-api:1.7.30) with ExternalDependencyInstrumentingArtifactTransform
[        ] Transforming jdom2-2.0.6.jar (org.jdom:jdom2:2.0.6) with MergeInstrumentationAnalysisTransform
[        ] Transforming annotations-4.1.1.4.jar (com.google.android:annotations:4.1.1.4) with InstrumentationAnalysisTransform
[        ] Transforming jdom2-2.0.6.jar (org.jdom:jdom2:2.0.6) with ExternalDependencyInstrumentingArtifactTransform
[        ] Transforming annotations-4.1.1.4.jar (com.google.android:annotations:4.1.1.4) with MergeInstrumentationAnalysisTransform
[        ] Transforming animal-sniffer-annotations-1.19.jar (org.codehaus.mojo:animal-sniffer-annotations:1.19) with InstrumentationAnalysisTransform
[        ] Transforming animal-sniffer-annotations-1.19.jar (org.codehaus.mojo:animal-sniffer-annotations:1.19) with MergeInstrumentationAnalysisTransform
[        ] Transforming perfmark-api-0.23.0.jar (io.perfmark:perfmark-api:0.23.0) with InstrumentationAnalysisTransform
[        ] Transforming annotations-4.1.1.4.jar (com.google.android:annotations:4.1.1.4) with ExternalDependencyInstrumentingArtifactTransform
[        ] Transforming animal-sniffer-annotations-1.19.jar (org.codehaus.mojo:animal-sniffer-annotations:1.19) with ExternalDependencyInstrumentingArtifactTransform
[        ] Transforming perfmark-api-0.23.0.jar (io.perfmark:perfmark-api:0.23.0) with MergeInstrumentationAnalysisTransform
[        ] Transforming netty-codec-http2-4.1.52.Final.jar (io.netty:netty-codec-http2:4.1.52.Final) with InstrumentationAnalysisTransform
[        ] Transforming netty-codec-http2-4.1.52.Final.jar (io.netty:netty-codec-http2:4.1.52.Final) with MergeInstrumentationAnalysisTransform
[        ] Transforming perfmark-api-0.23.0.jar (io.perfmark:perfmark-api:0.23.0) with ExternalDependencyInstrumentingArtifactTransform
[        ] Transforming netty-handler-proxy-4.1.52.Final.jar (io.netty:netty-handler-proxy:4.1.52.Final) with InstrumentationAnalysisTransform
[        ] Transforming netty-codec-http2-4.1.52.Final.jar (io.netty:netty-codec-http2:4.1.52.Final) with ExternalDependencyInstrumentingArtifactTransform
[        ] Transforming netty-handler-proxy-4.1.52.Final.jar (io.netty:netty-handler-proxy:4.1.52.Final) with MergeInstrumentationAnalysisTransform
[        ] Transforming jsr305-3.0.2.jar (com.google.code.findbugs:jsr305:3.0.2) with InstrumentationAnalysisTransform
[        ] Transforming netty-handler-proxy-4.1.52.Final.jar (io.netty:netty-handler-proxy:4.1.52.Final) with ExternalDependencyInstrumentingArtifactTransform
[        ] Transforming jsr305-3.0.2.jar (com.google.code.findbugs:jsr305:3.0.2) with MergeInstrumentationAnalysisTransform
[        ] Transforming json-20180813.jar (org.json:json:20180813) with InstrumentationAnalysisTransform
[        ] Transforming json-20180813.jar (org.json:json:20180813) with MergeInstrumentationAnalysisTransform
[        ] Transforming checker-qual-3.5.0.jar (org.checkerframework:checker-qual:3.5.0) with InstrumentationAnalysisTransform
[        ] Transforming jsr305-3.0.2.jar (com.google.code.findbugs:jsr305:3.0.2) with ExternalDependencyInstrumentingArtifactTransform
[        ] Transforming json-20180813.jar (org.json:json:20180813) with ExternalDependencyInstrumentingArtifactTransform
[        ] Transforming checker-qual-3.5.0.jar (org.checkerframework:checker-qual:3.5.0) with MergeInstrumentationAnalysisTransform
[        ] Transforming commons-codec-1.11.jar (commons-codec:commons-codec:1.11) with InstrumentationAnalysisTransform
[        ] Transforming commons-codec-1.11.jar (commons-codec:commons-codec:1.11) with MergeInstrumentationAnalysisTransform
[        ] Transforming checker-qual-3.5.0.jar (org.checkerframework:checker-qual:3.5.0) with ExternalDependencyInstrumentingArtifactTransform
[        ] Transforming fastutil-8.4.0.jar (it.unimi.dsi:fastutil:8.4.0) with InstrumentationAnalysisTransform
[        ] Transforming commons-codec-1.11.jar (commons-codec:commons-codec:1.11) with ExternalDependencyInstrumentingArtifactTransform
[        ] Transforming fastutil-8.4.0.jar (it.unimi.dsi:fastutil:8.4.0) with MergeInstrumentationAnalysisTransform
[        ] Transforming json-simple-1.1.jar (com.googlecode.json-simple:json-simple:1.1) with InstrumentationAnalysisTransform
[        ] Transforming json-simple-1.1.jar (com.googlecode.json-simple:json-simple:1.1) with MergeInstrumentationAnalysisTransform
[        ] Transforming fastutil-8.4.0.jar (it.unimi.dsi:fastutil:8.4.0) with ExternalDependencyInstrumentingArtifactTransform
[        ] Transforming apksig-7.3.0.jar (com.android.tools.build:apksig:7.3.0) with InstrumentationAnalysisTransform
[        ] Transforming json-simple-1.1.jar (com.googlecode.json-simple:json-simple:1.1) with ExternalDependencyInstrumentingArtifactTransform
[        ] Transforming apksig-7.3.0.jar (com.android.tools.build:apksig:7.3.0) with MergeInstrumentationAnalysisTransform
[        ] Transforming javawriter-2.5.0.jar (com.squareup:javawriter:2.5.0) with InstrumentationAnalysisTransform
[        ] Transforming apksig-7.3.0.jar (com.android.tools.build:apksig:7.3.0) with ExternalDependencyInstrumentingArtifactTransform
[        ] Transforming javawriter-2.5.0.jar (com.squareup:javawriter:2.5.0) with MergeInstrumentationAnalysisTransform
[        ] Transforming kotlin-native-utils-1.7.10.jar (org.jetbrains.kotlin:kotlin-native-utils:1.7.10) with InstrumentationAnalysisTransform
[        ] Transforming kotlin-native-utils-1.7.10.jar (org.jetbrains.kotlin:kotlin-native-utils:1.7.10) with MergeInstrumentationAnalysisTransform
[        ] Transforming javawriter-2.5.0.jar (com.squareup:javawriter:2.5.0) with ExternalDependencyInstrumentingArtifactTransform
[        ] Transforming kotlin-util-io-1.7.10.jar (org.jetbrains.kotlin:kotlin-util-io:1.7.10) with InstrumentationAnalysisTransform
[        ] Transforming kotlin-native-utils-1.7.10.jar (org.jetbrains.kotlin:kotlin-native-utils:1.7.10) with ExternalDependencyInstrumentingArtifactTransform
[        ] Transforming kotlin-util-io-1.7.10.jar (org.jetbrains.kotlin:kotlin-util-io:1.7.10) with MergeInstrumentationAnalysisTransform
[        ] Transforming kotlin-daemon-embeddable-1.7.10.jar (org.jetbrains.kotlin:kotlin-daemon-embeddable:1.7.10) with InstrumentationAnalysisTransform
[        ] Transforming kotlin-daemon-embeddable-1.7.10.jar (org.jetbrains.kotlin:kotlin-daemon-embeddable:1.7.10) with MergeInstrumentationAnalysisTransform
[        ] Transforming kotlin-util-io-1.7.10.jar (org.jetbrains.kotlin:kotlin-util-io:1.7.10) with ExternalDependencyInstrumentingArtifactTransform
[        ] Transforming jna-5.6.0.jar (net.java.dev.jna:jna:5.6.0) with InstrumentationAnalysisTransform
[        ] Transforming kotlin-daemon-embeddable-1.7.10.jar (org.jetbrains.kotlin:kotlin-daemon-embeddable:1.7.10) with ExternalDependencyInstrumentingArtifactTransform
[        ] Transforming jna-5.6.0.jar (net.java.dev.jna:jna:5.6.0) with MergeInstrumentationAnalysisTransform
[        ] Transforming kotlin-build-common-1.7.10.jar (org.jetbrains.kotlin:kotlin-build-common:1.7.10) with InstrumentationAnalysisTransform
[        ] Transforming jna-5.6.0.jar (net.java.dev.jna:jna:5.6.0) with ExternalDependencyInstrumentingArtifactTransform
[        ] Transforming kotlin-build-common-1.7.10.jar (org.jetbrains.kotlin:kotlin-build-common:1.7.10) with MergeInstrumentationAnalysisTransform
[        ] Transforming kotlin-daemon-client-1.7.10.jar (org.jetbrains.kotlin:kotlin-daemon-client:1.7.10) with InstrumentationAnalysisTransform
[        ] Transforming kotlin-build-common-1.7.10.jar (org.jetbrains.kotlin:kotlin-build-common:1.7.10) with ExternalDependencyInstrumentingArtifactTransform
[        ] Transforming kotlin-daemon-client-1.7.10.jar (org.jetbrains.kotlin:kotlin-daemon-client:1.7.10) with MergeInstrumentationAnalysisTransform
[        ] Transforming kotlinx-coroutines-core-jvm-1.5.0.jar (org.jetbrains.kotlinx:kotlinx-coroutines-core-jvm:1.5.0) with InstrumentationAnalysisTransform
[        ] Transforming kotlinx-coroutines-core-jvm-1.5.0.jar (org.jetbrains.kotlinx:kotlinx-coroutines-core-jvm:1.5.0) with MergeInstrumentationAnalysisTransform
[        ] Transforming kotlin-daemon-client-1.7.10.jar (org.jetbrains.kotlin:kotlin-daemon-client:1.7.10) with ExternalDependencyInstrumentingArtifactTransform
[        ] Transforming kotlin-scripting-jvm-1.7.10.jar (org.jetbrains.kotlin:kotlin-scripting-jvm:1.7.10) with InstrumentationAnalysisTransform
[        ] Transforming kotlinx-coroutines-core-jvm-1.5.0.jar (org.jetbrains.kotlinx:kotlinx-coroutines-core-jvm:1.5.0) with ExternalDependencyInstrumentingArtifactTransform
[        ] Transforming kotlin-scripting-jvm-1.7.10.jar (org.jetbrains.kotlin:kotlin-scripting-jvm:1.7.10) with MergeInstrumentationAnalysisTransform
[        ] Transforming kotlin-scripting-common-1.7.10.jar (org.jetbrains.kotlin:kotlin-scripting-common:1.7.10) with InstrumentationAnalysisTransform
[        ] Transforming kotlin-scripting-jvm-1.7.10.jar (org.jetbrains.kotlin:kotlin-scripting-jvm:1.7.10) with ExternalDependencyInstrumentingArtifactTransform
[        ] Transforming kotlin-scripting-common-1.7.10.jar (org.jetbrains.kotlin:kotlin-scripting-common:1.7.10) with MergeInstrumentationAnalysisTransform
[        ] Transforming failureaccess-1.0.1.jar (com.google.guava:failureaccess:1.0.1) with InstrumentationAnalysisTransform
[        ] Transforming failureaccess-1.0.1.jar (com.google.guava:failureaccess:1.0.1) with MergeInstrumentationAnalysisTransform
[        ] Transforming listenablefuture-9999.0-empty-to-avoid-conflict-with-guava.jar (com.google.guava:listenablefuture:9999.0-empty-to-avoid-conflict-with-guava) with InstrumentationAnalysisTransform
[        ] Transforming kotlin-scripting-common-1.7.10.jar (org.jetbrains.kotlin:kotlin-scripting-common:1.7.10) with ExternalDependencyInstrumentingArtifactTransform
[        ] Transforming failureaccess-1.0.1.jar (com.google.guava:failureaccess:1.0.1) with ExternalDependencyInstrumentingArtifactTransform
[        ] Transforming listenablefuture-9999.0-empty-to-avoid-conflict-with-guava.jar (com.google.guava:listenablefuture:9999.0-empty-to-avoid-conflict-with-guava) with MergeInstrumentationAnalysisTransform
[        ] Transforming j2objc-annotations-1.3.jar (com.google.j2objc:j2objc-annotations:1.3) with InstrumentationAnalysisTransform
[        ] Transforming listenablefuture-9999.0-empty-to-avoid-conflict-with-guava.jar (com.google.guava:listenablefuture:9999.0-empty-to-avoid-conflict-with-guava) with ExternalDependencyInstrumentingArtifactTransform
[        ] Transforming j2objc-annotations-1.3.jar (com.google.j2objc:j2objc-annotations:1.3) with MergeInstrumentationAnalysisTransform
[        ] Transforming xml-apis-1.4.01.jar (xml-apis:xml-apis:1.4.01) with InstrumentationAnalysisTransform
[        ] Transforming j2objc-annotations-1.3.jar (com.google.j2objc:j2objc-annotations:1.3) with ExternalDependencyInstrumentingArtifactTransform
[        ] Transforming xml-apis-1.4.01.jar (xml-apis:xml-apis:1.4.01) with MergeInstrumentationAnalysisTransform
[        ] Transforming commons-logging-1.2.jar (commons-logging:commons-logging:1.2) with InstrumentationAnalysisTransform
[        ] Transforming commons-logging-1.2.jar (commons-logging:commons-logging:1.2) with MergeInstrumentationAnalysisTransform
[        ] Transforming grpc-context-1.39.0.jar (io.grpc:grpc-context:1.39.0) with InstrumentationAnalysisTransform
[        ] Transforming xml-apis-1.4.01.jar (xml-apis:xml-apis:1.4.01) with ExternalDependencyInstrumentingArtifactTransform
[        ] Transforming commons-logging-1.2.jar (commons-logging:commons-logging:1.2) with ExternalDependencyInstrumentingArtifactTransform
[        ] Transforming grpc-context-1.39.0.jar (io.grpc:grpc-context:1.39.0) with MergeInstrumentationAnalysisTransform
[        ] Transforming netty-codec-http-4.1.52.Final.jar (io.netty:netty-codec-http:4.1.52.Final) with InstrumentationAnalysisTransform
[        ] Transforming grpc-context-1.39.0.jar (io.grpc:grpc-context:1.39.0) with ExternalDependencyInstrumentingArtifactTransform
[        ] Transforming netty-codec-http-4.1.52.Final.jar (io.netty:netty-codec-http:4.1.52.Final) with MergeInstrumentationAnalysisTransform
[        ] Transforming netty-handler-4.1.52.Final.jar (io.netty:netty-handler:4.1.52.Final) with InstrumentationAnalysisTransform
[        ] Transforming netty-codec-http-4.1.52.Final.jar (io.netty:netty-codec-http:4.1.52.Final) with ExternalDependencyInstrumentingArtifactTransform
[        ] Transforming netty-handler-4.1.52.Final.jar (io.netty:netty-handler:4.1.52.Final) with MergeInstrumentationAnalysisTransform
[        ] Transforming netty-codec-socks-4.1.52.Final.jar (io.netty:netty-codec-socks:4.1.52.Final) with InstrumentationAnalysisTransform
[        ] Transforming netty-codec-socks-4.1.52.Final.jar (io.netty:netty-codec-socks:4.1.52.Final) with MergeInstrumentationAnalysisTransform
[        ] Transforming netty-codec-4.1.52.Final.jar (io.netty:netty-codec:4.1.52.Final) with InstrumentationAnalysisTransform
[        ] Transforming netty-handler-4.1.52.Final.jar (io.netty:netty-handler:4.1.52.Final) with ExternalDependencyInstrumentingArtifactTransform
[        ] Transforming netty-codec-socks-4.1.52.Final.jar (io.netty:netty-codec-socks:4.1.52.Final) with ExternalDependencyInstrumentingArtifactTransform
[        ] Transforming netty-codec-4.1.52.Final.jar (io.netty:netty-codec:4.1.52.Final) with MergeInstrumentationAnalysisTransform
[        ] Transforming netty-transport-4.1.52.Final.jar (io.netty:netty-transport:4.1.52.Final) with InstrumentationAnalysisTransform
[        ] Transforming netty-transport-4.1.52.Final.jar (io.netty:netty-transport:4.1.52.Final) with MergeInstrumentationAnalysisTransform
[        ] Transforming netty-buffer-4.1.52.Final.jar (io.netty:netty-buffer:4.1.52.Final) with InstrumentationAnalysisTransform
[        ] Transforming netty-codec-4.1.52.Final.jar (io.netty:netty-codec:4.1.52.Final) with ExternalDependencyInstrumentingArtifactTransform
[        ] Transforming netty-transport-4.1.52.Final.jar (io.netty:netty-transport:4.1.52.Final) with ExternalDependencyInstrumentingArtifactTransform
[        ] Transforming netty-buffer-4.1.52.Final.jar (io.netty:netty-buffer:4.1.52.Final) with MergeInstrumentationAnalysisTransform
[        ] Transforming netty-resolver-4.1.52.Final.jar (io.netty:netty-resolver:4.1.52.Final) with InstrumentationAnalysisTransform
[        ] Transforming netty-buffer-4.1.52.Final.jar (io.netty:netty-buffer:4.1.52.Final) with ExternalDependencyInstrumentingArtifactTransform
[        ] Transforming netty-resolver-4.1.52.Final.jar (io.netty:netty-resolver:4.1.52.Final) with MergeInstrumentationAnalysisTransform
[        ] Transforming netty-common-4.1.52.Final.jar (io.netty:netty-common:4.1.52.Final) with InstrumentationAnalysisTransform
[        ] Transforming netty-common-4.1.52.Final.jar (io.netty:netty-common:4.1.52.Final) with MergeInstrumentationAnalysisTransform
[        ] Transforming netty-resolver-4.1.52.Final.jar (io.netty:netty-resolver:4.1.52.Final) with ExternalDependencyInstrumentingArtifactTransform
[        ] Transforming netty-common-4.1.52.Final.jar (io.netty:netty-common:4.1.52.Final) with ExternalDependencyInstrumentingArtifactTransform
[        ] C/C++: android.ndkVersion from module build.gradle is [27.0.12077973]
[        ] C/C++: android.ndkPath from module build.gradle is not set
[        ] C/C++: ndk.dir in local.properties is not set
[        ] C/C++: Not considering ANDROID_NDK_HOME because support was removed after deprecation period.
[        ] C/C++: sdkFolder is C:\Users\ardaa\AppData\Local\Android\sdk
[        ] C/C++: android.ndkVersion from module build.gradle is [27.0.12077973]
[        ] C/C++: android.ndkPath from module build.gradle is not set
[        ] C/C++: ndk.dir in local.properties is not set
[        ] C/C++: Not considering ANDROID_NDK_HOME because support was removed after deprecation period.
[        ] C/C++: sdkFolder is C:\Users\ardaa\AppData\Local\Android\sdk
[        ] C/C++: android.ndkVersion from module build.gradle is [27.0.12077973]
[        ] C/C++: android.ndkPath from module build.gradle is not set
[        ] C/C++: ndk.dir in local.properties is not set
[        ] C/C++: Not considering ANDROID_NDK_HOME because support was removed after deprecation period.
[        ] C/C++: sdkFolder is C:\Users\ardaa\AppData\Local\Android\sdk
[        ] C/C++: android.ndkVersion from module build.gradle is [27.0.12077973]
[        ] C/C++: android.ndkPath from module build.gradle is not set
[        ] C/C++: ndk.dir in local.properties is not set
[        ] C/C++: Not considering ANDROID_NDK_HOME because support was removed after deprecation period.
[        ] C/C++: sdkFolder is C:\Users\ardaa\AppData\Local\Android\sdk
[        ] C/C++: android.ndkVersion from module build.gradle is [27.0.12077973]
[        ] C/C++: android.ndkPath from module build.gradle is not set
[        ] C/C++: ndk.dir in local.properties is not set
[        ] C/C++: Not considering ANDROID_NDK_HOME because support was removed after deprecation period.
[        ] C/C++: sdkFolder is C:\Users\ardaa\AppData\Local\Android\sdk
[        ] C/C++: android.ndkVersion from module build.gradle is [27.0.12077973]
[        ] C/C++: android.ndkPath from module build.gradle is not set
[        ] C/C++: ndk.dir in local.properties is not set
[        ] C/C++: Not considering ANDROID_NDK_HOME because support was removed after deprecation period.
[        ] C/C++: sdkFolder is C:\Users\ardaa\AppData\Local\Android\sdk
[        ] C/C++: android.ndkVersion from module build.gradle is [27.0.12077973]
[        ] C/C++: android.ndkPath from module build.gradle is not set
[        ] C/C++: ndk.dir in local.properties is not set
[        ] C/C++: Not considering ANDROID_NDK_HOME because support was removed after deprecation period.
[        ] C/C++: sdkFolder is C:\Users\ardaa\AppData\Local\Android\sdk
[        ] C/C++: android.ndkVersion from module build.gradle is [27.0.12077973]
[        ] C/C++: android.ndkPath from module build.gradle is not set
[        ] C/C++: ndk.dir in local.properties is not set
[        ] C/C++: Not considering ANDROID_NDK_HOME because support was removed after deprecation period.
[        ] C/C++: sdkFolder is C:\Users\ardaa\AppData\Local\Android\sdk
[        ] C/C++: android.ndkVersion from module build.gradle is [27.0.12077973]
[        ] C/C++: android.ndkPath from module build.gradle is not set
[        ] C/C++: ndk.dir in local.properties is not set
[        ] C/C++: Not considering ANDROID_NDK_HOME because support was removed after deprecation period.
[        ] C/C++: sdkFolder is C:\Users\ardaa\AppData\Local\Android\sdk
[        ] C/C++: android.ndkVersion from module build.gradle is [27.0.12077973]
[        ] C/C++: android.ndkPath from module build.gradle is not set
[        ] C/C++: ndk.dir in local.properties is not set
[        ] C/C++: Not considering ANDROID_NDK_HOME because support was removed after deprecation period.
[        ] C/C++: sdkFolder is C:\Users\ardaa\AppData\Local\Android\sdk
[        ] C/C++: android.ndkVersion from module build.gradle is [27.0.12077973]
[        ] C/C++: android.ndkPath from module build.gradle is not set
[        ] C/C++: ndk.dir in local.properties is not set
[        ] C/C++: Not considering ANDROID_NDK_HOME because support was removed after deprecation period.
[        ] C/C++: sdkFolder is C:\Users\ardaa\AppData\Local\Android\sdk
[        ] C/C++: android.ndkVersion from module build.gradle is [27.0.12077973]
[        ] C/C++: android.ndkPath from module build.gradle is not set
[        ] C/C++: ndk.dir in local.properties is not set
[        ] C/C++: Not considering ANDROID_NDK_HOME because support was removed after deprecation period.
[        ] C/C++: sdkFolder is C:\Users\ardaa\AppData\Local\Android\sdk
[        ] C/C++: android.ndkVersion from module build.gradle is [27.0.12077973]
[        ] C/C++: android.ndkPath from module build.gradle is not set
[        ] C/C++: ndk.dir in local.properties is not set
[        ] C/C++: Not considering ANDROID_NDK_HOME because support was removed after deprecation period.
[        ] C/C++: sdkFolder is C:\Users\ardaa\AppData\Local\Android\sdk
[        ] C/C++: android.ndkVersion from module build.gradle is [27.0.12077973]
[        ] C/C++: android.ndkPath from module build.gradle is not set
[        ] C/C++: ndk.dir in local.properties is not set
[        ] C/C++: Not considering ANDROID_NDK_HOME because support was removed after deprecation period.
[        ] C/C++: sdkFolder is C:\Users\ardaa\AppData\Local\Android\sdk
[        ] C/C++: android.ndkVersion from module build.gradle is [27.0.12077973]
[        ] C/C++: android.ndkPath from module build.gradle is not set
[        ] C/C++: ndk.dir in local.properties is not set
[        ] C/C++: Not considering ANDROID_NDK_HOME because support was removed after deprecation period.
[        ] C/C++: sdkFolder is C:\Users\ardaa\AppData\Local\Android\sdk
[        ] C/C++: android.ndkVersion from module build.gradle is [27.0.12077973]
[        ] C/C++: android.ndkPath from module build.gradle is not set
[        ] C/C++: ndk.dir in local.properties is not set
[        ] C/C++: Not considering ANDROID_NDK_HOME because support was removed after deprecation period.
[        ] C/C++: sdkFolder is C:\Users\ardaa\AppData\Local\Android\sdk
[        ] C/C++: android.ndkVersion from module build.gradle is [27.0.12077973]
[        ] C/C++: android.ndkPath from module build.gradle is not set
[        ] C/C++: ndk.dir in local.properties is not set
[        ] C/C++: Not considering ANDROID_NDK_HOME because support was removed after deprecation period.
[        ] C/C++: sdkFolder is C:\Users\ardaa\AppData\Local\Android\sdk
[        ] C/C++: android.ndkVersion from module build.gradle is [27.0.12077973]
[        ] C/C++: android.ndkPath from module build.gradle is not set
[        ] C/C++: ndk.dir in local.properties is not set
[        ] C/C++: Not considering ANDROID_NDK_HOME because support was removed after deprecation period.
[        ] C/C++: sdkFolder is C:\Users\ardaa\AppData\Local\Android\sdk
[        ] C/C++: android.ndkVersion from module build.gradle is [27.0.12077973]
[        ] C/C++: android.ndkPath from module build.gradle is not set
[        ] C/C++: ndk.dir in local.properties is not set
[        ] C/C++: Not considering ANDROID_NDK_HOME because support was removed after deprecation period.
[        ] C/C++: sdkFolder is C:\Users\ardaa\AppData\Local\Android\sdk
[        ] > Configure project :
[        ] Evaluating root project 'android' using build file 'C:\Users\ardaa\StudioProjects\sigara\android\build.gradle.kts'.
[  +33 ms] > Configure project :cloud_firestore
[        ] Evaluating project ':cloud_firestore' using build file 'C:\Users\ardaa\AppData\Local\Pub\Cache\hosted\pub.dev\cloud_firestore-6.2.0\android\build.gradle'.
[        ] Transforming gradle-8.3.0.jar (com.android.tools.build:gradle:8.3.0) with InstrumentationAnalysisTransform
[        ] Transforming gradle-settings-api-8.3.0.jar (com.android.tools.build:gradle-settings-api:8.3.0) with InstrumentationAnalysisTransform
[        ] Transforming lint-model-31.3.0.jar (com.android.tools.lint:lint-model:31.3.0) with InstrumentationAnalysisTransform
[        ] Transforming builder-8.3.0.jar (com.android.tools.build:builder:8.3.0) with InstrumentationAnalysisTransform
[        ] Transforming manifest-merger-31.3.0.jar (com.android.tools.build:manifest-merger:31.3.0) with InstrumentationAnalysisTransform
[        ] Transforming sdk-common-31.3.0.jar (com.android.tools:sdk-common:31.3.0) with InstrumentationAnalysisTransform
[        ] Transforming sdklib-31.3.0.jar (com.android.tools:sdklib:31.3.0) with InstrumentationAnalysisTransform
[        ] Transforming repository-31.3.0.jar (com.android.tools:repository:31.3.0) with InstrumentationAnalysisTransform
[        ] Transforming gradle-api-8.3.0.jar (com.android.tools.build:gradle-api:8.3.0) with InstrumentationAnalysisTransform
[        ] Transforming builder-test-api-8.3.0.jar (com.android.tools.build:builder-test-api:8.3.0) with InstrumentationAnalysisTransform
[        ] Transforming ddmlib-31.3.0.jar (com.android.tools.ddms:ddmlib:31.3.0) with InstrumentationAnalysisTransform
[        ] Transforming aaptcompiler-8.3.0.jar (com.android.tools.build:aaptcompiler:8.3.0) with InstrumentationAnalysisTransform
[        ] Transforming bundletool-1.15.6.jar (com.android.tools.build:bundletool:1.15.6) with InstrumentationAnalysisTransform
[        ] Transforming aapt2-proto-8.3.0-10880808.jar (com.android.tools.build:aapt2-proto:8.3.0-10880808) with InstrumentationAnalysisTransform
[        ] Transforming crash-31.3.0.jar (com.android.tools.analytics-library:crash:31.3.0) with InstrumentationAnalysisTransform
[        ] Transforming tracker-31.3.0.jar (com.android.tools.analytics-library:tracker:31.3.0) with InstrumentationAnalysisTransform
[        ] Transforming shared-31.3.0.jar (com.android.tools.analytics-library:shared:31.3.0) with InstrumentationAnalysisTransform
[        ] Transforming lint-typedef-remover-31.3.0.jar (com.android.tools.lint:lint-typedef-remover:31.3.0) with InstrumentationAnalysisTransform
[        ] Transforming databinding-compiler-common-8.3.0.jar (androidx.databinding:databinding-compiler-common:8.3.0) with InstrumentationAnalysisTransform
[        ] Transforming databinding-common-8.3.0.jar (androidx.databinding:databinding-common:8.3.0) with InstrumentationAnalysisTransform
[        ] Transforming baseLibrary-8.3.0.jar (com.android.databinding:baseLibrary:8.3.0) with InstrumentationAnalysisTransform
[        ] Transforming layoutlib-api-31.3.0.jar (com.android.tools.layoutlib:layoutlib-api:31.3.0) with InstrumentationAnalysisTransform
[        ] Transforming android-device-provider-ddmlib-proto-31.3.0.jar (com.android.tools.utp:android-device-provider-ddmlib-proto:31.3.0) with InstrumentationAnalysisTransform
[        ] Transforming android-device-provider-gradle-proto-31.3.0.jar (com.android.tools.utp:android-device-provider-gradle-proto:31.3.0) with InstrumentationAnalysisTransform
[        ] Transforming android-test-plugin-host-additional-test-output-proto-31.3.0.jar (com.android.tools.utp:android-test-plugin-host-additional-test-output-proto:31.3.0) with InstrumentationAnalysisTransform
[        ] Transforming android-test-plugin-host-coverage-proto-31.3.0.jar (com.android.tools.utp:android-test-plugin-host-coverage-proto:31.3.0) with InstrumentationAnalysisTransform
[        ] Transforming android-test-plugin-host-emulator-control-proto-31.3.0.jar (com.android.tools.utp:android-test-plugin-host-emulator-control-proto:31.3.0) with InstrumentationAnalysisTransform
[        ] Transforming android-test-plugin-host-logcat-proto-31.3.0.jar (com.android.tools.utp:android-test-plugin-host-logcat-proto:31.3.0) with InstrumentationAnalysisTransform
[        ] Transforming android-test-plugin-host-apk-installer-proto-31.3.0.jar (com.android.tools.utp:android-test-plugin-host-apk-installer-proto:31.3.0) with InstrumentationAnalysisTransform
[        ] Transforming android-test-plugin-host-retention-proto-31.3.0.jar (com.android.tools.utp:android-test-plugin-host-retention-proto:31.3.0) with InstrumentationAnalysisTransform
[        ] Transforming android-test-plugin-result-listener-gradle-proto-31.3.0.jar (com.android.tools.utp:android-test-plugin-result-listener-gradle-proto:31.3.0) with InstrumentationAnalysisTransform
[        ] Transforming builder-model-8.3.0.jar (com.android.tools.build:builder-model:8.3.0) with InstrumentationAnalysisTransform
[        ] Transforming dvlib-31.3.0.jar (com.android.tools:dvlib:31.3.0) with InstrumentationAnalysisTransform
[        ] Transforming common-31.3.0.jar (com.android.tools:common:31.3.0) with InstrumentationAnalysisTransform
[        ] Transforming jetifier-processor-1.0.0-beta10.jar (com.android.tools.build.jetifier:jetifier-processor:1.0.0-beta10) with InstrumentationAnalysisTransform
[        ] Transforming jetifier-core-1.0.0-beta10.jar (com.android.tools.build.jetifier:jetifier-core:1.0.0-beta10) with InstrumentationAnalysisTransform
[        ] Transforming kotlin-reflect-1.9.20.jar (org.jetbrains.kotlin:kotlin-reflect:1.9.20) with InstrumentationAnalysisTransform
[        ] Transforming kotlin-stdlib-jdk7-1.9.20.jar (org.jetbrains.kotlin:kotlin-stdlib-jdk7:1.9.20) with InstrumentationAnalysisTransform
[        ] Transforming kotlin-stdlib-1.9.20.jar (org.jetbrains.kotlin:kotlin-stdlib:1.9.20) with InstrumentationAnalysisTransform
[        ] Transforming kotlin-stdlib-jdk8-1.9.20.jar (org.jetbrains.kotlin:kotlin-stdlib-jdk8:1.9.20) with InstrumentationAnalysisTransform
[        ] Transforming transform-api-2.0.0-deprecated-use-gradle-api.jar (com.android.tools.build:transform-api:2.0.0-deprecated-use-gradle-api) with InstrumentationAnalysisTransform
[        ] Transforming httpmime-4.5.6.jar (org.apache.httpcomponents:httpmime:4.5.6) with InstrumentationAnalysisTransform
[        ] Transforming commons-io-2.13.0.jar (commons-io:commons-io:2.13.0) with InstrumentationAnalysisTransform
[        ] Transforming asm-commons-9.6.jar (org.ow2.asm:asm-commons:9.6) with InstrumentationAnalysisTransform
[        ] Transforming asm-util-9.6.jar (org.ow2.asm:asm-util:9.6) with InstrumentationAnalysisTransform
[        ] Transforming asm-analysis-9.6.jar (org.ow2.asm:asm-analysis:9.6) with InstrumentationAnalysisTransform
[        ] Transforming asm-tree-9.6.jar (org.ow2.asm:asm-tree:9.6) with InstrumentationAnalysisTransform
[        ] Transforming asm-9.6.jar (org.ow2.asm:asm:9.6) with InstrumentationAnalysisTransform
[        ] Transforming apkzlib-8.3.0.jar (com.android.tools.build:apkzlib:8.3.0) with InstrumentationAnalysisTransform
[        ] Transforming bcpkix-jdk15on-1.67.jar (org.bouncycastle:bcpkix-jdk15on:1.67) with InstrumentationAnalysisTransform
[        ] Transforming jaxb-runtime-2.3.2.jar (org.glassfish.jaxb:jaxb-runtime:2.3.2) with InstrumentationAnalysisTransform
[        ] Transforming jopt-simple-4.9.jar (net.sf.jopt-simple:jopt-simple:4.9) with InstrumentationAnalysisTransform
[        ] Transforming javapoet-1.10.0.jar (com.squareup:javapoet:1.10.0) with InstrumentationAnalysisTransform
[        ] Transforming protobuf-java-util-3.22.3.jar (com.google.protobuf:protobuf-java-util:3.22.3) with InstrumentationAnalysisTransform
[        ] Transforming grpc-protobuf-1.57.0.jar (io.grpc:grpc-protobuf:1.57.0) with InstrumentationAnalysisTransform
[        ] Transforming tink-1.7.0.jar (com.google.crypto.tink:tink:1.7.0) with InstrumentationAnalysisTransform
[        ] Transforming protos-31.3.0.jar (com.android.tools.analytics-library:protos:31.3.0) with InstrumentationAnalysisTransform
[        ] Transforming proto-google-common-protos-2.17.0.jar (com.google.api.grpc:proto-google-common-protos:2.17.0) with InstrumentationAnalysisTransform
[        ] Transforming protobuf-java-3.22.3.jar (com.google.protobuf:protobuf-java:3.22.3) with InstrumentationAnalysisTransform
[        ] Transforming grpc-netty-1.57.0.jar (io.grpc:grpc-netty:1.57.0) with InstrumentationAnalysisTransform
[        ] Transforming grpc-core-1.57.0.jar (io.grpc:grpc-core:1.57.0) with InstrumentationAnalysisTransform
[        ] Transforming gson-2.10.1.jar (com.google.code.gson:gson:2.10.1) with InstrumentationAnalysisTransform
[        ] Transforming grpc-stub-1.57.0.jar (io.grpc:grpc-stub:1.57.0) with InstrumentationAnalysisTransform
[        ] Transforming core-proto-0.0.9-alpha02.jar (com.google.testing.platform:core-proto:0.0.9-alpha02) with InstrumentationAnalysisTransform
[        ] Transforming kxml2-2.3.0.jar (net.sf.kxml:kxml2:2.3.0) with InstrumentationAnalysisTransform
[        ] Transforming tensorflow-lite-metadata-0.1.0-rc2.jar (org.tensorflow:tensorflow-lite-metadata:0.1.0-rc2) with InstrumentationAnalysisTransform
[        ] Transforming flatbuffers-java-1.12.0.jar (com.google.flatbuffers:flatbuffers-java:1.12.0) with InstrumentationAnalysisTransform
[        ] Transforming jimfs-1.1.jar (com.google.jimfs:jimfs:1.1) with InstrumentationAnalysisTransform
[        ] Transforming grpc-context-1.57.0.jar (io.grpc:grpc-context:1.57.0) with InstrumentationAnalysisTransform
[        ] Transforming grpc-protobuf-lite-1.57.0.jar (io.grpc:grpc-protobuf-lite:1.57.0) with InstrumentationAnalysisTransform
[        ] Transforming grpc-api-1.57.0.jar (io.grpc:grpc-api:1.57.0) with InstrumentationAnalysisTransform
[        ] Transforming guava-32.0.1-jre.jar (com.google.guava:guava:32.0.1-jre) with InstrumentationAnalysisTransform
[        ] Transforming dagger-2.28.3.jar (com.google.dagger:dagger:2.28.3) with InstrumentationAnalysisTransform
[        ] Transforming javax.inject-1.jar (javax.inject:javax.inject:1) with InstrumentationAnalysisTransform
[        ] Transforming bcprov-jdk15on-1.67.jar (org.bouncycastle:bcprov-jdk15on:1.67) with InstrumentationAnalysisTransform
[        ] Transforming trove4j-1.0.20200330.jar (org.jetbrains.intellij.deps:trove4j:1.0.20200330) with InstrumentationAnalysisTransform
[        ] Transforming commons-compress-1.21.jar (org.apache.commons:commons-compress:1.21) with InstrumentationAnalysisTransform
[        ] Transforming httpclient-4.5.14.jar (org.apache.httpcomponents:httpclient:4.5.14) with InstrumentationAnalysisTransform
[        ] Transforming httpcore-4.4.16.jar (org.apache.httpcomponents:httpcore:4.4.16) with InstrumentationAnalysisTransform
[        ] Transforming javax.activation-1.2.0.jar (com.sun.activation:javax.activation:1.2.0) with InstrumentationAnalysisTransform
[        ] Transforming annotations-23.0.0.jar (org.jetbrains:annotations:23.0.0) with InstrumentationAnalysisTransform
[        ] Transforming signflinger-8.3.0.jar (com.android:signflinger:8.3.0) with InstrumentationAnalysisTransform
[        ] Transforming zipflinger-8.3.0.jar (com.android:zipflinger:8.3.0) with InstrumentationAnalysisTransform
[        ] Transforming annotations-31.3.0.jar (com.android.tools:annotations:31.3.0) with InstrumentationAnalysisTransform
[        ] Transforming jna-platform-5.6.0.jar (net.java.dev.jna:jna-platform:5.6.0) with InstrumentationAnalysisTransform
[        ] Transforming juniversalchardet-1.0.3.jar (com.googlecode.juniversalchardet:juniversalchardet:1.0.3) with InstrumentationAnalysisTransform
[        ] Transforming javax.annotation-api-1.3.2.jar (javax.annotation:javax.annotation-api:1.3.2) with InstrumentationAnalysisTransform
[        ] Transforming stax-ex-1.8.1.jar (org.jvnet.staxex:stax-ex:1.8.1) with InstrumentationAnalysisTransform
[        ] Transforming jakarta.xml.bind-api-2.3.2.jar (jakarta.xml.bind:jakarta.xml.bind-api:2.3.2) with InstrumentationAnalysisTransform
[        ] Transforming txw2-2.3.2.jar (org.glassfish.jaxb:txw2:2.3.2) with InstrumentationAnalysisTransform
[        ] Transforming istack-commons-runtime-3.0.8.jar (com.sun.istack:istack-commons-runtime:3.0.8) with InstrumentationAnalysisTransform
[        ] Transforming FastInfoset-1.2.16.jar (com.sun.xml.fastinfoset:FastInfoset:1.2.16) with InstrumentationAnalysisTransform
[        ] Transforming jakarta.activation-api-1.2.1.jar (jakarta.activation:jakarta.activation-api:1.2.1) with InstrumentationAnalysisTransform
[        ] Transforming auto-value-annotations-1.6.2.jar (com.google.auto.value:auto-value-annotations:1.6.2) with InstrumentationAnalysisTransform
[        ] Transforming error_prone_annotations-2.18.0.jar (com.google.errorprone:error_prone_annotations:2.18.0) with InstrumentationAnalysisTransform
[        ] Transforming jose4j-0.7.0.jar (org.bitbucket.b_c:jose4j:0.7.0) with InstrumentationAnalysisTransform
[        ] Transforming slf4j-api-1.7.30.jar (org.slf4j:slf4j-api:1.7.30) with InstrumentationAnalysisTransform
[        ] Transforming jdom2-2.0.6.jar (org.jdom:jdom2:2.0.6) with InstrumentationAnalysisTransform
[        ] Transforming jsr305-3.0.2.jar (com.google.code.findbugs:jsr305:3.0.2) with InstrumentationAnalysisTransform
[        ] Transforming j2objc-annotations-2.8.jar (com.google.j2objc:j2objc-annotations:2.8) with InstrumentationAnalysisTransform
[        ] Transforming annotations-4.1.1.4.jar (com.google.android:annotations:4.1.1.4) with InstrumentationAnalysisTransform
[        ] Transforming animal-sniffer-annotations-1.23.jar (org.codehaus.mojo:animal-sniffer-annotations:1.23) with InstrumentationAnalysisTransform
[        ] Transforming perfmark-api-0.26.0.jar (io.perfmark:perfmark-api:0.26.0) with InstrumentationAnalysisTransform
[        ] Transforming netty-codec-http2-4.1.93.Final.jar (io.netty:netty-codec-http2:4.1.93.Final) with InstrumentationAnalysisTransform
[        ] Transforming netty-handler-proxy-4.1.93.Final.jar (io.netty:netty-handler-proxy:4.1.93.Final) with InstrumentationAnalysisTransform
[        ] Transforming netty-codec-http-4.1.93.Final.jar (io.netty:netty-codec-http:4.1.93.Final) with InstrumentationAnalysisTransform
[        ] Transforming netty-handler-4.1.93.Final.jar (io.netty:netty-handler:4.1.93.Final) with InstrumentationAnalysisTransform
[        ] Transforming netty-transport-native-unix-common-4.1.93.Final.jar (io.netty:netty-transport-native-unix-common:4.1.93.Final) with InstrumentationAnalysisTransform
[        ] Transforming checker-qual-3.33.0.jar (org.checkerframework:checker-qual:3.33.0) with InstrumentationAnalysisTransform
[        ] Transforming commons-codec-1.11.jar (commons-codec:commons-codec:1.11) with InstrumentationAnalysisTransform
[        ] Transforming apksig-8.3.0.jar (com.android.tools.build:apksig:8.3.0) with InstrumentationAnalysisTransform
[        ] Transforming javawriter-2.5.0.jar (com.squareup:javawriter:2.5.0) with InstrumentationAnalysisTransform
[        ] Transforming failureaccess-1.0.1.jar (com.google.guava:failureaccess:1.0.1) with InstrumentationAnalysisTransform
[        ] Transforming listenablefuture-9999.0-empty-to-avoid-conflict-with-guava.jar (com.google.guava:listenablefuture:9999.0-empty-to-avoid-conflict-with-guava) with InstrumentationAnalysisTransform
[        ] Transforming commons-logging-1.2.jar (commons-logging:commons-logging:1.2) with InstrumentationAnalysisTransform
[        ] Transforming jna-5.6.0.jar (net.java.dev.jna:jna:5.6.0) with InstrumentationAnalysisTransform
[        ] Transforming netty-codec-socks-4.1.93.Final.jar (io.netty:netty-codec-socks:4.1.93.Final) with InstrumentationAnalysisTransform
[        ] Transforming netty-codec-4.1.93.Final.jar (io.netty:netty-codec:4.1.93.Final) with InstrumentationAnalysisTransform
[        ] Transforming netty-transport-4.1.93.Final.jar (io.netty:netty-transport:4.1.93.Final) with InstrumentationAnalysisTransform
[        ] Transforming netty-buffer-4.1.93.Final.jar (io.netty:netty-buffer:4.1.93.Final) with InstrumentationAnalysisTransform
[        ] Transforming netty-resolver-4.1.93.Final.jar (io.netty:netty-resolver:4.1.93.Final) with InstrumentationAnalysisTransform
[        ] Transforming netty-common-4.1.93.Final.jar (io.netty:netty-common:4.1.93.Final) with InstrumentationAnalysisTransform
[        ] Transforming gradle-8.3.0.jar (com.android.tools.build:gradle:8.3.0) with InstrumentationAnalysisTransform
[        ] Transforming gradle-8.3.0.jar (com.android.tools.build:gradle:8.3.0) with MergeInstrumentationAnalysisTransform
[        ] Transforming gradle-settings-api-8.3.0.jar (com.android.tools.build:gradle-settings-api:8.3.0) with InstrumentationAnalysisTransform
[        ] Transforming gradle-settings-api-8.3.0.jar (com.android.tools.build:gradle-settings-api:8.3.0) with MergeInstrumentationAnalysisTransform
[        ] Transforming lint-model-31.3.0.jar (com.android.tools.lint:lint-model:31.3.0) with InstrumentationAnalysisTransform
[        ] Transforming lint-model-31.3.0.jar (com.android.tools.lint:lint-model:31.3.0) with MergeInstrumentationAnalysisTransform
[        ] Transforming gradle-8.3.0.jar (com.android.tools.build:gradle:8.3.0) with ExternalDependencyInstrumentingArtifactTransform
[        ] Transforming builder-8.3.0.jar (com.android.tools.build:builder:8.3.0) with InstrumentationAnalysisTransform
[        ] Transforming builder-8.3.0.jar (com.android.tools.build:builder:8.3.0) with MergeInstrumentationAnalysisTransform
[        ] Transforming lint-model-31.3.0.jar (com.android.tools.lint:lint-model:31.3.0) with ExternalDependencyInstrumentingArtifactTransform
[        ] Transforming gradle-settings-api-8.3.0.jar (com.android.tools.build:gradle-settings-api:8.3.0) with ExternalDependencyInstrumentingArtifactTransform
[        ] Transforming manifest-merger-31.3.0.jar (com.android.tools.build:manifest-merger:31.3.0) with InstrumentationAnalysisTransform
[        ] Transforming manifest-merger-31.3.0.jar (com.android.tools.build:manifest-merger:31.3.0) with MergeInstrumentationAnalysisTransform
[        ] Transforming builder-8.3.0.jar (com.android.tools.build:builder:8.3.0) with ExternalDependencyInstrumentingArtifactTransform
[        ] Transforming sdk-common-31.3.0.jar (com.android.tools:sdk-common:31.3.0) with InstrumentationAnalysisTransform
[        ] Transforming sdk-common-31.3.0.jar (com.android.tools:sdk-common:31.3.0) with MergeInstrumentationAnalysisTransform
[        ] Transforming manifest-merger-31.3.0.jar (com.android.tools.build:manifest-merger:31.3.0) with ExternalDependencyInstrumentingArtifactTransform
[        ] Transforming sdklib-31.3.0.jar (com.android.tools:sdklib:31.3.0) with InstrumentationAnalysisTransform
[        ] Transforming sdk-common-31.3.0.jar (com.android.tools:sdk-common:31.3.0) with ExternalDependencyInstrumentingArtifactTransform
[        ] Transforming sdklib-31.3.0.jar (com.android.tools:sdklib:31.3.0) with MergeInstrumentationAnalysisTransform
[        ] Transforming repository-31.3.0.jar (com.android.tools:repository:31.3.0) with InstrumentationAnalysisTransform
[        ] Transforming repository-31.3.0.jar (com.android.tools:repository:31.3.0) with MergeInstrumentationAnalysisTransform
[        ] Transforming sdklib-31.3.0.jar (com.android.tools:sdklib:31.3.0) with ExternalDependencyInstrumentingArtifactTransform
[        ] Transforming gradle-api-8.3.0.jar (com.android.tools.build:gradle-api:8.3.0) with InstrumentationAnalysisTransform
[        ] Transforming gradle-api-8.3.0.jar (com.android.tools.build:gradle-api:8.3.0) with MergeInstrumentationAnalysisTransform
[        ] Transforming repository-31.3.0.jar (com.android.tools:repository:31.3.0) with ExternalDependencyInstrumentingArtifactTransform
[        ] Transforming builder-test-api-8.3.0.jar (com.android.tools.build:builder-test-api:8.3.0) with InstrumentationAnalysisTransform
[        ] Transforming builder-test-api-8.3.0.jar (com.android.tools.build:builder-test-api:8.3.0) with MergeInstrumentationAnalysisTransform
[        ] Transforming gradle-api-8.3.0.jar (com.android.tools.build:gradle-api:8.3.0) with ExternalDependencyInstrumentingArtifactTransform
[        ] Transforming ddmlib-31.3.0.jar (com.android.tools.ddms:ddmlib:31.3.0) with InstrumentationAnalysisTransform
[        ] Transforming ddmlib-31.3.0.jar (com.android.tools.ddms:ddmlib:31.3.0) with MergeInstrumentationAnalysisTransform
[        ] Transforming builder-test-api-8.3.0.jar (com.android.tools.build:builder-test-api:8.3.0) with ExternalDependencyInstrumentingArtifactTransform
[        ] Transforming aaptcompiler-8.3.0.jar (com.android.tools.build:aaptcompiler:8.3.0) with InstrumentationAnalysisTransform
[        ] Transforming ddmlib-31.3.0.jar (com.android.tools.ddms:ddmlib:31.3.0) with ExternalDependencyInstrumentingArtifactTransform
[        ] Transforming aaptcompiler-8.3.0.jar (com.android.tools.build:aaptcompiler:8.3.0) with MergeInstrumentationAnalysisTransform
[        ] Transforming bundletool-1.15.6.jar (com.android.tools.build:bundletool:1.15.6) with InstrumentationAnalysisTransform
[        ] Transforming aaptcompiler-8.3.0.jar (com.android.tools.build:aaptcompiler:8.3.0) with ExternalDependencyInstrumentingArtifactTransform
[        ] Transforming bundletool-1.15.6.jar (com.android.tools.build:bundletool:1.15.6) with MergeInstrumentationAnalysisTransform
[        ] Transforming aapt2-proto-8.3.0-10880808.jar (com.android.tools.build:aapt2-proto:8.3.0-10880808) with InstrumentationAnalysisTransform
[        ] Transforming aapt2-proto-8.3.0-10880808.jar (com.android.tools.build:aapt2-proto:8.3.0-10880808) with MergeInstrumentationAnalysisTransform
[        ] Transforming bundletool-1.15.6.jar (com.android.tools.build:bundletool:1.15.6) with ExternalDependencyInstrumentingArtifactTransform
[        ] Transforming crash-31.3.0.jar (com.android.tools.analytics-library:crash:31.3.0) with InstrumentationAnalysisTransform
[        ] Transforming aapt2-proto-8.3.0-10880808.jar (com.android.tools.build:aapt2-proto:8.3.0-10880808) with ExternalDependencyInstrumentingArtifactTransform
[        ] Transforming crash-31.3.0.jar (com.android.tools.analytics-library:crash:31.3.0) with MergeInstrumentationAnalysisTransform
[        ] Transforming tracker-31.3.0.jar (com.android.tools.analytics-library:tracker:31.3.0) with InstrumentationAnalysisTransform
[        ] Transforming tracker-31.3.0.jar (com.android.tools.analytics-library:tracker:31.3.0) with MergeInstrumentationAnalysisTransform
[        ] Transforming crash-31.3.0.jar (com.android.tools.analytics-library:crash:31.3.0) with ExternalDependencyInstrumentingArtifactTransform
[        ] Transforming shared-31.3.0.jar (com.android.tools.analytics-library:shared:31.3.0) with InstrumentationAnalysisTransform
[        ] Transforming tracker-31.3.0.jar (com.android.tools.analytics-library:tracker:31.3.0) with ExternalDependencyInstrumentingArtifactTransform
[        ] Transforming shared-31.3.0.jar (com.android.tools.analytics-library:shared:31.3.0) with MergeInstrumentationAnalysisTransform
[        ] Transforming lint-typedef-remover-31.3.0.jar (com.android.tools.lint:lint-typedef-remover:31.3.0) with InstrumentationAnalysisTransform
[        ] Transforming lint-typedef-remover-31.3.0.jar (com.android.tools.lint:lint-typedef-remover:31.3.0) with MergeInstrumentationAnalysisTransform
[        ] Transforming shared-31.3.0.jar (com.android.tools.analytics-library:shared:31.3.0) with ExternalDependencyInstrumentingArtifactTransform
[        ] Transforming databinding-compiler-common-8.3.0.jar (androidx.databinding:databinding-compiler-common:8.3.0) with InstrumentationAnalysisTransform
[        ] Transforming lint-typedef-remover-31.3.0.jar (com.android.tools.lint:lint-typedef-remover:31.3.0) with ExternalDependencyInstrumentingArtifactTransform
[        ] Transforming databinding-compiler-common-8.3.0.jar (androidx.databinding:databinding-compiler-common:8.3.0) with MergeInstrumentationAnalysisTransform
[        ] Transforming databinding-common-8.3.0.jar (androidx.databinding:databinding-common:8.3.0) with InstrumentationAnalysisTransform
[        ] Transforming databinding-common-8.3.0.jar (androidx.databinding:databinding-common:8.3.0) with MergeInstrumentationAnalysisTransform
[        ] Transforming databinding-compiler-common-8.3.0.jar (androidx.databinding:databinding-compiler-common:8.3.0) with ExternalDependencyInstrumentingArtifactTransform
[        ] Transforming baseLibrary-8.3.0.jar (com.android.databinding:baseLibrary:8.3.0) with InstrumentationAnalysisTransform
[        ] Transforming databinding-common-8.3.0.jar (androidx.databinding:databinding-common:8.3.0) with ExternalDependencyInstrumentingArtifactTransform
[        ] Transforming baseLibrary-8.3.0.jar (com.android.databinding:baseLibrary:8.3.0) with MergeInstrumentationAnalysisTransform
[        ] Transforming layoutlib-api-31.3.0.jar (com.android.tools.layoutlib:layoutlib-api:31.3.0) with InstrumentationAnalysisTransform
[        ] Transforming baseLibrary-8.3.0.jar (com.android.databinding:baseLibrary:8.3.0) with ExternalDependencyInstrumentingArtifactTransform
[        ] Transforming layoutlib-api-31.3.0.jar (com.android.tools.layoutlib:layoutlib-api:31.3.0) with MergeInstrumentationAnalysisTransform
[        ] Transforming android-device-provider-ddmlib-proto-31.3.0.jar (com.android.tools.utp:android-device-provider-ddmlib-proto:31.3.0) with InstrumentationAnalysisTransform
[        ] Transforming android-device-provider-ddmlib-proto-31.3.0.jar (com.android.tools.utp:android-device-provider-ddmlib-proto:31.3.0) with MergeInstrumentationAnalysisTransform
[        ] Transforming layoutlib-api-31.3.0.jar (com.android.tools.layoutlib:layoutlib-api:31.3.0) with ExternalDependencyInstrumentingArtifactTransform
[        ] Transforming android-device-provider-gradle-proto-31.3.0.jar (com.android.tools.utp:android-device-provider-gradle-proto:31.3.0) with InstrumentationAnalysisTransform
[        ] Transforming android-device-provider-ddmlib-proto-31.3.0.jar (com.android.tools.utp:android-device-provider-ddmlib-proto:31.3.0) with ExternalDependencyInstrumentingArtifactTransform
[        ] Transforming android-device-provider-gradle-proto-31.3.0.jar (com.android.tools.utp:android-device-provider-gradle-proto:31.3.0) with MergeInstrumentationAnalysisTransform
[        ] Transforming android-test-plugin-host-additional-test-output-proto-31.3.0.jar (com.android.tools.utp:android-test-plugin-host-additional-test-output-proto:31.3.0) with InstrumentationAnalysisTransform
[        ] Transforming android-device-provider-gradle-proto-31.3.0.jar (com.android.tools.utp:android-device-provider-gradle-proto:31.3.0) with ExternalDependencyInstrumentingArtifactTransform
[        ] Transforming android-test-plugin-host-additional-test-output-proto-31.3.0.jar (com.android.tools.utp:android-test-plugin-host-additional-test-output-proto:31.3.0) with MergeInstrumentationAnalysisTransform
[        ] Transforming android-test-plugin-host-coverage-proto-31.3.0.jar (com.android.tools.utp:android-test-plugin-host-coverage-proto:31.3.0) with InstrumentationAnalysisTransform
[        ] Transforming android-test-plugin-host-coverage-proto-31.3.0.jar (com.android.tools.utp:android-test-plugin-host-coverage-proto:31.3.0) with MergeInstrumentationAnalysisTransform
[        ] Transforming android-test-plugin-host-emulator-control-proto-31.3.0.jar (com.android.tools.utp:android-test-plugin-host-emulator-control-proto:31.3.0) with InstrumentationAnalysisTransform
[        ] Transforming android-test-plugin-host-additional-test-output-proto-31.3.0.jar (com.android.tools.utp:android-test-plugin-host-additional-test-output-proto:31.3.0) with ExternalDependencyInstrumentingArtifactTransform
[        ] Transforming android-test-plugin-host-coverage-proto-31.3.0.jar (com.android.tools.utp:android-test-plugin-host-coverage-proto:31.3.0) with ExternalDependencyInstrumentingArtifactTransform
[        ] Transforming android-test-plugin-host-emulator-control-proto-31.3.0.jar (com.android.tools.utp:android-test-plugin-host-emulator-control-proto:31.3.0) with MergeInstrumentationAnalysisTransform
[        ] Transforming android-test-plugin-host-logcat-proto-31.3.0.jar (com.android.tools.utp:android-test-plugin-host-logcat-proto:31.3.0) with InstrumentationAnalysisTransform
[        ] Transforming android-test-plugin-host-logcat-proto-31.3.0.jar (com.android.tools.utp:android-test-plugin-host-logcat-proto:31.3.0) with MergeInstrumentationAnalysisTransform
[        ] Transforming android-test-plugin-host-emulator-control-proto-31.3.0.jar (com.android.tools.utp:android-test-plugin-host-emulator-control-proto:31.3.0) with ExternalDependencyInstrumentingArtifactTransform
[        ] Transforming android-test-plugin-host-logcat-proto-31.3.0.jar (com.android.tools.utp:android-test-plugin-host-logcat-proto:31.3.0) with ExternalDependencyInstrumentingArtifactTransform
[        ] Transforming android-test-plugin-host-apk-installer-proto-31.3.0.jar (com.android.tools.utp:android-test-plugin-host-apk-installer-proto:31.3.0) with InstrumentationAnalysisTransform
[        ] Transforming android-test-plugin-host-apk-installer-proto-31.3.0.jar (com.android.tools.utp:android-test-plugin-host-apk-installer-proto:31.3.0) with MergeInstrumentationAnalysisTransform
[        ] Transforming android-test-plugin-host-retention-proto-31.3.0.jar (com.android.tools.utp:android-test-plugin-host-retention-proto:31.3.0) with InstrumentationAnalysisTransform
[        ] Transforming android-test-plugin-host-retention-proto-31.3.0.jar (com.android.tools.utp:android-test-plugin-host-retention-proto:31.3.0) with MergeInstrumentationAnalysisTransform
[        ] Transforming android-test-plugin-host-apk-installer-proto-31.3.0.jar (com.android.tools.utp:android-test-plugin-host-apk-installer-proto:31.3.0) with ExternalDependencyInstrumentingArtifactTransform
[        ] Transforming android-test-plugin-result-listener-gradle-proto-31.3.0.jar (com.android.tools.utp:android-test-plugin-result-listener-gradle-proto:31.3.0) with InstrumentationAnalysisTransform
[        ] Transforming android-test-plugin-host-retention-proto-31.3.0.jar (com.android.tools.utp:android-test-plugin-host-retention-proto:31.3.0) with ExternalDependencyInstrumentingArtifactTransform
[        ] Transforming android-test-plugin-result-listener-gradle-proto-31.3.0.jar (com.android.tools.utp:android-test-plugin-result-listener-gradle-proto:31.3.0) with MergeInstrumentationAnalysisTransform
[        ] Transforming builder-model-8.3.0.jar (com.android.tools.build:builder-model:8.3.0) with InstrumentationAnalysisTransform
[        ] Transforming builder-model-8.3.0.jar (com.android.tools.build:builder-model:8.3.0) with MergeInstrumentationAnalysisTransform
[        ] Transforming android-test-plugin-result-listener-gradle-proto-31.3.0.jar (com.android.tools.utp:android-test-plugin-result-listener-gradle-proto:31.3.0) with ExternalDependencyInstrumentingArtifactTransform
[        ] Transforming builder-model-8.3.0.jar (com.android.tools.build:builder-model:8.3.0) with ExternalDependencyInstrumentingArtifactTransform
[        ] Transforming dvlib-31.3.0.jar (com.android.tools:dvlib:31.3.0) with InstrumentationAnalysisTransform
[        ] Transforming dvlib-31.3.0.jar (com.android.tools:dvlib:31.3.0) with MergeInstrumentationAnalysisTransform
[        ] Transforming common-31.3.0.jar (com.android.tools:common:31.3.0) with InstrumentationAnalysisTransform
[        ] Transforming common-31.3.0.jar (com.android.tools:common:31.3.0) with MergeInstrumentationAnalysisTransform
[        ] Transforming jetifier-processor-1.0.0-beta10.jar (com.android.tools.build.jetifier:jetifier-processor:1.0.0-beta10) with InstrumentationAnalysisTransform
[        ] Transforming dvlib-31.3.0.jar (com.android.tools:dvlib:31.3.0) with ExternalDependencyInstrumentingArtifactTransform
[        ] Transforming common-31.3.0.jar (com.android.tools:common:31.3.0) with ExternalDependencyInstrumentingArtifactTransform
[        ] Transforming jetifier-processor-1.0.0-beta10.jar (com.android.tools.build.jetifier:jetifier-processor:1.0.0-beta10) with MergeInstrumentationAnalysisTransform
[        ] Transforming jetifier-core-1.0.0-beta10.jar (com.android.tools.build.jetifier:jetifier-core:1.0.0-beta10) with InstrumentationAnalysisTransform
[        ] Transforming jetifier-processor-1.0.0-beta10.jar (com.android.tools.build.jetifier:jetifier-processor:1.0.0-beta10) with ExternalDependencyInstrumentingArtifactTransform
[        ] Transforming jetifier-core-1.0.0-beta10.jar (com.android.tools.build.jetifier:jetifier-core:1.0.0-beta10) with MergeInstrumentationAnalysisTransform
[        ] Transforming kotlin-reflect-1.9.20.jar (org.jetbrains.kotlin:kotlin-reflect:1.9.20) with InstrumentationAnalysisTransform
[        ] Transforming jetifier-core-1.0.0-beta10.jar (com.android.tools.build.jetifier:jetifier-core:1.0.0-beta10) with ExternalDependencyInstrumentingArtifactTransform
[        ] Transforming kotlin-reflect-1.9.20.jar (org.jetbrains.kotlin:kotlin-reflect:1.9.20) with MergeInstrumentationAnalysisTransform
[        ] Transforming kotlin-stdlib-jdk7-1.9.20.jar (org.jetbrains.kotlin:kotlin-stdlib-jdk7:1.9.20) with InstrumentationAnalysisTransform
[        ] Transforming kotlin-reflect-1.9.20.jar (org.jetbrains.kotlin:kotlin-reflect:1.9.20) with ExternalDependencyInstrumentingArtifactTransform
[        ] Transforming kotlin-stdlib-jdk7-1.9.20.jar (org.jetbrains.kotlin:kotlin-stdlib-jdk7:1.9.20) with MergeInstrumentationAnalysisTransform
[        ] Transforming kotlin-stdlib-1.9.20.jar (org.jetbrains.kotlin:kotlin-stdlib:1.9.20) with InstrumentationAnalysisTransform
[        ] Transforming kotlin-stdlib-1.9.20.jar (org.jetbrains.kotlin:kotlin-stdlib:1.9.20) with MergeInstrumentationAnalysisTransform
[        ] Transforming kotlin-stdlib-jdk8-1.9.20.jar (org.jetbrains.kotlin:kotlin-stdlib-jdk8:1.9.20) with InstrumentationAnalysisTransform
[        ] Transforming kotlin-stdlib-jdk8-1.9.20.jar (org.jetbrains.kotlin:kotlin-stdlib-jdk8:1.9.20) with MergeInstrumentationAnalysisTransform
[        ] Transforming transform-api-2.0.0-deprecated-use-gradle-api.jar (com.android.tools.build:transform-api:2.0.0-deprecated-use-gradle-api) with InstrumentationAnalysisTransform
[        ] Transforming kotlin-stdlib-jdk7-1.9.20.jar (org.jetbrains.kotlin:kotlin-stdlib-jdk7:1.9.20) with ExternalDependencyInstrumentingArtifactTransform
[        ] Transforming kotlin-stdlib-jdk8-1.9.20.jar (org.jetbrains.kotlin:kotlin-stdlib-jdk8:1.9.20) with ExternalDependencyInstrumentingArtifactTransform
[        ] Transforming kotlin-stdlib-1.9.20.jar (org.jetbrains.kotlin:kotlin-stdlib:1.9.20) with ExternalDependencyInstrumentingArtifactTransform
[        ] Transforming transform-api-2.0.0-deprecated-use-gradle-api.jar (com.android.tools.build:transform-api:2.0.0-deprecated-use-gradle-api) with MergeInstrumentationAnalysisTransform
[        ] Transforming httpmime-4.5.6.jar (org.apache.httpcomponents:httpmime:4.5.6) with InstrumentationAnalysisTransform
[        ] Transforming httpmime-4.5.6.jar (org.apache.httpcomponents:httpmime:4.5.6) with MergeInstrumentationAnalysisTransform
[        ] Transforming commons-io-2.13.0.jar (commons-io:commons-io:2.13.0) with InstrumentationAnalysisTransform
[        ] Transforming transform-api-2.0.0-deprecated-use-gradle-api.jar (com.android.tools.build:transform-api:2.0.0-deprecated-use-gradle-api) with ExternalDependencyInstrumentingArtifactTransform
[        ] Transforming commons-io-2.13.0.jar (commons-io:commons-io:2.13.0) with MergeInstrumentationAnalysisTransform
[        ] Transforming httpmime-4.5.6.jar (org.apache.httpcomponents:httpmime:4.5.6) with ExternalDependencyInstrumentingArtifactTransform
[        ] Transforming asm-commons-9.6.jar (org.ow2.asm:asm-commons:9.6) with InstrumentationAnalysisTransform
[        ] Transforming commons-io-2.13.0.jar (commons-io:commons-io:2.13.0) with ExternalDependencyInstrumentingArtifactTransform
[        ] Transforming asm-commons-9.6.jar (org.ow2.asm:asm-commons:9.6) with MergeInstrumentationAnalysisTransform
[        ] Transforming asm-util-9.6.jar (org.ow2.asm:asm-util:9.6) with InstrumentationAnalysisTransform
[        ] Transforming asm-util-9.6.jar (org.ow2.asm:asm-util:9.6) with MergeInstrumentationAnalysisTransform
[        ] Transforming asm-analysis-9.6.jar (org.ow2.asm:asm-analysis:9.6) with InstrumentationAnalysisTransform
[        ] Transforming asm-analysis-9.6.jar (org.ow2.asm:asm-analysis:9.6) with MergeInstrumentationAnalysisTransform
[        ] Transforming asm-commons-9.6.jar (org.ow2.asm:asm-commons:9.6) with ExternalDependencyInstrumentingArtifactTransform
[        ] Transforming asm-util-9.6.jar (org.ow2.asm:asm-util:9.6) with ExternalDependencyInstrumentingArtifactTransform
[        ] Transforming asm-tree-9.6.jar (org.ow2.asm:asm-tree:9.6) with InstrumentationAnalysisTransform
[        ] Transforming asm-analysis-9.6.jar (org.ow2.asm:asm-analysis:9.6) with ExternalDependencyInstrumentingArtifactTransform
[        ] Transforming asm-tree-9.6.jar (org.ow2.asm:asm-tree:9.6) with MergeInstrumentationAnalysisTransform
[        ] Transforming asm-9.6.jar (org.ow2.asm:asm:9.6) with InstrumentationAnalysisTransform
[        ] Transforming asm-9.6.jar (org.ow2.asm:asm:9.6) with MergeInstrumentationAnalysisTransform
[        ] Transforming apkzlib-8.3.0.jar (com.android.tools.build:apkzlib:8.3.0) with InstrumentationAnalysisTransform
[        ] Transforming asm-tree-9.6.jar (org.ow2.asm:asm-tree:9.6) with ExternalDependencyInstrumentingArtifactTransform
[        ] Transforming apkzlib-8.3.0.jar (com.android.tools.build:apkzlib:8.3.0) with MergeInstrumentationAnalysisTransform
[        ] Transforming asm-9.6.jar (org.ow2.asm:asm:9.6) with ExternalDependencyInstrumentingArtifactTransform
[        ] Transforming bcpkix-jdk15on-1.67.jar (org.bouncycastle:bcpkix-jdk15on:1.67) with InstrumentationAnalysisTransform
[        ] Transforming bcpkix-jdk15on-1.67.jar (org.bouncycastle:bcpkix-jdk15on:1.67) with MergeInstrumentationAnalysisTransform
[        ] Transforming jaxb-runtime-2.3.2.jar (org.glassfish.jaxb:jaxb-runtime:2.3.2) with InstrumentationAnalysisTransform
[        ] Transforming apkzlib-8.3.0.jar (com.android.tools.build:apkzlib:8.3.0) with ExternalDependencyInstrumentingArtifactTransform
[        ] Transforming bcpkix-jdk15on-1.67.jar (org.bouncycastle:bcpkix-jdk15on:1.67) with ExternalDependencyInstrumentingArtifactTransform
[        ] Transforming jaxb-runtime-2.3.2.jar (org.glassfish.jaxb:jaxb-runtime:2.3.2) with MergeInstrumentationAnalysisTransform
[        ] Transforming jopt-simple-4.9.jar (net.sf.jopt-simple:jopt-simple:4.9) with InstrumentationAnalysisTransform
[        ] Transforming jopt-simple-4.9.jar (net.sf.jopt-simple:jopt-simple:4.9) with MergeInstrumentationAnalysisTransform
[        ] Transforming javapoet-1.10.0.jar (com.squareup:javapoet:1.10.0) with InstrumentationAnalysisTransform
[        ] Transforming javapoet-1.10.0.jar (com.squareup:javapoet:1.10.0) with MergeInstrumentationAnalysisTransform
[        ] Transforming protobuf-java-util-3.22.3.jar (com.google.protobuf:protobuf-java-util:3.22.3) with InstrumentationAnalysisTransform
[        ] Transforming jaxb-runtime-2.3.2.jar (org.glassfish.jaxb:jaxb-runtime:2.3.2) with ExternalDependencyInstrumentingArtifactTransform
[        ] Transforming protobuf-java-util-3.22.3.jar (com.google.protobuf:protobuf-java-util:3.22.3) with MergeInstrumentationAnalysisTransform
[        ] Transforming grpc-protobuf-1.57.0.jar (io.grpc:grpc-protobuf:1.57.0) with InstrumentationAnalysisTransform
[        ] Transforming jopt-simple-4.9.jar (net.sf.jopt-simple:jopt-simple:4.9) with ExternalDependencyInstrumentingArtifactTransform
[        ] Transforming protobuf-java-util-3.22.3.jar (com.google.protobuf:protobuf-java-util:3.22.3) with ExternalDependencyInstrumentingArtifactTransform
[        ] Transforming grpc-protobuf-1.57.0.jar (io.grpc:grpc-protobuf:1.57.0) with MergeInstrumentationAnalysisTransform
[        ] Transforming javapoet-1.10.0.jar (com.squareup:javapoet:1.10.0) with ExternalDependencyInstrumentingArtifactTransform
[        ] Transforming tink-1.7.0.jar (com.google.crypto.tink:tink:1.7.0) with InstrumentationAnalysisTransform
[        ] Transforming grpc-protobuf-1.57.0.jar (io.grpc:grpc-protobuf:1.57.0) with ExternalDependencyInstrumentingArtifactTransform
[        ] Transforming tink-1.7.0.jar (com.google.crypto.tink:tink:1.7.0) with MergeInstrumentationAnalysisTransform
[        ] Transforming protos-31.3.0.jar (com.android.tools.analytics-library:protos:31.3.0) with InstrumentationAnalysisTransform
[        ] Transforming tink-1.7.0.jar (com.google.crypto.tink:tink:1.7.0) with ExternalDependencyInstrumentingArtifactTransform
[        ] Transforming protos-31.3.0.jar (com.android.tools.analytics-library:protos:31.3.0) with MergeInstrumentationAnalysisTransform
[        ] Transforming proto-google-common-protos-2.17.0.jar (com.google.api.grpc:proto-google-common-protos:2.17.0) with InstrumentationAnalysisTransform
[        ] Transforming proto-google-common-protos-2.17.0.jar (com.google.api.grpc:proto-google-common-protos:2.17.0) with MergeInstrumentationAnalysisTransform
[        ] Transforming protobuf-java-3.22.3.jar (com.google.protobuf:protobuf-java:3.22.3) with InstrumentationAnalysisTransform
[        ] Transforming protos-31.3.0.jar (com.android.tools.analytics-library:protos:31.3.0) with ExternalDependencyInstrumentingArtifactTransform
[        ] Transforming protobuf-java-3.22.3.jar (com.google.protobuf:protobuf-java:3.22.3) with MergeInstrumentationAnalysisTransform
[        ] Transforming grpc-netty-1.57.0.jar (io.grpc:grpc-netty:1.57.0) with InstrumentationAnalysisTransform
[        ] Transforming protobuf-java-3.22.3.jar (com.google.protobuf:protobuf-java:3.22.3) with ExternalDependencyInstrumentingArtifactTransform
[        ] Transforming grpc-netty-1.57.0.jar (io.grpc:grpc-netty:1.57.0) with MergeInstrumentationAnalysisTransform
[        ] Transforming proto-google-common-protos-2.17.0.jar (com.google.api.grpc:proto-google-common-protos:2.17.0) with ExternalDependencyInstrumentingArtifactTransform
[        ] Transforming grpc-core-1.57.0.jar (io.grpc:grpc-core:1.57.0) with InstrumentationAnalysisTransform
[        ] Transforming grpc-netty-1.57.0.jar (io.grpc:grpc-netty:1.57.0) with ExternalDependencyInstrumentingArtifactTransform
[        ] Transforming grpc-core-1.57.0.jar (io.grpc:grpc-core:1.57.0) with MergeInstrumentationAnalysisTransform
[        ] Transforming gson-2.10.1.jar (com.google.code.gson:gson:2.10.1) with InstrumentationAnalysisTransform
[        ] Transforming grpc-core-1.57.0.jar (io.grpc:grpc-core:1.57.0) with ExternalDependencyInstrumentingArtifactTransform
[        ] Transforming gson-2.10.1.jar (com.google.code.gson:gson:2.10.1) with MergeInstrumentationAnalysisTransform
[        ] Transforming grpc-stub-1.57.0.jar (io.grpc:grpc-stub:1.57.0) with InstrumentationAnalysisTransform
[        ] Transforming grpc-stub-1.57.0.jar (io.grpc:grpc-stub:1.57.0) with MergeInstrumentationAnalysisTransform
[        ] Transforming core-proto-0.0.9-alpha02.jar (com.google.testing.platform:core-proto:0.0.9-alpha02) with InstrumentationAnalysisTransform
[        ] Transforming gson-2.10.1.jar (com.google.code.gson:gson:2.10.1) with ExternalDependencyInstrumentingArtifactTransform
[        ] Transforming grpc-stub-1.57.0.jar (io.grpc:grpc-stub:1.57.0) with ExternalDependencyInstrumentingArtifactTransform
[        ] Transforming core-proto-0.0.9-alpha02.jar (com.google.testing.platform:core-proto:0.0.9-alpha02) with MergeInstrumentationAnalysisTransform
[        ] Transforming kxml2-2.3.0.jar (net.sf.kxml:kxml2:2.3.0) with InstrumentationAnalysisTransform
[        ] Transforming kxml2-2.3.0.jar (net.sf.kxml:kxml2:2.3.0) with MergeInstrumentationAnalysisTransform
[        ] Transforming core-proto-0.0.9-alpha02.jar (com.google.testing.platform:core-proto:0.0.9-alpha02) with ExternalDependencyInstrumentingArtifactTransform
[        ] Transforming tensorflow-lite-metadata-0.1.0-rc2.jar (org.tensorflow:tensorflow-lite-metadata:0.1.0-rc2) with InstrumentationAnalysisTransform
[        ] Transforming kxml2-2.3.0.jar (net.sf.kxml:kxml2:2.3.0) with ExternalDependencyInstrumentingArtifactTransform
[        ] Transforming tensorflow-lite-metadata-0.1.0-rc2.jar (org.tensorflow:tensorflow-lite-metadata:0.1.0-rc2) with MergeInstrumentationAnalysisTransform
[        ] Transforming flatbuffers-java-1.12.0.jar (com.google.flatbuffers:flatbuffers-java:1.12.0) with InstrumentationAnalysisTransform
[        ] Transforming flatbuffers-java-1.12.0.jar (com.google.flatbuffers:flatbuffers-java:1.12.0) with MergeInstrumentationAnalysisTransform
[        ] Transforming jimfs-1.1.jar (com.google.jimfs:jimfs:1.1) with InstrumentationAnalysisTransform
[        ] Transforming tensorflow-lite-metadata-0.1.0-rc2.jar (org.tensorflow:tensorflow-lite-metadata:0.1.0-rc2) with ExternalDependencyInstrumentingArtifactTransform
[        ] Transforming flatbuffers-java-1.12.0.jar (com.google.flatbuffers:flatbuffers-java:1.12.0) with ExternalDependencyInstrumentingArtifactTransform
[        ] Transforming jimfs-1.1.jar (com.google.jimfs:jimfs:1.1) with MergeInstrumentationAnalysisTransform
[        ] Transforming grpc-context-1.57.0.jar (io.grpc:grpc-context:1.57.0) with InstrumentationAnalysisTransform
[        ] Transforming grpc-context-1.57.0.jar (io.grpc:grpc-context:1.57.0) with MergeInstrumentationAnalysisTransform
[        ] Transforming jimfs-1.1.jar (com.google.jimfs:jimfs:1.1) with ExternalDependencyInstrumentingArtifactTransform
[        ] Transforming grpc-protobuf-lite-1.57.0.jar (io.grpc:grpc-protobuf-lite:1.57.0) with InstrumentationAnalysisTransform
[        ] Transforming grpc-context-1.57.0.jar (io.grpc:grpc-context:1.57.0) with ExternalDependencyInstrumentingArtifactTransform
[        ] Transforming grpc-protobuf-lite-1.57.0.jar (io.grpc:grpc-protobuf-lite:1.57.0) with MergeInstrumentationAnalysisTransform
[        ] Transforming grpc-api-1.57.0.jar (io.grpc:grpc-api:1.57.0) with InstrumentationAnalysisTransform
[        ] Transforming grpc-api-1.57.0.jar (io.grpc:grpc-api:1.57.0) with MergeInstrumentationAnalysisTransform
[        ] Transforming grpc-protobuf-lite-1.57.0.jar (io.grpc:grpc-protobuf-lite:1.57.0) with ExternalDependencyInstrumentingArtifactTransform
[        ] Transforming grpc-api-1.57.0.jar (io.grpc:grpc-api:1.57.0) with ExternalDependencyInstrumentingArtifactTransform
[        ] Transforming guava-32.0.1-jre.jar (com.google.guava:guava:32.0.1-jre) with InstrumentationAnalysisTransform
[        ] Transforming guava-32.0.1-jre.jar (com.google.guava:guava:32.0.1-jre) with MergeInstrumentationAnalysisTransform
[        ] Transforming dagger-2.28.3.jar (com.google.dagger:dagger:2.28.3) with InstrumentationAnalysisTransform
[        ] Transforming dagger-2.28.3.jar (com.google.dagger:dagger:2.28.3) with MergeInstrumentationAnalysisTransform
[        ] Transforming javax.inject-1.jar (javax.inject:javax.inject:1) with InstrumentationAnalysisTransform
[        ] Transforming guava-32.0.1-jre.jar (com.google.guava:guava:32.0.1-jre) with ExternalDependencyInstrumentingArtifactTransform
[        ] Transforming dagger-2.28.3.jar (com.google.dagger:dagger:2.28.3) with ExternalDependencyInstrumentingArtifactTransform
[        ] Transforming javax.inject-1.jar (javax.inject:javax.inject:1) with MergeInstrumentationAnalysisTransform
[        ] Transforming bcprov-jdk15on-1.67.jar (org.bouncycastle:bcprov-jdk15on:1.67) with InstrumentationAnalysisTransform
[        ] Transforming bcprov-jdk15on-1.67.jar (org.bouncycastle:bcprov-jdk15on:1.67) with MergeInstrumentationAnalysisTransform
[        ] Transforming trove4j-1.0.20200330.jar (org.jetbrains.intellij.deps:trove4j:1.0.20200330) with InstrumentationAnalysisTransform
[        ] Transforming trove4j-1.0.20200330.jar (org.jetbrains.intellij.deps:trove4j:1.0.20200330) with MergeInstrumentationAnalysisTransform
[        ] Transforming javax.inject-1.jar (javax.inject:javax.inject:1) with ExternalDependencyInstrumentingArtifactTransform
[        ] Transforming trove4j-1.0.20200330.jar (org.jetbrains.intellij.deps:trove4j:1.0.20200330) with ExternalDependencyInstrumentingArtifactTransform
[        ] Transforming bcprov-jdk15on-1.67.jar (org.bouncycastle:bcprov-jdk15on:1.67) with ExternalDependencyInstrumentingArtifactTransform
[        ] Transforming commons-compress-1.21.jar (org.apache.commons:commons-compress:1.21) with InstrumentationAnalysisTransform
[        ] Transforming commons-compress-1.21.jar (org.apache.commons:commons-compress:1.21) with MergeInstrumentationAnalysisTransform
[        ] Transforming httpclient-4.5.14.jar (org.apache.httpcomponents:httpclient:4.5.14) with InstrumentationAnalysisTransform
[        ] Transforming httpclient-4.5.14.jar (org.apache.httpcomponents:httpclient:4.5.14) with MergeInstrumentationAnalysisTransform
[        ] Transforming commons-compress-1.21.jar (org.apache.commons:commons-compress:1.21) with ExternalDependencyInstrumentingArtifactTransform
[        ] Transforming httpcore-4.4.16.jar (org.apache.httpcomponents:httpcore:4.4.16) with InstrumentationAnalysisTransform
[        ] Transforming httpclient-4.5.14.jar (org.apache.httpcomponents:httpclient:4.5.14) with ExternalDependencyInstrumentingArtifactTransform
[        ] Transforming httpcore-4.4.16.jar (org.apache.httpcomponents:httpcore:4.4.16) with MergeInstrumentationAnalysisTransform
[        ] Transforming javax.activation-1.2.0.jar (com.sun.activation:javax.activation:1.2.0) with InstrumentationAnalysisTransform
[        ] Transforming javax.activation-1.2.0.jar (com.sun.activation:javax.activation:1.2.0) with MergeInstrumentationAnalysisTransform
[        ] Transforming annotations-23.0.0.jar (org.jetbrains:annotations:23.0.0) with InstrumentationAnalysisTransform
[        ] Transforming httpcore-4.4.16.jar (org.apache.httpcomponents:httpcore:4.4.16) with ExternalDependencyInstrumentingArtifactTransform
[        ] Transforming annotations-23.0.0.jar (org.jetbrains:annotations:23.0.0) with MergeInstrumentationAnalysisTransform
[        ] Transforming signflinger-8.3.0.jar (com.android:signflinger:8.3.0) with InstrumentationAnalysisTransform
[        ] Transforming javax.activation-1.2.0.jar (com.sun.activation:javax.activation:1.2.0) with ExternalDependencyInstrumentingArtifactTransform
[        ] Transforming annotations-23.0.0.jar (org.jetbrains:annotations:23.0.0) with ExternalDependencyInstrumentingArtifactTransform
[        ] Transforming signflinger-8.3.0.jar (com.android:signflinger:8.3.0) with MergeInstrumentationAnalysisTransform
[        ] Transforming zipflinger-8.3.0.jar (com.android:zipflinger:8.3.0) with InstrumentationAnalysisTransform
[        ] Transforming zipflinger-8.3.0.jar (com.android:zipflinger:8.3.0) with MergeInstrumentationAnalysisTransform
[        ] Transforming annotations-31.3.0.jar (com.android.tools:annotations:31.3.0) with InstrumentationAnalysisTransform
[        ] Transforming signflinger-8.3.0.jar (com.android:signflinger:8.3.0) with ExternalDependencyInstrumentingArtifactTransform
[        ] Transforming zipflinger-8.3.0.jar (com.android:zipflinger:8.3.0) with ExternalDependencyInstrumentingArtifactTransform
[        ] Transforming annotations-31.3.0.jar (com.android.tools:annotations:31.3.0) with MergeInstrumentationAnalysisTransform
[        ] Transforming jna-platform-5.6.0.jar (net.java.dev.jna:jna-platform:5.6.0) with InstrumentationAnalysisTransform
[        ] Transforming jna-platform-5.6.0.jar (net.java.dev.jna:jna-platform:5.6.0) with MergeInstrumentationAnalysisTransform
[        ] Transforming annotations-31.3.0.jar (com.android.tools:annotations:31.3.0) with ExternalDependencyInstrumentingArtifactTransform
[        ] Transforming jna-platform-5.6.0.jar (net.java.dev.jna:jna-platform:5.6.0) with ExternalDependencyInstrumentingArtifactTransform
[        ] Transforming juniversalchardet-1.0.3.jar (com.googlecode.juniversalchardet:juniversalchardet:1.0.3) with InstrumentationAnalysisTransform
[        ] Transforming juniversalchardet-1.0.3.jar (com.googlecode.juniversalchardet:juniversalchardet:1.0.3) with MergeInstrumentationAnalysisTransform
[        ] Transforming javax.annotation-api-1.3.2.jar (javax.annotation:javax.annotation-api:1.3.2) with InstrumentationAnalysisTransform
[        ] Transforming javax.annotation-api-1.3.2.jar (javax.annotation:javax.annotation-api:1.3.2) with MergeInstrumentationAnalysisTransform
[        ] Transforming stax-ex-1.8.1.jar (org.jvnet.staxex:stax-ex:1.8.1) with InstrumentationAnalysisTransform
[        ] Transforming juniversalchardet-1.0.3.jar (com.googlecode.juniversalchardet:juniversalchardet:1.0.3) with ExternalDependencyInstrumentingArtifactTransform
[        ] Transforming stax-ex-1.8.1.jar (org.jvnet.staxex:stax-ex:1.8.1) with MergeInstrumentationAnalysisTransform
[        ] Transforming javax.annotation-api-1.3.2.jar (javax.annotation:javax.annotation-api:1.3.2) with ExternalDependencyInstrumentingArtifactTransform
[        ] Transforming jakarta.xml.bind-api-2.3.2.jar (jakarta.xml.bind:jakarta.xml.bind-api:2.3.2) with InstrumentationAnalysisTransform
[        ] Transforming stax-ex-1.8.1.jar (org.jvnet.staxex:stax-ex:1.8.1) with ExternalDependencyInstrumentingArtifactTransform
[        ] Transforming jakarta.xml.bind-api-2.3.2.jar (jakarta.xml.bind:jakarta.xml.bind-api:2.3.2) with MergeInstrumentationAnalysisTransform
[        ] Transforming txw2-2.3.2.jar (org.glassfish.jaxb:txw2:2.3.2) with InstrumentationAnalysisTransform
[        ] Transforming txw2-2.3.2.jar (org.glassfish.jaxb:txw2:2.3.2) with MergeInstrumentationAnalysisTransform
[        ] Transforming jakarta.xml.bind-api-2.3.2.jar (jakarta.xml.bind:jakarta.xml.bind-api:2.3.2) with ExternalDependencyInstrumentingArtifactTransform
[        ] Transforming istack-commons-runtime-3.0.8.jar (com.sun.istack:istack-commons-runtime:3.0.8) with InstrumentationAnalysisTransform
[        ] Transforming txw2-2.3.2.jar (org.glassfish.jaxb:txw2:2.3.2) with ExternalDependencyInstrumentingArtifactTransform
[        ] Transforming istack-commons-runtime-3.0.8.jar (com.sun.istack:istack-commons-runtime:3.0.8) with MergeInstrumentationAnalysisTransform
[        ] Transforming FastInfoset-1.2.16.jar (com.sun.xml.fastinfoset:FastInfoset:1.2.16) with InstrumentationAnalysisTransform
[        ] Transforming FastInfoset-1.2.16.jar (com.sun.xml.fastinfoset:FastInfoset:1.2.16) with MergeInstrumentationAnalysisTransform
[        ] Transforming istack-commons-runtime-3.0.8.jar (com.sun.istack:istack-commons-runtime:3.0.8) with ExternalDependencyInstrumentingArtifactTransform
[        ] Transforming jakarta.activation-api-1.2.1.jar (jakarta.activation:jakarta.activation-api:1.2.1) with InstrumentationAnalysisTransform
[        ] Transforming FastInfoset-1.2.16.jar (com.sun.xml.fastinfoset:FastInfoset:1.2.16) with ExternalDependencyInstrumentingArtifactTransform
[        ] Transforming jakarta.activation-api-1.2.1.jar (jakarta.activation:jakarta.activation-api:1.2.1) with MergeInstrumentationAnalysisTransform
[        ] Transforming auto-value-annotations-1.6.2.jar (com.google.auto.value:auto-value-annotations:1.6.2) with InstrumentationAnalysisTransform
[        ] Transforming auto-value-annotations-1.6.2.jar (com.google.auto.value:auto-value-annotations:1.6.2) with MergeInstrumentationAnalysisTransform
[        ] Transforming jakarta.activation-api-1.2.1.jar (jakarta.activation:jakarta.activation-api:1.2.1) with ExternalDependencyInstrumentingArtifactTransform
[        ] Transforming auto-value-annotations-1.6.2.jar (com.google.auto.value:auto-value-annotations:1.6.2) with ExternalDependencyInstrumentingArtifactTransform
[        ] Transforming error_prone_annotations-2.18.0.jar (com.google.errorprone:error_prone_annotations:2.18.0) with InstrumentationAnalysisTransform
[        ] Transforming error_prone_annotations-2.18.0.jar (com.google.errorprone:error_prone_annotations:2.18.0) with MergeInstrumentationAnalysisTransform
[        ] Transforming jose4j-0.7.0.jar (org.bitbucket.b_c:jose4j:0.7.0) with InstrumentationAnalysisTransform
[        ] Transforming jose4j-0.7.0.jar (org.bitbucket.b_c:jose4j:0.7.0) with MergeInstrumentationAnalysisTransform
[        ] Transforming slf4j-api-1.7.30.jar (org.slf4j:slf4j-api:1.7.30) with InstrumentationAnalysisTransform
[        ] Transforming slf4j-api-1.7.30.jar (org.slf4j:slf4j-api:1.7.30) with MergeInstrumentationAnalysisTransform
[   +4 ms] Transforming jose4j-0.7.0.jar (org.bitbucket.b_c:jose4j:0.7.0) with ExternalDependencyInstrumentingArtifactTransform
[        ] Transforming error_prone_annotations-2.18.0.jar (com.google.errorprone:error_prone_annotations:2.18.0) with ExternalDependencyInstrumentingArtifactTransform
[        ] Transforming slf4j-api-1.7.30.jar (org.slf4j:slf4j-api:1.7.30) with ExternalDependencyInstrumentingArtifactTransform
[        ] Transforming jdom2-2.0.6.jar (org.jdom:jdom2:2.0.6) with InstrumentationAnalysisTransform
[        ] Transforming jdom2-2.0.6.jar (org.jdom:jdom2:2.0.6) with MergeInstrumentationAnalysisTransform
[        ] Transforming jsr305-3.0.2.jar (com.google.code.findbugs:jsr305:3.0.2) with InstrumentationAnalysisTransform
[        ] Transforming jsr305-3.0.2.jar (com.google.code.findbugs:jsr305:3.0.2) with MergeInstrumentationAnalysisTransform
[        ] Transforming j2objc-annotations-2.8.jar (com.google.j2objc:j2objc-annotations:2.8) with InstrumentationAnalysisTransform
[        ] Transforming jdom2-2.0.6.jar (org.jdom:jdom2:2.0.6) with ExternalDependencyInstrumentingArtifactTransform
[        ] Transforming j2objc-annotations-2.8.jar (com.google.j2objc:j2objc-annotations:2.8) with MergeInstrumentationAnalysisTransform
[        ] Transforming annotations-4.1.1.4.jar (com.google.android:annotations:4.1.1.4) with InstrumentationAnalysisTransform
[        ] Transforming jsr305-3.0.2.jar (com.google.code.findbugs:jsr305:3.0.2) with ExternalDependencyInstrumentingArtifactTransform
[        ] Transforming annotations-4.1.1.4.jar (com.google.android:annotations:4.1.1.4) with MergeInstrumentationAnalysisTransform
[        ] Transforming j2objc-annotations-2.8.jar (com.google.j2objc:j2objc-annotations:2.8) with ExternalDependencyInstrumentingArtifactTransform
[        ] Transforming annotations-4.1.1.4.jar (com.google.android:annotations:4.1.1.4) with ExternalDependencyInstrumentingArtifactTransform
[        ] Transforming animal-sniffer-annotations-1.23.jar (org.codehaus.mojo:animal-sniffer-annotations:1.23) with InstrumentationAnalysisTransform
[        ] Transforming animal-sniffer-annotations-1.23.jar (org.codehaus.mojo:animal-sniffer-annotations:1.23) with MergeInstrumentationAnalysisTransform
[        ] Transforming perfmark-api-0.26.0.jar (io.perfmark:perfmark-api:0.26.0) with InstrumentationAnalysisTransform
[        ] Transforming perfmark-api-0.26.0.jar (io.perfmark:perfmark-api:0.26.0) with MergeInstrumentationAnalysisTransform
[        ] Transforming netty-codec-http2-4.1.93.Final.jar (io.netty:netty-codec-http2:4.1.93.Final) with InstrumentationAnalysisTransform
[        ] Transforming perfmark-api-0.26.0.jar (io.perfmark:perfmark-api:0.26.0) with ExternalDependencyInstrumentingArtifactTransform
[        ] Transforming netty-codec-http2-4.1.93.Final.jar (io.netty:netty-codec-http2:4.1.93.Final) with MergeInstrumentationAnalysisTransform
[        ] Transforming animal-sniffer-annotations-1.23.jar (org.codehaus.mojo:animal-sniffer-annotations:1.23) with ExternalDependencyInstrumentingArtifactTransform
[        ] Transforming netty-handler-proxy-4.1.93.Final.jar (io.netty:netty-handler-proxy:4.1.93.Final) with InstrumentationAnalysisTransform
[        ] Transforming netty-handler-proxy-4.1.93.Final.jar (io.netty:netty-handler-proxy:4.1.93.Final) with MergeInstrumentationAnalysisTransform
[        ] Transforming netty-codec-http2-4.1.93.Final.jar (io.netty:netty-codec-http2:4.1.93.Final) with ExternalDependencyInstrumentingArtifactTransform
[        ] Transforming netty-handler-proxy-4.1.93.Final.jar (io.netty:netty-handler-proxy:4.1.93.Final) with ExternalDependencyInstrumentingArtifactTransform
[        ] Transforming netty-codec-http-4.1.93.Final.jar (io.netty:netty-codec-http:4.1.93.Final) with InstrumentationAnalysisTransform
[        ] Transforming netty-codec-http-4.1.93.Final.jar (io.netty:netty-codec-http:4.1.93.Final) with MergeInstrumentationAnalysisTransform
[        ] Transforming netty-handler-4.1.93.Final.jar (io.netty:netty-handler:4.1.93.Final) with InstrumentationAnalysisTransform
[        ] Transforming netty-handler-4.1.93.Final.jar (io.netty:netty-handler:4.1.93.Final) with MergeInstrumentationAnalysisTransform
[        ] Transforming netty-codec-http-4.1.93.Final.jar (io.netty:netty-codec-http:4.1.93.Final) with ExternalDependencyInstrumentingArtifactTransform
[        ] Transforming netty-transport-native-unix-common-4.1.93.Final.jar (io.netty:netty-transport-native-unix-common:4.1.93.Final) with InstrumentationAnalysisTransform
[        ] Transforming netty-handler-4.1.93.Final.jar (io.netty:netty-handler:4.1.93.Final) with ExternalDependencyInstrumentingArtifactTransform
[        ] Transforming netty-transport-native-unix-common-4.1.93.Final.jar (io.netty:netty-transport-native-unix-common:4.1.93.Final) with MergeInstrumentationAnalysisTransform
[        ] Transforming checker-qual-3.33.0.jar (org.checkerframework:checker-qual:3.33.0) with InstrumentationAnalysisTransform
[        ] Transforming netty-transport-native-unix-common-4.1.93.Final.jar (io.netty:netty-transport-native-unix-common:4.1.93.Final) with ExternalDependencyInstrumentingArtifactTransform
[        ] Transforming checker-qual-3.33.0.jar (org.checkerframework:checker-qual:3.33.0) with MergeInstrumentationAnalysisTransform
[        ] Transforming commons-codec-1.11.jar (commons-codec:commons-codec:1.11) with InstrumentationAnalysisTransform
[        ] Transforming commons-codec-1.11.jar (commons-codec:commons-codec:1.11) with MergeInstrumentationAnalysisTransform
[        ] Transforming checker-qual-3.33.0.jar (org.checkerframework:checker-qual:3.33.0) with ExternalDependencyInstrumentingArtifactTransform
[        ] Transforming apksig-8.3.0.jar (com.android.tools.build:apksig:8.3.0) with InstrumentationAnalysisTransform
[        ] Transforming commons-codec-1.11.jar (commons-codec:commons-codec:1.11) with ExternalDependencyInstrumentingArtifactTransform
[        ] Transforming apksig-8.3.0.jar (com.android.tools.build:apksig:8.3.0) with MergeInstrumentationAnalysisTransform
[        ] Transforming javawriter-2.5.0.jar (com.squareup:javawriter:2.5.0) with InstrumentationAnalysisTransform
[        ] Transforming javawriter-2.5.0.jar (com.squareup:javawriter:2.5.0) with MergeInstrumentationAnalysisTransform
[        ] Transforming apksig-8.3.0.jar (com.android.tools.build:apksig:8.3.0) with ExternalDependencyInstrumentingArtifactTransform
[        ] Transforming failureaccess-1.0.1.jar (com.google.guava:failureaccess:1.0.1) with InstrumentationAnalysisTransform
[        ] Transforming javawriter-2.5.0.jar (com.squareup:javawriter:2.5.0) with ExternalDependencyInstrumentingArtifactTransform
[        ] Transforming failureaccess-1.0.1.jar (com.google.guava:failureaccess:1.0.1) with MergeInstrumentationAnalysisTransform
[        ] Transforming listenablefuture-9999.0-empty-to-avoid-conflict-with-guava.jar (com.google.guava:listenablefuture:9999.0-empty-to-avoid-conflict-with-guava) with InstrumentationAnalysisTransform
[        ] Transforming failureaccess-1.0.1.jar (com.google.guava:failureaccess:1.0.1) with ExternalDependencyInstrumentingArtifactTransform
[        ] Transforming listenablefuture-9999.0-empty-to-avoid-conflict-with-guava.jar (com.google.guava:listenablefuture:9999.0-empty-to-avoid-conflict-with-guava) with MergeInstrumentationAnalysisTransform
[        ] Transforming commons-logging-1.2.jar (commons-logging:commons-logging:1.2) with InstrumentationAnalysisTransform
[        ] Transforming commons-logging-1.2.jar (commons-logging:commons-logging:1.2) with MergeInstrumentationAnalysisTransform
[        ] Transforming listenablefuture-9999.0-empty-to-avoid-conflict-with-guava.jar (com.google.guava:listenablefuture:9999.0-empty-to-avoid-conflict-with-guava) with ExternalDependencyInstrumentingArtifactTransform
[        ] Transforming jna-5.6.0.jar (net.java.dev.jna:jna:5.6.0) with InstrumentationAnalysisTransform
[        ] Transforming commons-logging-1.2.jar (commons-logging:commons-logging:1.2) with ExternalDependencyInstrumentingArtifactTransform
[        ] Transforming jna-5.6.0.jar (net.java.dev.jna:jna:5.6.0) with MergeInstrumentationAnalysisTransform
[        ] Transforming netty-codec-socks-4.1.93.Final.jar (io.netty:netty-codec-socks:4.1.93.Final) with InstrumentationAnalysisTransform
[        ] Transforming netty-codec-socks-4.1.93.Final.jar (io.netty:netty-codec-socks:4.1.93.Final) with MergeInstrumentationAnalysisTransform
[        ] Transforming jna-5.6.0.jar (net.java.dev.jna:jna:5.6.0) with ExternalDependencyInstrumentingArtifactTransform
[        ] Transforming netty-codec-4.1.93.Final.jar (io.netty:netty-codec:4.1.93.Final) with InstrumentationAnalysisTransform
[        ] Transforming netty-codec-socks-4.1.93.Final.jar (io.netty:netty-codec-socks:4.1.93.Final) with ExternalDependencyInstrumentingArtifactTransform
[        ] Transforming netty-codec-4.1.93.Final.jar (io.netty:netty-codec:4.1.93.Final) with MergeInstrumentationAnalysisTransform
[        ] Transforming netty-transport-4.1.93.Final.jar (io.netty:netty-transport:4.1.93.Final) with InstrumentationAnalysisTransform
[        ] Transforming netty-codec-4.1.93.Final.jar (io.netty:netty-codec:4.1.93.Final) with ExternalDependencyInstrumentingArtifactTransform
[        ] Transforming netty-transport-4.1.93.Final.jar (io.netty:netty-transport:4.1.93.Final) with MergeInstrumentationAnalysisTransform
[        ] Transforming netty-buffer-4.1.93.Final.jar (io.netty:netty-buffer:4.1.93.Final) with InstrumentationAnalysisTransform
[        ] Transforming netty-transport-4.1.93.Final.jar (io.netty:netty-transport:4.1.93.Final) with ExternalDependencyInstrumentingArtifactTransform
[        ] Transforming netty-buffer-4.1.93.Final.jar (io.netty:netty-buffer:4.1.93.Final) with MergeInstrumentationAnalysisTransform
[        ] Transforming netty-resolver-4.1.93.Final.jar (io.netty:netty-resolver:4.1.93.Final) with InstrumentationAnalysisTransform
[        ] Transforming netty-resolver-4.1.93.Final.jar (io.netty:netty-resolver:4.1.93.Final) with MergeInstrumentationAnalysisTransform
[        ] Transforming netty-common-4.1.93.Final.jar (io.netty:netty-common:4.1.93.Final) with InstrumentationAnalysisTransform
[        ] Transforming netty-buffer-4.1.93.Final.jar (io.netty:netty-buffer:4.1.93.Final) with ExternalDependencyInstrumentingArtifactTransform
[        ] Transforming netty-common-4.1.93.Final.jar (io.netty:netty-common:4.1.93.Final) with MergeInstrumentationAnalysisTransform
[        ] Transforming netty-resolver-4.1.93.Final.jar (io.netty:netty-resolver:4.1.93.Final) with ExternalDependencyInstrumentingArtifactTransform
[        ] Transforming netty-common-4.1.93.Final.jar (io.netty:netty-common:4.1.93.Final) with ExternalDependencyInstrumentingArtifactTransform
[        ] Using default execution profile
[  +51 ms] > Configure project :firebase_core
[        ] Evaluating project ':firebase_core' using build file 'C:\Users\ardaa\AppData\Local\Pub\Cache\hosted\pub.dev\firebase_core-4.6.0\android\build.gradle'.
[        ] Using default execution profile
[ +107 ms] > Configure project :flutter_local_notifications
[        ] Evaluating project ':flutter_local_notifications' using build file 'C:\Users\ardaa\AppData\Local\Pub\Cache\hosted\pub.dev\flutter_local_notifications-19.5.0\android\build.gradle'.
[        ] Transforming gradle-8.6.0.jar (com.android.tools.build:gradle:8.6.0) with InstrumentationAnalysisTransform
[        ] Transforming gradle-settings-api-8.6.0.jar (com.android.tools.build:gradle-settings-api:8.6.0) with InstrumentationAnalysisTransform
[        ] Transforming lint-model-31.6.0.jar (com.android.tools.lint:lint-model:31.6.0) with InstrumentationAnalysisTransform
[        ] Transforming builder-8.6.0.jar (com.android.tools.build:builder:8.6.0) with InstrumentationAnalysisTransform
[        ] Transforming manifest-merger-31.6.0.jar (com.android.tools.build:manifest-merger:31.6.0) with InstrumentationAnalysisTransform
[        ] Transforming sdk-common-31.6.0.jar (com.android.tools:sdk-common:31.6.0) with InstrumentationAnalysisTransform
[        ] Transforming sdklib-31.6.0.jar (com.android.tools:sdklib:31.6.0) with InstrumentationAnalysisTransform
[        ] Transforming repository-31.6.0.jar (com.android.tools:repository:31.6.0) with InstrumentationAnalysisTransform
[        ] Transforming gradle-api-8.6.0.jar (com.android.tools.build:gradle-api:8.6.0) with InstrumentationAnalysisTransform
[        ] Transforming builder-test-api-8.6.0.jar (com.android.tools.build:builder-test-api:8.6.0) with InstrumentationAnalysisTransform
[        ] Transforming ddmlib-31.6.0.jar (com.android.tools.ddms:ddmlib:31.6.0) with InstrumentationAnalysisTransform
[        ] Transforming aaptcompiler-8.6.0.jar (com.android.tools.build:aaptcompiler:8.6.0) with InstrumentationAnalysisTransform
[        ] Transforming bundletool-1.16.0.jar (com.android.tools.build:bundletool:1.16.0) with InstrumentationAnalysisTransform
[        ] Transforming aapt2-proto-8.6.0-11315950.jar (com.android.tools.build:aapt2-proto:8.6.0-11315950) with InstrumentationAnalysisTransform
[        ] Transforming crash-31.6.0.jar (com.android.tools.analytics-library:crash:31.6.0) with InstrumentationAnalysisTransform
[        ] Transforming tracker-31.6.0.jar (com.android.tools.analytics-library:tracker:31.6.0) with InstrumentationAnalysisTransform
[        ] Transforming shared-31.6.0.jar (com.android.tools.analytics-library:shared:31.6.0) with InstrumentationAnalysisTransform
[        ] Transforming lint-typedef-remover-31.6.0.jar (com.android.tools.lint:lint-typedef-remover:31.6.0) with InstrumentationAnalysisTransform
[        ] Transforming databinding-compiler-common-8.6.0.jar (androidx.databinding:databinding-compiler-common:8.6.0) with InstrumentationAnalysisTransform
[        ] Transforming databinding-common-8.6.0.jar (androidx.databinding:databinding-common:8.6.0) with InstrumentationAnalysisTransform
[        ] Transforming baseLibrary-8.6.0.jar (com.android.databinding:baseLibrary:8.6.0) with InstrumentationAnalysisTransform
[        ] Transforming layoutlib-api-31.6.0.jar (com.android.tools.layoutlib:layoutlib-api:31.6.0) with InstrumentationAnalysisTransform
[        ] Transforming android-device-provider-ddmlib-proto-31.6.0.jar (com.android.tools.utp:android-device-provider-ddmlib-proto:31.6.0) with InstrumentationAnalysisTransform
[        ] Transforming android-device-provider-gradle-proto-31.6.0.jar (com.android.tools.utp:android-device-provider-gradle-proto:31.6.0) with InstrumentationAnalysisTransform
[        ] Transforming android-test-plugin-host-additional-test-output-proto-31.6.0.jar (com.android.tools.utp:android-test-plugin-host-additional-test-output-proto:31.6.0) with InstrumentationAnalysisTransform
[        ] Transforming android-test-plugin-host-coverage-proto-31.6.0.jar (com.android.tools.utp:android-test-plugin-host-coverage-proto:31.6.0) with InstrumentationAnalysisTransform
[        ] Transforming android-test-plugin-host-emulator-control-proto-31.6.0.jar (com.android.tools.utp:android-test-plugin-host-emulator-control-proto:31.6.0) with InstrumentationAnalysisTransform
[        ] Transforming android-test-plugin-host-logcat-proto-31.6.0.jar (com.android.tools.utp:android-test-plugin-host-logcat-proto:31.6.0) with InstrumentationAnalysisTransform
[        ] Transforming android-test-plugin-host-apk-installer-proto-31.6.0.jar (com.android.tools.utp:android-test-plugin-host-apk-installer-proto:31.6.0) with InstrumentationAnalysisTransform
[        ] Transforming android-test-plugin-host-retention-proto-31.6.0.jar (com.android.tools.utp:android-test-plugin-host-retention-proto:31.6.0) with InstrumentationAnalysisTransform
[        ] Transforming android-test-plugin-result-listener-gradle-proto-31.6.0.jar (com.android.tools.utp:android-test-plugin-result-listener-gradle-proto:31.6.0) with InstrumentationAnalysisTransform
[        ] Transforming builder-model-8.6.0.jar (com.android.tools.build:builder-model:8.6.0) with InstrumentationAnalysisTransform
[        ] Transforming dvlib-31.6.0.jar (com.android.tools:dvlib:31.6.0) with InstrumentationAnalysisTransform
[        ] Transforming common-31.6.0.jar (com.android.tools:common:31.6.0) with InstrumentationAnalysisTransform
[        ] Transforming jetifier-processor-1.0.0-beta10.jar (com.android.tools.build.jetifier:jetifier-processor:1.0.0-beta10) with InstrumentationAnalysisTransform
[        ] Transforming jetifier-core-1.0.0-beta10.jar (com.android.tools.build.jetifier:jetifier-core:1.0.0-beta10) with InstrumentationAnalysisTransform
[        ] Transforming kotlin-reflect-1.9.20.jar (org.jetbrains.kotlin:kotlin-reflect:1.9.20) with InstrumentationAnalysisTransform
[        ] Transforming kotlin-stdlib-jdk7-1.9.20.jar (org.jetbrains.kotlin:kotlin-stdlib-jdk7:1.9.20) with InstrumentationAnalysisTransform
[        ] Transforming kotlin-stdlib-1.9.20.jar (org.jetbrains.kotlin:kotlin-stdlib:1.9.20) with InstrumentationAnalysisTransform
[        ] Transforming kotlin-stdlib-jdk8-1.9.20.jar (org.jetbrains.kotlin:kotlin-stdlib-jdk8:1.9.20) with InstrumentationAnalysisTransform
[        ] Transforming transform-api-2.0.0-deprecated-use-gradle-api.jar (com.android.tools.build:transform-api:2.0.0-deprecated-use-gradle-api) with InstrumentationAnalysisTransform
[        ] Transforming httpmime-4.5.6.jar (org.apache.httpcomponents:httpmime:4.5.6) with InstrumentationAnalysisTransform
[        ] Transforming commons-io-2.13.0.jar (commons-io:commons-io:2.13.0) with InstrumentationAnalysisTransform
[        ] Transforming asm-commons-9.6.jar (org.ow2.asm:asm-commons:9.6) with InstrumentationAnalysisTransform
[        ] Transforming asm-util-9.6.jar (org.ow2.asm:asm-util:9.6) with InstrumentationAnalysisTransform
[        ] Transforming asm-analysis-9.6.jar (org.ow2.asm:asm-analysis:9.6) with InstrumentationAnalysisTransform
[        ] Transforming asm-tree-9.6.jar (org.ow2.asm:asm-tree:9.6) with InstrumentationAnalysisTransform
[        ] Transforming asm-9.6.jar (org.ow2.asm:asm:9.6) with InstrumentationAnalysisTransform
[        ] Transforming apkzlib-8.6.0.jar (com.android.tools.build:apkzlib:8.6.0) with InstrumentationAnalysisTransform
[        ] Transforming bcpkix-jdk18on-1.77.jar (org.bouncycastle:bcpkix-jdk18on:1.77) with InstrumentationAnalysisTransform
[        ] Transforming jaxb-runtime-2.3.2.jar (org.glassfish.jaxb:jaxb-runtime:2.3.2) with InstrumentationAnalysisTransform
[        ] Transforming jopt-simple-4.9.jar (net.sf.jopt-simple:jopt-simple:4.9) with InstrumentationAnalysisTransform
[        ] Transforming javapoet-1.10.0.jar (com.squareup:javapoet:1.10.0) with InstrumentationAnalysisTransform
[        ] Transforming protobuf-java-util-3.22.3.jar (com.google.protobuf:protobuf-java-util:3.22.3) with InstrumentationAnalysisTransform
[        ] Transforming grpc-protobuf-1.57.0.jar (io.grpc:grpc-protobuf:1.57.0) with InstrumentationAnalysisTransform
[        ] Transforming tink-1.7.0.jar (com.google.crypto.tink:tink:1.7.0) with InstrumentationAnalysisTransform
[        ] Transforming protos-31.6.0.jar (com.android.tools.analytics-library:protos:31.6.0) with InstrumentationAnalysisTransform
[        ] Transforming proto-google-common-protos-2.17.0.jar (com.google.api.grpc:proto-google-common-protos:2.17.0) with InstrumentationAnalysisTransform
[        ] Transforming protobuf-java-3.22.3.jar (com.google.protobuf:protobuf-java:3.22.3) with InstrumentationAnalysisTransform
[        ] Transforming grpc-netty-1.57.0.jar (io.grpc:grpc-netty:1.57.0) with InstrumentationAnalysisTransform
[        ] Transforming grpc-core-1.57.0.jar (io.grpc:grpc-core:1.57.0) with InstrumentationAnalysisTransform
[        ] Transforming gson-2.10.1.jar (com.google.code.gson:gson:2.10.1) with InstrumentationAnalysisTransform
[        ] Transforming grpc-stub-1.57.0.jar (io.grpc:grpc-stub:1.57.0) with InstrumentationAnalysisTransform
[        ] Transforming core-proto-0.0.9-alpha02.jar (com.google.testing.platform:core-proto:0.0.9-alpha02) with InstrumentationAnalysisTransform
[        ] Transforming kxml2-2.3.0.jar (net.sf.kxml:kxml2:2.3.0) with InstrumentationAnalysisTransform
[        ] Transforming tensorflow-lite-metadata-0.1.0-rc2.jar (org.tensorflow:tensorflow-lite-metadata:0.1.0-rc2) with InstrumentationAnalysisTransform
[        ] Transforming flatbuffers-java-1.12.0.jar (com.google.flatbuffers:flatbuffers-java:1.12.0) with InstrumentationAnalysisTransform
[        ] Transforming jimfs-1.1.jar (com.google.jimfs:jimfs:1.1) with InstrumentationAnalysisTransform
[        ] Transforming grpc-context-1.57.0.jar (io.grpc:grpc-context:1.57.0) with InstrumentationAnalysisTransform
[        ] Transforming grpc-protobuf-lite-1.57.0.jar (io.grpc:grpc-protobuf-lite:1.57.0) with InstrumentationAnalysisTransform
[        ] Transforming grpc-api-1.57.0.jar (io.grpc:grpc-api:1.57.0) with InstrumentationAnalysisTransform
[        ] Transforming guava-32.0.1-jre.jar (com.google.guava:guava:32.0.1-jre) with InstrumentationAnalysisTransform
[        ] Transforming dagger-2.28.3.jar (com.google.dagger:dagger:2.28.3) with InstrumentationAnalysisTransform
[        ] Transforming javax.inject-1.jar (javax.inject:javax.inject:1) with InstrumentationAnalysisTransform
[        ] Transforming bcutil-jdk18on-1.77.jar (org.bouncycastle:bcutil-jdk18on:1.77) with InstrumentationAnalysisTransform
[        ] Transforming bcprov-jdk18on-1.77.jar (org.bouncycastle:bcprov-jdk18on:1.77) with InstrumentationAnalysisTransform
[        ] Transforming trove4j-1.0.20200330.jar (org.jetbrains.intellij.deps:trove4j:1.0.20200330) with InstrumentationAnalysisTransform
[        ] Transforming commons-compress-1.21.jar (org.apache.commons:commons-compress:1.21) with InstrumentationAnalysisTransform
[        ] Transforming httpclient-4.5.14.jar (org.apache.httpcomponents:httpclient:4.5.14) with InstrumentationAnalysisTransform
[        ] Transforming httpcore-4.4.16.jar (org.apache.httpcomponents:httpcore:4.4.16) with InstrumentationAnalysisTransform
[        ] Transforming javax.activation-1.2.0.jar (com.sun.activation:javax.activation:1.2.0) with InstrumentationAnalysisTransform
[        ] Transforming annotations-23.0.0.jar (org.jetbrains:annotations:23.0.0) with InstrumentationAnalysisTransform
[        ] Transforming signflinger-8.6.0.jar (com.android:signflinger:8.6.0) with InstrumentationAnalysisTransform
[        ] Transforming zipflinger-8.6.0.jar (com.android:zipflinger:8.6.0) with InstrumentationAnalysisTransform
[        ] Transforming annotations-31.6.0.jar (com.android.tools:annotations:31.6.0) with InstrumentationAnalysisTransform
[        ] Transforming jna-platform-5.6.0.jar (net.java.dev.jna:jna-platform:5.6.0) with InstrumentationAnalysisTransform
[        ] Transforming juniversalchardet-1.0.3.jar (com.googlecode.juniversalchardet:juniversalchardet:1.0.3) with InstrumentationAnalysisTransform
[        ] Transforming javax.annotation-api-1.3.2.jar (javax.annotation:javax.annotation-api:1.3.2) with InstrumentationAnalysisTransform
[        ] Transforming stax-ex-1.8.1.jar (org.jvnet.staxex:stax-ex:1.8.1) with InstrumentationAnalysisTransform
[        ] Transforming jakarta.xml.bind-api-2.3.2.jar (jakarta.xml.bind:jakarta.xml.bind-api:2.3.2) with InstrumentationAnalysisTransform
[        ] Transforming txw2-2.3.2.jar (org.glassfish.jaxb:txw2:2.3.2) with InstrumentationAnalysisTransform
[        ] Transforming istack-commons-runtime-3.0.8.jar (com.sun.istack:istack-commons-runtime:3.0.8) with InstrumentationAnalysisTransform
[        ] Transforming FastInfoset-1.2.16.jar (com.sun.xml.fastinfoset:FastInfoset:1.2.16) with InstrumentationAnalysisTransform
[        ] Transforming jakarta.activation-api-1.2.1.jar (jakarta.activation:jakarta.activation-api:1.2.1) with InstrumentationAnalysisTransform
[        ] Transforming auto-value-annotations-1.6.2.jar (com.google.auto.value:auto-value-annotations:1.6.2) with InstrumentationAnalysisTransform
[        ] Transforming error_prone_annotations-2.18.0.jar (com.google.errorprone:error_prone_annotations:2.18.0) with InstrumentationAnalysisTransform
[        ] Transforming jose4j-0.9.5.jar (org.bitbucket.b_c:jose4j:0.9.5) with InstrumentationAnalysisTransform
[        ] Transforming slf4j-api-1.7.30.jar (org.slf4j:slf4j-api:1.7.30) with InstrumentationAnalysisTransform
[        ] Transforming jdom2-2.0.6.jar (org.jdom:jdom2:2.0.6) with InstrumentationAnalysisTransform
[        ] Transforming jsr305-3.0.2.jar (com.google.code.findbugs:jsr305:3.0.2) with InstrumentationAnalysisTransform
[        ] Transforming j2objc-annotations-2.8.jar (com.google.j2objc:j2objc-annotations:2.8) with InstrumentationAnalysisTransform
[        ] Transforming annotations-4.1.1.4.jar (com.google.android:annotations:4.1.1.4) with InstrumentationAnalysisTransform
[        ] Transforming animal-sniffer-annotations-1.23.jar (org.codehaus.mojo:animal-sniffer-annotations:1.23) with InstrumentationAnalysisTransform
[        ] Transforming perfmark-api-0.26.0.jar (io.perfmark:perfmark-api:0.26.0) with InstrumentationAnalysisTransform
[        ] Transforming netty-codec-http2-4.1.93.Final.jar (io.netty:netty-codec-http2:4.1.93.Final) with InstrumentationAnalysisTransform
[        ] Transforming netty-handler-proxy-4.1.93.Final.jar (io.netty:netty-handler-proxy:4.1.93.Final) with InstrumentationAnalysisTransform
[        ] Transforming netty-codec-http-4.1.93.Final.jar (io.netty:netty-codec-http:4.1.93.Final) with InstrumentationAnalysisTransform
[        ] Transforming netty-handler-4.1.93.Final.jar (io.netty:netty-handler:4.1.93.Final) with InstrumentationAnalysisTransform
[        ] Transforming netty-transport-native-unix-common-4.1.93.Final.jar (io.netty:netty-transport-native-unix-common:4.1.93.Final) with InstrumentationAnalysisTransform
[        ] Transforming checker-qual-3.33.0.jar (org.checkerframework:checker-qual:3.33.0) with InstrumentationAnalysisTransform
[        ] Transforming commons-codec-1.11.jar (commons-codec:commons-codec:1.11) with InstrumentationAnalysisTransform
[        ] Transforming apksig-8.6.0.jar (com.android.tools.build:apksig:8.6.0) with InstrumentationAnalysisTransform
[        ] Transforming javawriter-2.5.0.jar (com.squareup:javawriter:2.5.0) with InstrumentationAnalysisTransform
[        ] Transforming failureaccess-1.0.1.jar (com.google.guava:failureaccess:1.0.1) with InstrumentationAnalysisTransform
[        ] Transforming listenablefuture-9999.0-empty-to-avoid-conflict-with-guava.jar (com.google.guava:listenablefuture:9999.0-empty-to-avoid-conflict-with-guava) with InstrumentationAnalysisTransform
[        ] Transforming commons-logging-1.2.jar (commons-logging:commons-logging:1.2) with InstrumentationAnalysisTransform
[        ] Transforming jna-5.6.0.jar (net.java.dev.jna:jna:5.6.0) with InstrumentationAnalysisTransform
[        ] Transforming netty-codec-socks-4.1.93.Final.jar (io.netty:netty-codec-socks:4.1.93.Final) with InstrumentationAnalysisTransform
[        ] Transforming netty-codec-4.1.93.Final.jar (io.netty:netty-codec:4.1.93.Final) with InstrumentationAnalysisTransform
[        ] Transforming netty-transport-4.1.93.Final.jar (io.netty:netty-transport:4.1.93.Final) with InstrumentationAnalysisTransform
[        ] Transforming netty-buffer-4.1.93.Final.jar (io.netty:netty-buffer:4.1.93.Final) with InstrumentationAnalysisTransform
[        ] Transforming netty-resolver-4.1.93.Final.jar (io.netty:netty-resolver:4.1.93.Final) with InstrumentationAnalysisTransform
[        ] Transforming netty-common-4.1.93.Final.jar (io.netty:netty-common:4.1.93.Final) with InstrumentationAnalysisTransform
[        ] Transforming gradle-8.6.0.jar (com.android.tools.build:gradle:8.6.0) with InstrumentationAnalysisTransform
[        ] Transforming gradle-8.6.0.jar (com.android.tools.build:gradle:8.6.0) with MergeInstrumentationAnalysisTransform
[        ] Transforming gradle-settings-api-8.6.0.jar (com.android.tools.build:gradle-settings-api:8.6.0) with InstrumentationAnalysisTransform
[        ] Transforming gradle-settings-api-8.6.0.jar (com.android.tools.build:gradle-settings-api:8.6.0) with MergeInstrumentationAnalysisTransform
[        ] Transforming lint-model-31.6.0.jar (com.android.tools.lint:lint-model:31.6.0) with InstrumentationAnalysisTransform
[        ] Transforming lint-model-31.6.0.jar (com.android.tools.lint:lint-model:31.6.0) with MergeInstrumentationAnalysisTransform
[        ] Transforming builder-8.6.0.jar (com.android.tools.build:builder:8.6.0) with InstrumentationAnalysisTransform
[        ] Transforming gradle-settings-api-8.6.0.jar (com.android.tools.build:gradle-settings-api:8.6.0) with ExternalDependencyInstrumentingArtifactTransform
[        ] Transforming lint-model-31.6.0.jar (com.android.tools.lint:lint-model:31.6.0) with ExternalDependencyInstrumentingArtifactTransform
[        ] Transforming gradle-8.6.0.jar (com.android.tools.build:gradle:8.6.0) with ExternalDependencyInstrumentingArtifactTransform
[        ] Transforming builder-8.6.0.jar (com.android.tools.build:builder:8.6.0) with MergeInstrumentationAnalysisTransform
[        ] Transforming manifest-merger-31.6.0.jar (com.android.tools.build:manifest-merger:31.6.0) with InstrumentationAnalysisTransform
[        ] Transforming builder-8.6.0.jar (com.android.tools.build:builder:8.6.0) with ExternalDependencyInstrumentingArtifactTransform
[        ] Transforming manifest-merger-31.6.0.jar (com.android.tools.build:manifest-merger:31.6.0) with MergeInstrumentationAnalysisTransform
[        ] Transforming sdk-common-31.6.0.jar (com.android.tools:sdk-common:31.6.0) with InstrumentationAnalysisTransform
[        ] Transforming manifest-merger-31.6.0.jar (com.android.tools.build:manifest-merger:31.6.0) with ExternalDependencyInstrumentingArtifactTransform
[        ] Transforming sdk-common-31.6.0.jar (com.android.tools:sdk-common:31.6.0) with MergeInstrumentationAnalysisTransform
[        ] Transforming sdklib-31.6.0.jar (com.android.tools:sdklib:31.6.0) with InstrumentationAnalysisTransform
[        ] Transforming sdk-common-31.6.0.jar (com.android.tools:sdk-common:31.6.0) with ExternalDependencyInstrumentingArtifactTransform
[        ] Transforming sdklib-31.6.0.jar (com.android.tools:sdklib:31.6.0) with MergeInstrumentationAnalysisTransform
[        ] Transforming repository-31.6.0.jar (com.android.tools:repository:31.6.0) with InstrumentationAnalysisTransform
[        ] Transforming repository-31.6.0.jar (com.android.tools:repository:31.6.0) with MergeInstrumentationAnalysisTransform
[        ] Transforming sdklib-31.6.0.jar (com.android.tools:sdklib:31.6.0) with ExternalDependencyInstrumentingArtifactTransform
[        ] Transforming gradle-api-8.6.0.jar (com.android.tools.build:gradle-api:8.6.0) with InstrumentationAnalysisTransform
[        ] Transforming repository-31.6.0.jar (com.android.tools:repository:31.6.0) with ExternalDependencyInstrumentingArtifactTransform
[        ] Transforming gradle-api-8.6.0.jar (com.android.tools.build:gradle-api:8.6.0) with MergeInstrumentationAnalysisTransform
[        ] Transforming builder-test-api-8.6.0.jar (com.android.tools.build:builder-test-api:8.6.0) with InstrumentationAnalysisTransform
[        ] Transforming builder-test-api-8.6.0.jar (com.android.tools.build:builder-test-api:8.6.0) with MergeInstrumentationAnalysisTransform
[        ] Transforming gradle-api-8.6.0.jar (com.android.tools.build:gradle-api:8.6.0) with ExternalDependencyInstrumentingArtifactTransform
[        ] Transforming ddmlib-31.6.0.jar (com.android.tools.ddms:ddmlib:31.6.0) with InstrumentationAnalysisTransform
[        ] Transforming builder-test-api-8.6.0.jar (com.android.tools.build:builder-test-api:8.6.0) with ExternalDependencyInstrumentingArtifactTransform
[        ] Transforming ddmlib-31.6.0.jar (com.android.tools.ddms:ddmlib:31.6.0) with MergeInstrumentationAnalysisTransform
[        ] Transforming aaptcompiler-8.6.0.jar (com.android.tools.build:aaptcompiler:8.6.0) with InstrumentationAnalysisTransform
[        ] Transforming aaptcompiler-8.6.0.jar (com.android.tools.build:aaptcompiler:8.6.0) with MergeInstrumentationAnalysisTransform
[        ] Transforming ddmlib-31.6.0.jar (com.android.tools.ddms:ddmlib:31.6.0) with ExternalDependencyInstrumentingArtifactTransform
[        ] Transforming bundletool-1.16.0.jar (com.android.tools.build:bundletool:1.16.0) with InstrumentationAnalysisTransform
[        ] Transforming aaptcompiler-8.6.0.jar (com.android.tools.build:aaptcompiler:8.6.0) with ExternalDependencyInstrumentingArtifactTransform
[        ] Transforming bundletool-1.16.0.jar (com.android.tools.build:bundletool:1.16.0) with MergeInstrumentationAnalysisTransform
[        ] Transforming aapt2-proto-8.6.0-11315950.jar (com.android.tools.build:aapt2-proto:8.6.0-11315950) with InstrumentationAnalysisTransform
[        ] Transforming aapt2-proto-8.6.0-11315950.jar (com.android.tools.build:aapt2-proto:8.6.0-11315950) with MergeInstrumentationAnalysisTransform
[        ] Transforming bundletool-1.16.0.jar (com.android.tools.build:bundletool:1.16.0) with ExternalDependencyInstrumentingArtifactTransform
[        ] Transforming crash-31.6.0.jar (com.android.tools.analytics-library:crash:31.6.0) with InstrumentationAnalysisTransform
[        ] Transforming aapt2-proto-8.6.0-11315950.jar (com.android.tools.build:aapt2-proto:8.6.0-11315950) with ExternalDependencyInstrumentingArtifactTransform
[        ] Transforming crash-31.6.0.jar (com.android.tools.analytics-library:crash:31.6.0) with MergeInstrumentationAnalysisTransform
[        ] Transforming tracker-31.6.0.jar (com.android.tools.analytics-library:tracker:31.6.0) with InstrumentationAnalysisTransform
[        ] Transforming crash-31.6.0.jar (com.android.tools.analytics-library:crash:31.6.0) with ExternalDependencyInstrumentingArtifactTransform
[        ] Transforming tracker-31.6.0.jar (com.android.tools.analytics-library:tracker:31.6.0) with MergeInstrumentationAnalysisTransform
[        ] Transforming shared-31.6.0.jar (com.android.tools.analytics-library:shared:31.6.0) with InstrumentationAnalysisTransform
[        ] Transforming shared-31.6.0.jar (com.android.tools.analytics-library:shared:31.6.0) with MergeInstrumentationAnalysisTransform
[        ] Transforming tracker-31.6.0.jar (com.android.tools.analytics-library:tracker:31.6.0) with ExternalDependencyInstrumentingArtifactTransform
[        ] Transforming lint-typedef-remover-31.6.0.jar (com.android.tools.lint:lint-typedef-remover:31.6.0) with InstrumentationAnalysisTransform
[        ] Transforming shared-31.6.0.jar (com.android.tools.analytics-library:shared:31.6.0) with ExternalDependencyInstrumentingArtifactTransform
[        ] Transforming lint-typedef-remover-31.6.0.jar (com.android.tools.lint:lint-typedef-remover:31.6.0) with MergeInstrumentationAnalysisTransform
[        ] Transforming databinding-compiler-common-8.6.0.jar (androidx.databinding:databinding-compiler-common:8.6.0) with InstrumentationAnalysisTransform
[        ] Transforming databinding-compiler-common-8.6.0.jar (androidx.databinding:databinding-compiler-common:8.6.0) with MergeInstrumentationAnalysisTransform
[        ] Transforming databinding-common-8.6.0.jar (androidx.databinding:databinding-common:8.6.0) with InstrumentationAnalysisTransform
[        ] Transforming lint-typedef-remover-31.6.0.jar (com.android.tools.lint:lint-typedef-remover:31.6.0) with ExternalDependencyInstrumentingArtifactTransform
[        ] Transforming databinding-common-8.6.0.jar (androidx.databinding:databinding-common:8.6.0) with MergeInstrumentationAnalysisTransform
[        ] Transforming baseLibrary-8.6.0.jar (com.android.databinding:baseLibrary:8.6.0) with InstrumentationAnalysisTransform
[        ] Transforming databinding-compiler-common-8.6.0.jar (androidx.databinding:databinding-compiler-common:8.6.0) with ExternalDependencyInstrumentingArtifactTransform
[        ] Transforming baseLibrary-8.6.0.jar (com.android.databinding:baseLibrary:8.6.0) with MergeInstrumentationAnalysisTransform
[        ] Transforming databinding-common-8.6.0.jar (androidx.databinding:databinding-common:8.6.0) with ExternalDependencyInstrumentingArtifactTransform
[        ] Transforming layoutlib-api-31.6.0.jar (com.android.tools.layoutlib:layoutlib-api:31.6.0) with InstrumentationAnalysisTransform
[        ] Transforming baseLibrary-8.6.0.jar (com.android.databinding:baseLibrary:8.6.0) with ExternalDependencyInstrumentingArtifactTransform
[        ] Transforming layoutlib-api-31.6.0.jar (com.android.tools.layoutlib:layoutlib-api:31.6.0) with MergeInstrumentationAnalysisTransform
[        ] Transforming android-device-provider-ddmlib-proto-31.6.0.jar (com.android.tools.utp:android-device-provider-ddmlib-proto:31.6.0) with InstrumentationAnalysisTransform
[        ] Transforming android-device-provider-ddmlib-proto-31.6.0.jar (com.android.tools.utp:android-device-provider-ddmlib-proto:31.6.0) with MergeInstrumentationAnalysisTransform
[        ] Transforming android-device-provider-gradle-proto-31.6.0.jar (com.android.tools.utp:android-device-provider-gradle-proto:31.6.0) with InstrumentationAnalysisTransform
[        ] Transforming layoutlib-api-31.6.0.jar (com.android.tools.layoutlib:layoutlib-api:31.6.0) with ExternalDependencyInstrumentingArtifactTransform
[        ] Transforming android-device-provider-ddmlib-proto-31.6.0.jar (com.android.tools.utp:android-device-provider-ddmlib-proto:31.6.0) with ExternalDependencyInstrumentingArtifactTransform
[        ] Transforming android-device-provider-gradle-proto-31.6.0.jar (com.android.tools.utp:android-device-provider-gradle-proto:31.6.0) with MergeInstrumentationAnalysisTransform
[        ] Transforming android-test-plugin-host-additional-test-output-proto-31.6.0.jar (com.android.tools.utp:android-test-plugin-host-additional-test-output-proto:31.6.0) with InstrumentationAnalysisTransform
[        ] Transforming android-test-plugin-host-additional-test-output-proto-31.6.0.jar (com.android.tools.utp:android-test-plugin-host-additional-test-output-proto:31.6.0) with MergeInstrumentationAnalysisTransform
[        ] Transforming android-test-plugin-host-coverage-proto-31.6.0.jar (com.android.tools.utp:android-test-plugin-host-coverage-proto:31.6.0) with InstrumentationAnalysisTransform
[        ] Transforming android-device-provider-gradle-proto-31.6.0.jar (com.android.tools.utp:android-device-provider-gradle-proto:31.6.0) with ExternalDependencyInstrumentingArtifactTransform
[        ] Transforming android-test-plugin-host-additional-test-output-proto-31.6.0.jar (com.android.tools.utp:android-test-plugin-host-additional-test-output-proto:31.6.0) with ExternalDependencyInstrumentingArtifactTransform
[        ] Transforming android-test-plugin-host-coverage-proto-31.6.0.jar (com.android.tools.utp:android-test-plugin-host-coverage-proto:31.6.0) with MergeInstrumentationAnalysisTransform
[        ] Transforming android-test-plugin-host-emulator-control-proto-31.6.0.jar (com.android.tools.utp:android-test-plugin-host-emulator-control-proto:31.6.0) with InstrumentationAnalysisTransform
[        ] Transforming android-test-plugin-host-emulator-control-proto-31.6.0.jar (com.android.tools.utp:android-test-plugin-host-emulator-control-proto:31.6.0) with MergeInstrumentationAnalysisTransform
[        ] Transforming android-test-plugin-host-logcat-proto-31.6.0.jar (com.android.tools.utp:android-test-plugin-host-logcat-proto:31.6.0) with InstrumentationAnalysisTransform
[        ] Transforming android-test-plugin-host-coverage-proto-31.6.0.jar (com.android.tools.utp:android-test-plugin-host-coverage-proto:31.6.0) with ExternalDependencyInstrumentingArtifactTransform
[        ] Transforming android-test-plugin-host-emulator-control-proto-31.6.0.jar (com.android.tools.utp:android-test-plugin-host-emulator-control-proto:31.6.0) with ExternalDependencyInstrumentingArtifactTransform
[        ] Transforming android-test-plugin-host-logcat-proto-31.6.0.jar (com.android.tools.utp:android-test-plugin-host-logcat-proto:31.6.0) with MergeInstrumentationAnalysisTransform
[        ] Transforming android-test-plugin-host-apk-installer-proto-31.6.0.jar (com.android.tools.utp:android-test-plugin-host-apk-installer-proto:31.6.0) with InstrumentationAnalysisTransform
[        ] Transforming android-test-plugin-host-logcat-proto-31.6.0.jar (com.android.tools.utp:android-test-plugin-host-logcat-proto:31.6.0) with ExternalDependencyInstrumentingArtifactTransform
[        ] Transforming android-test-plugin-host-apk-installer-proto-31.6.0.jar (com.android.tools.utp:android-test-plugin-host-apk-installer-proto:31.6.0) with MergeInstrumentationAnalysisTransform
[        ] Transforming android-test-plugin-host-retention-proto-31.6.0.jar (com.android.tools.utp:android-test-plugin-host-retention-proto:31.6.0) with InstrumentationAnalysisTransform
[        ] Transforming android-test-plugin-host-retention-proto-31.6.0.jar (com.android.tools.utp:android-test-plugin-host-retention-proto:31.6.0) with MergeInstrumentationAnalysisTransform
[        ] Transforming android-test-plugin-host-apk-installer-proto-31.6.0.jar (com.android.tools.utp:android-test-plugin-host-apk-installer-proto:31.6.0) with ExternalDependencyInstrumentingArtifactTransform
[        ] Transforming android-test-plugin-result-listener-gradle-proto-31.6.0.jar (com.android.tools.utp:android-test-plugin-result-listener-gradle-proto:31.6.0) with InstrumentationAnalysisTransform
[        ] Transforming android-test-plugin-host-retention-proto-31.6.0.jar (com.android.tools.utp:android-test-plugin-host-retention-proto:31.6.0) with ExternalDependencyInstrumentingArtifactTransform
[        ] Transforming android-test-plugin-result-listener-gradle-proto-31.6.0.jar (com.android.tools.utp:android-test-plugin-result-listener-gradle-proto:31.6.0) with MergeInstrumentationAnalysisTransform
[        ] Transforming builder-model-8.6.0.jar (com.android.tools.build:builder-model:8.6.0) with InstrumentationAnalysisTransform
[        ] Transforming builder-model-8.6.0.jar (com.android.tools.build:builder-model:8.6.0) with MergeInstrumentationAnalysisTransform
[        ] Transforming dvlib-31.6.0.jar (com.android.tools:dvlib:31.6.0) with InstrumentationAnalysisTransform
[        ] Transforming android-test-plugin-result-listener-gradle-proto-31.6.0.jar (com.android.tools.utp:android-test-plugin-result-listener-gradle-proto:31.6.0) with ExternalDependencyInstrumentingArtifactTransform
[        ] Transforming builder-model-8.6.0.jar (com.android.tools.build:builder-model:8.6.0) with ExternalDependencyInstrumentingArtifactTransform
[        ] Transforming dvlib-31.6.0.jar (com.android.tools:dvlib:31.6.0) with MergeInstrumentationAnalysisTransform
[        ] Transforming common-31.6.0.jar (com.android.tools:common:31.6.0) with InstrumentationAnalysisTransform
[        ] Transforming common-31.6.0.jar (com.android.tools:common:31.6.0) with MergeInstrumentationAnalysisTransform
[        ] Transforming jetifier-processor-1.0.0-beta10.jar (com.android.tools.build.jetifier:jetifier-processor:1.0.0-beta10) with InstrumentationAnalysisTransform
[        ] Transforming dvlib-31.6.0.jar (com.android.tools:dvlib:31.6.0) with ExternalDependencyInstrumentingArtifactTransform
[        ] Transforming common-31.6.0.jar (com.android.tools:common:31.6.0) with ExternalDependencyInstrumentingArtifactTransform
[        ] Transforming jetifier-processor-1.0.0-beta10.jar (com.android.tools.build.jetifier:jetifier-processor:1.0.0-beta10) with MergeInstrumentationAnalysisTransform
[        ] Transforming jetifier-core-1.0.0-beta10.jar (com.android.tools.build.jetifier:jetifier-core:1.0.0-beta10) with InstrumentationAnalysisTransform
[        ] Transforming jetifier-core-1.0.0-beta10.jar (com.android.tools.build.jetifier:jetifier-core:1.0.0-beta10) with MergeInstrumentationAnalysisTransform
[        ] Transforming jetifier-processor-1.0.0-beta10.jar (com.android.tools.build.jetifier:jetifier-processor:1.0.0-beta10) with ExternalDependencyInstrumentingArtifactTransform
[        ] Transforming jetifier-core-1.0.0-beta10.jar (com.android.tools.build.jetifier:jetifier-core:1.0.0-beta10) with ExternalDependencyInstrumentingArtifactTransform
[        ] Transforming kotlin-reflect-1.9.20.jar (org.jetbrains.kotlin:kotlin-reflect:1.9.20) with InstrumentationAnalysisTransform
[        ] Transforming kotlin-reflect-1.9.20.jar (org.jetbrains.kotlin:kotlin-reflect:1.9.20) with MergeInstrumentationAnalysisTransform
[        ] Transforming kotlin-stdlib-jdk7-1.9.20.jar (org.jetbrains.kotlin:kotlin-stdlib-jdk7:1.9.20) with InstrumentationAnalysisTransform
[        ] Transforming kotlin-stdlib-jdk7-1.9.20.jar (org.jetbrains.kotlin:kotlin-stdlib-jdk7:1.9.20) with MergeInstrumentationAnalysisTransform
[        ] Transforming kotlin-stdlib-1.9.20.jar (org.jetbrains.kotlin:kotlin-stdlib:1.9.20) with InstrumentationAnalysisTransform
[        ] Transforming kotlin-reflect-1.9.20.jar (org.jetbrains.kotlin:kotlin-reflect:1.9.20) with ExternalDependencyInstrumentingArtifactTransform
[        ] Transforming kotlin-stdlib-jdk7-1.9.20.jar (org.jetbrains.kotlin:kotlin-stdlib-jdk7:1.9.20) with ExternalDependencyInstrumentingArtifactTransform
[        ] Transforming kotlin-stdlib-1.9.20.jar (org.jetbrains.kotlin:kotlin-stdlib:1.9.20) with MergeInstrumentationAnalysisTransform
[        ] Transforming kotlin-stdlib-jdk8-1.9.20.jar (org.jetbrains.kotlin:kotlin-stdlib-jdk8:1.9.20) with InstrumentationAnalysisTransform
[        ] Transforming kotlin-stdlib-1.9.20.jar (org.jetbrains.kotlin:kotlin-stdlib:1.9.20) with ExternalDependencyInstrumentingArtifactTransform
[        ] Transforming kotlin-stdlib-jdk8-1.9.20.jar (org.jetbrains.kotlin:kotlin-stdlib-jdk8:1.9.20) with MergeInstrumentationAnalysisTransform
[        ] Transforming transform-api-2.0.0-deprecated-use-gradle-api.jar (com.android.tools.build:transform-api:2.0.0-deprecated-use-gradle-api) with InstrumentationAnalysisTransform
[        ] Transforming kotlin-stdlib-jdk8-1.9.20.jar (org.jetbrains.kotlin:kotlin-stdlib-jdk8:1.9.20) with ExternalDependencyInstrumentingArtifactTransform
[        ] Transforming transform-api-2.0.0-deprecated-use-gradle-api.jar (com.android.tools.build:transform-api:2.0.0-deprecated-use-gradle-api) with MergeInstrumentationAnalysisTransform
[        ] Transforming httpmime-4.5.6.jar (org.apache.httpcomponents:httpmime:4.5.6) with InstrumentationAnalysisTransform
[        ] Transforming httpmime-4.5.6.jar (org.apache.httpcomponents:httpmime:4.5.6) with MergeInstrumentationAnalysisTransform
[        ] Transforming transform-api-2.0.0-deprecated-use-gradle-api.jar (com.android.tools.build:transform-api:2.0.0-deprecated-use-gradle-api) with ExternalDependencyInstrumentingArtifactTransform
[        ] Transforming commons-io-2.13.0.jar (commons-io:commons-io:2.13.0) with InstrumentationAnalysisTransform
[        ] Transforming httpmime-4.5.6.jar (org.apache.httpcomponents:httpmime:4.5.6) with ExternalDependencyInstrumentingArtifactTransform
[        ] Transforming commons-io-2.13.0.jar (commons-io:commons-io:2.13.0) with MergeInstrumentationAnalysisTransform
[        ] Transforming asm-commons-9.6.jar (org.ow2.asm:asm-commons:9.6) with InstrumentationAnalysisTransform
[        ] Transforming commons-io-2.13.0.jar (commons-io:commons-io:2.13.0) with ExternalDependencyInstrumentingArtifactTransform
[        ] Transforming asm-commons-9.6.jar (org.ow2.asm:asm-commons:9.6) with MergeInstrumentationAnalysisTransform
[        ] Transforming asm-util-9.6.jar (org.ow2.asm:asm-util:9.6) with InstrumentationAnalysisTransform
[        ] Transforming asm-util-9.6.jar (org.ow2.asm:asm-util:9.6) with MergeInstrumentationAnalysisTransform
[        ] Transforming asm-analysis-9.6.jar (org.ow2.asm:asm-analysis:9.6) with InstrumentationAnalysisTransform
[        ] Transforming asm-analysis-9.6.jar (org.ow2.asm:asm-analysis:9.6) with MergeInstrumentationAnalysisTransform
[        ] Transforming asm-tree-9.6.jar (org.ow2.asm:asm-tree:9.6) with InstrumentationAnalysisTransform
[        ] Transforming asm-util-9.6.jar (org.ow2.asm:asm-util:9.6) with ExternalDependencyInstrumentingArtifactTransform
[        ] Transforming asm-analysis-9.6.jar (org.ow2.asm:asm-analysis:9.6) with ExternalDependencyInstrumentingArtifactTransform
[        ] Transforming asm-tree-9.6.jar (org.ow2.asm:asm-tree:9.6) with MergeInstrumentationAnalysisTransform
[        ] Transforming asm-commons-9.6.jar (org.ow2.asm:asm-commons:9.6) with ExternalDependencyInstrumentingArtifactTransform
[        ] Transforming asm-9.6.jar (org.ow2.asm:asm:9.6) with InstrumentationAnalysisTransform
[        ] Transforming asm-tree-9.6.jar (org.ow2.asm:asm-tree:9.6) with ExternalDependencyInstrumentingArtifactTransform
[        ] Transforming asm-9.6.jar (org.ow2.asm:asm:9.6) with MergeInstrumentationAnalysisTransform
[        ] Transforming apkzlib-8.6.0.jar (com.android.tools.build:apkzlib:8.6.0) with InstrumentationAnalysisTransform
[        ] Transforming apkzlib-8.6.0.jar (com.android.tools.build:apkzlib:8.6.0) with MergeInstrumentationAnalysisTransform
[        ] Transforming asm-9.6.jar (org.ow2.asm:asm:9.6) with ExternalDependencyInstrumentingArtifactTransform
[        ] Transforming bcpkix-jdk18on-1.77.jar (org.bouncycastle:bcpkix-jdk18on:1.77) with InstrumentationAnalysisTransform
[        ] Transforming apkzlib-8.6.0.jar (com.android.tools.build:apkzlib:8.6.0) with ExternalDependencyInstrumentingArtifactTransform
[        ] Transforming bcpkix-jdk18on-1.77.jar (org.bouncycastle:bcpkix-jdk18on:1.77) with MergeInstrumentationAnalysisTransform
[        ] Transforming jaxb-runtime-2.3.2.jar (org.glassfish.jaxb:jaxb-runtime:2.3.2) with InstrumentationAnalysisTransform
[        ] Transforming bcpkix-jdk18on-1.77.jar (org.bouncycastle:bcpkix-jdk18on:1.77) with ExternalDependencyInstrumentingArtifactTransform
[        ] Transforming jaxb-runtime-2.3.2.jar (org.glassfish.jaxb:jaxb-runtime:2.3.2) with MergeInstrumentationAnalysisTransform
[        ] Transforming jopt-simple-4.9.jar (net.sf.jopt-simple:jopt-simple:4.9) with InstrumentationAnalysisTransform
[        ] Transforming jopt-simple-4.9.jar (net.sf.jopt-simple:jopt-simple:4.9) with MergeInstrumentationAnalysisTransform
[        ] Transforming jaxb-runtime-2.3.2.jar (org.glassfish.jaxb:jaxb-runtime:2.3.2) with ExternalDependencyInstrumentingArtifactTransform
[        ] Transforming javapoet-1.10.0.jar (com.squareup:javapoet:1.10.0) with InstrumentationAnalysisTransform
[        ] Transforming jopt-simple-4.9.jar (net.sf.jopt-simple:jopt-simple:4.9) with ExternalDependencyInstrumentingArtifactTransform
[        ] Transforming javapoet-1.10.0.jar (com.squareup:javapoet:1.10.0) with MergeInstrumentationAnalysisTransform
[        ] Transforming protobuf-java-util-3.22.3.jar (com.google.protobuf:protobuf-java-util:3.22.3) with InstrumentationAnalysisTransform
[        ] Transforming javapoet-1.10.0.jar (com.squareup:javapoet:1.10.0) with ExternalDependencyInstrumentingArtifactTransform
[        ] Transforming protobuf-java-util-3.22.3.jar (com.google.protobuf:protobuf-java-util:3.22.3) with MergeInstrumentationAnalysisTransform
[        ] Transforming grpc-protobuf-1.57.0.jar (io.grpc:grpc-protobuf:1.57.0) with InstrumentationAnalysisTransform
[        ] Transforming grpc-protobuf-1.57.0.jar (io.grpc:grpc-protobuf:1.57.0) with MergeInstrumentationAnalysisTransform
[        ] Transforming tink-1.7.0.jar (com.google.crypto.tink:tink:1.7.0) with InstrumentationAnalysisTransform
[        ] Transforming protobuf-java-util-3.22.3.jar (com.google.protobuf:protobuf-java-util:3.22.3) with ExternalDependencyInstrumentingArtifactTransform
[        ] Transforming grpc-protobuf-1.57.0.jar (io.grpc:grpc-protobuf:1.57.0) with ExternalDependencyInstrumentingArtifactTransform
[        ] Transforming tink-1.7.0.jar (com.google.crypto.tink:tink:1.7.0) with MergeInstrumentationAnalysisTransform
[        ] Transforming protos-31.6.0.jar (com.android.tools.analytics-library:protos:31.6.0) with InstrumentationAnalysisTransform
[        ] Transforming protos-31.6.0.jar (com.android.tools.analytics-library:protos:31.6.0) with MergeInstrumentationAnalysisTransform
[        ] Transforming proto-google-common-protos-2.17.0.jar (com.google.api.grpc:proto-google-common-protos:2.17.0) with InstrumentationAnalysisTransform
[        ] Transforming tink-1.7.0.jar (com.google.crypto.tink:tink:1.7.0) with ExternalDependencyInstrumentingArtifactTransform
[        ] Transforming protos-31.6.0.jar (com.android.tools.analytics-library:protos:31.6.0) with ExternalDependencyInstrumentingArtifactTransform
[        ] Transforming proto-google-common-protos-2.17.0.jar (com.google.api.grpc:proto-google-common-protos:2.17.0) with MergeInstrumentationAnalysisTransform
[        ] Transforming protobuf-java-3.22.3.jar (com.google.protobuf:protobuf-java:3.22.3) with InstrumentationAnalysisTransform
[        ] Transforming protobuf-java-3.22.3.jar (com.google.protobuf:protobuf-java:3.22.3) with MergeInstrumentationAnalysisTransform
[        ] Transforming grpc-netty-1.57.0.jar (io.grpc:grpc-netty:1.57.0) with InstrumentationAnalysisTransform
[        ] Transforming proto-google-common-protos-2.17.0.jar (com.google.api.grpc:proto-google-common-protos:2.17.0) with ExternalDependencyInstrumentingArtifactTransform
[        ] Transforming protobuf-java-3.22.3.jar (com.google.protobuf:protobuf-java:3.22.3) with ExternalDependencyInstrumentingArtifactTransform
[        ] Transforming grpc-netty-1.57.0.jar (io.grpc:grpc-netty:1.57.0) with MergeInstrumentationAnalysisTransform
[        ] Transforming grpc-core-1.57.0.jar (io.grpc:grpc-core:1.57.0) with InstrumentationAnalysisTransform
[        ] Transforming grpc-core-1.57.0.jar (io.grpc:grpc-core:1.57.0) with MergeInstrumentationAnalysisTransform
[        ] Transforming grpc-netty-1.57.0.jar (io.grpc:grpc-netty:1.57.0) with ExternalDependencyInstrumentingArtifactTransform
[        ] Transforming gson-2.10.1.jar (com.google.code.gson:gson:2.10.1) with InstrumentationAnalysisTransform
[        ] Transforming grpc-core-1.57.0.jar (io.grpc:grpc-core:1.57.0) with ExternalDependencyInstrumentingArtifactTransform
[        ] Transforming gson-2.10.1.jar (com.google.code.gson:gson:2.10.1) with MergeInstrumentationAnalysisTransform
[        ] Transforming grpc-stub-1.57.0.jar (io.grpc:grpc-stub:1.57.0) with InstrumentationAnalysisTransform
[        ] Transforming grpc-stub-1.57.0.jar (io.grpc:grpc-stub:1.57.0) with MergeInstrumentationAnalysisTransform
[        ] Transforming core-proto-0.0.9-alpha02.jar (com.google.testing.platform:core-proto:0.0.9-alpha02) with InstrumentationAnalysisTransform
[        ] Transforming gson-2.10.1.jar (com.google.code.gson:gson:2.10.1) with ExternalDependencyInstrumentingArtifactTransform
[        ] Transforming grpc-stub-1.57.0.jar (io.grpc:grpc-stub:1.57.0) with ExternalDependencyInstrumentingArtifactTransform
[        ] Transforming core-proto-0.0.9-alpha02.jar (com.google.testing.platform:core-proto:0.0.9-alpha02) with MergeInstrumentationAnalysisTransform
[        ] Transforming kxml2-2.3.0.jar (net.sf.kxml:kxml2:2.3.0) with InstrumentationAnalysisTransform
[        ] Transforming core-proto-0.0.9-alpha02.jar (com.google.testing.platform:core-proto:0.0.9-alpha02) with ExternalDependencyInstrumentingArtifactTransform
[        ] Transforming kxml2-2.3.0.jar (net.sf.kxml:kxml2:2.3.0) with MergeInstrumentationAnalysisTransform
[        ] Transforming tensorflow-lite-metadata-0.1.0-rc2.jar (org.tensorflow:tensorflow-lite-metadata:0.1.0-rc2) with InstrumentationAnalysisTransform
[        ] Transforming tensorflow-lite-metadata-0.1.0-rc2.jar (org.tensorflow:tensorflow-lite-metadata:0.1.0-rc2) with MergeInstrumentationAnalysisTransform
[        ] Transforming flatbuffers-java-1.12.0.jar (com.google.flatbuffers:flatbuffers-java:1.12.0) with InstrumentationAnalysisTransform
[        ] Transforming kxml2-2.3.0.jar (net.sf.kxml:kxml2:2.3.0) with ExternalDependencyInstrumentingArtifactTransform
[        ] Transforming flatbuffers-java-1.12.0.jar (com.google.flatbuffers:flatbuffers-java:1.12.0) with MergeInstrumentationAnalysisTransform
[        ] Transforming tensorflow-lite-metadata-0.1.0-rc2.jar (org.tensorflow:tensorflow-lite-metadata:0.1.0-rc2) with ExternalDependencyInstrumentingArtifactTransform
[        ] Transforming flatbuffers-java-1.12.0.jar (com.google.flatbuffers:flatbuffers-java:1.12.0) with ExternalDependencyInstrumentingArtifactTransform
[        ] Transforming jimfs-1.1.jar (com.google.jimfs:jimfs:1.1) with InstrumentationAnalysisTransform
[        ] Transforming jimfs-1.1.jar (com.google.jimfs:jimfs:1.1) with MergeInstrumentationAnalysisTransform
[        ] Transforming grpc-context-1.57.0.jar (io.grpc:grpc-context:1.57.0) with InstrumentationAnalysisTransform
[        ] Transforming grpc-context-1.57.0.jar (io.grpc:grpc-context:1.57.0) with MergeInstrumentationAnalysisTransform
[        ] Transforming jimfs-1.1.jar (com.google.jimfs:jimfs:1.1) with ExternalDependencyInstrumentingArtifactTransform
[        ] Transforming grpc-protobuf-lite-1.57.0.jar (io.grpc:grpc-protobuf-lite:1.57.0) with InstrumentationAnalysisTransform
[        ] Transforming grpc-context-1.57.0.jar (io.grpc:grpc-context:1.57.0) with ExternalDependencyInstrumentingArtifactTransform
[        ] Transforming grpc-protobuf-lite-1.57.0.jar (io.grpc:grpc-protobuf-lite:1.57.0) with MergeInstrumentationAnalysisTransform
[        ] Transforming grpc-api-1.57.0.jar (io.grpc:grpc-api:1.57.0) with InstrumentationAnalysisTransform
[        ] Transforming grpc-protobuf-lite-1.57.0.jar (io.grpc:grpc-protobuf-lite:1.57.0) with ExternalDependencyInstrumentingArtifactTransform
[        ] Transforming grpc-api-1.57.0.jar (io.grpc:grpc-api:1.57.0) with MergeInstrumentationAnalysisTransform
[        ] Transforming guava-32.0.1-jre.jar (com.google.guava:guava:32.0.1-jre) with InstrumentationAnalysisTransform
[        ] Transforming guava-32.0.1-jre.jar (com.google.guava:guava:32.0.1-jre) with MergeInstrumentationAnalysisTransform
[        ] Transforming dagger-2.28.3.jar (com.google.dagger:dagger:2.28.3) with InstrumentationAnalysisTransform
[        ] Transforming grpc-api-1.57.0.jar (io.grpc:grpc-api:1.57.0) with ExternalDependencyInstrumentingArtifactTransform
[        ] Transforming guava-32.0.1-jre.jar (com.google.guava:guava:32.0.1-jre) with ExternalDependencyInstrumentingArtifactTransform
[        ] Transforming dagger-2.28.3.jar (com.google.dagger:dagger:2.28.3) with MergeInstrumentationAnalysisTransform
[        ] Transforming javax.inject-1.jar (javax.inject:javax.inject:1) with InstrumentationAnalysisTransform
[        ] Transforming javax.inject-1.jar (javax.inject:javax.inject:1) with MergeInstrumentationAnalysisTransform
[        ] Transforming dagger-2.28.3.jar (com.google.dagger:dagger:2.28.3) with ExternalDependencyInstrumentingArtifactTransform
[        ] Transforming bcutil-jdk18on-1.77.jar (org.bouncycastle:bcutil-jdk18on:1.77) with InstrumentationAnalysisTransform
[        ] Transforming javax.inject-1.jar (javax.inject:javax.inject:1) with ExternalDependencyInstrumentingArtifactTransform
[        ] Transforming bcutil-jdk18on-1.77.jar (org.bouncycastle:bcutil-jdk18on:1.77) with MergeInstrumentationAnalysisTransform
[        ] Transforming bcprov-jdk18on-1.77.jar (org.bouncycastle:bcprov-jdk18on:1.77) with InstrumentationAnalysisTransform
[        ] Transforming bcprov-jdk18on-1.77.jar (org.bouncycastle:bcprov-jdk18on:1.77) with MergeInstrumentationAnalysisTransform
[        ] Transforming bcutil-jdk18on-1.77.jar (org.bouncycastle:bcutil-jdk18on:1.77) with ExternalDependencyInstrumentingArtifactTransform
[        ] Transforming trove4j-1.0.20200330.jar (org.jetbrains.intellij.deps:trove4j:1.0.20200330) with InstrumentationAnalysisTransform
[        ] Transforming bcprov-jdk18on-1.77.jar (org.bouncycastle:bcprov-jdk18on:1.77) with ExternalDependencyInstrumentingArtifactTransform
[        ] Transforming trove4j-1.0.20200330.jar (org.jetbrains.intellij.deps:trove4j:1.0.20200330) with MergeInstrumentationAnalysisTransform
[        ] Transforming commons-compress-1.21.jar (org.apache.commons:commons-compress:1.21) with InstrumentationAnalysisTransform
[        ] Transforming trove4j-1.0.20200330.jar (org.jetbrains.intellij.deps:trove4j:1.0.20200330) with ExternalDependencyInstrumentingArtifactTransform
[        ] Transforming commons-compress-1.21.jar (org.apache.commons:commons-compress:1.21) with MergeInstrumentationAnalysisTransform
[        ] Transforming httpclient-4.5.14.jar (org.apache.httpcomponents:httpclient:4.5.14) with InstrumentationAnalysisTransform
[        ] Transforming httpclient-4.5.14.jar (org.apache.httpcomponents:httpclient:4.5.14) with MergeInstrumentationAnalysisTransform
[        ] Transforming commons-compress-1.21.jar (org.apache.commons:commons-compress:1.21) with ExternalDependencyInstrumentingArtifactTransform
[        ] Transforming httpcore-4.4.16.jar (org.apache.httpcomponents:httpcore:4.4.16) with InstrumentationAnalysisTransform
[        ] Transforming httpclient-4.5.14.jar (org.apache.httpcomponents:httpclient:4.5.14) with ExternalDependencyInstrumentingArtifactTransform
[        ] Transforming httpcore-4.4.16.jar (org.apache.httpcomponents:httpcore:4.4.16) with MergeInstrumentationAnalysisTransform
[        ] Transforming javax.activation-1.2.0.jar (com.sun.activation:javax.activation:1.2.0) with InstrumentationAnalysisTransform
[        ] Transforming httpcore-4.4.16.jar (org.apache.httpcomponents:httpcore:4.4.16) with ExternalDependencyInstrumentingArtifactTransform
[        ] Transforming javax.activation-1.2.0.jar (com.sun.activation:javax.activation:1.2.0) with MergeInstrumentationAnalysisTransform
[        ] Transforming annotations-23.0.0.jar (org.jetbrains:annotations:23.0.0) with InstrumentationAnalysisTransform
[        ] Transforming annotations-23.0.0.jar (org.jetbrains:annotations:23.0.0) with MergeInstrumentationAnalysisTransform
[        ] Transforming javax.activation-1.2.0.jar (com.sun.activation:javax.activation:1.2.0) with ExternalDependencyInstrumentingArtifactTransform
[        ] Transforming signflinger-8.6.0.jar (com.android:signflinger:8.6.0) with InstrumentationAnalysisTransform
[        ] Transforming annotations-23.0.0.jar (org.jetbrains:annotations:23.0.0) with ExternalDependencyInstrumentingArtifactTransform
[        ] Transforming signflinger-8.6.0.jar (com.android:signflinger:8.6.0) with MergeInstrumentationAnalysisTransform
[        ] Transforming zipflinger-8.6.0.jar (com.android:zipflinger:8.6.0) with InstrumentationAnalysisTransform
[        ] Transforming zipflinger-8.6.0.jar (com.android:zipflinger:8.6.0) with MergeInstrumentationAnalysisTransform
[        ] Transforming signflinger-8.6.0.jar (com.android:signflinger:8.6.0) with ExternalDependencyInstrumentingArtifactTransform
[        ] Transforming annotations-31.6.0.jar (com.android.tools:annotations:31.6.0) with InstrumentationAnalysisTransform
[        ] Transforming zipflinger-8.6.0.jar (com.android:zipflinger:8.6.0) with ExternalDependencyInstrumentingArtifactTransform
[        ] Transforming annotations-31.6.0.jar (com.android.tools:annotations:31.6.0) with MergeInstrumentationAnalysisTransform
[        ] Transforming jna-platform-5.6.0.jar (net.java.dev.jna:jna-platform:5.6.0) with InstrumentationAnalysisTransform
[        ] Transforming jna-platform-5.6.0.jar (net.java.dev.jna:jna-platform:5.6.0) with MergeInstrumentationAnalysisTransform
[        ] Transforming juniversalchardet-1.0.3.jar (com.googlecode.juniversalchardet:juniversalchardet:1.0.3) with InstrumentationAnalysisTransform
[        ] Transforming annotations-31.6.0.jar (com.android.tools:annotations:31.6.0) with ExternalDependencyInstrumentingArtifactTransform
[        ] Transforming jna-platform-5.6.0.jar (net.java.dev.jna:jna-platform:5.6.0) with ExternalDependencyInstrumentingArtifactTransform
[        ] Transforming juniversalchardet-1.0.3.jar (com.googlecode.juniversalchardet:juniversalchardet:1.0.3) with MergeInstrumentationAnalysisTransform
[        ] Transforming javax.annotation-api-1.3.2.jar (javax.annotation:javax.annotation-api:1.3.2) with InstrumentationAnalysisTransform
[        ] Transforming javax.annotation-api-1.3.2.jar (javax.annotation:javax.annotation-api:1.3.2) with MergeInstrumentationAnalysisTransform
[        ] Transforming stax-ex-1.8.1.jar (org.jvnet.staxex:stax-ex:1.8.1) with InstrumentationAnalysisTransform
[        ] Transforming juniversalchardet-1.0.3.jar (com.googlecode.juniversalchardet:juniversalchardet:1.0.3) with ExternalDependencyInstrumentingArtifactTransform
[        ] Transforming javax.annotation-api-1.3.2.jar (javax.annotation:javax.annotation-api:1.3.2) with ExternalDependencyInstrumentingArtifactTransform
[        ] Transforming stax-ex-1.8.1.jar (org.jvnet.staxex:stax-ex:1.8.1) with MergeInstrumentationAnalysisTransform
[        ] Transforming jakarta.xml.bind-api-2.3.2.jar (jakarta.xml.bind:jakarta.xml.bind-api:2.3.2) with InstrumentationAnalysisTransform
[        ] Transforming jakarta.xml.bind-api-2.3.2.jar (jakarta.xml.bind:jakarta.xml.bind-api:2.3.2) with MergeInstrumentationAnalysisTransform
[        ] Transforming txw2-2.3.2.jar (org.glassfish.jaxb:txw2:2.3.2) with InstrumentationAnalysisTransform
[        ] Transforming stax-ex-1.8.1.jar (org.jvnet.staxex:stax-ex:1.8.1) with ExternalDependencyInstrumentingArtifactTransform
[        ] Transforming txw2-2.3.2.jar (org.glassfish.jaxb:txw2:2.3.2) with MergeInstrumentationAnalysisTransform
[        ] Transforming istack-commons-runtime-3.0.8.jar (com.sun.istack:istack-commons-runtime:3.0.8) with InstrumentationAnalysisTransform
[        ] Transforming jakarta.xml.bind-api-2.3.2.jar (jakarta.xml.bind:jakarta.xml.bind-api:2.3.2) with ExternalDependencyInstrumentingArtifactTransform
[        ] Transforming txw2-2.3.2.jar (org.glassfish.jaxb:txw2:2.3.2) with ExternalDependencyInstrumentingArtifactTransform
[        ] Transforming istack-commons-runtime-3.0.8.jar (com.sun.istack:istack-commons-runtime:3.0.8) with MergeInstrumentationAnalysisTransform
[        ] Transforming FastInfoset-1.2.16.jar (com.sun.xml.fastinfoset:FastInfoset:1.2.16) with InstrumentationAnalysisTransform
[        ] Transforming FastInfoset-1.2.16.jar (com.sun.xml.fastinfoset:FastInfoset:1.2.16) with MergeInstrumentationAnalysisTransform
[        ] Transforming jakarta.activation-api-1.2.1.jar (jakarta.activation:jakarta.activation-api:1.2.1) with InstrumentationAnalysisTransform
[        ] Transforming istack-commons-runtime-3.0.8.jar (com.sun.istack:istack-commons-runtime:3.0.8) with ExternalDependencyInstrumentingArtifactTransform
[        ] Transforming jakarta.activation-api-1.2.1.jar (jakarta.activation:jakarta.activation-api:1.2.1) with MergeInstrumentationAnalysisTransform
[        ] Transforming FastInfoset-1.2.16.jar (com.sun.xml.fastinfoset:FastInfoset:1.2.16) with ExternalDependencyInstrumentingArtifactTransform
[        ] Transforming auto-value-annotations-1.6.2.jar (com.google.auto.value:auto-value-annotations:1.6.2) with InstrumentationAnalysisTransform
[        ] Transforming jakarta.activation-api-1.2.1.jar (jakarta.activation:jakarta.activation-api:1.2.1) with ExternalDependencyInstrumentingArtifactTransform
[        ] Transforming auto-value-annotations-1.6.2.jar (com.google.auto.value:auto-value-annotations:1.6.2) with MergeInstrumentationAnalysisTransform
[        ] Transforming error_prone_annotations-2.18.0.jar (com.google.errorprone:error_prone_annotations:2.18.0) with InstrumentationAnalysisTransform
[        ] Transforming error_prone_annotations-2.18.0.jar (com.google.errorprone:error_prone_annotations:2.18.0) with MergeInstrumentationAnalysisTransform
[        ] Transforming jose4j-0.9.5.jar (org.bitbucket.b_c:jose4j:0.9.5) with InstrumentationAnalysisTransform
[        ] Transforming auto-value-annotations-1.6.2.jar (com.google.auto.value:auto-value-annotations:1.6.2) with ExternalDependencyInstrumentingArtifactTransform
[        ] Transforming error_prone_annotations-2.18.0.jar (com.google.errorprone:error_prone_annotations:2.18.0) with ExternalDependencyInstrumentingArtifactTransform
[        ] Transforming jose4j-0.9.5.jar (org.bitbucket.b_c:jose4j:0.9.5) with MergeInstrumentationAnalysisTransform
[        ] Transforming slf4j-api-1.7.30.jar (org.slf4j:slf4j-api:1.7.30) with InstrumentationAnalysisTransform
[        ] Transforming slf4j-api-1.7.30.jar (org.slf4j:slf4j-api:1.7.30) with MergeInstrumentationAnalysisTransform
[        ] Transforming jose4j-0.9.5.jar (org.bitbucket.b_c:jose4j:0.9.5) with ExternalDependencyInstrumentingArtifactTransform
[        ] Transforming jdom2-2.0.6.jar (org.jdom:jdom2:2.0.6) with InstrumentationAnalysisTransform
[        ] Transforming slf4j-api-1.7.30.jar (org.slf4j:slf4j-api:1.7.30) with ExternalDependencyInstrumentingArtifactTransform
[        ] Transforming jdom2-2.0.6.jar (org.jdom:jdom2:2.0.6) with MergeInstrumentationAnalysisTransform
[        ] Transforming jsr305-3.0.2.jar (com.google.code.findbugs:jsr305:3.0.2) with InstrumentationAnalysisTransform
[        ] Transforming jdom2-2.0.6.jar (org.jdom:jdom2:2.0.6) with ExternalDependencyInstrumentingArtifactTransform
[        ] Transforming jsr305-3.0.2.jar (com.google.code.findbugs:jsr305:3.0.2) with MergeInstrumentationAnalysisTransform
[        ] Transforming j2objc-annotations-2.8.jar (com.google.j2objc:j2objc-annotations:2.8) with InstrumentationAnalysisTransform
[        ] Transforming j2objc-annotations-2.8.jar (com.google.j2objc:j2objc-annotations:2.8) with MergeInstrumentationAnalysisTransform
[        ] Transforming annotations-4.1.1.4.jar (com.google.android:annotations:4.1.1.4) with InstrumentationAnalysisTransform
[        ] Transforming jsr305-3.0.2.jar (com.google.code.findbugs:jsr305:3.0.2) with ExternalDependencyInstrumentingArtifactTransform
[        ] Transforming annotations-4.1.1.4.jar (com.google.android:annotations:4.1.1.4) with MergeInstrumentationAnalysisTransform
[        ] Transforming j2objc-annotations-2.8.jar (com.google.j2objc:j2objc-annotations:2.8) with ExternalDependencyInstrumentingArtifactTransform
[        ] Transforming annotations-4.1.1.4.jar (com.google.android:annotations:4.1.1.4) with ExternalDependencyInstrumentingArtifactTransform
[        ] Transforming animal-sniffer-annotations-1.23.jar (org.codehaus.mojo:animal-sniffer-annotations:1.23) with InstrumentationAnalysisTransform
[        ] Transforming animal-sniffer-annotations-1.23.jar (org.codehaus.mojo:animal-sniffer-annotations:1.23) with MergeInstrumentationAnalysisTransform
[        ] Transforming perfmark-api-0.26.0.jar (io.perfmark:perfmark-api:0.26.0) with InstrumentationAnalysisTransform
[        ] Transforming perfmark-api-0.26.0.jar (io.perfmark:perfmark-api:0.26.0) with MergeInstrumentationAnalysisTransform
[        ] Transforming animal-sniffer-annotations-1.23.jar (org.codehaus.mojo:animal-sniffer-annotations:1.23) with ExternalDependencyInstrumentingArtifactTransform
[        ] Transforming perfmark-api-0.26.0.jar (io.perfmark:perfmark-api:0.26.0) with ExternalDependencyInstrumentingArtifactTransform
[        ] Transforming netty-codec-http2-4.1.93.Final.jar (io.netty:netty-codec-http2:4.1.93.Final) with InstrumentationAnalysisTransform
[        ] Transforming netty-codec-http2-4.1.93.Final.jar (io.netty:netty-codec-http2:4.1.93.Final) with MergeInstrumentationAnalysisTransform
[        ] Transforming netty-handler-proxy-4.1.93.Final.jar (io.netty:netty-handler-proxy:4.1.93.Final) with InstrumentationAnalysisTransform
[        ] Transforming netty-handler-proxy-4.1.93.Final.jar (io.netty:netty-handler-proxy:4.1.93.Final) with MergeInstrumentationAnalysisTransform
[        ] Transforming netty-codec-http-4.1.93.Final.jar (io.netty:netty-codec-http:4.1.93.Final) with InstrumentationAnalysisTransform
[        ] Transforming netty-codec-http2-4.1.93.Final.jar (io.netty:netty-codec-http2:4.1.93.Final) with ExternalDependencyInstrumentingArtifactTransform
[        ] Transforming netty-handler-proxy-4.1.93.Final.jar (io.netty:netty-handler-proxy:4.1.93.Final) with ExternalDependencyInstrumentingArtifactTransform
[        ] Transforming netty-codec-http-4.1.93.Final.jar (io.netty:netty-codec-http:4.1.93.Final) with MergeInstrumentationAnalysisTransform
[        ] Transforming netty-handler-4.1.93.Final.jar (io.netty:netty-handler:4.1.93.Final) with InstrumentationAnalysisTransform
[        ] Transforming netty-handler-4.1.93.Final.jar (io.netty:netty-handler:4.1.93.Final) with MergeInstrumentationAnalysisTransform
[        ] Transforming netty-transport-native-unix-common-4.1.93.Final.jar (io.netty:netty-transport-native-unix-common:4.1.93.Final) with InstrumentationAnalysisTransform
[        ] Transforming netty-codec-http-4.1.93.Final.jar (io.netty:netty-codec-http:4.1.93.Final) with ExternalDependencyInstrumentingArtifactTransform
[        ] Transforming netty-handler-4.1.93.Final.jar (io.netty:netty-handler:4.1.93.Final) with ExternalDependencyInstrumentingArtifactTransform
[        ] Transforming netty-transport-native-unix-common-4.1.93.Final.jar (io.netty:netty-transport-native-unix-common:4.1.93.Final) with MergeInstrumentationAnalysisTransform
[        ] Transforming checker-qual-3.33.0.jar (org.checkerframework:checker-qual:3.33.0) with InstrumentationAnalysisTransform
[        ] Transforming checker-qual-3.33.0.jar (org.checkerframework:checker-qual:3.33.0) with MergeInstrumentationAnalysisTransform
[        ] Transforming netty-transport-native-unix-common-4.1.93.Final.jar (io.netty:netty-transport-native-unix-common:4.1.93.Final) with ExternalDependencyInstrumentingArtifactTransform
[        ] Transforming commons-codec-1.11.jar (commons-codec:commons-codec:1.11) with InstrumentationAnalysisTransform
[        ] Transforming checker-qual-3.33.0.jar (org.checkerframework:checker-qual:3.33.0) with ExternalDependencyInstrumentingArtifactTransform
[        ] Transforming commons-codec-1.11.jar (commons-codec:commons-codec:1.11) with MergeInstrumentationAnalysisTransform
[        ] Transforming apksig-8.6.0.jar (com.android.tools.build:apksig:8.6.0) with InstrumentationAnalysisTransform
[        ] Transforming apksig-8.6.0.jar (com.android.tools.build:apksig:8.6.0) with MergeInstrumentationAnalysisTransform
[        ] Transforming javawriter-2.5.0.jar (com.squareup:javawriter:2.5.0) with InstrumentationAnalysisTransform
[        ] Transforming commons-codec-1.11.jar (commons-codec:commons-codec:1.11) with ExternalDependencyInstrumentingArtifactTransform
[        ] Transforming apksig-8.6.0.jar (com.android.tools.build:apksig:8.6.0) with ExternalDependencyInstrumentingArtifactTransform
[        ] Transforming javawriter-2.5.0.jar (com.squareup:javawriter:2.5.0) with MergeInstrumentationAnalysisTransform
[        ] Transforming failureaccess-1.0.1.jar (com.google.guava:failureaccess:1.0.1) with InstrumentationAnalysisTransform
[        ] Transforming failureaccess-1.0.1.jar (com.google.guava:failureaccess:1.0.1) with MergeInstrumentationAnalysisTransform
[        ] Transforming javawriter-2.5.0.jar (com.squareup:javawriter:2.5.0) with ExternalDependencyInstrumentingArtifactTransform
[        ] Transforming listenablefuture-9999.0-empty-to-avoid-conflict-with-guava.jar (com.google.guava:listenablefuture:9999.0-empty-to-avoid-conflict-with-guava) with InstrumentationAnalysisTransform
[        ] Transforming failureaccess-1.0.1.jar (com.google.guava:failureaccess:1.0.1) with ExternalDependencyInstrumentingArtifactTransform
[        ] Transforming listenablefuture-9999.0-empty-to-avoid-conflict-with-guava.jar (com.google.guava:listenablefuture:9999.0-empty-to-avoid-conflict-with-guava) with MergeInstrumentationAnalysisTransform
[        ] Transforming commons-logging-1.2.jar (commons-logging:commons-logging:1.2) with InstrumentationAnalysisTransform
[        ] Transforming commons-logging-1.2.jar (commons-logging:commons-logging:1.2) with MergeInstrumentationAnalysisTransform
[        ] Transforming jna-5.6.0.jar (net.java.dev.jna:jna:5.6.0) with InstrumentationAnalysisTransform
[        ] Transforming listenablefuture-9999.0-empty-to-avoid-conflict-with-guava.jar (com.google.guava:listenablefuture:9999.0-empty-to-avoid-conflict-with-guava) with ExternalDependencyInstrumentingArtifactTransform
[        ] Transforming jna-5.6.0.jar (net.java.dev.jna:jna:5.6.0) with MergeInstrumentationAnalysisTransform
[        ] Transforming netty-codec-socks-4.1.93.Final.jar (io.netty:netty-codec-socks:4.1.93.Final) with InstrumentationAnalysisTransform
[        ] Transforming commons-logging-1.2.jar (commons-logging:commons-logging:1.2) with ExternalDependencyInstrumentingArtifactTransform
[        ] Transforming netty-codec-socks-4.1.93.Final.jar (io.netty:netty-codec-socks:4.1.93.Final) with MergeInstrumentationAnalysisTransform
[        ] Transforming jna-5.6.0.jar (net.java.dev.jna:jna:5.6.0) with ExternalDependencyInstrumentingArtifactTransform
[        ] Transforming netty-codec-socks-4.1.93.Final.jar (io.netty:netty-codec-socks:4.1.93.Final) with ExternalDependencyInstrumentingArtifactTransform
[        ] Transforming netty-codec-4.1.93.Final.jar (io.netty:netty-codec:4.1.93.Final) with InstrumentationAnalysisTransform
[        ] Transforming netty-codec-4.1.93.Final.jar (io.netty:netty-codec:4.1.93.Final) with MergeInstrumentationAnalysisTransform
[        ] Transforming netty-transport-4.1.93.Final.jar (io.netty:netty-transport:4.1.93.Final) with InstrumentationAnalysisTransform
[        ] Transforming netty-transport-4.1.93.Final.jar (io.netty:netty-transport:4.1.93.Final) with MergeInstrumentationAnalysisTransform
[        ] Transforming netty-buffer-4.1.93.Final.jar (io.netty:netty-buffer:4.1.93.Final) with InstrumentationAnalysisTransform
[        ] Transforming netty-codec-4.1.93.Final.jar (io.netty:netty-codec:4.1.93.Final) with ExternalDependencyInstrumentingArtifactTransform
[        ] Transforming netty-transport-4.1.93.Final.jar (io.netty:netty-transport:4.1.93.Final) with ExternalDependencyInstrumentingArtifactTransform
[        ] Transforming netty-buffer-4.1.93.Final.jar (io.netty:netty-buffer:4.1.93.Final) with MergeInstrumentationAnalysisTransform
[        ] Transforming netty-resolver-4.1.93.Final.jar (io.netty:netty-resolver:4.1.93.Final) with InstrumentationAnalysisTransform
[        ] Transforming netty-resolver-4.1.93.Final.jar (io.netty:netty-resolver:4.1.93.Final) with MergeInstrumentationAnalysisTransform
[        ] Transforming netty-common-4.1.93.Final.jar (io.netty:netty-common:4.1.93.Final) with InstrumentationAnalysisTransform
[        ] Transforming netty-buffer-4.1.93.Final.jar (io.netty:netty-buffer:4.1.93.Final) with ExternalDependencyInstrumentingArtifactTransform
[        ] Transforming netty-resolver-4.1.93.Final.jar (io.netty:netty-resolver:4.1.93.Final) with ExternalDependencyInstrumentingArtifactTransform
[        ] Transforming netty-common-4.1.93.Final.jar (io.netty:netty-common:4.1.93.Final) with MergeInstrumentationAnalysisTransform
[        ] Transforming netty-common-4.1.93.Final.jar (io.netty:netty-common:4.1.93.Final) with ExternalDependencyInstrumentingArtifactTransform
[        ] Using default execution profile
[ +167 ms] > Configure project :google_mobile_ads
[        ] Evaluating project ':google_mobile_ads' using build file 'C:\Users\ardaa\AppData\Local\Pub\Cache\hosted\pub.dev\google_mobile_ads-6.0.0\android\build.gradle'.
[        ] Transforming gradle-8.3.2.jar (com.android.tools.build:gradle:8.3.2) with InstrumentationAnalysisTransform
[        ] Transforming gradle-settings-api-8.3.2.jar (com.android.tools.build:gradle-settings-api:8.3.2) with InstrumentationAnalysisTransform
[        ] Transforming lint-model-31.3.2.jar (com.android.tools.lint:lint-model:31.3.2) with InstrumentationAnalysisTransform
[        ] Transforming builder-8.3.2.jar (com.android.tools.build:builder:8.3.2) with InstrumentationAnalysisTransform
[        ] Transforming manifest-merger-31.3.2.jar (com.android.tools.build:manifest-merger:31.3.2) with InstrumentationAnalysisTransform
[        ] Transforming sdk-common-31.3.2.jar (com.android.tools:sdk-common:31.3.2) with InstrumentationAnalysisTransform
[        ] Transforming sdklib-31.3.2.jar (com.android.tools:sdklib:31.3.2) with InstrumentationAnalysisTransform
[        ] Transforming repository-31.3.2.jar (com.android.tools:repository:31.3.2) with InstrumentationAnalysisTransform
[        ] Transforming gradle-api-8.3.2.jar (com.android.tools.build:gradle-api:8.3.2) with InstrumentationAnalysisTransform
[        ] Transforming builder-test-api-8.3.2.jar (com.android.tools.build:builder-test-api:8.3.2) with InstrumentationAnalysisTransform
[        ] Transforming ddmlib-31.3.2.jar (com.android.tools.ddms:ddmlib:31.3.2) with InstrumentationAnalysisTransform
[        ] Transforming aaptcompiler-8.3.2.jar (com.android.tools.build:aaptcompiler:8.3.2) with InstrumentationAnalysisTransform
[        ] Transforming bundletool-1.15.6.jar (com.android.tools.build:bundletool:1.15.6) with InstrumentationAnalysisTransform
[        ] Transforming aapt2-proto-8.3.2-10880808.jar (com.android.tools.build:aapt2-proto:8.3.2-10880808) with InstrumentationAnalysisTransform
[        ] Transforming crash-31.3.2.jar (com.android.tools.analytics-library:crash:31.3.2) with InstrumentationAnalysisTransform
[        ] Transforming tracker-31.3.2.jar (com.android.tools.analytics-library:tracker:31.3.2) with InstrumentationAnalysisTransform
[        ] Transforming shared-31.3.2.jar (com.android.tools.analytics-library:shared:31.3.2) with InstrumentationAnalysisTransform
[        ] Transforming lint-typedef-remover-31.3.2.jar (com.android.tools.lint:lint-typedef-remover:31.3.2) with InstrumentationAnalysisTransform
[        ] Transforming databinding-compiler-common-8.3.2.jar (androidx.databinding:databinding-compiler-common:8.3.2) with InstrumentationAnalysisTransform
[        ] Transforming databinding-common-8.3.2.jar (androidx.databinding:databinding-common:8.3.2) with InstrumentationAnalysisTransform
[        ] Transforming baseLibrary-8.3.2.jar (com.android.databinding:baseLibrary:8.3.2) with InstrumentationAnalysisTransform
[        ] Transforming layoutlib-api-31.3.2.jar (com.android.tools.layoutlib:layoutlib-api:31.3.2) with InstrumentationAnalysisTransform
[        ] Transforming android-device-provider-ddmlib-proto-31.3.2.jar (com.android.tools.utp:android-device-provider-ddmlib-proto:31.3.2) with InstrumentationAnalysisTransform
[        ] Transforming android-device-provider-gradle-proto-31.3.2.jar (com.android.tools.utp:android-device-provider-gradle-proto:31.3.2) with InstrumentationAnalysisTransform
[        ] Transforming android-test-plugin-host-additional-test-output-proto-31.3.2.jar (com.android.tools.utp:android-test-plugin-host-additional-test-output-proto:31.3.2) with InstrumentationAnalysisTransform
[        ] Transforming android-test-plugin-host-coverage-proto-31.3.2.jar (com.android.tools.utp:android-test-plugin-host-coverage-proto:31.3.2) with InstrumentationAnalysisTransform
[        ] Transforming android-test-plugin-host-emulator-control-proto-31.3.2.jar (com.android.tools.utp:android-test-plugin-host-emulator-control-proto:31.3.2) with InstrumentationAnalysisTransform
[        ] Transforming android-test-plugin-host-logcat-proto-31.3.2.jar (com.android.tools.utp:android-test-plugin-host-logcat-proto:31.3.2) with InstrumentationAnalysisTransform
[        ] Transforming android-test-plugin-host-apk-installer-proto-31.3.2.jar (com.android.tools.utp:android-test-plugin-host-apk-installer-proto:31.3.2) with InstrumentationAnalysisTransform
[        ] Transforming android-test-plugin-host-retention-proto-31.3.2.jar (com.android.tools.utp:android-test-plugin-host-retention-proto:31.3.2) with InstrumentationAnalysisTransform
[        ] Transforming android-test-plugin-result-listener-gradle-proto-31.3.2.jar (com.android.tools.utp:android-test-plugin-result-listener-gradle-proto:31.3.2) with InstrumentationAnalysisTransform
[        ] Transforming builder-model-8.3.2.jar (com.android.tools.build:builder-model:8.3.2) with InstrumentationAnalysisTransform
[        ] Transforming dvlib-31.3.2.jar (com.android.tools:dvlib:31.3.2) with InstrumentationAnalysisTransform
[        ] Transforming common-31.3.2.jar (com.android.tools:common:31.3.2) with InstrumentationAnalysisTransform
[        ] Transforming jetifier-processor-1.0.0-beta10.jar (com.android.tools.build.jetifier:jetifier-processor:1.0.0-beta10) with InstrumentationAnalysisTransform
[        ] Transforming jetifier-core-1.0.0-beta10.jar (com.android.tools.build.jetifier:jetifier-core:1.0.0-beta10) with InstrumentationAnalysisTransform
[        ] Transforming kotlin-reflect-1.9.20.jar (org.jetbrains.kotlin:kotlin-reflect:1.9.20) with InstrumentationAnalysisTransform
[        ] Transforming kotlin-stdlib-jdk7-1.9.20.jar (org.jetbrains.kotlin:kotlin-stdlib-jdk7:1.9.20) with InstrumentationAnalysisTransform
[        ] Transforming kotlin-stdlib-1.9.20.jar (org.jetbrains.kotlin:kotlin-stdlib:1.9.20) with InstrumentationAnalysisTransform
[        ] Transforming kotlin-stdlib-jdk8-1.9.20.jar (org.jetbrains.kotlin:kotlin-stdlib-jdk8:1.9.20) with InstrumentationAnalysisTransform
[        ] Transforming transform-api-2.0.0-deprecated-use-gradle-api.jar (com.android.tools.build:transform-api:2.0.0-deprecated-use-gradle-api) with InstrumentationAnalysisTransform
[        ] Transforming httpmime-4.5.6.jar (org.apache.httpcomponents:httpmime:4.5.6) with InstrumentationAnalysisTransform
[        ] Transforming commons-io-2.13.0.jar (commons-io:commons-io:2.13.0) with InstrumentationAnalysisTransform
[        ] Transforming asm-commons-9.6.jar (org.ow2.asm:asm-commons:9.6) with InstrumentationAnalysisTransform
[        ] Transforming asm-util-9.6.jar (org.ow2.asm:asm-util:9.6) with InstrumentationAnalysisTransform
[        ] Transforming asm-analysis-9.6.jar (org.ow2.asm:asm-analysis:9.6) with InstrumentationAnalysisTransform
[        ] Transforming asm-tree-9.6.jar (org.ow2.asm:asm-tree:9.6) with InstrumentationAnalysisTransform
[        ] Transforming asm-9.6.jar (org.ow2.asm:asm:9.6) with InstrumentationAnalysisTransform
[        ] Transforming apkzlib-8.3.2.jar (com.android.tools.build:apkzlib:8.3.2) with InstrumentationAnalysisTransform
[        ] Transforming bcpkix-jdk15on-1.67.jar (org.bouncycastle:bcpkix-jdk15on:1.67) with InstrumentationAnalysisTransform
[        ] Transforming jaxb-runtime-2.3.2.jar (org.glassfish.jaxb:jaxb-runtime:2.3.2) with InstrumentationAnalysisTransform
[        ] Transforming jopt-simple-4.9.jar (net.sf.jopt-simple:jopt-simple:4.9) with InstrumentationAnalysisTransform
[        ] Transforming javapoet-1.10.0.jar (com.squareup:javapoet:1.10.0) with InstrumentationAnalysisTransform
[        ] Transforming protobuf-java-util-3.22.3.jar (com.google.protobuf:protobuf-java-util:3.22.3) with InstrumentationAnalysisTransform
[        ] Transforming grpc-protobuf-1.57.0.jar (io.grpc:grpc-protobuf:1.57.0) with InstrumentationAnalysisTransform
[        ] Transforming tink-1.7.0.jar (com.google.crypto.tink:tink:1.7.0) with InstrumentationAnalysisTransform
[        ] Transforming protos-31.3.2.jar (com.android.tools.analytics-library:protos:31.3.2) with InstrumentationAnalysisTransform
[        ] Transforming proto-google-common-protos-2.17.0.jar (com.google.api.grpc:proto-google-common-protos:2.17.0) with InstrumentationAnalysisTransform
[        ] Transforming protobuf-java-3.22.3.jar (com.google.protobuf:protobuf-java:3.22.3) with InstrumentationAnalysisTransform
[        ] Transforming grpc-netty-1.57.0.jar (io.grpc:grpc-netty:1.57.0) with InstrumentationAnalysisTransform
[        ] Transforming grpc-core-1.57.0.jar (io.grpc:grpc-core:1.57.0) with InstrumentationAnalysisTransform
[        ] Transforming gson-2.10.1.jar (com.google.code.gson:gson:2.10.1) with InstrumentationAnalysisTransform
[        ] Transforming grpc-stub-1.57.0.jar (io.grpc:grpc-stub:1.57.0) with InstrumentationAnalysisTransform
[        ] Transforming core-proto-0.0.9-alpha02.jar (com.google.testing.platform:core-proto:0.0.9-alpha02) with InstrumentationAnalysisTransform
[        ] Transforming kxml2-2.3.0.jar (net.sf.kxml:kxml2:2.3.0) with InstrumentationAnalysisTransform
[        ] Transforming tensorflow-lite-metadata-0.1.0-rc2.jar (org.tensorflow:tensorflow-lite-metadata:0.1.0-rc2) with InstrumentationAnalysisTransform
[        ] Transforming flatbuffers-java-1.12.0.jar (com.google.flatbuffers:flatbuffers-java:1.12.0) with InstrumentationAnalysisTransform
[        ] Transforming jimfs-1.1.jar (com.google.jimfs:jimfs:1.1) with InstrumentationAnalysisTransform
[        ] Transforming grpc-context-1.57.0.jar (io.grpc:grpc-context:1.57.0) with InstrumentationAnalysisTransform
[        ] Transforming grpc-protobuf-lite-1.57.0.jar (io.grpc:grpc-protobuf-lite:1.57.0) with InstrumentationAnalysisTransform
[        ] Transforming grpc-api-1.57.0.jar (io.grpc:grpc-api:1.57.0) with InstrumentationAnalysisTransform
[        ] Transforming guava-32.0.1-jre.jar (com.google.guava:guava:32.0.1-jre) with InstrumentationAnalysisTransform
[        ] Transforming dagger-2.28.3.jar (com.google.dagger:dagger:2.28.3) with InstrumentationAnalysisTransform
[        ] Transforming javax.inject-1.jar (javax.inject:javax.inject:1) with InstrumentationAnalysisTransform
[        ] Transforming bcprov-jdk15on-1.67.jar (org.bouncycastle:bcprov-jdk15on:1.67) with InstrumentationAnalysisTransform
[        ] Transforming trove4j-1.0.20200330.jar (org.jetbrains.intellij.deps:trove4j:1.0.20200330) with InstrumentationAnalysisTransform
[        ] Transforming commons-compress-1.21.jar (org.apache.commons:commons-compress:1.21) with InstrumentationAnalysisTransform
[        ] Transforming httpclient-4.5.14.jar (org.apache.httpcomponents:httpclient:4.5.14) with InstrumentationAnalysisTransform
[        ] Transforming httpcore-4.4.16.jar (org.apache.httpcomponents:httpcore:4.4.16) with InstrumentationAnalysisTransform
[        ] Transforming javax.activation-1.2.0.jar (com.sun.activation:javax.activation:1.2.0) with InstrumentationAnalysisTransform
[        ] Transforming annotations-23.0.0.jar (org.jetbrains:annotations:23.0.0) with InstrumentationAnalysisTransform
[        ] Transforming signflinger-8.3.2.jar (com.android:signflinger:8.3.2) with InstrumentationAnalysisTransform
[        ] Transforming zipflinger-8.3.2.jar (com.android:zipflinger:8.3.2) with InstrumentationAnalysisTransform
[        ] Transforming annotations-31.3.2.jar (com.android.tools:annotations:31.3.2) with InstrumentationAnalysisTransform
[        ] Transforming jna-platform-5.6.0.jar (net.java.dev.jna:jna-platform:5.6.0) with InstrumentationAnalysisTransform
[        ] Transforming juniversalchardet-1.0.3.jar (com.googlecode.juniversalchardet:juniversalchardet:1.0.3) with InstrumentationAnalysisTransform
[        ] Transforming javax.annotation-api-1.3.2.jar (javax.annotation:javax.annotation-api:1.3.2) with InstrumentationAnalysisTransform
[        ] Transforming stax-ex-1.8.1.jar (org.jvnet.staxex:stax-ex:1.8.1) with InstrumentationAnalysisTransform
[        ] Transforming jakarta.xml.bind-api-2.3.2.jar (jakarta.xml.bind:jakarta.xml.bind-api:2.3.2) with InstrumentationAnalysisTransform
[        ] Transforming txw2-2.3.2.jar (org.glassfish.jaxb:txw2:2.3.2) with InstrumentationAnalysisTransform
[        ] Transforming istack-commons-runtime-3.0.8.jar (com.sun.istack:istack-commons-runtime:3.0.8) with InstrumentationAnalysisTransform
[        ] Transforming FastInfoset-1.2.16.jar (com.sun.xml.fastinfoset:FastInfoset:1.2.16) with InstrumentationAnalysisTransform
[        ] Transforming jakarta.activation-api-1.2.1.jar (jakarta.activation:jakarta.activation-api:1.2.1) with InstrumentationAnalysisTransform
[        ] Transforming auto-value-annotations-1.6.2.jar (com.google.auto.value:auto-value-annotations:1.6.2) with InstrumentationAnalysisTransform
[        ] Transforming error_prone_annotations-2.18.0.jar (com.google.errorprone:error_prone_annotations:2.18.0) with InstrumentationAnalysisTransform
[        ] Transforming jose4j-0.7.0.jar (org.bitbucket.b_c:jose4j:0.7.0) with InstrumentationAnalysisTransform
[        ] Transforming slf4j-api-1.7.30.jar (org.slf4j:slf4j-api:1.7.30) with InstrumentationAnalysisTransform
[        ] Transforming jdom2-2.0.6.jar (org.jdom:jdom2:2.0.6) with InstrumentationAnalysisTransform
[        ] Transforming jsr305-3.0.2.jar (com.google.code.findbugs:jsr305:3.0.2) with InstrumentationAnalysisTransform
[        ] Transforming j2objc-annotations-2.8.jar (com.google.j2objc:j2objc-annotations:2.8) with InstrumentationAnalysisTransform
[        ] Transforming annotations-4.1.1.4.jar (com.google.android:annotations:4.1.1.4) with InstrumentationAnalysisTransform
[        ] Transforming animal-sniffer-annotations-1.23.jar (org.codehaus.mojo:animal-sniffer-annotations:1.23) with InstrumentationAnalysisTransform
[        ] Transforming perfmark-api-0.26.0.jar (io.perfmark:perfmark-api:0.26.0) with InstrumentationAnalysisTransform
[        ] Transforming netty-codec-http2-4.1.93.Final.jar (io.netty:netty-codec-http2:4.1.93.Final) with InstrumentationAnalysisTransform
[        ] Transforming netty-handler-proxy-4.1.93.Final.jar (io.netty:netty-handler-proxy:4.1.93.Final) with InstrumentationAnalysisTransform
[        ] Transforming netty-codec-http-4.1.93.Final.jar (io.netty:netty-codec-http:4.1.93.Final) with InstrumentationAnalysisTransform
[        ] Transforming netty-handler-4.1.93.Final.jar (io.netty:netty-handler:4.1.93.Final) with InstrumentationAnalysisTransform
[        ] Transforming netty-transport-native-unix-common-4.1.93.Final.jar (io.netty:netty-transport-native-unix-common:4.1.93.Final) with InstrumentationAnalysisTransform
[        ] Transforming checker-qual-3.33.0.jar (org.checkerframework:checker-qual:3.33.0) with InstrumentationAnalysisTransform
[        ] Transforming commons-codec-1.11.jar (commons-codec:commons-codec:1.11) with InstrumentationAnalysisTransform
[        ] Transforming apksig-8.3.2.jar (com.android.tools.build:apksig:8.3.2) with InstrumentationAnalysisTransform
[        ] Transforming javawriter-2.5.0.jar (com.squareup:javawriter:2.5.0) with InstrumentationAnalysisTransform
[        ] Transforming failureaccess-1.0.1.jar (com.google.guava:failureaccess:1.0.1) with InstrumentationAnalysisTransform
[        ] Transforming listenablefuture-9999.0-empty-to-avoid-conflict-with-guava.jar (com.google.guava:listenablefuture:9999.0-empty-to-avoid-conflict-with-guava) with InstrumentationAnalysisTransform
[        ] Transforming commons-logging-1.2.jar (commons-logging:commons-logging:1.2) with InstrumentationAnalysisTransform
[        ] Transforming jna-5.6.0.jar (net.java.dev.jna:jna:5.6.0) with InstrumentationAnalysisTransform
[        ] Transforming netty-codec-socks-4.1.93.Final.jar (io.netty:netty-codec-socks:4.1.93.Final) with InstrumentationAnalysisTransform
[        ] Transforming netty-codec-4.1.93.Final.jar (io.netty:netty-codec:4.1.93.Final) with InstrumentationAnalysisTransform
[        ] Transforming netty-transport-4.1.93.Final.jar (io.netty:netty-transport:4.1.93.Final) with InstrumentationAnalysisTransform
[        ] Transforming netty-buffer-4.1.93.Final.jar (io.netty:netty-buffer:4.1.93.Final) with InstrumentationAnalysisTransform
[        ] Transforming netty-resolver-4.1.93.Final.jar (io.netty:netty-resolver:4.1.93.Final) with InstrumentationAnalysisTransform
[        ] Transforming netty-common-4.1.93.Final.jar (io.netty:netty-common:4.1.93.Final) with InstrumentationAnalysisTransform
[        ] Transforming gradle-8.3.2.jar (com.android.tools.build:gradle:8.3.2) with InstrumentationAnalysisTransform
[        ] Transforming gradle-8.3.2.jar (com.android.tools.build:gradle:8.3.2) with MergeInstrumentationAnalysisTransform
[        ] Transforming gradle-settings-api-8.3.2.jar (com.android.tools.build:gradle-settings-api:8.3.2) with InstrumentationAnalysisTransform
[        ] Transforming gradle-settings-api-8.3.2.jar (com.android.tools.build:gradle-settings-api:8.3.2) with MergeInstrumentationAnalysisTransform
[        ] Transforming gradle-8.3.2.jar (com.android.tools.build:gradle:8.3.2) with ExternalDependencyInstrumentingArtifactTransform
[        ] Transforming lint-model-31.3.2.jar (com.android.tools.lint:lint-model:31.3.2) with InstrumentationAnalysisTransform
[        ] Transforming gradle-settings-api-8.3.2.jar (com.android.tools.build:gradle-settings-api:8.3.2) with ExternalDependencyInstrumentingArtifactTransform
[        ] Transforming lint-model-31.3.2.jar (com.android.tools.lint:lint-model:31.3.2) with MergeInstrumentationAnalysisTransform
[        ] Transforming builder-8.3.2.jar (com.android.tools.build:builder:8.3.2) with InstrumentationAnalysisTransform
[        ] Transforming lint-model-31.3.2.jar (com.android.tools.lint:lint-model:31.3.2) with ExternalDependencyInstrumentingArtifactTransform
[        ] Transforming builder-8.3.2.jar (com.android.tools.build:builder:8.3.2) with MergeInstrumentationAnalysisTransform
[        ] Transforming manifest-merger-31.3.2.jar (com.android.tools.build:manifest-merger:31.3.2) with InstrumentationAnalysisTransform
[        ] Transforming manifest-merger-31.3.2.jar (com.android.tools.build:manifest-merger:31.3.2) with MergeInstrumentationAnalysisTransform
[        ] Transforming builder-8.3.2.jar (com.android.tools.build:builder:8.3.2) with ExternalDependencyInstrumentingArtifactTransform
[        ] Transforming manifest-merger-31.3.2.jar (com.android.tools.build:manifest-merger:31.3.2) with ExternalDependencyInstrumentingArtifactTransform
[        ] Transforming sdk-common-31.3.2.jar (com.android.tools:sdk-common:31.3.2) with InstrumentationAnalysisTransform
[        ] Transforming sdk-common-31.3.2.jar (com.android.tools:sdk-common:31.3.2) with MergeInstrumentationAnalysisTransform
[        ] Transforming sdklib-31.3.2.jar (com.android.tools:sdklib:31.3.2) with InstrumentationAnalysisTransform
[        ] Transforming sdklib-31.3.2.jar (com.android.tools:sdklib:31.3.2) with MergeInstrumentationAnalysisTransform
[        ] Transforming sdk-common-31.3.2.jar (com.android.tools:sdk-common:31.3.2) with ExternalDependencyInstrumentingArtifactTransform
[        ] Transforming repository-31.3.2.jar (com.android.tools:repository:31.3.2) with InstrumentationAnalysisTransform
[        ] Transforming sdklib-31.3.2.jar (com.android.tools:sdklib:31.3.2) with ExternalDependencyInstrumentingArtifactTransform
[        ] Transforming repository-31.3.2.jar (com.android.tools:repository:31.3.2) with MergeInstrumentationAnalysisTransform
[        ] Transforming gradle-api-8.3.2.jar (com.android.tools.build:gradle-api:8.3.2) with InstrumentationAnalysisTransform
[        ] Transforming gradle-api-8.3.2.jar (com.android.tools.build:gradle-api:8.3.2) with MergeInstrumentationAnalysisTransform
[        ] Transforming repository-31.3.2.jar (com.android.tools:repository:31.3.2) with ExternalDependencyInstrumentingArtifactTransform
[        ] Transforming gradle-api-8.3.2.jar (com.android.tools.build:gradle-api:8.3.2) with ExternalDependencyInstrumentingArtifactTransform
[        ] Transforming builder-test-api-8.3.2.jar (com.android.tools.build:builder-test-api:8.3.2) with InstrumentationAnalysisTransform
[        ] Transforming builder-test-api-8.3.2.jar (com.android.tools.build:builder-test-api:8.3.2) with MergeInstrumentationAnalysisTransform
[        ] Transforming ddmlib-31.3.2.jar (com.android.tools.ddms:ddmlib:31.3.2) with InstrumentationAnalysisTransform
[        ] Transforming ddmlib-31.3.2.jar (com.android.tools.ddms:ddmlib:31.3.2) with MergeInstrumentationAnalysisTransform
[        ] Transforming builder-test-api-8.3.2.jar (com.android.tools.build:builder-test-api:8.3.2) with ExternalDependencyInstrumentingArtifactTransform
[        ] Transforming aaptcompiler-8.3.2.jar (com.android.tools.build:aaptcompiler:8.3.2) with InstrumentationAnalysisTransform
[        ] Transforming ddmlib-31.3.2.jar (com.android.tools.ddms:ddmlib:31.3.2) with ExternalDependencyInstrumentingArtifactTransform
[        ] Transforming aaptcompiler-8.3.2.jar (com.android.tools.build:aaptcompiler:8.3.2) with MergeInstrumentationAnalysisTransform
[        ] Transforming bundletool-1.15.6.jar (com.android.tools.build:bundletool:1.15.6) with InstrumentationAnalysisTransform
[        ] Transforming aaptcompiler-8.3.2.jar (com.android.tools.build:aaptcompiler:8.3.2) with ExternalDependencyInstrumentingArtifactTransform
[        ] Transforming bundletool-1.15.6.jar (com.android.tools.build:bundletool:1.15.6) with MergeInstrumentationAnalysisTransform
[        ] Transforming aapt2-proto-8.3.2-10880808.jar (com.android.tools.build:aapt2-proto:8.3.2-10880808) with InstrumentationAnalysisTransform
[        ] Transforming aapt2-proto-8.3.2-10880808.jar (com.android.tools.build:aapt2-proto:8.3.2-10880808) with MergeInstrumentationAnalysisTransform
[        ] Transforming bundletool-1.15.6.jar (com.android.tools.build:bundletool:1.15.6) with ExternalDependencyInstrumentingArtifactTransform
[        ] Transforming crash-31.3.2.jar (com.android.tools.analytics-library:crash:31.3.2) with InstrumentationAnalysisTransform
[        ] Transforming aapt2-proto-8.3.2-10880808.jar (com.android.tools.build:aapt2-proto:8.3.2-10880808) with ExternalDependencyInstrumentingArtifactTransform
[        ] Transforming crash-31.3.2.jar (com.android.tools.analytics-library:crash:31.3.2) with MergeInstrumentationAnalysisTransform
[        ] Transforming tracker-31.3.2.jar (com.android.tools.analytics-library:tracker:31.3.2) with InstrumentationAnalysisTransform
[        ] Transforming tracker-31.3.2.jar (com.android.tools.analytics-library:tracker:31.3.2) with MergeInstrumentationAnalysisTransform
[        ] Transforming crash-31.3.2.jar (com.android.tools.analytics-library:crash:31.3.2) with ExternalDependencyInstrumentingArtifactTransform
[        ] Transforming shared-31.3.2.jar (com.android.tools.analytics-library:shared:31.3.2) with InstrumentationAnalysisTransform
[        ] Transforming shared-31.3.2.jar (com.android.tools.analytics-library:shared:31.3.2) with MergeInstrumentationAnalysisTransform
[        ] Transforming tracker-31.3.2.jar (com.android.tools.analytics-library:tracker:31.3.2) with ExternalDependencyInstrumentingArtifactTransform
[        ] Transforming lint-typedef-remover-31.3.2.jar (com.android.tools.lint:lint-typedef-remover:31.3.2) with InstrumentationAnalysisTransform
[        ] Transforming shared-31.3.2.jar (com.android.tools.analytics-library:shared:31.3.2) with ExternalDependencyInstrumentingArtifactTransform
[        ] Transforming lint-typedef-remover-31.3.2.jar (com.android.tools.lint:lint-typedef-remover:31.3.2) with MergeInstrumentationAnalysisTransform
[        ] Transforming databinding-compiler-common-8.3.2.jar (androidx.databinding:databinding-compiler-common:8.3.2) with InstrumentationAnalysisTransform
[        ] Transforming databinding-compiler-common-8.3.2.jar (androidx.databinding:databinding-compiler-common:8.3.2) with MergeInstrumentationAnalysisTransform
[        ] Transforming lint-typedef-remover-31.3.2.jar (com.android.tools.lint:lint-typedef-remover:31.3.2) with ExternalDependencyInstrumentingArtifactTransform
[        ] Transforming databinding-common-8.3.2.jar (androidx.databinding:databinding-common:8.3.2) with InstrumentationAnalysisTransform
[        ] Transforming databinding-compiler-common-8.3.2.jar (androidx.databinding:databinding-compiler-common:8.3.2) with ExternalDependencyInstrumentingArtifactTransform
[        ] Transforming databinding-common-8.3.2.jar (androidx.databinding:databinding-common:8.3.2) with MergeInstrumentationAnalysisTransform
[        ] Transforming baseLibrary-8.3.2.jar (com.android.databinding:baseLibrary:8.3.2) with InstrumentationAnalysisTransform
[        ] Transforming databinding-common-8.3.2.jar (androidx.databinding:databinding-common:8.3.2) with ExternalDependencyInstrumentingArtifactTransform
[        ] Transforming baseLibrary-8.3.2.jar (com.android.databinding:baseLibrary:8.3.2) with MergeInstrumentationAnalysisTransform
[        ] Transforming layoutlib-api-31.3.2.jar (com.android.tools.layoutlib:layoutlib-api:31.3.2) with InstrumentationAnalysisTransform
[        ] Transforming layoutlib-api-31.3.2.jar (com.android.tools.layoutlib:layoutlib-api:31.3.2) with MergeInstrumentationAnalysisTransform
[        ] Transforming android-device-provider-ddmlib-proto-31.3.2.jar (com.android.tools.utp:android-device-provider-ddmlib-proto:31.3.2) with InstrumentationAnalysisTransform
[        ] Transforming android-device-provider-ddmlib-proto-31.3.2.jar (com.android.tools.utp:android-device-provider-ddmlib-proto:31.3.2) with MergeInstrumentationAnalysisTransform
[        ] Transforming baseLibrary-8.3.2.jar (com.android.databinding:baseLibrary:8.3.2) with ExternalDependencyInstrumentingArtifactTransform
[        ] Transforming android-device-provider-gradle-proto-31.3.2.jar (com.android.tools.utp:android-device-provider-gradle-proto:31.3.2) with InstrumentationAnalysisTransform
[        ] Transforming layoutlib-api-31.3.2.jar (com.android.tools.layoutlib:layoutlib-api:31.3.2) with ExternalDependencyInstrumentingArtifactTransform
[        ] Transforming android-device-provider-gradle-proto-31.3.2.jar (com.android.tools.utp:android-device-provider-gradle-proto:31.3.2) with MergeInstrumentationAnalysisTransform
[        ] Transforming android-device-provider-ddmlib-proto-31.3.2.jar (com.android.tools.utp:android-device-provider-ddmlib-proto:31.3.2) with ExternalDependencyInstrumentingArtifactTransform
[        ] Transforming android-test-plugin-host-additional-test-output-proto-31.3.2.jar (com.android.tools.utp:android-test-plugin-host-additional-test-output-proto:31.3.2) with InstrumentationAnalysisTransform
[        ] Transforming android-device-provider-gradle-proto-31.3.2.jar (com.android.tools.utp:android-device-provider-gradle-proto:31.3.2) with ExternalDependencyInstrumentingArtifactTransform
[        ] Transforming android-test-plugin-host-additional-test-output-proto-31.3.2.jar (com.android.tools.utp:android-test-plugin-host-additional-test-output-proto:31.3.2) with MergeInstrumentationAnalysisTransform
[        ] Transforming android-test-plugin-host-coverage-proto-31.3.2.jar (com.android.tools.utp:android-test-plugin-host-coverage-proto:31.3.2) with InstrumentationAnalysisTransform
[        ] Transforming android-test-plugin-host-additional-test-output-proto-31.3.2.jar (com.android.tools.utp:android-test-plugin-host-additional-test-output-proto:31.3.2) with ExternalDependencyInstrumentingArtifactTransform
[        ] Transforming android-test-plugin-host-coverage-proto-31.3.2.jar (com.android.tools.utp:android-test-plugin-host-coverage-proto:31.3.2) with MergeInstrumentationAnalysisTransform
[        ] Transforming android-test-plugin-host-emulator-control-proto-31.3.2.jar (com.android.tools.utp:android-test-plugin-host-emulator-control-proto:31.3.2) with InstrumentationAnalysisTransform
[        ] Transforming android-test-plugin-host-emulator-control-proto-31.3.2.jar (com.android.tools.utp:android-test-plugin-host-emulator-control-proto:31.3.2) with MergeInstrumentationAnalysisTransform
[        ] Transforming android-test-plugin-host-logcat-proto-31.3.2.jar (com.android.tools.utp:android-test-plugin-host-logcat-proto:31.3.2) with InstrumentationAnalysisTransform
[        ] Transforming android-test-plugin-host-logcat-proto-31.3.2.jar (com.android.tools.utp:android-test-plugin-host-logcat-proto:31.3.2) with MergeInstrumentationAnalysisTransform
[        ] Transforming android-test-plugin-host-emulator-control-proto-31.3.2.jar (com.android.tools.utp:android-test-plugin-host-emulator-control-proto:31.3.2) with ExternalDependencyInstrumentingArtifactTransform
[        ] Transforming android-test-plugin-host-coverage-proto-31.3.2.jar (com.android.tools.utp:android-test-plugin-host-coverage-proto:31.3.2) with ExternalDependencyInstrumentingArtifactTransform
[        ] Transforming android-test-plugin-host-logcat-proto-31.3.2.jar (com.android.tools.utp:android-test-plugin-host-logcat-proto:31.3.2) with ExternalDependencyInstrumentingArtifactTransform
[        ] Transforming android-test-plugin-host-apk-installer-proto-31.3.2.jar (com.android.tools.utp:android-test-plugin-host-apk-installer-proto:31.3.2) with InstrumentationAnalysisTransform
[        ] Transforming android-test-plugin-host-apk-installer-proto-31.3.2.jar (com.android.tools.utp:android-test-plugin-host-apk-installer-proto:31.3.2) with MergeInstrumentationAnalysisTransform
[        ] Transforming android-test-plugin-host-retention-proto-31.3.2.jar (com.android.tools.utp:android-test-plugin-host-retention-proto:31.3.2) with InstrumentationAnalysisTransform
[        ] Transforming android-test-plugin-host-retention-proto-31.3.2.jar (com.android.tools.utp:android-test-plugin-host-retention-proto:31.3.2) with MergeInstrumentationAnalysisTransform
[        ] Transforming android-test-plugin-result-listener-gradle-proto-31.3.2.jar (com.android.tools.utp:android-test-plugin-result-listener-gradle-proto:31.3.2) with InstrumentationAnalysisTransform
[        ] Transforming android-test-plugin-host-apk-installer-proto-31.3.2.jar (com.android.tools.utp:android-test-plugin-host-apk-installer-proto:31.3.2) with ExternalDependencyInstrumentingArtifactTransform
[        ] Transforming android-test-plugin-host-retention-proto-31.3.2.jar (com.android.tools.utp:android-test-plugin-host-retention-proto:31.3.2) with ExternalDependencyInstrumentingArtifactTransform
[        ] Transforming android-test-plugin-result-listener-gradle-proto-31.3.2.jar (com.android.tools.utp:android-test-plugin-result-listener-gradle-proto:31.3.2) with MergeInstrumentationAnalysisTransform
[        ] Transforming builder-model-8.3.2.jar (com.android.tools.build:builder-model:8.3.2) with InstrumentationAnalysisTransform
[        ] Transforming android-test-plugin-result-listener-gradle-proto-31.3.2.jar (com.android.tools.utp:android-test-plugin-result-listener-gradle-proto:31.3.2) with ExternalDependencyInstrumentingArtifactTransform
[        ] Transforming builder-model-8.3.2.jar (com.android.tools.build:builder-model:8.3.2) with MergeInstrumentationAnalysisTransform
[        ] Transforming dvlib-31.3.2.jar (com.android.tools:dvlib:31.3.2) with InstrumentationAnalysisTransform
[        ] Transforming dvlib-31.3.2.jar (com.android.tools:dvlib:31.3.2) with MergeInstrumentationAnalysisTransform
[        ] Transforming builder-model-8.3.2.jar (com.android.tools.build:builder-model:8.3.2) with ExternalDependencyInstrumentingArtifactTransform
[        ] Transforming dvlib-31.3.2.jar (com.android.tools:dvlib:31.3.2) with ExternalDependencyInstrumentingArtifactTransform
[        ] Transforming common-31.3.2.jar (com.android.tools:common:31.3.2) with InstrumentationAnalysisTransform
[        ] Transforming common-31.3.2.jar (com.android.tools:common:31.3.2) with MergeInstrumentationAnalysisTransform
[        ] Transforming jetifier-processor-1.0.0-beta10.jar (com.android.tools.build.jetifier:jetifier-processor:1.0.0-beta10) with InstrumentationAnalysisTransform
[        ] Transforming common-31.3.2.jar (com.android.tools:common:31.3.2) with ExternalDependencyInstrumentingArtifactTransform
[        ] Transforming jetifier-processor-1.0.0-beta10.jar (com.android.tools.build.jetifier:jetifier-processor:1.0.0-beta10) with MergeInstrumentationAnalysisTransform
[        ] Transforming jetifier-core-1.0.0-beta10.jar (com.android.tools.build.jetifier:jetifier-core:1.0.0-beta10) with InstrumentationAnalysisTransform
[        ] Transforming jetifier-processor-1.0.0-beta10.jar (com.android.tools.build.jetifier:jetifier-processor:1.0.0-beta10) with ExternalDependencyInstrumentingArtifactTransform
[        ] Transforming jetifier-core-1.0.0-beta10.jar (com.android.tools.build.jetifier:jetifier-core:1.0.0-beta10) with MergeInstrumentationAnalysisTransform
[        ] Transforming kotlin-reflect-1.9.20.jar (org.jetbrains.kotlin:kotlin-reflect:1.9.20) with InstrumentationAnalysisTransform
[        ] Transforming kotlin-reflect-1.9.20.jar (org.jetbrains.kotlin:kotlin-reflect:1.9.20) with MergeInstrumentationAnalysisTransform
[        ] Transforming kotlin-stdlib-jdk7-1.9.20.jar (org.jetbrains.kotlin:kotlin-stdlib-jdk7:1.9.20) with InstrumentationAnalysisTransform
[        ] Transforming jetifier-core-1.0.0-beta10.jar (com.android.tools.build.jetifier:jetifier-core:1.0.0-beta10) with ExternalDependencyInstrumentingArtifactTransform
[        ] Transforming kotlin-stdlib-jdk7-1.9.20.jar (org.jetbrains.kotlin:kotlin-stdlib-jdk7:1.9.20) with MergeInstrumentationAnalysisTransform
[        ] Transforming kotlin-stdlib-1.9.20.jar (org.jetbrains.kotlin:kotlin-stdlib:1.9.20) with InstrumentationAnalysisTransform
[        ] Transforming kotlin-reflect-1.9.20.jar (org.jetbrains.kotlin:kotlin-reflect:1.9.20) with ExternalDependencyInstrumentingArtifactTransform
[        ] Transforming kotlin-stdlib-jdk7-1.9.20.jar (org.jetbrains.kotlin:kotlin-stdlib-jdk7:1.9.20) with ExternalDependencyInstrumentingArtifactTransform
[        ] Transforming kotlin-stdlib-1.9.20.jar (org.jetbrains.kotlin:kotlin-stdlib:1.9.20) with MergeInstrumentationAnalysisTransform
[        ] Transforming kotlin-stdlib-jdk8-1.9.20.jar (org.jetbrains.kotlin:kotlin-stdlib-jdk8:1.9.20) with InstrumentationAnalysisTransform
[        ] Transforming kotlin-stdlib-jdk8-1.9.20.jar (org.jetbrains.kotlin:kotlin-stdlib-jdk8:1.9.20) with MergeInstrumentationAnalysisTransform
[        ] Transforming kotlin-stdlib-1.9.20.jar (org.jetbrains.kotlin:kotlin-stdlib:1.9.20) with ExternalDependencyInstrumentingArtifactTransform
[        ] Transforming transform-api-2.0.0-deprecated-use-gradle-api.jar (com.android.tools.build:transform-api:2.0.0-deprecated-use-gradle-api) with InstrumentationAnalysisTransform
[        ] Transforming kotlin-stdlib-jdk8-1.9.20.jar (org.jetbrains.kotlin:kotlin-stdlib-jdk8:1.9.20) with ExternalDependencyInstrumentingArtifactTransform
[        ] Transforming transform-api-2.0.0-deprecated-use-gradle-api.jar (com.android.tools.build:transform-api:2.0.0-deprecated-use-gradle-api) with MergeInstrumentationAnalysisTransform
[        ] Transforming httpmime-4.5.6.jar (org.apache.httpcomponents:httpmime:4.5.6) with InstrumentationAnalysisTransform
[        ] Transforming httpmime-4.5.6.jar (org.apache.httpcomponents:httpmime:4.5.6) with MergeInstrumentationAnalysisTransform
[        ] Transforming commons-io-2.13.0.jar (commons-io:commons-io:2.13.0) with InstrumentationAnalysisTransform
[        ] Transforming transform-api-2.0.0-deprecated-use-gradle-api.jar (com.android.tools.build:transform-api:2.0.0-deprecated-use-gradle-api) with ExternalDependencyInstrumentingArtifactTransform
[        ] Transforming httpmime-4.5.6.jar (org.apache.httpcomponents:httpmime:4.5.6) with ExternalDependencyInstrumentingArtifactTransform
[        ] Transforming commons-io-2.13.0.jar (commons-io:commons-io:2.13.0) with MergeInstrumentationAnalysisTransform
[        ] Transforming asm-commons-9.6.jar (org.ow2.asm:asm-commons:9.6) with InstrumentationAnalysisTransform
[        ] Transforming asm-commons-9.6.jar (org.ow2.asm:asm-commons:9.6) with MergeInstrumentationAnalysisTransform
[        ] Transforming commons-io-2.13.0.jar (commons-io:commons-io:2.13.0) with ExternalDependencyInstrumentingArtifactTransform
[        ] Transforming asm-util-9.6.jar (org.ow2.asm:asm-util:9.6) with InstrumentationAnalysisTransform
[        ] Transforming asm-commons-9.6.jar (org.ow2.asm:asm-commons:9.6) with ExternalDependencyInstrumentingArtifactTransform
[        ] Transforming asm-util-9.6.jar (org.ow2.asm:asm-util:9.6) with MergeInstrumentationAnalysisTransform
[        ] Transforming asm-analysis-9.6.jar (org.ow2.asm:asm-analysis:9.6) with InstrumentationAnalysisTransform
[        ] Transforming asm-analysis-9.6.jar (org.ow2.asm:asm-analysis:9.6) with MergeInstrumentationAnalysisTransform
[        ] Transforming asm-util-9.6.jar (org.ow2.asm:asm-util:9.6) with ExternalDependencyInstrumentingArtifactTransform
[        ] Transforming asm-tree-9.6.jar (org.ow2.asm:asm-tree:9.6) with InstrumentationAnalysisTransform
[        ] Transforming asm-analysis-9.6.jar (org.ow2.asm:asm-analysis:9.6) with ExternalDependencyInstrumentingArtifactTransform
[        ] Transforming asm-tree-9.6.jar (org.ow2.asm:asm-tree:9.6) with MergeInstrumentationAnalysisTransform
[        ] Transforming asm-9.6.jar (org.ow2.asm:asm:9.6) with InstrumentationAnalysisTransform
[        ] Transforming asm-tree-9.6.jar (org.ow2.asm:asm-tree:9.6) with ExternalDependencyInstrumentingArtifactTransform
[        ] Transforming asm-9.6.jar (org.ow2.asm:asm:9.6) with MergeInstrumentationAnalysisTransform
[        ] Transforming apkzlib-8.3.2.jar (com.android.tools.build:apkzlib:8.3.2) with InstrumentationAnalysisTransform
[        ] Transforming asm-9.6.jar (org.ow2.asm:asm:9.6) with ExternalDependencyInstrumentingArtifactTransform
[        ] Transforming apkzlib-8.3.2.jar (com.android.tools.build:apkzlib:8.3.2) with MergeInstrumentationAnalysisTransform
[        ] Transforming bcpkix-jdk15on-1.67.jar (org.bouncycastle:bcpkix-jdk15on:1.67) with InstrumentationAnalysisTransform
[        ] Transforming apkzlib-8.3.2.jar (com.android.tools.build:apkzlib:8.3.2) with ExternalDependencyInstrumentingArtifactTransform
[        ] Transforming bcpkix-jdk15on-1.67.jar (org.bouncycastle:bcpkix-jdk15on:1.67) with MergeInstrumentationAnalysisTransform
[        ] Transforming jaxb-runtime-2.3.2.jar (org.glassfish.jaxb:jaxb-runtime:2.3.2) with InstrumentationAnalysisTransform
[        ] Transforming jaxb-runtime-2.3.2.jar (org.glassfish.jaxb:jaxb-runtime:2.3.2) with MergeInstrumentationAnalysisTransform
[        ] Transforming jopt-simple-4.9.jar (net.sf.jopt-simple:jopt-simple:4.9) with InstrumentationAnalysisTransform
[        ] Transforming bcpkix-jdk15on-1.67.jar (org.bouncycastle:bcpkix-jdk15on:1.67) with ExternalDependencyInstrumentingArtifactTransform
[        ] Transforming jaxb-runtime-2.3.2.jar (org.glassfish.jaxb:jaxb-runtime:2.3.2) with ExternalDependencyInstrumentingArtifactTransform
[        ] Transforming jopt-simple-4.9.jar (net.sf.jopt-simple:jopt-simple:4.9) with MergeInstrumentationAnalysisTransform
[        ] Transforming javapoet-1.10.0.jar (com.squareup:javapoet:1.10.0) with InstrumentationAnalysisTransform
[        ] Transforming javapoet-1.10.0.jar (com.squareup:javapoet:1.10.0) with MergeInstrumentationAnalysisTransform
[        ] Transforming protobuf-java-util-3.22.3.jar (com.google.protobuf:protobuf-java-util:3.22.3) with InstrumentationAnalysisTransform
[        ] Transforming jopt-simple-4.9.jar (net.sf.jopt-simple:jopt-simple:4.9) with ExternalDependencyInstrumentingArtifactTransform
[        ] Transforming javapoet-1.10.0.jar (com.squareup:javapoet:1.10.0) with ExternalDependencyInstrumentingArtifactTransform
[        ] Transforming protobuf-java-util-3.22.3.jar (com.google.protobuf:protobuf-java-util:3.22.3) with MergeInstrumentationAnalysisTransform
[        ] Transforming grpc-protobuf-1.57.0.jar (io.grpc:grpc-protobuf:1.57.0) with InstrumentationAnalysisTransform
[        ] Transforming protobuf-java-util-3.22.3.jar (com.google.protobuf:protobuf-java-util:3.22.3) with ExternalDependencyInstrumentingArtifactTransform
[        ] Transforming grpc-protobuf-1.57.0.jar (io.grpc:grpc-protobuf:1.57.0) with MergeInstrumentationAnalysisTransform
[        ] Transforming tink-1.7.0.jar (com.google.crypto.tink:tink:1.7.0) with InstrumentationAnalysisTransform
[        ] Transforming tink-1.7.0.jar (com.google.crypto.tink:tink:1.7.0) with MergeInstrumentationAnalysisTransform
[        ] Transforming protos-31.3.2.jar (com.android.tools.analytics-library:protos:31.3.2) with InstrumentationAnalysisTransform
[        ] Transforming grpc-protobuf-1.57.0.jar (io.grpc:grpc-protobuf:1.57.0) with ExternalDependencyInstrumentingArtifactTransform
[        ] Transforming tink-1.7.0.jar (com.google.crypto.tink:tink:1.7.0) with ExternalDependencyInstrumentingArtifactTransform
[        ] Transforming protos-31.3.2.jar (com.android.tools.analytics-library:protos:31.3.2) with MergeInstrumentationAnalysisTransform
[        ] Transforming proto-google-common-protos-2.17.0.jar (com.google.api.grpc:proto-google-common-protos:2.17.0) with InstrumentationAnalysisTransform
[        ] Transforming proto-google-common-protos-2.17.0.jar (com.google.api.grpc:proto-google-common-protos:2.17.0) with MergeInstrumentationAnalysisTransform
[        ] Transforming protobuf-java-3.22.3.jar (com.google.protobuf:protobuf-java:3.22.3) with InstrumentationAnalysisTransform
[        ] Transforming protos-31.3.2.jar (com.android.tools.analytics-library:protos:31.3.2) with ExternalDependencyInstrumentingArtifactTransform
[        ] Transforming proto-google-common-protos-2.17.0.jar (com.google.api.grpc:proto-google-common-protos:2.17.0) with ExternalDependencyInstrumentingArtifactTransform
[        ] Transforming protobuf-java-3.22.3.jar (com.google.protobuf:protobuf-java:3.22.3) with MergeInstrumentationAnalysisTransform
[        ] Transforming grpc-netty-1.57.0.jar (io.grpc:grpc-netty:1.57.0) with InstrumentationAnalysisTransform
[        ] Transforming grpc-netty-1.57.0.jar (io.grpc:grpc-netty:1.57.0) with MergeInstrumentationAnalysisTransform
[        ] Transforming grpc-core-1.57.0.jar (io.grpc:grpc-core:1.57.0) with InstrumentationAnalysisTransform
[        ] Transforming protobuf-java-3.22.3.jar (com.google.protobuf:protobuf-java:3.22.3) with ExternalDependencyInstrumentingArtifactTransform
[        ] Transforming grpc-netty-1.57.0.jar (io.grpc:grpc-netty:1.57.0) with ExternalDependencyInstrumentingArtifactTransform
[        ] Transforming grpc-core-1.57.0.jar (io.grpc:grpc-core:1.57.0) with MergeInstrumentationAnalysisTransform
[        ] Transforming gson-2.10.1.jar (com.google.code.gson:gson:2.10.1) with InstrumentationAnalysisTransform
[        ] Transforming gson-2.10.1.jar (com.google.code.gson:gson:2.10.1) with MergeInstrumentationAnalysisTransform
[        ] Transforming grpc-stub-1.57.0.jar (io.grpc:grpc-stub:1.57.0) with InstrumentationAnalysisTransform
[        ] Transforming grpc-core-1.57.0.jar (io.grpc:grpc-core:1.57.0) with ExternalDependencyInstrumentingArtifactTransform
[        ] Transforming grpc-stub-1.57.0.jar (io.grpc:grpc-stub:1.57.0) with MergeInstrumentationAnalysisTransform
[        ] Transforming gson-2.10.1.jar (com.google.code.gson:gson:2.10.1) with ExternalDependencyInstrumentingArtifactTransform
[        ] Transforming grpc-stub-1.57.0.jar (io.grpc:grpc-stub:1.57.0) with ExternalDependencyInstrumentingArtifactTransform
[        ] Transforming core-proto-0.0.9-alpha02.jar (com.google.testing.platform:core-proto:0.0.9-alpha02) with InstrumentationAnalysisTransform
[        ] Transforming core-proto-0.0.9-alpha02.jar (com.google.testing.platform:core-proto:0.0.9-alpha02) with MergeInstrumentationAnalysisTransform
[        ] Transforming kxml2-2.3.0.jar (net.sf.kxml:kxml2:2.3.0) with InstrumentationAnalysisTransform
[        ] Transforming kxml2-2.3.0.jar (net.sf.kxml:kxml2:2.3.0) with MergeInstrumentationAnalysisTransform
[        ] Transforming tensorflow-lite-metadata-0.1.0-rc2.jar (org.tensorflow:tensorflow-lite-metadata:0.1.0-rc2) with InstrumentationAnalysisTransform
[        ] Transforming tensorflow-lite-metadata-0.1.0-rc2.jar (org.tensorflow:tensorflow-lite-metadata:0.1.0-rc2) with MergeInstrumentationAnalysisTransform
[        ] Transforming core-proto-0.0.9-alpha02.jar (com.google.testing.platform:core-proto:0.0.9-alpha02) with ExternalDependencyInstrumentingArtifactTransform
[        ] Transforming kxml2-2.3.0.jar (net.sf.kxml:kxml2:2.3.0) with ExternalDependencyInstrumentingArtifactTransform
[        ] Transforming tensorflow-lite-metadata-0.1.0-rc2.jar (org.tensorflow:tensorflow-lite-metadata:0.1.0-rc2) with ExternalDependencyInstrumentingArtifactTransform
[        ] Transforming flatbuffers-java-1.12.0.jar (com.google.flatbuffers:flatbuffers-java:1.12.0) with InstrumentationAnalysisTransform
[        ] Transforming flatbuffers-java-1.12.0.jar (com.google.flatbuffers:flatbuffers-java:1.12.0) with MergeInstrumentationAnalysisTransform
[        ] Transforming jimfs-1.1.jar (com.google.jimfs:jimfs:1.1) with InstrumentationAnalysisTransform
[        ] Transforming jimfs-1.1.jar (com.google.jimfs:jimfs:1.1) with MergeInstrumentationAnalysisTransform
[        ] Transforming flatbuffers-java-1.12.0.jar (com.google.flatbuffers:flatbuffers-java:1.12.0) with ExternalDependencyInstrumentingArtifactTransform
[        ] Transforming grpc-context-1.57.0.jar (io.grpc:grpc-context:1.57.0) with InstrumentationAnalysisTransform
[        ] Transforming jimfs-1.1.jar (com.google.jimfs:jimfs:1.1) with ExternalDependencyInstrumentingArtifactTransform
[        ] Transforming grpc-context-1.57.0.jar (io.grpc:grpc-context:1.57.0) with MergeInstrumentationAnalysisTransform
[        ] Transforming grpc-protobuf-lite-1.57.0.jar (io.grpc:grpc-protobuf-lite:1.57.0) with InstrumentationAnalysisTransform
[        ] Transforming grpc-context-1.57.0.jar (io.grpc:grpc-context:1.57.0) with ExternalDependencyInstrumentingArtifactTransform
[        ] Transforming grpc-protobuf-lite-1.57.0.jar (io.grpc:grpc-protobuf-lite:1.57.0) with MergeInstrumentationAnalysisTransform
[        ] Transforming grpc-api-1.57.0.jar (io.grpc:grpc-api:1.57.0) with InstrumentationAnalysisTransform
[        ] Transforming grpc-api-1.57.0.jar (io.grpc:grpc-api:1.57.0) with MergeInstrumentationAnalysisTransform
[        ] Transforming grpc-protobuf-lite-1.57.0.jar (io.grpc:grpc-protobuf-lite:1.57.0) with ExternalDependencyInstrumentingArtifactTransform
[        ] Transforming guava-32.0.1-jre.jar (com.google.guava:guava:32.0.1-jre) with InstrumentationAnalysisTransform
[        ] Transforming grpc-api-1.57.0.jar (io.grpc:grpc-api:1.57.0) with ExternalDependencyInstrumentingArtifactTransform
[        ] Transforming guava-32.0.1-jre.jar (com.google.guava:guava:32.0.1-jre) with MergeInstrumentationAnalysisTransform
[        ] Transforming dagger-2.28.3.jar (com.google.dagger:dagger:2.28.3) with InstrumentationAnalysisTransform
[        ] Transforming dagger-2.28.3.jar (com.google.dagger:dagger:2.28.3) with MergeInstrumentationAnalysisTransform
[        ] Transforming guava-32.0.1-jre.jar (com.google.guava:guava:32.0.1-jre) with ExternalDependencyInstrumentingArtifactTransform
[        ] Transforming javax.inject-1.jar (javax.inject:javax.inject:1) with InstrumentationAnalysisTransform
[        ] Transforming dagger-2.28.3.jar (com.google.dagger:dagger:2.28.3) with ExternalDependencyInstrumentingArtifactTransform
[        ] Transforming javax.inject-1.jar (javax.inject:javax.inject:1) with MergeInstrumentationAnalysisTransform
[        ] Transforming bcprov-jdk15on-1.67.jar (org.bouncycastle:bcprov-jdk15on:1.67) with InstrumentationAnalysisTransform
[        ] Transforming javax.inject-1.jar (javax.inject:javax.inject:1) with ExternalDependencyInstrumentingArtifactTransform
[        ] Transforming bcprov-jdk15on-1.67.jar (org.bouncycastle:bcprov-jdk15on:1.67) with MergeInstrumentationAnalysisTransform
[        ] Transforming trove4j-1.0.20200330.jar (org.jetbrains.intellij.deps:trove4j:1.0.20200330) with InstrumentationAnalysisTransform
[        ] Transforming trove4j-1.0.20200330.jar (org.jetbrains.intellij.deps:trove4j:1.0.20200330) with MergeInstrumentationAnalysisTransform
[        ] Transforming bcprov-jdk15on-1.67.jar (org.bouncycastle:bcprov-jdk15on:1.67) with ExternalDependencyInstrumentingArtifactTransform
[        ] Transforming commons-compress-1.21.jar (org.apache.commons:commons-compress:1.21) with InstrumentationAnalysisTransform
[        ] Transforming trove4j-1.0.20200330.jar (org.jetbrains.intellij.deps:trove4j:1.0.20200330) with ExternalDependencyInstrumentingArtifactTransform
[        ] Transforming commons-compress-1.21.jar (org.apache.commons:commons-compress:1.21) with MergeInstrumentationAnalysisTransform
[        ] Transforming httpclient-4.5.14.jar (org.apache.httpcomponents:httpclient:4.5.14) with InstrumentationAnalysisTransform
[        ] Transforming httpclient-4.5.14.jar (org.apache.httpcomponents:httpclient:4.5.14) with MergeInstrumentationAnalysisTransform
[        ] Transforming httpcore-4.4.16.jar (org.apache.httpcomponents:httpcore:4.4.16) with InstrumentationAnalysisTransform
[        ] Transforming commons-compress-1.21.jar (org.apache.commons:commons-compress:1.21) with ExternalDependencyInstrumentingArtifactTransform
[        ] Transforming httpclient-4.5.14.jar (org.apache.httpcomponents:httpclient:4.5.14) with ExternalDependencyInstrumentingArtifactTransform
[        ] Transforming httpcore-4.4.16.jar (org.apache.httpcomponents:httpcore:4.4.16) with MergeInstrumentationAnalysisTransform
[        ] Transforming javax.activation-1.2.0.jar (com.sun.activation:javax.activation:1.2.0) with InstrumentationAnalysisTransform
[        ] Transforming httpcore-4.4.16.jar (org.apache.httpcomponents:httpcore:4.4.16) with ExternalDependencyInstrumentingArtifactTransform
[        ] Transforming javax.activation-1.2.0.jar (com.sun.activation:javax.activation:1.2.0) with MergeInstrumentationAnalysisTransform
[        ] Transforming annotations-23.0.0.jar (org.jetbrains:annotations:23.0.0) with InstrumentationAnalysisTransform
[        ] Transforming annotations-23.0.0.jar (org.jetbrains:annotations:23.0.0) with MergeInstrumentationAnalysisTransform
[        ] Transforming signflinger-8.3.2.jar (com.android:signflinger:8.3.2) with InstrumentationAnalysisTransform
[        ] Transforming javax.activation-1.2.0.jar (com.sun.activation:javax.activation:1.2.0) with ExternalDependencyInstrumentingArtifactTransform
[        ] Transforming annotations-23.0.0.jar (org.jetbrains:annotations:23.0.0) with ExternalDependencyInstrumentingArtifactTransform
[        ] Transforming signflinger-8.3.2.jar (com.android:signflinger:8.3.2) with MergeInstrumentationAnalysisTransform
[        ] Transforming zipflinger-8.3.2.jar (com.android:zipflinger:8.3.2) with InstrumentationAnalysisTransform
[        ] Transforming signflinger-8.3.2.jar (com.android:signflinger:8.3.2) with ExternalDependencyInstrumentingArtifactTransform
[        ] Transforming zipflinger-8.3.2.jar (com.android:zipflinger:8.3.2) with MergeInstrumentationAnalysisTransform
[        ] Transforming annotations-31.3.2.jar (com.android.tools:annotations:31.3.2) with InstrumentationAnalysisTransform
[        ] Transforming annotations-31.3.2.jar (com.android.tools:annotations:31.3.2) with MergeInstrumentationAnalysisTransform
[        ] Transforming jna-platform-5.6.0.jar (net.java.dev.jna:jna-platform:5.6.0) with InstrumentationAnalysisTransform
[        ] Transforming zipflinger-8.3.2.jar (com.android:zipflinger:8.3.2) with ExternalDependencyInstrumentingArtifactTransform
[        ] Transforming annotations-31.3.2.jar (com.android.tools:annotations:31.3.2) with ExternalDependencyInstrumentingArtifactTransform
[        ] Transforming jna-platform-5.6.0.jar (net.java.dev.jna:jna-platform:5.6.0) with MergeInstrumentationAnalysisTransform
[        ] Transforming juniversalchardet-1.0.3.jar (com.googlecode.juniversalchardet:juniversalchardet:1.0.3) with InstrumentationAnalysisTransform
[        ] Transforming jna-platform-5.6.0.jar (net.java.dev.jna:jna-platform:5.6.0) with ExternalDependencyInstrumentingArtifactTransform
[        ] Transforming juniversalchardet-1.0.3.jar (com.googlecode.juniversalchardet:juniversalchardet:1.0.3) with MergeInstrumentationAnalysisTransform
[        ] Transforming javax.annotation-api-1.3.2.jar (javax.annotation:javax.annotation-api:1.3.2) with InstrumentationAnalysisTransform
[        ] Transforming javax.annotation-api-1.3.2.jar (javax.annotation:javax.annotation-api:1.3.2) with MergeInstrumentationAnalysisTransform
[        ] Transforming stax-ex-1.8.1.jar (org.jvnet.staxex:stax-ex:1.8.1) with InstrumentationAnalysisTransform
[        ] Transforming juniversalchardet-1.0.3.jar (com.googlecode.juniversalchardet:juniversalchardet:1.0.3) with ExternalDependencyInstrumentingArtifactTransform
[        ] Transforming javax.annotation-api-1.3.2.jar (javax.annotation:javax.annotation-api:1.3.2) with ExternalDependencyInstrumentingArtifactTransform
[        ] Transforming stax-ex-1.8.1.jar (org.jvnet.staxex:stax-ex:1.8.1) with MergeInstrumentationAnalysisTransform
[        ] Transforming jakarta.xml.bind-api-2.3.2.jar (jakarta.xml.bind:jakarta.xml.bind-api:2.3.2) with InstrumentationAnalysisTransform
[        ] Transforming jakarta.xml.bind-api-2.3.2.jar (jakarta.xml.bind:jakarta.xml.bind-api:2.3.2) with MergeInstrumentationAnalysisTransform
[        ] Transforming txw2-2.3.2.jar (org.glassfish.jaxb:txw2:2.3.2) with InstrumentationAnalysisTransform
[        ] Transforming stax-ex-1.8.1.jar (org.jvnet.staxex:stax-ex:1.8.1) with ExternalDependencyInstrumentingArtifactTransform
[        ] Transforming txw2-2.3.2.jar (org.glassfish.jaxb:txw2:2.3.2) with MergeInstrumentationAnalysisTransform
[        ] Transforming jakarta.xml.bind-api-2.3.2.jar (jakarta.xml.bind:jakarta.xml.bind-api:2.3.2) with ExternalDependencyInstrumentingArtifactTransform
[        ] Transforming istack-commons-runtime-3.0.8.jar (com.sun.istack:istack-commons-runtime:3.0.8) with InstrumentationAnalysisTransform
[        ] Transforming txw2-2.3.2.jar (org.glassfish.jaxb:txw2:2.3.2) with ExternalDependencyInstrumentingArtifactTransform
[        ] Transforming istack-commons-runtime-3.0.8.jar (com.sun.istack:istack-commons-runtime:3.0.8) with MergeInstrumentationAnalysisTransform
[        ] Transforming FastInfoset-1.2.16.jar (com.sun.xml.fastinfoset:FastInfoset:1.2.16) with InstrumentationAnalysisTransform
[        ] Transforming istack-commons-runtime-3.0.8.jar (com.sun.istack:istack-commons-runtime:3.0.8) with ExternalDependencyInstrumentingArtifactTransform
[        ] Transforming FastInfoset-1.2.16.jar (com.sun.xml.fastinfoset:FastInfoset:1.2.16) with MergeInstrumentationAnalysisTransform
[        ] Transforming jakarta.activation-api-1.2.1.jar (jakarta.activation:jakarta.activation-api:1.2.1) with InstrumentationAnalysisTransform
[        ] Transforming jakarta.activation-api-1.2.1.jar (jakarta.activation:jakarta.activation-api:1.2.1) with MergeInstrumentationAnalysisTransform
[        ] Transforming auto-value-annotations-1.6.2.jar (com.google.auto.value:auto-value-annotations:1.6.2) with InstrumentationAnalysisTransform
[        ] Transforming FastInfoset-1.2.16.jar (com.sun.xml.fastinfoset:FastInfoset:1.2.16) with ExternalDependencyInstrumentingArtifactTransform
[        ] Transforming jakarta.activation-api-1.2.1.jar (jakarta.activation:jakarta.activation-api:1.2.1) with ExternalDependencyInstrumentingArtifactTransform
[        ] Transforming auto-value-annotations-1.6.2.jar (com.google.auto.value:auto-value-annotations:1.6.2) with MergeInstrumentationAnalysisTransform
[        ] Transforming error_prone_annotations-2.18.0.jar (com.google.errorprone:error_prone_annotations:2.18.0) with InstrumentationAnalysisTransform
[        ] Transforming error_prone_annotations-2.18.0.jar (com.google.errorprone:error_prone_annotations:2.18.0) with MergeInstrumentationAnalysisTransform
[        ] Transforming jose4j-0.7.0.jar (org.bitbucket.b_c:jose4j:0.7.0) with InstrumentationAnalysisTransform
[        ] Transforming auto-value-annotations-1.6.2.jar (com.google.auto.value:auto-value-annotations:1.6.2) with ExternalDependencyInstrumentingArtifactTransform
[        ] Transforming error_prone_annotations-2.18.0.jar (com.google.errorprone:error_prone_annotations:2.18.0) with ExternalDependencyInstrumentingArtifactTransform
[        ] Transforming jose4j-0.7.0.jar (org.bitbucket.b_c:jose4j:0.7.0) with MergeInstrumentationAnalysisTransform
[        ] Transforming slf4j-api-1.7.30.jar (org.slf4j:slf4j-api:1.7.30) with InstrumentationAnalysisTransform
[        ] Transforming slf4j-api-1.7.30.jar (org.slf4j:slf4j-api:1.7.30) with MergeInstrumentationAnalysisTransform
[        ] Transforming jdom2-2.0.6.jar (org.jdom:jdom2:2.0.6) with InstrumentationAnalysisTransform
[        ] Transforming jose4j-0.7.0.jar (org.bitbucket.b_c:jose4j:0.7.0) with ExternalDependencyInstrumentingArtifactTransform
[        ] Transforming slf4j-api-1.7.30.jar (org.slf4j:slf4j-api:1.7.30) with ExternalDependencyInstrumentingArtifactTransform
[        ] Transforming jdom2-2.0.6.jar (org.jdom:jdom2:2.0.6) with MergeInstrumentationAnalysisTransform
[        ] Transforming jsr305-3.0.2.jar (com.google.code.findbugs:jsr305:3.0.2) with InstrumentationAnalysisTransform
[        ] Transforming jsr305-3.0.2.jar (com.google.code.findbugs:jsr305:3.0.2) with MergeInstrumentationAnalysisTransform
[        ] Transforming j2objc-annotations-2.8.jar (com.google.j2objc:j2objc-annotations:2.8) with InstrumentationAnalysisTransform
[        ] Transforming jdom2-2.0.6.jar (org.jdom:jdom2:2.0.6) with ExternalDependencyInstrumentingArtifactTransform
[        ] Transforming jsr305-3.0.2.jar (com.google.code.findbugs:jsr305:3.0.2) with ExternalDependencyInstrumentingArtifactTransform
[        ] Transforming j2objc-annotations-2.8.jar (com.google.j2objc:j2objc-annotations:2.8) with MergeInstrumentationAnalysisTransform
[        ] Transforming annotations-4.1.1.4.jar (com.google.android:annotations:4.1.1.4) with InstrumentationAnalysisTransform
[        ] Transforming annotations-4.1.1.4.jar (com.google.android:annotations:4.1.1.4) with MergeInstrumentationAnalysisTransform
[        ] Transforming j2objc-annotations-2.8.jar (com.google.j2objc:j2objc-annotations:2.8) with ExternalDependencyInstrumentingArtifactTransform
[        ] Transforming animal-sniffer-annotations-1.23.jar (org.codehaus.mojo:animal-sniffer-annotations:1.23) with InstrumentationAnalysisTransform
[        ] Transforming annotations-4.1.1.4.jar (com.google.android:annotations:4.1.1.4) with ExternalDependencyInstrumentingArtifactTransform
[        ] Transforming animal-sniffer-annotations-1.23.jar (org.codehaus.mojo:animal-sniffer-annotations:1.23) with MergeInstrumentationAnalysisTransform
[        ] Transforming perfmark-api-0.26.0.jar (io.perfmark:perfmark-api:0.26.0) with InstrumentationAnalysisTransform
[        ] Transforming perfmark-api-0.26.0.jar (io.perfmark:perfmark-api:0.26.0) with MergeInstrumentationAnalysisTransform
[        ] Transforming netty-codec-http2-4.1.93.Final.jar (io.netty:netty-codec-http2:4.1.93.Final) with InstrumentationAnalysisTransform
[        ] Transforming animal-sniffer-annotations-1.23.jar (org.codehaus.mojo:animal-sniffer-annotations:1.23) with ExternalDependencyInstrumentingArtifactTransform
[        ] Transforming perfmark-api-0.26.0.jar (io.perfmark:perfmark-api:0.26.0) with ExternalDependencyInstrumentingArtifactTransform
[        ] Transforming netty-codec-http2-4.1.93.Final.jar (io.netty:netty-codec-http2:4.1.93.Final) with MergeInstrumentationAnalysisTransform
[        ] Transforming netty-handler-proxy-4.1.93.Final.jar (io.netty:netty-handler-proxy:4.1.93.Final) with InstrumentationAnalysisTransform
[        ] Transforming netty-handler-proxy-4.1.93.Final.jar (io.netty:netty-handler-proxy:4.1.93.Final) with MergeInstrumentationAnalysisTransform
[        ] Transforming netty-codec-http2-4.1.93.Final.jar (io.netty:netty-codec-http2:4.1.93.Final) with ExternalDependencyInstrumentingArtifactTransform
[        ] Transforming netty-codec-http-4.1.93.Final.jar (io.netty:netty-codec-http:4.1.93.Final) with InstrumentationAnalysisTransform
[        ] Transforming netty-handler-proxy-4.1.93.Final.jar (io.netty:netty-handler-proxy:4.1.93.Final) with ExternalDependencyInstrumentingArtifactTransform
[        ] Transforming netty-codec-http-4.1.93.Final.jar (io.netty:netty-codec-http:4.1.93.Final) with MergeInstrumentationAnalysisTransform
[        ] Transforming netty-handler-4.1.93.Final.jar (io.netty:netty-handler:4.1.93.Final) with InstrumentationAnalysisTransform
[        ] Transforming netty-codec-http-4.1.93.Final.jar (io.netty:netty-codec-http:4.1.93.Final) with ExternalDependencyInstrumentingArtifactTransform
[        ] Transforming netty-handler-4.1.93.Final.jar (io.netty:netty-handler:4.1.93.Final) with MergeInstrumentationAnalysisTransform
[        ] Transforming netty-transport-native-unix-common-4.1.93.Final.jar (io.netty:netty-transport-native-unix-common:4.1.93.Final) with InstrumentationAnalysisTransform
[        ] Transforming netty-transport-native-unix-common-4.1.93.Final.jar (io.netty:netty-transport-native-unix-common:4.1.93.Final) with MergeInstrumentationAnalysisTransform
[        ] Transforming netty-handler-4.1.93.Final.jar (io.netty:netty-handler:4.1.93.Final) with ExternalDependencyInstrumentingArtifactTransform
[        ] Transforming checker-qual-3.33.0.jar (org.checkerframework:checker-qual:3.33.0) with InstrumentationAnalysisTransform
[        ] Transforming netty-transport-native-unix-common-4.1.93.Final.jar (io.netty:netty-transport-native-unix-common:4.1.93.Final) with ExternalDependencyInstrumentingArtifactTransform
[        ] Transforming checker-qual-3.33.0.jar (org.checkerframework:checker-qual:3.33.0) with MergeInstrumentationAnalysisTransform
[        ] Transforming commons-codec-1.11.jar (commons-codec:commons-codec:1.11) with InstrumentationAnalysisTransform
[        ] Transforming commons-codec-1.11.jar (commons-codec:commons-codec:1.11) with MergeInstrumentationAnalysisTransform
[        ] Transforming checker-qual-3.33.0.jar (org.checkerframework:checker-qual:3.33.0) with ExternalDependencyInstrumentingArtifactTransform
[        ] Transforming apksig-8.3.2.jar (com.android.tools.build:apksig:8.3.2) with InstrumentationAnalysisTransform
[        ] Transforming commons-codec-1.11.jar (commons-codec:commons-codec:1.11) with ExternalDependencyInstrumentingArtifactTransform
[        ] Transforming apksig-8.3.2.jar (com.android.tools.build:apksig:8.3.2) with MergeInstrumentationAnalysisTransform
[        ] Transforming javawriter-2.5.0.jar (com.squareup:javawriter:2.5.0) with InstrumentationAnalysisTransform
[        ] Transforming apksig-8.3.2.jar (com.android.tools.build:apksig:8.3.2) with ExternalDependencyInstrumentingArtifactTransform
[        ] Transforming javawriter-2.5.0.jar (com.squareup:javawriter:2.5.0) with MergeInstrumentationAnalysisTransform
[        ] Transforming failureaccess-1.0.1.jar (com.google.guava:failureaccess:1.0.1) with InstrumentationAnalysisTransform
[        ] Transforming javawriter-2.5.0.jar (com.squareup:javawriter:2.5.0) with ExternalDependencyInstrumentingArtifactTransform
[        ] Transforming failureaccess-1.0.1.jar (com.google.guava:failureaccess:1.0.1) with MergeInstrumentationAnalysisTransform
[        ] Transforming listenablefuture-9999.0-empty-to-avoid-conflict-with-guava.jar (com.google.guava:listenablefuture:9999.0-empty-to-avoid-conflict-with-guava) with InstrumentationAnalysisTransform
[        ] Transforming listenablefuture-9999.0-empty-to-avoid-conflict-with-guava.jar (com.google.guava:listenablefuture:9999.0-empty-to-avoid-conflict-with-guava) with MergeInstrumentationAnalysisTransform
[        ] Transforming commons-logging-1.2.jar (commons-logging:commons-logging:1.2) with InstrumentationAnalysisTransform
[        ] Transforming failureaccess-1.0.1.jar (com.google.guava:failureaccess:1.0.1) with ExternalDependencyInstrumentingArtifactTransform
[        ] Transforming listenablefuture-9999.0-empty-to-avoid-conflict-with-guava.jar (com.google.guava:listenablefuture:9999.0-empty-to-avoid-conflict-with-guava) with ExternalDependencyInstrumentingArtifactTransform
[        ] Transforming commons-logging-1.2.jar (commons-logging:commons-logging:1.2) with MergeInstrumentationAnalysisTransform
[        ] Transforming jna-5.6.0.jar (net.java.dev.jna:jna:5.6.0) with InstrumentationAnalysisTransform
[        ] Transforming commons-logging-1.2.jar (commons-logging:commons-logging:1.2) with ExternalDependencyInstrumentingArtifactTransform
[        ] Transforming jna-5.6.0.jar (net.java.dev.jna:jna:5.6.0) with MergeInstrumentationAnalysisTransform
[        ] Transforming netty-codec-socks-4.1.93.Final.jar (io.netty:netty-codec-socks:4.1.93.Final) with InstrumentationAnalysisTransform
[        ] Transforming netty-codec-socks-4.1.93.Final.jar (io.netty:netty-codec-socks:4.1.93.Final) with MergeInstrumentationAnalysisTransform
[        ] Transforming netty-codec-4.1.93.Final.jar (io.netty:netty-codec:4.1.93.Final) with InstrumentationAnalysisTransform
[        ] Transforming jna-5.6.0.jar (net.java.dev.jna:jna:5.6.0) with ExternalDependencyInstrumentingArtifactTransform
[        ] Transforming netty-codec-socks-4.1.93.Final.jar (io.netty:netty-codec-socks:4.1.93.Final) with ExternalDependencyInstrumentingArtifactTransform
[        ] Transforming netty-codec-4.1.93.Final.jar (io.netty:netty-codec:4.1.93.Final) with MergeInstrumentationAnalysisTransform
[        ] Transforming netty-transport-4.1.93.Final.jar (io.netty:netty-transport:4.1.93.Final) with InstrumentationAnalysisTransform
[        ] Transforming netty-transport-4.1.93.Final.jar (io.netty:netty-transport:4.1.93.Final) with MergeInstrumentationAnalysisTransform
[        ] Transforming netty-buffer-4.1.93.Final.jar (io.netty:netty-buffer:4.1.93.Final) with InstrumentationAnalysisTransform
[        ] Transforming netty-buffer-4.1.93.Final.jar (io.netty:netty-buffer:4.1.93.Final) with MergeInstrumentationAnalysisTransform
[        ] Transforming netty-resolver-4.1.93.Final.jar (io.netty:netty-resolver:4.1.93.Final) with InstrumentationAnalysisTransform
[        ] Transforming netty-transport-4.1.93.Final.jar (io.netty:netty-transport:4.1.93.Final) with ExternalDependencyInstrumentingArtifactTransform
[        ] Transforming netty-codec-4.1.93.Final.jar (io.netty:netty-codec:4.1.93.Final) with ExternalDependencyInstrumentingArtifactTransform
[        ] Transforming netty-buffer-4.1.93.Final.jar (io.netty:netty-buffer:4.1.93.Final) with ExternalDependencyInstrumentingArtifactTransform
[        ] Transforming netty-resolver-4.1.93.Final.jar (io.netty:netty-resolver:4.1.93.Final) with MergeInstrumentationAnalysisTransform
[        ] Transforming netty-common-4.1.93.Final.jar (io.netty:netty-common:4.1.93.Final) with InstrumentationAnalysisTransform
[        ] Transforming netty-common-4.1.93.Final.jar (io.netty:netty-common:4.1.93.Final) with MergeInstrumentationAnalysisTransform
[        ] Transforming netty-resolver-4.1.93.Final.jar (io.netty:netty-resolver:4.1.93.Final) with ExternalDependencyInstrumentingArtifactTransform
[        ] Transforming netty-common-4.1.93.Final.jar (io.netty:netty-common:4.1.93.Final) with ExternalDependencyInstrumentingArtifactTransform
[        ] Using default execution profile
[ +152 ms] > Configure project :path_provider_android
[        ] Evaluating project ':path_provider_android' using build file 'C:\Users\ardaa\AppData\Local\Pub\Cache\hosted\pub.dev\path_provider_android-2.2.19\android\build.gradle'.
[        ] Transforming gradle-8.12.1.jar (com.android.tools.build:gradle:8.12.1) with InstrumentationAnalysisTransform
[        ] Transforming gradle-settings-api-8.12.1.jar (com.android.tools.build:gradle-settings-api:8.12.1) with InstrumentationAnalysisTransform
[        ] Transforming lint-model-31.12.1.jar (com.android.tools.lint:lint-model:31.12.1) with InstrumentationAnalysisTransform
[        ] Transforming builder-8.12.1.jar (com.android.tools.build:builder:8.12.1) with InstrumentationAnalysisTransform
[        ] Transforming manifest-merger-31.12.1.jar (com.android.tools.build:manifest-merger:31.12.1) with InstrumentationAnalysisTransform
[        ] Transforming sdk-common-31.12.1.jar (com.android.tools:sdk-common:31.12.1) with InstrumentationAnalysisTransform
[        ] Transforming sdklib-31.12.1.jar (com.android.tools:sdklib:31.12.1) with InstrumentationAnalysisTransform
[        ] Transforming repository-31.12.1.jar (com.android.tools:repository:31.12.1) with InstrumentationAnalysisTransform
[        ] Transforming gradle-api-8.12.1.jar (com.android.tools.build:gradle-api:8.12.1) with InstrumentationAnalysisTransform
[        ] Transforming builder-test-api-8.12.1.jar (com.android.tools.build:builder-test-api:8.12.1) with InstrumentationAnalysisTransform
[        ] Transforming ddmlib-31.12.1.jar (com.android.tools.ddms:ddmlib:31.12.1) with InstrumentationAnalysisTransform
[        ] Transforming aaptcompiler-8.12.1.jar (com.android.tools.build:aaptcompiler:8.12.1) with InstrumentationAnalysisTransform
[        ] Transforming bundletool-1.18.1.jar (com.android.tools.build:bundletool:1.18.1) with InstrumentationAnalysisTransform
[        ] Transforming aapt2-proto-8.12.1-13700139.jar (com.android.tools.build:aapt2-proto:8.12.1-13700139) with InstrumentationAnalysisTransform
[        ] Transforming crash-31.12.1.jar (com.android.tools.analytics-library:crash:31.12.1) with InstrumentationAnalysisTransform
[        ] Transforming tracker-31.12.1.jar (com.android.tools.analytics-library:tracker:31.12.1) with InstrumentationAnalysisTransform
[        ] Transforming shared-31.12.1.jar (com.android.tools.analytics-library:shared:31.12.1) with InstrumentationAnalysisTransform
[        ] Transforming lint-typedef-remover-31.12.1.jar (com.android.tools.lint:lint-typedef-remover:31.12.1) with InstrumentationAnalysisTransform
[        ] Transforming databinding-compiler-common-8.12.1.jar (androidx.databinding:databinding-compiler-common:8.12.1) with InstrumentationAnalysisTransform
[        ] Transforming databinding-common-8.12.1.jar (androidx.databinding:databinding-common:8.12.1) with InstrumentationAnalysisTransform
[        ] Transforming baseLibrary-8.12.1.jar (com.android.databinding:baseLibrary:8.12.1) with InstrumentationAnalysisTransform
[        ] Transforming layoutlib-api-31.12.1.jar (com.android.tools.layoutlib:layoutlib-api:31.12.1) with InstrumentationAnalysisTransform
[        ] Transforming android-device-provider-ddmlib-proto-31.12.1.jar (com.android.tools.utp:android-device-provider-ddmlib-proto:31.12.1) with InstrumentationAnalysisTransform
[        ] Transforming android-device-provider-gradle-proto-31.12.1.jar (com.android.tools.utp:android-device-provider-gradle-proto:31.12.1) with InstrumentationAnalysisTransform
[        ] Transforming android-device-provider-profile-proto-31.12.1.jar (com.android.tools.utp:android-device-provider-profile-proto:31.12.1) with InstrumentationAnalysisTransform
[        ] Transforming android-test-plugin-host-additional-test-output-proto-31.12.1.jar (com.android.tools.utp:android-test-plugin-host-additional-test-output-proto:31.12.1) with InstrumentationAnalysisTransform
[        ] Transforming android-test-plugin-host-coverage-proto-31.12.1.jar (com.android.tools.utp:android-test-plugin-host-coverage-proto:31.12.1) with InstrumentationAnalysisTransform
[        ] Transforming android-test-plugin-host-emulator-control-proto-31.12.1.jar (com.android.tools.utp:android-test-plugin-host-emulator-control-proto:31.12.1) with InstrumentationAnalysisTransform
[        ] Transforming android-test-plugin-host-logcat-proto-31.12.1.jar (com.android.tools.utp:android-test-plugin-host-logcat-proto:31.12.1) with InstrumentationAnalysisTransform
[        ] Transforming android-test-plugin-host-apk-installer-proto-31.12.1.jar (com.android.tools.utp:android-test-plugin-host-apk-installer-proto:31.12.1) with InstrumentationAnalysisTransform
[        ] Transforming android-test-plugin-result-listener-gradle-proto-31.12.1.jar (com.android.tools.utp:android-test-plugin-result-listener-gradle-proto:31.12.1) with InstrumentationAnalysisTransform
[        ] Transforming jetifier-processor-1.0.0-beta10.jar (com.android.tools.build.jetifier:jetifier-processor:1.0.0-beta10) with InstrumentationAnalysisTransform
[        ] Transforming jetifier-core-1.0.0-beta10.jar (com.android.tools.build.jetifier:jetifier-core:1.0.0-beta10) with InstrumentationAnalysisTransform
[        ] Transforming builder-model-8.12.1.jar (com.android.tools.build:builder-model:8.12.1) with InstrumentationAnalysisTransform
[        ] Transforming kotlin-reflect-2.1.20.jar (org.jetbrains.kotlin:kotlin-reflect:2.1.20) with InstrumentationAnalysisTransform
[        ] Transforming dvlib-31.12.1.jar (com.android.tools:dvlib:31.12.1) with InstrumentationAnalysisTransform
[        ] Transforming common-31.12.1.jar (com.android.tools:common:31.12.1) with InstrumentationAnalysisTransform
[        ] Transforming kotlin-stdlib-jdk8-2.1.20.jar (org.jetbrains.kotlin:kotlin-stdlib-jdk8:2.1.20) with InstrumentationAnalysisTransform
[        ] Transforming kotlinx-coroutines-core-jvm-1.9.0.jar (org.jetbrains.kotlinx:kotlinx-coroutines-core-jvm:1.9.0) with InstrumentationAnalysisTransform
[        ] Transforming kotlin-stdlib-jdk7-2.1.20.jar (org.jetbrains.kotlin:kotlin-stdlib-jdk7:2.1.20) with InstrumentationAnalysisTransform
[        ] Transforming kotlin-stdlib-2.1.20.jar (org.jetbrains.kotlin:kotlin-stdlib:2.1.20) with InstrumentationAnalysisTransform
[        ] Transforming transform-api-2.0.0-deprecated-use-gradle-api.jar (com.android.tools.build:transform-api:2.0.0-deprecated-use-gradle-api) with InstrumentationAnalysisTransform
[        ] Transforming httpmime-4.5.6.jar (org.apache.httpcomponents:httpmime:4.5.6) with InstrumentationAnalysisTransform
[        ] Transforming commons-io-2.16.1.jar (commons-io:commons-io:2.16.1) with InstrumentationAnalysisTransform
[        ] Transforming asm-commons-9.7.1.jar (org.ow2.asm:asm-commons:9.7.1) with InstrumentationAnalysisTransform
[        ] Transforming asm-util-9.7.1.jar (org.ow2.asm:asm-util:9.7.1) with InstrumentationAnalysisTransform
[        ] Transforming asm-analysis-9.7.1.jar (org.ow2.asm:asm-analysis:9.7.1) with InstrumentationAnalysisTransform
[        ] Transforming asm-tree-9.7.1.jar (org.ow2.asm:asm-tree:9.7.1) with InstrumentationAnalysisTransform
[        ] Transforming asm-9.7.1.jar (org.ow2.asm:asm:9.7.1) with InstrumentationAnalysisTransform
[        ] Transforming apkzlib-8.12.1.jar (com.android.tools.build:apkzlib:8.12.1) with InstrumentationAnalysisTransform
[        ] Transforming bcpkix-jdk18on-1.79.jar (org.bouncycastle:bcpkix-jdk18on:1.79) with InstrumentationAnalysisTransform
[        ] Transforming jaxb-runtime-2.3.2.jar (org.glassfish.jaxb:jaxb-runtime:2.3.2) with InstrumentationAnalysisTransform
[        ] Transforming jopt-simple-4.9.jar (net.sf.jopt-simple:jopt-simple:4.9) with InstrumentationAnalysisTransform
[        ] Transforming javapoet-1.10.0.jar (com.squareup:javapoet:1.10.0) with InstrumentationAnalysisTransform
[        ] Transforming protobuf-java-util-3.25.5.jar (com.google.protobuf:protobuf-java-util:3.25.5) with InstrumentationAnalysisTransform
[        ] Transforming grpc-protobuf-1.69.1.jar (io.grpc:grpc-protobuf:1.69.1) with InstrumentationAnalysisTransform
[        ] Transforming tink-1.7.0.jar (com.google.crypto.tink:tink:1.7.0) with InstrumentationAnalysisTransform
[        ] Transforming core-proto-0.0.9-alpha03.jar (com.google.testing.platform:core-proto:0.0.9-alpha03) with InstrumentationAnalysisTransform
[        ] Transforming protos-31.12.1.jar (com.android.tools.analytics-library:protos:31.12.1) with InstrumentationAnalysisTransform
[        ] Transforming proto-google-common-protos-2.48.0.jar (com.google.api.grpc:proto-google-common-protos:2.48.0) with InstrumentationAnalysisTransform
[        ] Transforming protobuf-java-3.25.5.jar (com.google.protobuf:protobuf-java:3.25.5) with InstrumentationAnalysisTransform
[        ] Transforming grpc-netty-1.69.1.jar (io.grpc:grpc-netty:1.69.1) with InstrumentationAnalysisTransform
[        ] Transforming grpc-inprocess-1.69.1.jar (io.grpc:grpc-inprocess:1.69.1) with InstrumentationAnalysisTransform
[        ] Transforming grpc-util-1.69.1.jar (io.grpc:grpc-util:1.69.1) with InstrumentationAnalysisTransform
[        ] Transforming grpc-core-1.69.1.jar (io.grpc:grpc-core:1.69.1) with InstrumentationAnalysisTransform
[        ] Transforming gson-2.11.0.jar (com.google.code.gson:gson:2.11.0) with InstrumentationAnalysisTransform
[        ] Transforming grpc-stub-1.69.1.jar (io.grpc:grpc-stub:1.69.1) with InstrumentationAnalysisTransform
[        ] Transforming tensorflow-lite-metadata-0.2.0.jar (org.tensorflow:tensorflow-lite-metadata:0.2.0) with InstrumentationAnalysisTransform
[        ] Transforming flatbuffers-java-1.12.0.jar (com.google.flatbuffers:flatbuffers-java:1.12.0) with InstrumentationAnalysisTransform
[        ] Transforming jimfs-1.1.jar (com.google.jimfs:jimfs:1.1) with InstrumentationAnalysisTransform
[        ] Transforming grpc-context-1.69.1.jar (io.grpc:grpc-context:1.69.1) with InstrumentationAnalysisTransform
[        ] Transforming grpc-protobuf-lite-1.69.1.jar (io.grpc:grpc-protobuf-lite:1.69.1) with InstrumentationAnalysisTransform
[        ] Transforming grpc-api-1.69.1.jar (io.grpc:grpc-api:1.69.1) with InstrumentationAnalysisTransform
[        ] Transforming guava-33.3.1-jre.jar (com.google.guava:guava:33.3.1-jre) with InstrumentationAnalysisTransform
[        ] Transforming dagger-2.28.3.jar (com.google.dagger:dagger:2.28.3) with InstrumentationAnalysisTransform
[        ] Transforming javax.inject-1.jar (javax.inject:javax.inject:1) with InstrumentationAnalysisTransform
[        ] Transforming kxml2-2.3.0.jar (net.sf.kxml:kxml2:2.3.0) with InstrumentationAnalysisTransform
[        ] Transforming commons-compress-1.21.jar (org.apache.commons:commons-compress:1.21) with InstrumentationAnalysisTransform
[        ] Transforming bcutil-jdk18on-1.79.jar (org.bouncycastle:bcutil-jdk18on:1.79) with InstrumentationAnalysisTransform
[        ] Transforming bcprov-jdk18on-1.79.jar (org.bouncycastle:bcprov-jdk18on:1.79) with InstrumentationAnalysisTransform
[        ] Transforming httpclient-4.5.14.jar (org.apache.httpcomponents:httpclient:4.5.14) with InstrumentationAnalysisTransform
[        ] Transforming httpcore-4.4.16.jar (org.apache.httpcomponents:httpcore:4.4.16) with InstrumentationAnalysisTransform
[        ] Transforming javax.activation-1.2.0.jar (com.sun.activation:javax.activation:1.2.0) with InstrumentationAnalysisTransform
[        ] Transforming annotations-23.0.0.jar (org.jetbrains:annotations:23.0.0) with InstrumentationAnalysisTransform
[        ] Transforming signflinger-8.12.1.jar (com.android:signflinger:8.12.1) with InstrumentationAnalysisTransform
[        ] Transforming zipflinger-8.12.1.jar (com.android:zipflinger:8.12.1) with InstrumentationAnalysisTransform
[        ] Transforming annotations-31.12.1.jar (com.android.tools:annotations:31.12.1) with InstrumentationAnalysisTransform
[        ] Transforming jna-platform-5.6.0.jar (net.java.dev.jna:jna-platform:5.6.0) with InstrumentationAnalysisTransform
[        ] Transforming juniversalchardet-1.0.3.jar (com.googlecode.juniversalchardet:juniversalchardet:1.0.3) with InstrumentationAnalysisTransform
[        ] Transforming javax.annotation-api-1.3.2.jar (javax.annotation:javax.annotation-api:1.3.2) with InstrumentationAnalysisTransform
[        ] Transforming stax-ex-1.8.1.jar (org.jvnet.staxex:stax-ex:1.8.1) with InstrumentationAnalysisTransform
[        ] Transforming jakarta.xml.bind-api-2.3.2.jar (jakarta.xml.bind:jakarta.xml.bind-api:2.3.2) with InstrumentationAnalysisTransform
[        ] Transforming txw2-2.3.2.jar (org.glassfish.jaxb:txw2:2.3.2) with InstrumentationAnalysisTransform
[        ] Transforming istack-commons-runtime-3.0.8.jar (com.sun.istack:istack-commons-runtime:3.0.8) with InstrumentationAnalysisTransform
[        ] Transforming FastInfoset-1.2.16.jar (com.sun.xml.fastinfoset:FastInfoset:1.2.16) with InstrumentationAnalysisTransform
[        ] Transforming jakarta.activation-api-1.2.1.jar (jakarta.activation:jakarta.activation-api:1.2.1) with InstrumentationAnalysisTransform
[        ] Transforming auto-value-annotations-1.6.2.jar (com.google.auto.value:auto-value-annotations:1.6.2) with InstrumentationAnalysisTransform
[        ] Transforming error_prone_annotations-2.30.0.jar (com.google.errorprone:error_prone_annotations:2.30.0) with InstrumentationAnalysisTransform
[        ] Transforming jose4j-0.9.5.jar (org.bitbucket.b_c:jose4j:0.9.5) with InstrumentationAnalysisTransform
[        ] Transforming slf4j-api-1.7.30.jar (org.slf4j:slf4j-api:1.7.30) with InstrumentationAnalysisTransform
[        ] Transforming jdom2-2.0.6.jar (org.jdom:jdom2:2.0.6) with InstrumentationAnalysisTransform
[        ] Transforming jsr305-3.0.2.jar (com.google.code.findbugs:jsr305:3.0.2) with InstrumentationAnalysisTransform
[        ] Transforming j2objc-annotations-3.0.0.jar (com.google.j2objc:j2objc-annotations:3.0.0) with InstrumentationAnalysisTransform
[        ] Transforming annotations-4.1.1.4.jar (com.google.android:annotations:4.1.1.4) with InstrumentationAnalysisTransform
[        ] Transforming animal-sniffer-annotations-1.24.jar (org.codehaus.mojo:animal-sniffer-annotations:1.24) with InstrumentationAnalysisTransform
[        ] Transforming perfmark-api-0.27.0.jar (io.perfmark:perfmark-api:0.27.0) with InstrumentationAnalysisTransform
[        ] Transforming netty-codec-http2-4.1.110.Final.jar (io.netty:netty-codec-http2:4.1.110.Final) with InstrumentationAnalysisTransform
[        ] Transforming netty-handler-proxy-4.1.110.Final.jar (io.netty:netty-handler-proxy:4.1.110.Final) with InstrumentationAnalysisTransform
[        ] Transforming netty-codec-http-4.1.110.Final.jar (io.netty:netty-codec-http:4.1.110.Final) with InstrumentationAnalysisTransform
[        ] Transforming netty-handler-4.1.110.Final.jar (io.netty:netty-handler:4.1.110.Final) with InstrumentationAnalysisTransform
[        ] Transforming netty-transport-native-unix-common-4.1.110.Final.jar (io.netty:netty-transport-native-unix-common:4.1.110.Final) with InstrumentationAnalysisTransform
[        ] Transforming checker-qual-3.43.0.jar (org.checkerframework:checker-qual:3.43.0) with InstrumentationAnalysisTransform
[        ] Transforming apksig-8.12.1.jar (com.android.tools.build:apksig:8.12.1) with InstrumentationAnalysisTransform
[        ] Transforming javawriter-2.5.0.jar (com.squareup:javawriter:2.5.0) with InstrumentationAnalysisTransform
[        ] Transforming failureaccess-1.0.2.jar (com.google.guava:failureaccess:1.0.2) with InstrumentationAnalysisTransform
[        ] Transforming listenablefuture-9999.0-empty-to-avoid-conflict-with-guava.jar (com.google.guava:listenablefuture:9999.0-empty-to-avoid-conflict-with-guava) with InstrumentationAnalysisTransform
[        ] Transforming commons-logging-1.2.jar (commons-logging:commons-logging:1.2) with InstrumentationAnalysisTransform
[        ] Transforming commons-codec-1.11.jar (commons-codec:commons-codec:1.11) with InstrumentationAnalysisTransform
[        ] Transforming jna-5.6.0.jar (net.java.dev.jna:jna:5.6.0) with InstrumentationAnalysisTransform
[        ] Transforming netty-codec-socks-4.1.110.Final.jar (io.netty:netty-codec-socks:4.1.110.Final) with InstrumentationAnalysisTransform
[        ] Transforming netty-codec-4.1.110.Final.jar (io.netty:netty-codec:4.1.110.Final) with InstrumentationAnalysisTransform
[        ] Transforming netty-transport-4.1.110.Final.jar (io.netty:netty-transport:4.1.110.Final) with InstrumentationAnalysisTransform
[        ] Transforming netty-buffer-4.1.110.Final.jar (io.netty:netty-buffer:4.1.110.Final) with InstrumentationAnalysisTransform
[        ] Transforming netty-resolver-4.1.110.Final.jar (io.netty:netty-resolver:4.1.110.Final) with InstrumentationAnalysisTransform
[        ] Transforming netty-common-4.1.110.Final.jar (io.netty:netty-common:4.1.110.Final) with InstrumentationAnalysisTransform
[        ] Transforming gradle-8.12.1.jar (com.android.tools.build:gradle:8.12.1) with InstrumentationAnalysisTransform
[        ] Transforming gradle-8.12.1.jar (com.android.tools.build:gradle:8.12.1) with MergeInstrumentationAnalysisTransform
[        ] Transforming gradle-settings-api-8.12.1.jar (com.android.tools.build:gradle-settings-api:8.12.1) with InstrumentationAnalysisTransform
[        ] Transforming gradle-settings-api-8.12.1.jar (com.android.tools.build:gradle-settings-api:8.12.1) with MergeInstrumentationAnalysisTransform
[        ] Transforming lint-model-31.12.1.jar (com.android.tools.lint:lint-model:31.12.1) with InstrumentationAnalysisTransform
[        ] Transforming gradle-8.12.1.jar (com.android.tools.build:gradle:8.12.1) with ExternalDependencyInstrumentingArtifactTransform
[        ] Transforming gradle-settings-api-8.12.1.jar (com.android.tools.build:gradle-settings-api:8.12.1) with ExternalDependencyInstrumentingArtifactTransform
[        ] Transforming lint-model-31.12.1.jar (com.android.tools.lint:lint-model:31.12.1) with MergeInstrumentationAnalysisTransform
[        ] Transforming builder-8.12.1.jar (com.android.tools.build:builder:8.12.1) with InstrumentationAnalysisTransform
[        ] Transforming lint-model-31.12.1.jar (com.android.tools.lint:lint-model:31.12.1) with ExternalDependencyInstrumentingArtifactTransform
[        ] Transforming builder-8.12.1.jar (com.android.tools.build:builder:8.12.1) with MergeInstrumentationAnalysisTransform
[        ] Transforming manifest-merger-31.12.1.jar (com.android.tools.build:manifest-merger:31.12.1) with InstrumentationAnalysisTransform
[        ] Transforming manifest-merger-31.12.1.jar (com.android.tools.build:manifest-merger:31.12.1) with MergeInstrumentationAnalysisTransform
[        ] Transforming builder-8.12.1.jar (com.android.tools.build:builder:8.12.1) with ExternalDependencyInstrumentingArtifactTransform
[        ] Transforming sdk-common-31.12.1.jar (com.android.tools:sdk-common:31.12.1) with InstrumentationAnalysisTransform
[        ] Transforming manifest-merger-31.12.1.jar (com.android.tools.build:manifest-merger:31.12.1) with ExternalDependencyInstrumentingArtifactTransform
[        ] Transforming sdk-common-31.12.1.jar (com.android.tools:sdk-common:31.12.1) with MergeInstrumentationAnalysisTransform
[        ] Transforming sdk-common-31.12.1.jar (com.android.tools:sdk-common:31.12.1) with ExternalDependencyInstrumentingArtifactTransform
[        ] Transforming sdklib-31.12.1.jar (com.android.tools:sdklib:31.12.1) with InstrumentationAnalysisTransform
[        ] Transforming sdklib-31.12.1.jar (com.android.tools:sdklib:31.12.1) with MergeInstrumentationAnalysisTransform
[        ] Transforming repository-31.12.1.jar (com.android.tools:repository:31.12.1) with InstrumentationAnalysisTransform
[        ] Transforming repository-31.12.1.jar (com.android.tools:repository:31.12.1) with MergeInstrumentationAnalysisTransform
[        ] Transforming sdklib-31.12.1.jar (com.android.tools:sdklib:31.12.1) with ExternalDependencyInstrumentingArtifactTransform
[        ] Transforming gradle-api-8.12.1.jar (com.android.tools.build:gradle-api:8.12.1) with InstrumentationAnalysisTransform
[        ] Transforming repository-31.12.1.jar (com.android.tools:repository:31.12.1) with ExternalDependencyInstrumentingArtifactTransform
[        ] Transforming gradle-api-8.12.1.jar (com.android.tools.build:gradle-api:8.12.1) with MergeInstrumentationAnalysisTransform
[        ] Transforming builder-test-api-8.12.1.jar (com.android.tools.build:builder-test-api:8.12.1) with InstrumentationAnalysisTransform
[        ] Transforming builder-test-api-8.12.1.jar (com.android.tools.build:builder-test-api:8.12.1) with MergeInstrumentationAnalysisTransform
[        ] Transforming gradle-api-8.12.1.jar (com.android.tools.build:gradle-api:8.12.1) with ExternalDependencyInstrumentingArtifactTransform
[        ] Transforming ddmlib-31.12.1.jar (com.android.tools.ddms:ddmlib:31.12.1) with InstrumentationAnalysisTransform
[        ] Transforming builder-test-api-8.12.1.jar (com.android.tools.build:builder-test-api:8.12.1) with ExternalDependencyInstrumentingArtifactTransform
[        ] Transforming ddmlib-31.12.1.jar (com.android.tools.ddms:ddmlib:31.12.1) with MergeInstrumentationAnalysisTransform
[        ] Transforming aaptcompiler-8.12.1.jar (com.android.tools.build:aaptcompiler:8.12.1) with InstrumentationAnalysisTransform
[        ] Transforming aaptcompiler-8.12.1.jar (com.android.tools.build:aaptcompiler:8.12.1) with MergeInstrumentationAnalysisTransform
[        ] Transforming ddmlib-31.12.1.jar (com.android.tools.ddms:ddmlib:31.12.1) with ExternalDependencyInstrumentingArtifactTransform
[        ] Transforming bundletool-1.18.1.jar (com.android.tools.build:bundletool:1.18.1) with InstrumentationAnalysisTransform
[        ] Transforming aaptcompiler-8.12.1.jar (com.android.tools.build:aaptcompiler:8.12.1) with ExternalDependencyInstrumentingArtifactTransform
[        ] Transforming bundletool-1.18.1.jar (com.android.tools.build:bundletool:1.18.1) with MergeInstrumentationAnalysisTransform
[        ] Transforming aapt2-proto-8.12.1-13700139.jar (com.android.tools.build:aapt2-proto:8.12.1-13700139) with InstrumentationAnalysisTransform
[        ] Transforming aapt2-proto-8.12.1-13700139.jar (com.android.tools.build:aapt2-proto:8.12.1-13700139) with MergeInstrumentationAnalysisTransform
[        ] Transforming bundletool-1.18.1.jar (com.android.tools.build:bundletool:1.18.1) with ExternalDependencyInstrumentingArtifactTransform
[        ] Transforming crash-31.12.1.jar (com.android.tools.analytics-library:crash:31.12.1) with InstrumentationAnalysisTransform
[        ] Transforming aapt2-proto-8.12.1-13700139.jar (com.android.tools.build:aapt2-proto:8.12.1-13700139) with ExternalDependencyInstrumentingArtifactTransform
[        ] Transforming crash-31.12.1.jar (com.android.tools.analytics-library:crash:31.12.1) with MergeInstrumentationAnalysisTransform
[        ] Transforming tracker-31.12.1.jar (com.android.tools.analytics-library:tracker:31.12.1) with InstrumentationAnalysisTransform
[        ] Transforming tracker-31.12.1.jar (com.android.tools.analytics-library:tracker:31.12.1) with MergeInstrumentationAnalysisTransform
[        ] Transforming crash-31.12.1.jar (com.android.tools.analytics-library:crash:31.12.1) with ExternalDependencyInstrumentingArtifactTransform
[        ] Transforming tracker-31.12.1.jar (com.android.tools.analytics-library:tracker:31.12.1) with ExternalDependencyInstrumentingArtifactTransform
[        ] Transforming shared-31.12.1.jar (com.android.tools.analytics-library:shared:31.12.1) with InstrumentationAnalysisTransform
[        ] Transforming shared-31.12.1.jar (com.android.tools.analytics-library:shared:31.12.1) with MergeInstrumentationAnalysisTransform
[        ] Transforming lint-typedef-remover-31.12.1.jar (com.android.tools.lint:lint-typedef-remover:31.12.1) with InstrumentationAnalysisTransform
[        ] Transforming lint-typedef-remover-31.12.1.jar (com.android.tools.lint:lint-typedef-remover:31.12.1) with MergeInstrumentationAnalysisTransform
[        ] Transforming databinding-compiler-common-8.12.1.jar (androidx.databinding:databinding-compiler-common:8.12.1) with InstrumentationAnalysisTransform
[        ] Transforming shared-31.12.1.jar (com.android.tools.analytics-library:shared:31.12.1) with ExternalDependencyInstrumentingArtifactTransform
[        ] Transforming lint-typedef-remover-31.12.1.jar (com.android.tools.lint:lint-typedef-remover:31.12.1) with ExternalDependencyInstrumentingArtifactTransform
[        ] Transforming databinding-compiler-common-8.12.1.jar (androidx.databinding:databinding-compiler-common:8.12.1) with MergeInstrumentationAnalysisTransform
[        ] Transforming databinding-common-8.12.1.jar (androidx.databinding:databinding-common:8.12.1) with InstrumentationAnalysisTransform
[        ] Transforming databinding-compiler-common-8.12.1.jar (androidx.databinding:databinding-compiler-common:8.12.1) with ExternalDependencyInstrumentingArtifactTransform
[        ] Transforming databinding-common-8.12.1.jar (androidx.databinding:databinding-common:8.12.1) with MergeInstrumentationAnalysisTransform
[        ] Transforming baseLibrary-8.12.1.jar (com.android.databinding:baseLibrary:8.12.1) with InstrumentationAnalysisTransform
[        ] Transforming baseLibrary-8.12.1.jar (com.android.databinding:baseLibrary:8.12.1) with MergeInstrumentationAnalysisTransform
[        ] Transforming databinding-common-8.12.1.jar (androidx.databinding:databinding-common:8.12.1) with ExternalDependencyInstrumentingArtifactTransform
[        ] Transforming baseLibrary-8.12.1.jar (com.android.databinding:baseLibrary:8.12.1) with ExternalDependencyInstrumentingArtifactTransform
[        ] Transforming layoutlib-api-31.12.1.jar (com.android.tools.layoutlib:layoutlib-api:31.12.1) with InstrumentationAnalysisTransform
[        ] Transforming layoutlib-api-31.12.1.jar (com.android.tools.layoutlib:layoutlib-api:31.12.1) with MergeInstrumentationAnalysisTransform
[        ] Transforming android-device-provider-ddmlib-proto-31.12.1.jar (com.android.tools.utp:android-device-provider-ddmlib-proto:31.12.1) with InstrumentationAnalysisTransform
[        ] Transforming android-device-provider-ddmlib-proto-31.12.1.jar (com.android.tools.utp:android-device-provider-ddmlib-proto:31.12.1) with MergeInstrumentationAnalysisTransform
[        ] Transforming android-device-provider-gradle-proto-31.12.1.jar (com.android.tools.utp:android-device-provider-gradle-proto:31.12.1) with InstrumentationAnalysisTransform
[        ] Transforming android-device-provider-gradle-proto-31.12.1.jar (com.android.tools.utp:android-device-provider-gradle-proto:31.12.1) with MergeInstrumentationAnalysisTransform
[        ] Transforming layoutlib-api-31.12.1.jar (com.android.tools.layoutlib:layoutlib-api:31.12.1) with ExternalDependencyInstrumentingArtifactTransform
[        ] Transforming android-device-provider-ddmlib-proto-31.12.1.jar (com.android.tools.utp:android-device-provider-ddmlib-proto:31.12.1) with ExternalDependencyInstrumentingArtifactTransform
[        ] Transforming android-device-provider-gradle-proto-31.12.1.jar (com.android.tools.utp:android-device-provider-gradle-proto:31.12.1) with ExternalDependencyInstrumentingArtifactTransform
[        ] Transforming android-device-provider-profile-proto-31.12.1.jar (com.android.tools.utp:android-device-provider-profile-proto:31.12.1) with InstrumentationAnalysisTransform
[        ] Transforming android-device-provider-profile-proto-31.12.1.jar (com.android.tools.utp:android-device-provider-profile-proto:31.12.1) with MergeInstrumentationAnalysisTransform
[        ] Transforming android-test-plugin-host-additional-test-output-proto-31.12.1.jar (com.android.tools.utp:android-test-plugin-host-additional-test-output-proto:31.12.1) with InstrumentationAnalysisTransform
[        ] Transforming android-test-plugin-host-additional-test-output-proto-31.12.1.jar (com.android.tools.utp:android-test-plugin-host-additional-test-output-proto:31.12.1) with MergeInstrumentationAnalysisTransform
[        ] Transforming android-device-provider-profile-proto-31.12.1.jar (com.android.tools.utp:android-device-provider-profile-proto:31.12.1) with ExternalDependencyInstrumentingArtifactTransform
[        ] Transforming android-test-plugin-host-additional-test-output-proto-31.12.1.jar (com.android.tools.utp:android-test-plugin-host-additional-test-output-proto:31.12.1) with ExternalDependencyInstrumentingArtifactTransform
[        ] Transforming android-test-plugin-host-coverage-proto-31.12.1.jar (com.android.tools.utp:android-test-plugin-host-coverage-proto:31.12.1) with InstrumentationAnalysisTransform
[        ] Transforming android-test-plugin-host-coverage-proto-31.12.1.jar (com.android.tools.utp:android-test-plugin-host-coverage-proto:31.12.1) with MergeInstrumentationAnalysisTransform
[        ] Transforming android-test-plugin-host-emulator-control-proto-31.12.1.jar (com.android.tools.utp:android-test-plugin-host-emulator-control-proto:31.12.1) with InstrumentationAnalysisTransform
[        ] Transforming android-test-plugin-host-coverage-proto-31.12.1.jar (com.android.tools.utp:android-test-plugin-host-coverage-proto:31.12.1) with ExternalDependencyInstrumentingArtifactTransform
[        ] Transforming android-test-plugin-host-emulator-control-proto-31.12.1.jar (com.android.tools.utp:android-test-plugin-host-emulator-control-proto:31.12.1) with MergeInstrumentationAnalysisTransform
[        ] Transforming android-test-plugin-host-logcat-proto-31.12.1.jar (com.android.tools.utp:android-test-plugin-host-logcat-proto:31.12.1) with InstrumentationAnalysisTransform
[        ] Transforming android-test-plugin-host-logcat-proto-31.12.1.jar (com.android.tools.utp:android-test-plugin-host-logcat-proto:31.12.1) with MergeInstrumentationAnalysisTransform
[        ] Transforming android-test-plugin-host-apk-installer-proto-31.12.1.jar (com.android.tools.utp:android-test-plugin-host-apk-installer-proto:31.12.1) with InstrumentationAnalysisTransform
[        ] Transforming android-test-plugin-host-emulator-control-proto-31.12.1.jar (com.android.tools.utp:android-test-plugin-host-emulator-control-proto:31.12.1) with ExternalDependencyInstrumentingArtifactTransform
[        ] Transforming android-test-plugin-host-logcat-proto-31.12.1.jar (com.android.tools.utp:android-test-plugin-host-logcat-proto:31.12.1) with ExternalDependencyInstrumentingArtifactTransform
[        ] Transforming android-test-plugin-host-apk-installer-proto-31.12.1.jar (com.android.tools.utp:android-test-plugin-host-apk-installer-proto:31.12.1) with MergeInstrumentationAnalysisTransform
[        ] Transforming android-test-plugin-result-listener-gradle-proto-31.12.1.jar (com.android.tools.utp:android-test-plugin-result-listener-gradle-proto:31.12.1) with InstrumentationAnalysisTransform
[        ] Transforming android-test-plugin-host-apk-installer-proto-31.12.1.jar (com.android.tools.utp:android-test-plugin-host-apk-installer-proto:31.12.1) with ExternalDependencyInstrumentingArtifactTransform
[        ] Transforming android-test-plugin-result-listener-gradle-proto-31.12.1.jar (com.android.tools.utp:android-test-plugin-result-listener-gradle-proto:31.12.1) with MergeInstrumentationAnalysisTransform
[        ] Transforming jetifier-processor-1.0.0-beta10.jar (com.android.tools.build.jetifier:jetifier-processor:1.0.0-beta10) with InstrumentationAnalysisTransform
[        ] Transforming android-test-plugin-result-listener-gradle-proto-31.12.1.jar (com.android.tools.utp:android-test-plugin-result-listener-gradle-proto:31.12.1) with ExternalDependencyInstrumentingArtifactTransform
[        ] Transforming jetifier-processor-1.0.0-beta10.jar (com.android.tools.build.jetifier:jetifier-processor:1.0.0-beta10) with MergeInstrumentationAnalysisTransform
[        ] Transforming jetifier-core-1.0.0-beta10.jar (com.android.tools.build.jetifier:jetifier-core:1.0.0-beta10) with InstrumentationAnalysisTransform
[        ] Transforming jetifier-core-1.0.0-beta10.jar (com.android.tools.build.jetifier:jetifier-core:1.0.0-beta10) with MergeInstrumentationAnalysisTransform
[        ] Transforming jetifier-processor-1.0.0-beta10.jar (com.android.tools.build.jetifier:jetifier-processor:1.0.0-beta10) with ExternalDependencyInstrumentingArtifactTransform
[        ] Transforming jetifier-core-1.0.0-beta10.jar (com.android.tools.build.jetifier:jetifier-core:1.0.0-beta10) with ExternalDependencyInstrumentingArtifactTransform
[        ] Transforming builder-model-8.12.1.jar (com.android.tools.build:builder-model:8.12.1) with InstrumentationAnalysisTransform
[        ] Transforming builder-model-8.12.1.jar (com.android.tools.build:builder-model:8.12.1) with MergeInstrumentationAnalysisTransform
[        ] Transforming kotlin-reflect-2.1.20.jar (org.jetbrains.kotlin:kotlin-reflect:2.1.20) with InstrumentationAnalysisTransform
[        ] Transforming kotlin-reflect-2.1.20.jar (org.jetbrains.kotlin:kotlin-reflect:2.1.20) with MergeInstrumentationAnalysisTransform
[        ] Transforming dvlib-31.12.1.jar (com.android.tools:dvlib:31.12.1) with InstrumentationAnalysisTransform
[        ] Transforming dvlib-31.12.1.jar (com.android.tools:dvlib:31.12.1) with MergeInstrumentationAnalysisTransform
[        ] Transforming common-31.12.1.jar (com.android.tools:common:31.12.1) with InstrumentationAnalysisTransform
[        ] Transforming kotlin-reflect-2.1.20.jar (org.jetbrains.kotlin:kotlin-reflect:2.1.20) with ExternalDependencyInstrumentingArtifactTransform
[        ] Transforming builder-model-8.12.1.jar (com.android.tools.build:builder-model:8.12.1) with ExternalDependencyInstrumentingArtifactTransform
[        ] Transforming dvlib-31.12.1.jar (com.android.tools:dvlib:31.12.1) with ExternalDependencyInstrumentingArtifactTransform
[        ] Transforming common-31.12.1.jar (com.android.tools:common:31.12.1) with MergeInstrumentationAnalysisTransform
[        ] Transforming kotlin-stdlib-jdk8-2.1.20.jar (org.jetbrains.kotlin:kotlin-stdlib-jdk8:2.1.20) with InstrumentationAnalysisTransform
[        ] Transforming kotlin-stdlib-jdk8-2.1.20.jar (org.jetbrains.kotlin:kotlin-stdlib-jdk8:2.1.20) with MergeInstrumentationAnalysisTransform
[        ] Transforming common-31.12.1.jar (com.android.tools:common:31.12.1) with ExternalDependencyInstrumentingArtifactTransform
[        ] Transforming kotlinx-coroutines-core-jvm-1.9.0.jar (org.jetbrains.kotlinx:kotlinx-coroutines-core-jvm:1.9.0) with InstrumentationAnalysisTransform
[        ] Transforming kotlin-stdlib-jdk8-2.1.20.jar (org.jetbrains.kotlin:kotlin-stdlib-jdk8:2.1.20) with ExternalDependencyInstrumentingArtifactTransform
[        ] Transforming kotlinx-coroutines-core-jvm-1.9.0.jar (org.jetbrains.kotlinx:kotlinx-coroutines-core-jvm:1.9.0) with MergeInstrumentationAnalysisTransform
[        ] Transforming kotlin-stdlib-jdk7-2.1.20.jar (org.jetbrains.kotlin:kotlin-stdlib-jdk7:2.1.20) with InstrumentationAnalysisTransform
[        ] Transforming kotlinx-coroutines-core-jvm-1.9.0.jar (org.jetbrains.kotlinx:kotlinx-coroutines-core-jvm:1.9.0) with ExternalDependencyInstrumentingArtifactTransform
[        ] Transforming kotlin-stdlib-jdk7-2.1.20.jar (org.jetbrains.kotlin:kotlin-stdlib-jdk7:2.1.20) with MergeInstrumentationAnalysisTransform
[        ] Transforming kotlin-stdlib-2.1.20.jar (org.jetbrains.kotlin:kotlin-stdlib:2.1.20) with InstrumentationAnalysisTransform
[        ] Transforming kotlin-stdlib-2.1.20.jar (org.jetbrains.kotlin:kotlin-stdlib:2.1.20) with MergeInstrumentationAnalysisTransform
[        ] Transforming transform-api-2.0.0-deprecated-use-gradle-api.jar (com.android.tools.build:transform-api:2.0.0-deprecated-use-gradle-api) with InstrumentationAnalysisTransform
[        ] Transforming kotlin-stdlib-jdk7-2.1.20.jar (org.jetbrains.kotlin:kotlin-stdlib-jdk7:2.1.20) with ExternalDependencyInstrumentingArtifactTransform
[        ] Transforming kotlin-stdlib-2.1.20.jar (org.jetbrains.kotlin:kotlin-stdlib:2.1.20) with ExternalDependencyInstrumentingArtifactTransform
[        ] Transforming transform-api-2.0.0-deprecated-use-gradle-api.jar (com.android.tools.build:transform-api:2.0.0-deprecated-use-gradle-api) with MergeInstrumentationAnalysisTransform
[        ] Transforming httpmime-4.5.6.jar (org.apache.httpcomponents:httpmime:4.5.6) with InstrumentationAnalysisTransform
[        ] Transforming httpmime-4.5.6.jar (org.apache.httpcomponents:httpmime:4.5.6) with MergeInstrumentationAnalysisTransform
[        ] Transforming transform-api-2.0.0-deprecated-use-gradle-api.jar (com.android.tools.build:transform-api:2.0.0-deprecated-use-gradle-api) with ExternalDependencyInstrumentingArtifactTransform
[        ] Transforming commons-io-2.16.1.jar (commons-io:commons-io:2.16.1) with InstrumentationAnalysisTransform
[        ] Transforming httpmime-4.5.6.jar (org.apache.httpcomponents:httpmime:4.5.6) with ExternalDependencyInstrumentingArtifactTransform
[        ] Transforming commons-io-2.16.1.jar (commons-io:commons-io:2.16.1) with MergeInstrumentationAnalysisTransform
[        ] Transforming asm-commons-9.7.1.jar (org.ow2.asm:asm-commons:9.7.1) with InstrumentationAnalysisTransform
[        ] Transforming asm-commons-9.7.1.jar (org.ow2.asm:asm-commons:9.7.1) with MergeInstrumentationAnalysisTransform
[        ] Transforming commons-io-2.16.1.jar (commons-io:commons-io:2.16.1) with ExternalDependencyInstrumentingArtifactTransform
[        ] Transforming asm-commons-9.7.1.jar (org.ow2.asm:asm-commons:9.7.1) with ExternalDependencyInstrumentingArtifactTransform
[        ] Transforming asm-util-9.7.1.jar (org.ow2.asm:asm-util:9.7.1) with InstrumentationAnalysisTransform
[        ] Transforming asm-util-9.7.1.jar (org.ow2.asm:asm-util:9.7.1) with MergeInstrumentationAnalysisTransform
[        ] Transforming asm-analysis-9.7.1.jar (org.ow2.asm:asm-analysis:9.7.1) with InstrumentationAnalysisTransform
[        ] Transforming asm-analysis-9.7.1.jar (org.ow2.asm:asm-analysis:9.7.1) with MergeInstrumentationAnalysisTransform
[        ] Transforming asm-tree-9.7.1.jar (org.ow2.asm:asm-tree:9.7.1) with InstrumentationAnalysisTransform
[        ] Transforming asm-util-9.7.1.jar (org.ow2.asm:asm-util:9.7.1) with ExternalDependencyInstrumentingArtifactTransform
[        ] Transforming asm-analysis-9.7.1.jar (org.ow2.asm:asm-analysis:9.7.1) with ExternalDependencyInstrumentingArtifactTransform
[        ] Transforming asm-tree-9.7.1.jar (org.ow2.asm:asm-tree:9.7.1) with MergeInstrumentationAnalysisTransform
[        ] Transforming asm-9.7.1.jar (org.ow2.asm:asm:9.7.1) with InstrumentationAnalysisTransform
[        ] Transforming asm-9.7.1.jar (org.ow2.asm:asm:9.7.1) with MergeInstrumentationAnalysisTransform
[        ] Transforming apkzlib-8.12.1.jar (com.android.tools.build:apkzlib:8.12.1) with InstrumentationAnalysisTransform
[        ] Transforming asm-tree-9.7.1.jar (org.ow2.asm:asm-tree:9.7.1) with ExternalDependencyInstrumentingArtifactTransform
[        ] Transforming asm-9.7.1.jar (org.ow2.asm:asm:9.7.1) with ExternalDependencyInstrumentingArtifactTransform
[        ] Transforming apkzlib-8.12.1.jar (com.android.tools.build:apkzlib:8.12.1) with MergeInstrumentationAnalysisTransform
[        ] Transforming bcpkix-jdk18on-1.79.jar (org.bouncycastle:bcpkix-jdk18on:1.79) with InstrumentationAnalysisTransform
[        ] Transforming apkzlib-8.12.1.jar (com.android.tools.build:apkzlib:8.12.1) with ExternalDependencyInstrumentingArtifactTransform
[        ] Transforming bcpkix-jdk18on-1.79.jar (org.bouncycastle:bcpkix-jdk18on:1.79) with MergeInstrumentationAnalysisTransform
[        ] Transforming jaxb-runtime-2.3.2.jar (org.glassfish.jaxb:jaxb-runtime:2.3.2) with InstrumentationAnalysisTransform
[        ] Transforming jaxb-runtime-2.3.2.jar (org.glassfish.jaxb:jaxb-runtime:2.3.2) with MergeInstrumentationAnalysisTransform
[        ] Transforming jopt-simple-4.9.jar (net.sf.jopt-simple:jopt-simple:4.9) with InstrumentationAnalysisTransform
[        ] Transforming bcpkix-jdk18on-1.79.jar (org.bouncycastle:bcpkix-jdk18on:1.79) with ExternalDependencyInstrumentingArtifactTransform
[        ] Transforming jopt-simple-4.9.jar (net.sf.jopt-simple:jopt-simple:4.9) with MergeInstrumentationAnalysisTransform
[        ] Transforming javapoet-1.10.0.jar (com.squareup:javapoet:1.10.0) with InstrumentationAnalysisTransform
[        ] Transforming jaxb-runtime-2.3.2.jar (org.glassfish.jaxb:jaxb-runtime:2.3.2) with ExternalDependencyInstrumentingArtifactTransform
[        ] Transforming jopt-simple-4.9.jar (net.sf.jopt-simple:jopt-simple:4.9) with ExternalDependencyInstrumentingArtifactTransform
[        ] Transforming javapoet-1.10.0.jar (com.squareup:javapoet:1.10.0) with MergeInstrumentationAnalysisTransform
[        ] Transforming protobuf-java-util-3.25.5.jar (com.google.protobuf:protobuf-java-util:3.25.5) with InstrumentationAnalysisTransform
[        ] Transforming javapoet-1.10.0.jar (com.squareup:javapoet:1.10.0) with ExternalDependencyInstrumentingArtifactTransform
[        ] Transforming protobuf-java-util-3.25.5.jar (com.google.protobuf:protobuf-java-util:3.25.5) with MergeInstrumentationAnalysisTransform
[        ] Transforming grpc-protobuf-1.69.1.jar (io.grpc:grpc-protobuf:1.69.1) with InstrumentationAnalysisTransform
[        ] Transforming grpc-protobuf-1.69.1.jar (io.grpc:grpc-protobuf:1.69.1) with MergeInstrumentationAnalysisTransform
[        ] Transforming tink-1.7.0.jar (com.google.crypto.tink:tink:1.7.0) with InstrumentationAnalysisTransform
[        ] Transforming protobuf-java-util-3.25.5.jar (com.google.protobuf:protobuf-java-util:3.25.5) with ExternalDependencyInstrumentingArtifactTransform
[        ] Transforming tink-1.7.0.jar (com.google.crypto.tink:tink:1.7.0) with MergeInstrumentationAnalysisTransform
[        ] Transforming grpc-protobuf-1.69.1.jar (io.grpc:grpc-protobuf:1.69.1) with ExternalDependencyInstrumentingArtifactTransform
[        ] Transforming core-proto-0.0.9-alpha03.jar (com.google.testing.platform:core-proto:0.0.9-alpha03) with InstrumentationAnalysisTransform
[        ] Transforming tink-1.7.0.jar (com.google.crypto.tink:tink:1.7.0) with ExternalDependencyInstrumentingArtifactTransform
[        ] Transforming core-proto-0.0.9-alpha03.jar (com.google.testing.platform:core-proto:0.0.9-alpha03) with MergeInstrumentationAnalysisTransform
[        ] Transforming protos-31.12.1.jar (com.android.tools.analytics-library:protos:31.12.1) with InstrumentationAnalysisTransform
[        ] Transforming protos-31.12.1.jar (com.android.tools.analytics-library:protos:31.12.1) with MergeInstrumentationAnalysisTransform
[        ] Transforming core-proto-0.0.9-alpha03.jar (com.google.testing.platform:core-proto:0.0.9-alpha03) with ExternalDependencyInstrumentingArtifactTransform
[        ] Transforming proto-google-common-protos-2.48.0.jar (com.google.api.grpc:proto-google-common-protos:2.48.0) with InstrumentationAnalysisTransform
[        ] Transforming protos-31.12.1.jar (com.android.tools.analytics-library:protos:31.12.1) with ExternalDependencyInstrumentingArtifactTransform
[        ] Transforming proto-google-common-protos-2.48.0.jar (com.google.api.grpc:proto-google-common-protos:2.48.0) with MergeInstrumentationAnalysisTransform
[        ] Transforming protobuf-java-3.25.5.jar (com.google.protobuf:protobuf-java:3.25.5) with InstrumentationAnalysisTransform
[        ] Transforming proto-google-common-protos-2.48.0.jar (com.google.api.grpc:proto-google-common-protos:2.48.0) with ExternalDependencyInstrumentingArtifactTransform
[        ] Transforming protobuf-java-3.25.5.jar (com.google.protobuf:protobuf-java:3.25.5) with MergeInstrumentationAnalysisTransform
[        ] Transforming grpc-netty-1.69.1.jar (io.grpc:grpc-netty:1.69.1) with InstrumentationAnalysisTransform
[        ] Transforming grpc-netty-1.69.1.jar (io.grpc:grpc-netty:1.69.1) with MergeInstrumentationAnalysisTransform
[        ] Transforming grpc-inprocess-1.69.1.jar (io.grpc:grpc-inprocess:1.69.1) with InstrumentationAnalysisTransform
[        ] Transforming grpc-inprocess-1.69.1.jar (io.grpc:grpc-inprocess:1.69.1) with MergeInstrumentationAnalysisTransform
[        ] Transforming grpc-util-1.69.1.jar (io.grpc:grpc-util:1.69.1) with InstrumentationAnalysisTransform
[        ] Transforming grpc-util-1.69.1.jar (io.grpc:grpc-util:1.69.1) with MergeInstrumentationAnalysisTransform
[        ] Transforming grpc-core-1.69.1.jar (io.grpc:grpc-core:1.69.1) with InstrumentationAnalysisTransform
[        ] Transforming grpc-core-1.69.1.jar (io.grpc:grpc-core:1.69.1) with MergeInstrumentationAnalysisTransform
[        ] Transforming gson-2.11.0.jar (com.google.code.gson:gson:2.11.0) with InstrumentationAnalysisTransform
[        ] Transforming gson-2.11.0.jar (com.google.code.gson:gson:2.11.0) with MergeInstrumentationAnalysisTransform
[        ] Transforming grpc-stub-1.69.1.jar (io.grpc:grpc-stub:1.69.1) with InstrumentationAnalysisTransform
[        ] Transforming grpc-netty-1.69.1.jar (io.grpc:grpc-netty:1.69.1) with ExternalDependencyInstrumentingArtifactTransform
[        ] Transforming grpc-util-1.69.1.jar (io.grpc:grpc-util:1.69.1) with ExternalDependencyInstrumentingArtifactTransform
[        ] Transforming grpc-core-1.69.1.jar (io.grpc:grpc-core:1.69.1) with ExternalDependencyInstrumentingArtifactTransform
[        ] Transforming protobuf-java-3.25.5.jar (com.google.protobuf:protobuf-java:3.25.5) with ExternalDependencyInstrumentingArtifactTransform
[        ] Transforming grpc-stub-1.69.1.jar (io.grpc:grpc-stub:1.69.1) with MergeInstrumentationAnalysisTransform
[        ] Transforming gson-2.11.0.jar (com.google.code.gson:gson:2.11.0) with ExternalDependencyInstrumentingArtifactTransform
[        ] Transforming grpc-inprocess-1.69.1.jar (io.grpc:grpc-inprocess:1.69.1) with ExternalDependencyInstrumentingArtifactTransform
[        ] Transforming grpc-stub-1.69.1.jar (io.grpc:grpc-stub:1.69.1) with ExternalDependencyInstrumentingArtifactTransform
[        ] Transforming tensorflow-lite-metadata-0.2.0.jar (org.tensorflow:tensorflow-lite-metadata:0.2.0) with InstrumentationAnalysisTransform
[        ] Transforming tensorflow-lite-metadata-0.2.0.jar (org.tensorflow:tensorflow-lite-metadata:0.2.0) with MergeInstrumentationAnalysisTransform
[        ] Transforming flatbuffers-java-1.12.0.jar (com.google.flatbuffers:flatbuffers-java:1.12.0) with InstrumentationAnalysisTransform
[        ] Transforming flatbuffers-java-1.12.0.jar (com.google.flatbuffers:flatbuffers-java:1.12.0) with MergeInstrumentationAnalysisTransform
[        ] Transforming tensorflow-lite-metadata-0.2.0.jar (org.tensorflow:tensorflow-lite-metadata:0.2.0) with ExternalDependencyInstrumentingArtifactTransform
[        ] Transforming jimfs-1.1.jar (com.google.jimfs:jimfs:1.1) with InstrumentationAnalysisTransform
[        ] Transforming jimfs-1.1.jar (com.google.jimfs:jimfs:1.1) with MergeInstrumentationAnalysisTransform
[        ] Transforming flatbuffers-java-1.12.0.jar (com.google.flatbuffers:flatbuffers-java:1.12.0) with ExternalDependencyInstrumentingArtifactTransform
[        ] Transforming jimfs-1.1.jar (com.google.jimfs:jimfs:1.1) with ExternalDependencyInstrumentingArtifactTransform
[        ] Transforming grpc-context-1.69.1.jar (io.grpc:grpc-context:1.69.1) with InstrumentationAnalysisTransform
[        ] Transforming grpc-context-1.69.1.jar (io.grpc:grpc-context:1.69.1) with MergeInstrumentationAnalysisTransform
[        ] Transforming grpc-protobuf-lite-1.69.1.jar (io.grpc:grpc-protobuf-lite:1.69.1) with InstrumentationAnalysisTransform
[        ] Transforming grpc-protobuf-lite-1.69.1.jar (io.grpc:grpc-protobuf-lite:1.69.1) with MergeInstrumentationAnalysisTransform
[        ] Transforming grpc-context-1.69.1.jar (io.grpc:grpc-context:1.69.1) with ExternalDependencyInstrumentingArtifactTransform
[        ] Transforming grpc-protobuf-lite-1.69.1.jar (io.grpc:grpc-protobuf-lite:1.69.1) with ExternalDependencyInstrumentingArtifactTransform
[        ] Transforming grpc-api-1.69.1.jar (io.grpc:grpc-api:1.69.1) with InstrumentationAnalysisTransform
[        ] Transforming grpc-api-1.69.1.jar (io.grpc:grpc-api:1.69.1) with MergeInstrumentationAnalysisTransform
[        ] Transforming guava-33.3.1-jre.jar (com.google.guava:guava:33.3.1-jre) with InstrumentationAnalysisTransform
[        ] Transforming guava-33.3.1-jre.jar (com.google.guava:guava:33.3.1-jre) with MergeInstrumentationAnalysisTransform
[        ] Transforming dagger-2.28.3.jar (com.google.dagger:dagger:2.28.3) with InstrumentationAnalysisTransform
[        ] Transforming dagger-2.28.3.jar (com.google.dagger:dagger:2.28.3) with MergeInstrumentationAnalysisTransform
[        ] Transforming javax.inject-1.jar (javax.inject:javax.inject:1) with InstrumentationAnalysisTransform
[        ] Transforming javax.inject-1.jar (javax.inject:javax.inject:1) with MergeInstrumentationAnalysisTransform
[        ] Transforming kxml2-2.3.0.jar (net.sf.kxml:kxml2:2.3.0) with InstrumentationAnalysisTransform
[        ] Transforming dagger-2.28.3.jar (com.google.dagger:dagger:2.28.3) with ExternalDependencyInstrumentingArtifactTransform
[        ] Transforming guava-33.3.1-jre.jar (com.google.guava:guava:33.3.1-jre) with ExternalDependencyInstrumentingArtifactTransform
[        ] Transforming kxml2-2.3.0.jar (net.sf.kxml:kxml2:2.3.0) with MergeInstrumentationAnalysisTransform
[        ] Transforming javax.inject-1.jar (javax.inject:javax.inject:1) with ExternalDependencyInstrumentingArtifactTransform
[        ] Transforming commons-compress-1.21.jar (org.apache.commons:commons-compress:1.21) with InstrumentationAnalysisTransform
[        ] Transforming kxml2-2.3.0.jar (net.sf.kxml:kxml2:2.3.0) with ExternalDependencyInstrumentingArtifactTransform
[        ] Transforming commons-compress-1.21.jar (org.apache.commons:commons-compress:1.21) with MergeInstrumentationAnalysisTransform
[        ] Transforming bcutil-jdk18on-1.79.jar (org.bouncycastle:bcutil-jdk18on:1.79) with InstrumentationAnalysisTransform
[        ] Transforming bcutil-jdk18on-1.79.jar (org.bouncycastle:bcutil-jdk18on:1.79) with MergeInstrumentationAnalysisTransform
[        ] Transforming bcprov-jdk18on-1.79.jar (org.bouncycastle:bcprov-jdk18on:1.79) with InstrumentationAnalysisTransform
[        ] Transforming grpc-api-1.69.1.jar (io.grpc:grpc-api:1.69.1) with ExternalDependencyInstrumentingArtifactTransform
[        ] Transforming bcutil-jdk18on-1.79.jar (org.bouncycastle:bcutil-jdk18on:1.79) with ExternalDependencyInstrumentingArtifactTransform
[        ] Transforming bcprov-jdk18on-1.79.jar (org.bouncycastle:bcprov-jdk18on:1.79) with MergeInstrumentationAnalysisTransform
[        ] Transforming commons-compress-1.21.jar (org.apache.commons:commons-compress:1.21) with ExternalDependencyInstrumentingArtifactTransform
[        ] Transforming httpclient-4.5.14.jar (org.apache.httpcomponents:httpclient:4.5.14) with InstrumentationAnalysisTransform
[        ] Transforming bcprov-jdk18on-1.79.jar (org.bouncycastle:bcprov-jdk18on:1.79) with ExternalDependencyInstrumentingArtifactTransform
[        ] Transforming httpclient-4.5.14.jar (org.apache.httpcomponents:httpclient:4.5.14) with MergeInstrumentationAnalysisTransform
[        ] Transforming httpcore-4.4.16.jar (org.apache.httpcomponents:httpcore:4.4.16) with InstrumentationAnalysisTransform
[        ] Transforming httpcore-4.4.16.jar (org.apache.httpcomponents:httpcore:4.4.16) with MergeInstrumentationAnalysisTransform
[        ] Transforming javax.activation-1.2.0.jar (com.sun.activation:javax.activation:1.2.0) with InstrumentationAnalysisTransform
[        ] Transforming httpclient-4.5.14.jar (org.apache.httpcomponents:httpclient:4.5.14) with ExternalDependencyInstrumentingArtifactTransform
[        ] Transforming javax.activation-1.2.0.jar (com.sun.activation:javax.activation:1.2.0) with MergeInstrumentationAnalysisTransform
[        ] Transforming annotations-23.0.0.jar (org.jetbrains:annotations:23.0.0) with InstrumentationAnalysisTransform
[        ] Transforming httpcore-4.4.16.jar (org.apache.httpcomponents:httpcore:4.4.16) with ExternalDependencyInstrumentingArtifactTransform
[        ] Transforming annotations-23.0.0.jar (org.jetbrains:annotations:23.0.0) with MergeInstrumentationAnalysisTransform
[        ] Transforming signflinger-8.12.1.jar (com.android:signflinger:8.12.1) with InstrumentationAnalysisTransform
[        ] Transforming signflinger-8.12.1.jar (com.android:signflinger:8.12.1) with MergeInstrumentationAnalysisTransform
[        ] Transforming zipflinger-8.12.1.jar (com.android:zipflinger:8.12.1) with InstrumentationAnalysisTransform
[        ] Transforming javax.activation-1.2.0.jar (com.sun.activation:javax.activation:1.2.0) with ExternalDependencyInstrumentingArtifactTransform
[        ] Transforming zipflinger-8.12.1.jar (com.android:zipflinger:8.12.1) with MergeInstrumentationAnalysisTransform
[        ] Transforming annotations-31.12.1.jar (com.android.tools:annotations:31.12.1) with InstrumentationAnalysisTransform
[        ] Transforming annotations-31.12.1.jar (com.android.tools:annotations:31.12.1) with MergeInstrumentationAnalysisTransform
[        ] Transforming jna-platform-5.6.0.jar (net.java.dev.jna:jna-platform:5.6.0) with InstrumentationAnalysisTransform
[        ] Transforming jna-platform-5.6.0.jar (net.java.dev.jna:jna-platform:5.6.0) with MergeInstrumentationAnalysisTransform
[        ] Transforming juniversalchardet-1.0.3.jar (com.googlecode.juniversalchardet:juniversalchardet:1.0.3) with InstrumentationAnalysisTransform
[        ] Transforming annotations-31.12.1.jar (com.android.tools:annotations:31.12.1) with ExternalDependencyInstrumentingArtifactTransform
[        ] Transforming annotations-23.0.0.jar (org.jetbrains:annotations:23.0.0) with ExternalDependencyInstrumentingArtifactTransform
[        ] Transforming jna-platform-5.6.0.jar (net.java.dev.jna:jna-platform:5.6.0) with ExternalDependencyInstrumentingArtifactTransform
[        ] Transforming juniversalchardet-1.0.3.jar (com.googlecode.juniversalchardet:juniversalchardet:1.0.3) with MergeInstrumentationAnalysisTransform
[        ] Transforming javax.annotation-api-1.3.2.jar (javax.annotation:javax.annotation-api:1.3.2) with InstrumentationAnalysisTransform
[        ] Transforming signflinger-8.12.1.jar (com.android:signflinger:8.12.1) with ExternalDependencyInstrumentingArtifactTransform
[        ] Transforming juniversalchardet-1.0.3.jar (com.googlecode.juniversalchardet:juniversalchardet:1.0.3) with ExternalDependencyInstrumentingArtifactTransform
[        ] Transforming zipflinger-8.12.1.jar (com.android:zipflinger:8.12.1) with ExternalDependencyInstrumentingArtifactTransform
[        ] Transforming javax.annotation-api-1.3.2.jar (javax.annotation:javax.annotation-api:1.3.2) with MergeInstrumentationAnalysisTransform
[        ] Transforming stax-ex-1.8.1.jar (org.jvnet.staxex:stax-ex:1.8.1) with InstrumentationAnalysisTransform
[        ] Transforming stax-ex-1.8.1.jar (org.jvnet.staxex:stax-ex:1.8.1) with MergeInstrumentationAnalysisTransform
[        ] Transforming jakarta.xml.bind-api-2.3.2.jar (jakarta.xml.bind:jakarta.xml.bind-api:2.3.2) with InstrumentationAnalysisTransform
[        ] Transforming jakarta.xml.bind-api-2.3.2.jar (jakarta.xml.bind:jakarta.xml.bind-api:2.3.2) with MergeInstrumentationAnalysisTransform
[        ] Transforming txw2-2.3.2.jar (org.glassfish.jaxb:txw2:2.3.2) with InstrumentationAnalysisTransform
[        ] Transforming txw2-2.3.2.jar (org.glassfish.jaxb:txw2:2.3.2) with MergeInstrumentationAnalysisTransform
[        ] Transforming istack-commons-runtime-3.0.8.jar (com.sun.istack:istack-commons-runtime:3.0.8) with InstrumentationAnalysisTransform
[        ] Transforming javax.annotation-api-1.3.2.jar (javax.annotation:javax.annotation-api:1.3.2) with ExternalDependencyInstrumentingArtifactTransform
[        ] Transforming istack-commons-runtime-3.0.8.jar (com.sun.istack:istack-commons-runtime:3.0.8) with MergeInstrumentationAnalysisTransform
[        ] Transforming txw2-2.3.2.jar (org.glassfish.jaxb:txw2:2.3.2) with ExternalDependencyInstrumentingArtifactTransform
[        ] Transforming jakarta.xml.bind-api-2.3.2.jar (jakarta.xml.bind:jakarta.xml.bind-api:2.3.2) with ExternalDependencyInstrumentingArtifactTransform
[        ] Transforming stax-ex-1.8.1.jar (org.jvnet.staxex:stax-ex:1.8.1) with ExternalDependencyInstrumentingArtifactTransform
[        ] Transforming istack-commons-runtime-3.0.8.jar (com.sun.istack:istack-commons-runtime:3.0.8) with ExternalDependencyInstrumentingArtifactTransform
[        ] Transforming FastInfoset-1.2.16.jar (com.sun.xml.fastinfoset:FastInfoset:1.2.16) with InstrumentationAnalysisTransform
[        ] Transforming FastInfoset-1.2.16.jar (com.sun.xml.fastinfoset:FastInfoset:1.2.16) with MergeInstrumentationAnalysisTransform
[        ] Transforming jakarta.activation-api-1.2.1.jar (jakarta.activation:jakarta.activation-api:1.2.1) with InstrumentationAnalysisTransform
[        ] Transforming jakarta.activation-api-1.2.1.jar (jakarta.activation:jakarta.activation-api:1.2.1) with MergeInstrumentationAnalysisTransform
[        ] Transforming FastInfoset-1.2.16.jar (com.sun.xml.fastinfoset:FastInfoset:1.2.16) with ExternalDependencyInstrumentingArtifactTransform
[        ] Transforming jakarta.activation-api-1.2.1.jar (jakarta.activation:jakarta.activation-api:1.2.1) with ExternalDependencyInstrumentingArtifactTransform
[        ] Transforming auto-value-annotations-1.6.2.jar (com.google.auto.value:auto-value-annotations:1.6.2) with InstrumentationAnalysisTransform
[        ] Transforming auto-value-annotations-1.6.2.jar (com.google.auto.value:auto-value-annotations:1.6.2) with MergeInstrumentationAnalysisTransform
[        ] Transforming error_prone_annotations-2.30.0.jar (com.google.errorprone:error_prone_annotations:2.30.0) with InstrumentationAnalysisTransform
[        ] Transforming error_prone_annotations-2.30.0.jar (com.google.errorprone:error_prone_annotations:2.30.0) with MergeInstrumentationAnalysisTransform
[        ] Transforming jose4j-0.9.5.jar (org.bitbucket.b_c:jose4j:0.9.5) with InstrumentationAnalysisTransform
[        ] Transforming auto-value-annotations-1.6.2.jar (com.google.auto.value:auto-value-annotations:1.6.2) with ExternalDependencyInstrumentingArtifactTransform
[        ] Transforming jose4j-0.9.5.jar (org.bitbucket.b_c:jose4j:0.9.5) with MergeInstrumentationAnalysisTransform
[        ] Transforming slf4j-api-1.7.30.jar (org.slf4j:slf4j-api:1.7.30) with InstrumentationAnalysisTransform
[        ] Transforming error_prone_annotations-2.30.0.jar (com.google.errorprone:error_prone_annotations:2.30.0) with ExternalDependencyInstrumentingArtifactTransform
[        ] Transforming jose4j-0.9.5.jar (org.bitbucket.b_c:jose4j:0.9.5) with ExternalDependencyInstrumentingArtifactTransform
[        ] Transforming slf4j-api-1.7.30.jar (org.slf4j:slf4j-api:1.7.30) with MergeInstrumentationAnalysisTransform
[        ] Transforming jdom2-2.0.6.jar (org.jdom:jdom2:2.0.6) with InstrumentationAnalysisTransform
[        ] Transforming jdom2-2.0.6.jar (org.jdom:jdom2:2.0.6) with MergeInstrumentationAnalysisTransform
[        ] Transforming jsr305-3.0.2.jar (com.google.code.findbugs:jsr305:3.0.2) with InstrumentationAnalysisTransform
[        ] Transforming slf4j-api-1.7.30.jar (org.slf4j:slf4j-api:1.7.30) with ExternalDependencyInstrumentingArtifactTransform
[        ] Transforming jdom2-2.0.6.jar (org.jdom:jdom2:2.0.6) with ExternalDependencyInstrumentingArtifactTransform
[        ] Transforming jsr305-3.0.2.jar (com.google.code.findbugs:jsr305:3.0.2) with MergeInstrumentationAnalysisTransform
[        ] Transforming j2objc-annotations-3.0.0.jar (com.google.j2objc:j2objc-annotations:3.0.0) with InstrumentationAnalysisTransform
[        ] Transforming j2objc-annotations-3.0.0.jar (com.google.j2objc:j2objc-annotations:3.0.0) with MergeInstrumentationAnalysisTransform
[   +1 ms] Transforming annotations-4.1.1.4.jar (com.google.android:annotations:4.1.1.4) with InstrumentationAnalysisTransform
[        ] Transforming annotations-4.1.1.4.jar (com.google.android:annotations:4.1.1.4) with MergeInstrumentationAnalysisTransform
[        ] Transforming animal-sniffer-annotations-1.24.jar (org.codehaus.mojo:animal-sniffer-annotations:1.24) with InstrumentationAnalysisTransform
[        ] Transforming jsr305-3.0.2.jar (com.google.code.findbugs:jsr305:3.0.2) with ExternalDependencyInstrumentingArtifactTransform
[        ] Transforming annotations-4.1.1.4.jar (com.google.android:annotations:4.1.1.4) with ExternalDependencyInstrumentingArtifactTransform
[        ] Transforming animal-sniffer-annotations-1.24.jar (org.codehaus.mojo:animal-sniffer-annotations:1.24) with MergeInstrumentationAnalysisTransform
[        ] Transforming j2objc-annotations-3.0.0.jar (com.google.j2objc:j2objc-annotations:3.0.0) with ExternalDependencyInstrumentingArtifactTransform
[        ] Transforming animal-sniffer-annotations-1.24.jar (org.codehaus.mojo:animal-sniffer-annotations:1.24) with ExternalDependencyInstrumentingArtifactTransform
[        ] Transforming perfmark-api-0.27.0.jar (io.perfmark:perfmark-api:0.27.0) with InstrumentationAnalysisTransform
[        ] Transforming perfmark-api-0.27.0.jar (io.perfmark:perfmark-api:0.27.0) with MergeInstrumentationAnalysisTransform
[        ] Transforming netty-codec-http2-4.1.110.Final.jar (io.netty:netty-codec-http2:4.1.110.Final) with InstrumentationAnalysisTransform
[        ] Transforming netty-codec-http2-4.1.110.Final.jar (io.netty:netty-codec-http2:4.1.110.Final) with MergeInstrumentationAnalysisTransform
[        ] Transforming perfmark-api-0.27.0.jar (io.perfmark:perfmark-api:0.27.0) with ExternalDependencyInstrumentingArtifactTransform
[        ] Transforming netty-handler-proxy-4.1.110.Final.jar (io.netty:netty-handler-proxy:4.1.110.Final) with InstrumentationAnalysisTransform
[        ] Transforming netty-codec-http2-4.1.110.Final.jar (io.netty:netty-codec-http2:4.1.110.Final) with ExternalDependencyInstrumentingArtifactTransform
[        ] Transforming netty-handler-proxy-4.1.110.Final.jar (io.netty:netty-handler-proxy:4.1.110.Final) with MergeInstrumentationAnalysisTransform
[        ] Transforming netty-codec-http-4.1.110.Final.jar (io.netty:netty-codec-http:4.1.110.Final) with InstrumentationAnalysisTransform
[        ] Transforming netty-codec-http-4.1.110.Final.jar (io.netty:netty-codec-http:4.1.110.Final) with MergeInstrumentationAnalysisTransform
[        ] Transforming netty-handler-proxy-4.1.110.Final.jar (io.netty:netty-handler-proxy:4.1.110.Final) with ExternalDependencyInstrumentingArtifactTransform
[        ] Transforming netty-handler-4.1.110.Final.jar (io.netty:netty-handler:4.1.110.Final) with InstrumentationAnalysisTransform
[        ] Transforming netty-handler-4.1.110.Final.jar (io.netty:netty-handler:4.1.110.Final) with MergeInstrumentationAnalysisTransform
[        ] Transforming netty-transport-native-unix-common-4.1.110.Final.jar (io.netty:netty-transport-native-unix-common:4.1.110.Final) with InstrumentationAnalysisTransform
[        ] Transforming netty-transport-native-unix-common-4.1.110.Final.jar (io.netty:netty-transport-native-unix-common:4.1.110.Final) with MergeInstrumentationAnalysisTransform
[        ] Transforming checker-qual-3.43.0.jar (org.checkerframework:checker-qual:3.43.0) with InstrumentationAnalysisTransform
[        ] Transforming checker-qual-3.43.0.jar (org.checkerframework:checker-qual:3.43.0) with MergeInstrumentationAnalysisTransform
[        ] Transforming apksig-8.12.1.jar (com.android.tools.build:apksig:8.12.1) with InstrumentationAnalysisTransform
[        ] Transforming netty-transport-native-unix-common-4.1.110.Final.jar (io.netty:netty-transport-native-unix-common:4.1.110.Final) with ExternalDependencyInstrumentingArtifactTransform
[        ] Transforming netty-handler-4.1.110.Final.jar (io.netty:netty-handler:4.1.110.Final) with ExternalDependencyInstrumentingArtifactTransform
[        ] Transforming netty-codec-http-4.1.110.Final.jar (io.netty:netty-codec-http:4.1.110.Final) with ExternalDependencyInstrumentingArtifactTransform
[        ] Transforming checker-qual-3.43.0.jar (org.checkerframework:checker-qual:3.43.0) with ExternalDependencyInstrumentingArtifactTransform
[        ] Transforming apksig-8.12.1.jar (com.android.tools.build:apksig:8.12.1) with MergeInstrumentationAnalysisTransform
[        ] Transforming javawriter-2.5.0.jar (com.squareup:javawriter:2.5.0) with InstrumentationAnalysisTransform
[        ] Transforming apksig-8.12.1.jar (com.android.tools.build:apksig:8.12.1) with ExternalDependencyInstrumentingArtifactTransform
[        ] Transforming javawriter-2.5.0.jar (com.squareup:javawriter:2.5.0) with MergeInstrumentationAnalysisTransform
[        ] Transforming failureaccess-1.0.2.jar (com.google.guava:failureaccess:1.0.2) with InstrumentationAnalysisTransform
[        ] Transforming failureaccess-1.0.2.jar (com.google.guava:failureaccess:1.0.2) with MergeInstrumentationAnalysisTransform
[        ] Transforming javawriter-2.5.0.jar (com.squareup:javawriter:2.5.0) with ExternalDependencyInstrumentingArtifactTransform
[        ] Transforming listenablefuture-9999.0-empty-to-avoid-conflict-with-guava.jar (com.google.guava:listenablefuture:9999.0-empty-to-avoid-conflict-with-guava) with InstrumentationAnalysisTransform
[        ] Transforming failureaccess-1.0.2.jar (com.google.guava:failureaccess:1.0.2) with ExternalDependencyInstrumentingArtifactTransform
[        ] Transforming listenablefuture-9999.0-empty-to-avoid-conflict-with-guava.jar (com.google.guava:listenablefuture:9999.0-empty-to-avoid-conflict-with-guava) with MergeInstrumentationAnalysisTransform
[        ] Transforming commons-logging-1.2.jar (commons-logging:commons-logging:1.2) with InstrumentationAnalysisTransform
[        ] Transforming commons-logging-1.2.jar (commons-logging:commons-logging:1.2) with MergeInstrumentationAnalysisTransform
[        ] Transforming listenablefuture-9999.0-empty-to-avoid-conflict-with-guava.jar (com.google.guava:listenablefuture:9999.0-empty-to-avoid-conflict-with-guava) with ExternalDependencyInstrumentingArtifactTransform
[        ] Transforming commons-codec-1.11.jar (commons-codec:commons-codec:1.11) with InstrumentationAnalysisTransform
[        ] Transforming commons-logging-1.2.jar (commons-logging:commons-logging:1.2) with ExternalDependencyInstrumentingArtifactTransform
[        ] Transforming commons-codec-1.11.jar (commons-codec:commons-codec:1.11) with MergeInstrumentationAnalysisTransform
[        ] Transforming jna-5.6.0.jar (net.java.dev.jna:jna:5.6.0) with InstrumentationAnalysisTransform
[        ] Transforming jna-5.6.0.jar (net.java.dev.jna:jna:5.6.0) with MergeInstrumentationAnalysisTransform
[        ] Transforming netty-codec-socks-4.1.110.Final.jar (io.netty:netty-codec-socks:4.1.110.Final) with InstrumentationAnalysisTransform
[        ] Transforming netty-codec-socks-4.1.110.Final.jar (io.netty:netty-codec-socks:4.1.110.Final) with MergeInstrumentationAnalysisTransform
[        ] Transforming commons-codec-1.11.jar (commons-codec:commons-codec:1.11) with ExternalDependencyInstrumentingArtifactTransform
[        ] Transforming netty-codec-socks-4.1.110.Final.jar (io.netty:netty-codec-socks:4.1.110.Final) with ExternalDependencyInstrumentingArtifactTransform
[        ] Transforming jna-5.6.0.jar (net.java.dev.jna:jna:5.6.0) with ExternalDependencyInstrumentingArtifactTransform
[        ] Transforming netty-codec-4.1.110.Final.jar (io.netty:netty-codec:4.1.110.Final) with InstrumentationAnalysisTransform
[        ] Transforming netty-codec-4.1.110.Final.jar (io.netty:netty-codec:4.1.110.Final) with MergeInstrumentationAnalysisTransform
[        ] Transforming netty-codec-4.1.110.Final.jar (io.netty:netty-codec:4.1.110.Final) with ExternalDependencyInstrumentingArtifactTransform
[        ] Transforming netty-transport-4.1.110.Final.jar (io.netty:netty-transport:4.1.110.Final) with InstrumentationAnalysisTransform
[        ] Transforming netty-transport-4.1.110.Final.jar (io.netty:netty-transport:4.1.110.Final) with MergeInstrumentationAnalysisTransform
[        ] Transforming netty-buffer-4.1.110.Final.jar (io.netty:netty-buffer:4.1.110.Final) with InstrumentationAnalysisTransform
[        ] Transforming netty-buffer-4.1.110.Final.jar (io.netty:netty-buffer:4.1.110.Final) with MergeInstrumentationAnalysisTransform
[        ] Transforming netty-resolver-4.1.110.Final.jar (io.netty:netty-resolver:4.1.110.Final) with InstrumentationAnalysisTransform
[        ] Transforming netty-resolver-4.1.110.Final.jar (io.netty:netty-resolver:4.1.110.Final) with MergeInstrumentationAnalysisTransform
[        ] Transforming netty-transport-4.1.110.Final.jar (io.netty:netty-transport:4.1.110.Final) with ExternalDependencyInstrumentingArtifactTransform
[        ] Transforming netty-buffer-4.1.110.Final.jar (io.netty:netty-buffer:4.1.110.Final) with ExternalDependencyInstrumentingArtifactTransform
[        ] Transforming netty-common-4.1.110.Final.jar (io.netty:netty-common:4.1.110.Final) with InstrumentationAnalysisTransform
[        ] Transforming netty-resolver-4.1.110.Final.jar (io.netty:netty-resolver:4.1.110.Final) with ExternalDependencyInstrumentingArtifactTransform
[        ] Transforming netty-common-4.1.110.Final.jar (io.netty:netty-common:4.1.110.Final) with MergeInstrumentationAnalysisTransform
[        ] Transforming netty-common-4.1.110.Final.jar (io.netty:netty-common:4.1.110.Final) with ExternalDependencyInstrumentingArtifactTransform
[        ] Using default execution profile
[ +167 ms] > Configure project :webview_flutter_android
[        ] Evaluating project ':webview_flutter_android' using build file 'C:\Users\ardaa\AppData\Local\Pub\Cache\hosted\pub.dev\webview_flutter_android-4.10.1\android\build.gradle'.
[        ] Transforming gradle-8.12.1.jar (com.android.tools.build:gradle:8.12.1) with InstrumentationAnalysisTransform
[        ] Transforming kotlin-gradle-plugin-model-2.2.10.jar (org.jetbrains.kotlin:kotlin-gradle-plugin-model:2.2.10) with InstrumentationAnalysisTransform
[        ] Transforming fus-statistics-gradle-plugin-2.2.10-gradle88.jar (org.jetbrains.kotlin:fus-statistics-gradle-plugin:2.2.10) with InstrumentationAnalysisTransform
[        ] Transforming kotlin-gradle-plugin-api-2.2.10.jar (org.jetbrains.kotlin:kotlin-gradle-plugin-api:2.2.10) with InstrumentationAnalysisTransform
[        ] Transforming kotlin-gradle-plugin-api-2.2.10-gradle88.jar (org.jetbrains.kotlin:kotlin-gradle-plugin-api:2.2.10) with InstrumentationAnalysisTransform
[        ] Transforming kotlin-gradle-plugin-2.2.10-gradle88.jar (org.jetbrains.kotlin:kotlin-gradle-plugin:2.2.10) with InstrumentationAnalysisTransform
[        ] Transforming gradle-settings-api-8.12.1.jar (com.android.tools.build:gradle-settings-api:8.12.1) with InstrumentationAnalysisTransform
[        ] Transforming lint-model-31.12.1.jar (com.android.tools.lint:lint-model:31.12.1) with InstrumentationAnalysisTransform
[        ] Transforming builder-8.12.1.jar (com.android.tools.build:builder:8.12.1) with InstrumentationAnalysisTransform
[        ] Transforming manifest-merger-31.12.1.jar (com.android.tools.build:manifest-merger:31.12.1) with InstrumentationAnalysisTransform
[        ] Transforming sdk-common-31.12.1.jar (com.android.tools:sdk-common:31.12.1) with InstrumentationAnalysisTransform
[        ] Transforming sdklib-31.12.1.jar (com.android.tools:sdklib:31.12.1) with InstrumentationAnalysisTransform
[        ] Transforming repository-31.12.1.jar (com.android.tools:repository:31.12.1) with InstrumentationAnalysisTransform
[        ] Transforming gradle-api-8.12.1.jar (com.android.tools.build:gradle-api:8.12.1) with InstrumentationAnalysisTransform
[        ] Transforming builder-test-api-8.12.1.jar (com.android.tools.build:builder-test-api:8.12.1) with InstrumentationAnalysisTransform
[        ] Transforming ddmlib-31.12.1.jar (com.android.tools.ddms:ddmlib:31.12.1) with InstrumentationAnalysisTransform
[        ] Transforming aaptcompiler-8.12.1.jar (com.android.tools.build:aaptcompiler:8.12.1) with InstrumentationAnalysisTransform
[        ] Transforming bundletool-1.18.1.jar (com.android.tools.build:bundletool:1.18.1) with InstrumentationAnalysisTransform
[        ] Transforming aapt2-proto-8.12.1-13700139.jar (com.android.tools.build:aapt2-proto:8.12.1-13700139) with InstrumentationAnalysisTransform
[        ] Transforming crash-31.12.1.jar (com.android.tools.analytics-library:crash:31.12.1) with InstrumentationAnalysisTransform
[        ] Transforming tracker-31.12.1.jar (com.android.tools.analytics-library:tracker:31.12.1) with InstrumentationAnalysisTransform
[        ] Transforming shared-31.12.1.jar (com.android.tools.analytics-library:shared:31.12.1) with InstrumentationAnalysisTransform
[        ] Transforming lint-typedef-remover-31.12.1.jar (com.android.tools.lint:lint-typedef-remover:31.12.1) with InstrumentationAnalysisTransform
[        ] Transforming databinding-compiler-common-8.12.1.jar (androidx.databinding:databinding-compiler-common:8.12.1) with InstrumentationAnalysisTransform
[        ] Transforming databinding-common-8.12.1.jar (androidx.databinding:databinding-common:8.12.1) with InstrumentationAnalysisTransform
[        ] Transforming baseLibrary-8.12.1.jar (com.android.databinding:baseLibrary:8.12.1) with InstrumentationAnalysisTransform
[        ] Transforming layoutlib-api-31.12.1.jar (com.android.tools.layoutlib:layoutlib-api:31.12.1) with InstrumentationAnalysisTransform
[        ] Transforming android-device-provider-ddmlib-proto-31.12.1.jar (com.android.tools.utp:android-device-provider-ddmlib-proto:31.12.1) with InstrumentationAnalysisTransform
[        ] Transforming android-device-provider-gradle-proto-31.12.1.jar (com.android.tools.utp:android-device-provider-gradle-proto:31.12.1) with InstrumentationAnalysisTransform
[        ] Transforming android-device-provider-profile-proto-31.12.1.jar (com.android.tools.utp:android-device-provider-profile-proto:31.12.1) with InstrumentationAnalysisTransform
[        ] Transforming android-test-plugin-host-additional-test-output-proto-31.12.1.jar (com.android.tools.utp:android-test-plugin-host-additional-test-output-proto:31.12.1) with InstrumentationAnalysisTransform
[        ] Transforming android-test-plugin-host-coverage-proto-31.12.1.jar (com.android.tools.utp:android-test-plugin-host-coverage-proto:31.12.1) with InstrumentationAnalysisTransform
[        ] Transforming android-test-plugin-host-emulator-control-proto-31.12.1.jar (com.android.tools.utp:android-test-plugin-host-emulator-control-proto:31.12.1) with InstrumentationAnalysisTransform
[        ] Transforming android-test-plugin-host-logcat-proto-31.12.1.jar (com.android.tools.utp:android-test-plugin-host-logcat-proto:31.12.1) with InstrumentationAnalysisTransform
[        ] Transforming android-test-plugin-host-apk-installer-proto-31.12.1.jar (com.android.tools.utp:android-test-plugin-host-apk-installer-proto:31.12.1) with InstrumentationAnalysisTransform
[        ] Transforming android-test-plugin-result-listener-gradle-proto-31.12.1.jar (com.android.tools.utp:android-test-plugin-result-listener-gradle-proto:31.12.1) with InstrumentationAnalysisTransform
[        ] Transforming jetifier-processor-1.0.0-beta10.jar (com.android.tools.build.jetifier:jetifier-processor:1.0.0-beta10) with InstrumentationAnalysisTransform
[        ] Transforming jetifier-core-1.0.0-beta10.jar (com.android.tools.build.jetifier:jetifier-core:1.0.0-beta10) with InstrumentationAnalysisTransform
[        ] Transforming builder-model-8.12.1.jar (com.android.tools.build:builder-model:8.12.1) with InstrumentationAnalysisTransform
[        ] Transforming kotlin-reflect-2.1.20.jar (org.jetbrains.kotlin:kotlin-reflect:2.1.20) with InstrumentationAnalysisTransform
[        ] Transforming dvlib-31.12.1.jar (com.android.tools:dvlib:31.12.1) with InstrumentationAnalysisTransform
[        ] Transforming common-31.12.1.jar (com.android.tools:common:31.12.1) with InstrumentationAnalysisTransform
[        ] Transforming kotlin-stdlib-jdk8-2.1.20.jar (org.jetbrains.kotlin:kotlin-stdlib-jdk8:2.1.20) with InstrumentationAnalysisTransform
[        ] Transforming kotlin-compiler-runner-2.2.10.jar (org.jetbrains.kotlin:kotlin-compiler-runner:2.2.10) with InstrumentationAnalysisTransform
[        ] Transforming kotlinx-coroutines-core-jvm-1.9.0.jar (org.jetbrains.kotlinx:kotlinx-coroutines-core-jvm:1.9.0) with InstrumentationAnalysisTransform
[        ] Transforming kotlin-stdlib-jdk7-2.1.20.jar (org.jetbrains.kotlin:kotlin-stdlib-jdk7:2.1.20) with InstrumentationAnalysisTransform
[        ] Transforming kotlin-stdlib-2.1.20.jar (org.jetbrains.kotlin:kotlin-stdlib:2.1.20) with InstrumentationAnalysisTransform
[        ] Transforming transform-api-2.0.0-deprecated-use-gradle-api.jar (com.android.tools.build:transform-api:2.0.0-deprecated-use-gradle-api) with InstrumentationAnalysisTransform
[        ] Transforming httpmime-4.5.6.jar (org.apache.httpcomponents:httpmime:4.5.6) with InstrumentationAnalysisTransform
[        ] Transforming commons-io-2.16.1.jar (commons-io:commons-io:2.16.1) with InstrumentationAnalysisTransform
[        ] Transforming asm-commons-9.7.1.jar (org.ow2.asm:asm-commons:9.7.1) with InstrumentationAnalysisTransform
[        ] Transforming asm-util-9.7.1.jar (org.ow2.asm:asm-util:9.7.1) with InstrumentationAnalysisTransform
[        ] Transforming asm-analysis-9.7.1.jar (org.ow2.asm:asm-analysis:9.7.1) with InstrumentationAnalysisTransform
[        ] Transforming asm-tree-9.7.1.jar (org.ow2.asm:asm-tree:9.7.1) with InstrumentationAnalysisTransform
[        ] Transforming asm-9.7.1.jar (org.ow2.asm:asm:9.7.1) with InstrumentationAnalysisTransform
[        ] Transforming apkzlib-8.12.1.jar (com.android.tools.build:apkzlib:8.12.1) with InstrumentationAnalysisTransform
[        ] Transforming bcpkix-jdk18on-1.79.jar (org.bouncycastle:bcpkix-jdk18on:1.79) with InstrumentationAnalysisTransform
[        ] Transforming jaxb-runtime-2.3.2.jar (org.glassfish.jaxb:jaxb-runtime:2.3.2) with InstrumentationAnalysisTransform
[        ] Transforming jopt-simple-4.9.jar (net.sf.jopt-simple:jopt-simple:4.9) with InstrumentationAnalysisTransform
[        ] Transforming javapoet-1.10.0.jar (com.squareup:javapoet:1.10.0) with InstrumentationAnalysisTransform
[        ] Transforming protobuf-java-util-3.25.5.jar (com.google.protobuf:protobuf-java-util:3.25.5) with InstrumentationAnalysisTransform
[        ] Transforming grpc-protobuf-1.69.1.jar (io.grpc:grpc-protobuf:1.69.1) with InstrumentationAnalysisTransform
[        ] Transforming tink-1.7.0.jar (com.google.crypto.tink:tink:1.7.0) with InstrumentationAnalysisTransform
[        ] Transforming core-proto-0.0.9-alpha03.jar (com.google.testing.platform:core-proto:0.0.9-alpha03) with InstrumentationAnalysisTransform
[        ] Transforming protos-31.12.1.jar (com.android.tools.analytics-library:protos:31.12.1) with InstrumentationAnalysisTransform
[        ] Transforming proto-google-common-protos-2.48.0.jar (com.google.api.grpc:proto-google-common-protos:2.48.0) with InstrumentationAnalysisTransform
[        ] Transforming protobuf-java-3.25.5.jar (com.google.protobuf:protobuf-java:3.25.5) with InstrumentationAnalysisTransform
[        ] Transforming grpc-netty-1.69.1.jar (io.grpc:grpc-netty:1.69.1) with InstrumentationAnalysisTransform
[        ] Transforming grpc-inprocess-1.69.1.jar (io.grpc:grpc-inprocess:1.69.1) with InstrumentationAnalysisTransform
[        ] Transforming grpc-util-1.69.1.jar (io.grpc:grpc-util:1.69.1) with InstrumentationAnalysisTransform
[        ] Transforming grpc-core-1.69.1.jar (io.grpc:grpc-core:1.69.1) with InstrumentationAnalysisTransform
[        ] Transforming kotlin-build-statistics-2.2.10.jar (org.jetbrains.kotlin:kotlin-build-statistics:2.2.10) with InstrumentationAnalysisTransform
[        ] Transforming gson-2.11.0.jar (com.google.code.gson:gson:2.11.0) with InstrumentationAnalysisTransform
[        ] Transforming grpc-stub-1.69.1.jar (io.grpc:grpc-stub:1.69.1) with InstrumentationAnalysisTransform
[        ] Transforming tensorflow-lite-metadata-0.2.0.jar (org.tensorflow:tensorflow-lite-metadata:0.2.0) with InstrumentationAnalysisTransform
[        ] Transforming flatbuffers-java-1.12.0.jar (com.google.flatbuffers:flatbuffers-java:1.12.0) with InstrumentationAnalysisTransform
[        ] Transforming kotlin-gradle-plugin-idea-proto-2.2.10.jar (org.jetbrains.kotlin:kotlin-gradle-plugin-idea-proto:2.2.10) with InstrumentationAnalysisTransform
[        ] Transforming kotlin-gradle-plugin-idea-2.2.10.jar (org.jetbrains.kotlin:kotlin-gradle-plugin-idea:2.2.10) with InstrumentationAnalysisTransform
[        ] Transforming kotlin-klib-commonizer-api-2.2.10.jar (org.jetbrains.kotlin:kotlin-klib-commonizer-api:2.2.10) with InstrumentationAnalysisTransform
[        ] Transforming kotlin-util-klib-metadata-2.2.10.jar (org.jetbrains.kotlin:kotlin-util-klib-metadata:2.2.10) with InstrumentationAnalysisTransform
[        ] Transforming abi-tools-api-2.2.10.jar (org.jetbrains.kotlin:abi-tools-api:2.2.10) with InstrumentationAnalysisTransform
[        ] Transforming jimfs-1.1.jar (com.google.jimfs:jimfs:1.1) with InstrumentationAnalysisTransform
[        ] Transforming grpc-context-1.69.1.jar (io.grpc:grpc-context:1.69.1) with InstrumentationAnalysisTransform
[        ] Transforming grpc-protobuf-lite-1.69.1.jar (io.grpc:grpc-protobuf-lite:1.69.1) with InstrumentationAnalysisTransform
[        ] Transforming grpc-api-1.69.1.jar (io.grpc:grpc-api:1.69.1) with InstrumentationAnalysisTransform
[        ] Transforming guava-33.3.1-jre.jar (com.google.guava:guava:33.3.1-jre) with InstrumentationAnalysisTransform
[        ] Transforming dagger-2.28.3.jar (com.google.dagger:dagger:2.28.3) with InstrumentationAnalysisTransform
[        ] Transforming javax.inject-1.jar (javax.inject:javax.inject:1) with InstrumentationAnalysisTransform
[        ] Transforming kxml2-2.3.0.jar (net.sf.kxml:kxml2:2.3.0) with InstrumentationAnalysisTransform
[        ] Transforming commons-compress-1.21.jar (org.apache.commons:commons-compress:1.21) with InstrumentationAnalysisTransform
[        ] Transforming bcutil-jdk18on-1.79.jar (org.bouncycastle:bcutil-jdk18on:1.79) with InstrumentationAnalysisTransform
[        ] Transforming bcprov-jdk18on-1.79.jar (org.bouncycastle:bcprov-jdk18on:1.79) with InstrumentationAnalysisTransform
[        ] Transforming httpclient-4.5.14.jar (org.apache.httpcomponents:httpclient:4.5.14) with InstrumentationAnalysisTransform
[        ] Transforming httpcore-4.4.16.jar (org.apache.httpcomponents:httpcore:4.4.16) with InstrumentationAnalysisTransform
[        ] Transforming javax.activation-1.2.0.jar (com.sun.activation:javax.activation:1.2.0) with InstrumentationAnalysisTransform
[        ] Transforming annotations-23.0.0.jar (org.jetbrains:annotations:23.0.0) with InstrumentationAnalysisTransform
[        ] Transforming signflinger-8.12.1.jar (com.android:signflinger:8.12.1) with InstrumentationAnalysisTransform
[        ] Transforming zipflinger-8.12.1.jar (com.android:zipflinger:8.12.1) with InstrumentationAnalysisTransform
[        ] Transforming annotations-31.12.1.jar (com.android.tools:annotations:31.12.1) with InstrumentationAnalysisTransform
[        ] Transforming jna-platform-5.6.0.jar (net.java.dev.jna:jna-platform:5.6.0) with InstrumentationAnalysisTransform
[        ] Transforming juniversalchardet-1.0.3.jar (com.googlecode.juniversalchardet:juniversalchardet:1.0.3) with InstrumentationAnalysisTransform
[        ] Transforming javax.annotation-api-1.3.2.jar (javax.annotation:javax.annotation-api:1.3.2) with InstrumentationAnalysisTransform
[        ] Transforming stax-ex-1.8.1.jar (org.jvnet.staxex:stax-ex:1.8.1) with InstrumentationAnalysisTransform
[        ] Transforming jakarta.xml.bind-api-2.3.2.jar (jakarta.xml.bind:jakarta.xml.bind-api:2.3.2) with InstrumentationAnalysisTransform
[        ] Transforming txw2-2.3.2.jar (org.glassfish.jaxb:txw2:2.3.2) with InstrumentationAnalysisTransform
[        ] Transforming istack-commons-runtime-3.0.8.jar (com.sun.istack:istack-commons-runtime:3.0.8) with InstrumentationAnalysisTransform
[        ] Transforming FastInfoset-1.2.16.jar (com.sun.xml.fastinfoset:FastInfoset:1.2.16) with InstrumentationAnalysisTransform
[        ] Transforming jakarta.activation-api-1.2.1.jar (jakarta.activation:jakarta.activation-api:1.2.1) with InstrumentationAnalysisTransform
[        ] Transforming auto-value-annotations-1.6.2.jar (com.google.auto.value:auto-value-annotations:1.6.2) with InstrumentationAnalysisTransform
[        ] Transforming error_prone_annotations-2.30.0.jar (com.google.errorprone:error_prone_annotations:2.30.0) with InstrumentationAnalysisTransform
[        ] Transforming jose4j-0.9.5.jar (org.bitbucket.b_c:jose4j:0.9.5) with InstrumentationAnalysisTransform
[        ] Transforming slf4j-api-1.7.30.jar (org.slf4j:slf4j-api:1.7.30) with InstrumentationAnalysisTransform
[        ] Transforming jdom2-2.0.6.jar (org.jdom:jdom2:2.0.6) with InstrumentationAnalysisTransform
[        ] Transforming jsr305-3.0.2.jar (com.google.code.findbugs:jsr305:3.0.2) with InstrumentationAnalysisTransform
[        ] Transforming j2objc-annotations-3.0.0.jar (com.google.j2objc:j2objc-annotations:3.0.0) with InstrumentationAnalysisTransform
[        ] Transforming annotations-4.1.1.4.jar (com.google.android:annotations:4.1.1.4) with InstrumentationAnalysisTransform
[        ] Transforming animal-sniffer-annotations-1.24.jar (org.codehaus.mojo:animal-sniffer-annotations:1.24) with InstrumentationAnalysisTransform
[        ] Transforming perfmark-api-0.27.0.jar (io.perfmark:perfmark-api:0.27.0) with InstrumentationAnalysisTransform
[        ] Transforming netty-codec-http2-4.1.110.Final.jar (io.netty:netty-codec-http2:4.1.110.Final) with InstrumentationAnalysisTransform
[        ] Transforming netty-handler-proxy-4.1.110.Final.jar (io.netty:netty-handler-proxy:4.1.110.Final) with InstrumentationAnalysisTransform
[        ] Transforming netty-codec-http-4.1.110.Final.jar (io.netty:netty-codec-http:4.1.110.Final) with InstrumentationAnalysisTransform
[        ] Transforming netty-handler-4.1.110.Final.jar (io.netty:netty-handler:4.1.110.Final) with InstrumentationAnalysisTransform
[        ] Transforming netty-transport-native-unix-common-4.1.110.Final.jar (io.netty:netty-transport-native-unix-common:4.1.110.Final) with InstrumentationAnalysisTransform
[        ] Transforming checker-qual-3.43.0.jar (org.checkerframework:checker-qual:3.43.0) with InstrumentationAnalysisTransform
[        ] Transforming apksig-8.12.1.jar (com.android.tools.build:apksig:8.12.1) with InstrumentationAnalysisTransform
[        ] Transforming javawriter-2.5.0.jar (com.squareup:javawriter:2.5.0) with InstrumentationAnalysisTransform
[        ] Transforming kotlin-gradle-plugin-annotations-2.2.10.jar (org.jetbrains.kotlin:kotlin-gradle-plugin-annotations:2.2.10) with InstrumentationAnalysisTransform
[        ] Transforming kotlin-native-utils-2.2.10.jar (org.jetbrains.kotlin:kotlin-native-utils:2.2.10) with InstrumentationAnalysisTransform
[        ] Transforming kotlin-tooling-core-2.2.10.jar (org.jetbrains.kotlin:kotlin-tooling-core:2.2.10) with InstrumentationAnalysisTransform
[        ] Transforming kotlin-build-tools-api-2.2.10.jar (org.jetbrains.kotlin:kotlin-build-tools-api:2.2.10) with InstrumentationAnalysisTransform
[        ] Transforming kotlin-util-klib-2.2.10.jar (org.jetbrains.kotlin:kotlin-util-klib:2.2.10) with InstrumentationAnalysisTransform
[        ] Transforming kotlin-util-io-2.2.10.jar (org.jetbrains.kotlin:kotlin-util-io:2.2.10) with InstrumentationAnalysisTransform
[        ] Transforming kotlin-daemon-client-2.2.10.jar (org.jetbrains.kotlin:kotlin-daemon-client:2.2.10) with InstrumentationAnalysisTransform
[        ] Transforming failureaccess-1.0.2.jar (com.google.guava:failureaccess:1.0.2) with InstrumentationAnalysisTransform
[        ] Transforming listenablefuture-9999.0-empty-to-avoid-conflict-with-guava.jar (com.google.guava:listenablefuture:9999.0-empty-to-avoid-conflict-with-guava) with InstrumentationAnalysisTransform
[        ] Transforming commons-logging-1.2.jar (commons-logging:commons-logging:1.2) with InstrumentationAnalysisTransform
[        ] Transforming commons-codec-1.11.jar (commons-codec:commons-codec:1.11) with InstrumentationAnalysisTransform
[        ] Transforming jna-5.6.0.jar (net.java.dev.jna:jna:5.6.0) with InstrumentationAnalysisTransform
[        ] Transforming netty-codec-socks-4.1.110.Final.jar (io.netty:netty-codec-socks:4.1.110.Final) with InstrumentationAnalysisTransform
[        ] Transforming netty-codec-4.1.110.Final.jar (io.netty:netty-codec:4.1.110.Final) with InstrumentationAnalysisTransform
[        ] Transforming netty-transport-4.1.110.Final.jar (io.netty:netty-transport:4.1.110.Final) with InstrumentationAnalysisTransform
[        ] Transforming netty-buffer-4.1.110.Final.jar (io.netty:netty-buffer:4.1.110.Final) with InstrumentationAnalysisTransform
[        ] Transforming netty-resolver-4.1.110.Final.jar (io.netty:netty-resolver:4.1.110.Final) with InstrumentationAnalysisTransform
[        ] Transforming netty-common-4.1.110.Final.jar (io.netty:netty-common:4.1.110.Final) with InstrumentationAnalysisTransform
[        ] Transforming gradle-8.12.1.jar (com.android.tools.build:gradle:8.12.1) with InstrumentationAnalysisTransform
[        ] Transforming gradle-8.12.1.jar (com.android.tools.build:gradle:8.12.1) with MergeInstrumentationAnalysisTransform
[        ] Transforming kotlin-gradle-plugin-model-2.2.10.jar (org.jetbrains.kotlin:kotlin-gradle-plugin-model:2.2.10) with InstrumentationAnalysisTransform
[        ] Transforming gradle-8.12.1.jar (com.android.tools.build:gradle:8.12.1) with ExternalDependencyInstrumentingArtifactTransform
[        ] Transforming kotlin-gradle-plugin-model-2.2.10.jar (org.jetbrains.kotlin:kotlin-gradle-plugin-model:2.2.10) with MergeInstrumentationAnalysisTransform
[        ] Transforming fus-statistics-gradle-plugin-2.2.10-gradle88.jar (org.jetbrains.kotlin:fus-statistics-gradle-plugin:2.2.10) with InstrumentationAnalysisTransform
[        ] Transforming kotlin-gradle-plugin-model-2.2.10.jar (org.jetbrains.kotlin:kotlin-gradle-plugin-model:2.2.10) with ExternalDependencyInstrumentingArtifactTransform
[        ] Transforming fus-statistics-gradle-plugin-2.2.10-gradle88.jar (org.jetbrains.kotlin:fus-statistics-gradle-plugin:2.2.10) with MergeInstrumentationAnalysisTransform
[        ] Transforming kotlin-gradle-plugin-api-2.2.10.jar (org.jetbrains.kotlin:kotlin-gradle-plugin-api:2.2.10) with InstrumentationAnalysisTransform
[        ] Transforming kotlin-gradle-plugin-api-2.2.10.jar (org.jetbrains.kotlin:kotlin-gradle-plugin-api:2.2.10) with MergeInstrumentationAnalysisTransform
[        ] Transforming fus-statistics-gradle-plugin-2.2.10-gradle88.jar (org.jetbrains.kotlin:fus-statistics-gradle-plugin:2.2.10) with ExternalDependencyInstrumentingArtifactTransform
[        ] Transforming kotlin-gradle-plugin-api-2.2.10-gradle88.jar (org.jetbrains.kotlin:kotlin-gradle-plugin-api:2.2.10) with InstrumentationAnalysisTransform
[        ] Transforming kotlin-gradle-plugin-api-2.2.10-gradle88.jar (org.jetbrains.kotlin:kotlin-gradle-plugin-api:2.2.10) with MergeInstrumentationAnalysisTransform
[        ] Transforming kotlin-gradle-plugin-api-2.2.10.jar (org.jetbrains.kotlin:kotlin-gradle-plugin-api:2.2.10) with ExternalDependencyInstrumentingArtifactTransform
[        ] Transforming kotlin-gradle-plugin-api-2.2.10-gradle88.jar (org.jetbrains.kotlin:kotlin-gradle-plugin-api:2.2.10) with ExternalDependencyInstrumentingArtifactTransform
[        ] Transforming kotlin-gradle-plugin-2.2.10-gradle88.jar (org.jetbrains.kotlin:kotlin-gradle-plugin:2.2.10) with InstrumentationAnalysisTransform
[        ] Transforming kotlin-gradle-plugin-2.2.10-gradle88.jar (org.jetbrains.kotlin:kotlin-gradle-plugin:2.2.10) with MergeInstrumentationAnalysisTransform
[        ] Transforming gradle-settings-api-8.12.1.jar (com.android.tools.build:gradle-settings-api:8.12.1) with InstrumentationAnalysisTransform
[        ] Transforming kotlin-gradle-plugin-2.2.10-gradle88.jar (org.jetbrains.kotlin:kotlin-gradle-plugin:2.2.10) with ExternalDependencyInstrumentingArtifactTransform
[        ] Transforming gradle-settings-api-8.12.1.jar (com.android.tools.build:gradle-settings-api:8.12.1) with MergeInstrumentationAnalysisTransform
[        ] Transforming lint-model-31.12.1.jar (com.android.tools.lint:lint-model:31.12.1) with InstrumentationAnalysisTransform
[        ] Transforming lint-model-31.12.1.jar (com.android.tools.lint:lint-model:31.12.1) with MergeInstrumentationAnalysisTransform
[        ] Transforming builder-8.12.1.jar (com.android.tools.build:builder:8.12.1) with InstrumentationAnalysisTransform
[        ] Transforming builder-8.12.1.jar (com.android.tools.build:builder:8.12.1) with MergeInstrumentationAnalysisTransform
[        ] Transforming gradle-settings-api-8.12.1.jar (com.android.tools.build:gradle-settings-api:8.12.1) with ExternalDependencyInstrumentingArtifactTransform
[        ] Transforming manifest-merger-31.12.1.jar (com.android.tools.build:manifest-merger:31.12.1) with InstrumentationAnalysisTransform
[        ] Transforming lint-model-31.12.1.jar (com.android.tools.lint:lint-model:31.12.1) with ExternalDependencyInstrumentingArtifactTransform
[        ] Transforming manifest-merger-31.12.1.jar (com.android.tools.build:manifest-merger:31.12.1) with MergeInstrumentationAnalysisTransform
[        ] Transforming builder-8.12.1.jar (com.android.tools.build:builder:8.12.1) with ExternalDependencyInstrumentingArtifactTransform
[        ] Transforming sdk-common-31.12.1.jar (com.android.tools:sdk-common:31.12.1) with InstrumentationAnalysisTransform
[        ] Transforming manifest-merger-31.12.1.jar (com.android.tools.build:manifest-merger:31.12.1) with ExternalDependencyInstrumentingArtifactTransform
[        ] Transforming sdk-common-31.12.1.jar (com.android.tools:sdk-common:31.12.1) with MergeInstrumentationAnalysisTransform
[        ] Transforming sdklib-31.12.1.jar (com.android.tools:sdklib:31.12.1) with InstrumentationAnalysisTransform
[        ] Transforming sdklib-31.12.1.jar (com.android.tools:sdklib:31.12.1) with MergeInstrumentationAnalysisTransform
[        ] Transforming sdk-common-31.12.1.jar (com.android.tools:sdk-common:31.12.1) with ExternalDependencyInstrumentingArtifactTransform
[        ] Transforming repository-31.12.1.jar (com.android.tools:repository:31.12.1) with InstrumentationAnalysisTransform
[        ] Transforming sdklib-31.12.1.jar (com.android.tools:sdklib:31.12.1) with ExternalDependencyInstrumentingArtifactTransform
[        ] Transforming repository-31.12.1.jar (com.android.tools:repository:31.12.1) with MergeInstrumentationAnalysisTransform
[        ] Transforming gradle-api-8.12.1.jar (com.android.tools.build:gradle-api:8.12.1) with InstrumentationAnalysisTransform
[        ] Transforming gradle-api-8.12.1.jar (com.android.tools.build:gradle-api:8.12.1) with MergeInstrumentationAnalysisTransform
[        ] Transforming repository-31.12.1.jar (com.android.tools:repository:31.12.1) with ExternalDependencyInstrumentingArtifactTransform
[        ] Transforming builder-test-api-8.12.1.jar (com.android.tools.build:builder-test-api:8.12.1) with InstrumentationAnalysisTransform
[        ] Transforming gradle-api-8.12.1.jar (com.android.tools.build:gradle-api:8.12.1) with ExternalDependencyInstrumentingArtifactTransform
[        ] Transforming builder-test-api-8.12.1.jar (com.android.tools.build:builder-test-api:8.12.1) with MergeInstrumentationAnalysisTransform
[        ] Transforming ddmlib-31.12.1.jar (com.android.tools.ddms:ddmlib:31.12.1) with InstrumentationAnalysisTransform
[        ] Transforming ddmlib-31.12.1.jar (com.android.tools.ddms:ddmlib:31.12.1) with MergeInstrumentationAnalysisTransform
[        ] Transforming builder-test-api-8.12.1.jar (com.android.tools.build:builder-test-api:8.12.1) with ExternalDependencyInstrumentingArtifactTransform
[        ] Transforming ddmlib-31.12.1.jar (com.android.tools.ddms:ddmlib:31.12.1) with ExternalDependencyInstrumentingArtifactTransform
[        ] Transforming aaptcompiler-8.12.1.jar (com.android.tools.build:aaptcompiler:8.12.1) with InstrumentationAnalysisTransform
[        ] Transforming aaptcompiler-8.12.1.jar (com.android.tools.build:aaptcompiler:8.12.1) with MergeInstrumentationAnalysisTransform
[        ] Transforming bundletool-1.18.1.jar (com.android.tools.build:bundletool:1.18.1) with InstrumentationAnalysisTransform
[        ] Transforming bundletool-1.18.1.jar (com.android.tools.build:bundletool:1.18.1) with MergeInstrumentationAnalysisTransform
[        ] Transforming aaptcompiler-8.12.1.jar (com.android.tools.build:aaptcompiler:8.12.1) with ExternalDependencyInstrumentingArtifactTransform
[        ] Transforming aapt2-proto-8.12.1-13700139.jar (com.android.tools.build:aapt2-proto:8.12.1-13700139) with InstrumentationAnalysisTransform
[        ] Transforming bundletool-1.18.1.jar (com.android.tools.build:bundletool:1.18.1) with ExternalDependencyInstrumentingArtifactTransform
[        ] Transforming aapt2-proto-8.12.1-13700139.jar (com.android.tools.build:aapt2-proto:8.12.1-13700139) with MergeInstrumentationAnalysisTransform
[        ] Transforming crash-31.12.1.jar (com.android.tools.analytics-library:crash:31.12.1) with InstrumentationAnalysisTransform
[        ] Transforming crash-31.12.1.jar (com.android.tools.analytics-library:crash:31.12.1) with MergeInstrumentationAnalysisTransform
[        ] Transforming tracker-31.12.1.jar (com.android.tools.analytics-library:tracker:31.12.1) with InstrumentationAnalysisTransform
[        ] Transforming aapt2-proto-8.12.1-13700139.jar (com.android.tools.build:aapt2-proto:8.12.1-13700139) with ExternalDependencyInstrumentingArtifactTransform
[        ] Transforming tracker-31.12.1.jar (com.android.tools.analytics-library:tracker:31.12.1) with MergeInstrumentationAnalysisTransform
[        ] Transforming shared-31.12.1.jar (com.android.tools.analytics-library:shared:31.12.1) with InstrumentationAnalysisTransform
[        ] Transforming crash-31.12.1.jar (com.android.tools.analytics-library:crash:31.12.1) with ExternalDependencyInstrumentingArtifactTransform
[        ] Transforming shared-31.12.1.jar (com.android.tools.analytics-library:shared:31.12.1) with MergeInstrumentationAnalysisTransform
[        ] Transforming lint-typedef-remover-31.12.1.jar (com.android.tools.lint:lint-typedef-remover:31.12.1) with InstrumentationAnalysisTransform
[        ] Transforming tracker-31.12.1.jar (com.android.tools.analytics-library:tracker:31.12.1) with ExternalDependencyInstrumentingArtifactTransform
[        ] Transforming lint-typedef-remover-31.12.1.jar (com.android.tools.lint:lint-typedef-remover:31.12.1) with MergeInstrumentationAnalysisTransform
[        ] Transforming shared-31.12.1.jar (com.android.tools.analytics-library:shared:31.12.1) with ExternalDependencyInstrumentingArtifactTransform
[        ] Transforming databinding-compiler-common-8.12.1.jar (androidx.databinding:databinding-compiler-common:8.12.1) with InstrumentationAnalysisTransform
[        ] Transforming lint-typedef-remover-31.12.1.jar (com.android.tools.lint:lint-typedef-remover:31.12.1) with ExternalDependencyInstrumentingArtifactTransform
[        ] Transforming databinding-compiler-common-8.12.1.jar (androidx.databinding:databinding-compiler-common:8.12.1) with MergeInstrumentationAnalysisTransform
[        ] Transforming databinding-common-8.12.1.jar (androidx.databinding:databinding-common:8.12.1) with InstrumentationAnalysisTransform
[        ] Transforming databinding-compiler-common-8.12.1.jar (androidx.databinding:databinding-compiler-common:8.12.1) with ExternalDependencyInstrumentingArtifactTransform
[        ] Transforming databinding-common-8.12.1.jar (androidx.databinding:databinding-common:8.12.1) with MergeInstrumentationAnalysisTransform
[        ] Transforming baseLibrary-8.12.1.jar (com.android.databinding:baseLibrary:8.12.1) with InstrumentationAnalysisTransform
[        ] Transforming baseLibrary-8.12.1.jar (com.android.databinding:baseLibrary:8.12.1) with MergeInstrumentationAnalysisTransform
[        ] Transforming databinding-common-8.12.1.jar (androidx.databinding:databinding-common:8.12.1) with ExternalDependencyInstrumentingArtifactTransform
[        ] Transforming layoutlib-api-31.12.1.jar (com.android.tools.layoutlib:layoutlib-api:31.12.1) with InstrumentationAnalysisTransform
[        ] Transforming baseLibrary-8.12.1.jar (com.android.databinding:baseLibrary:8.12.1) with ExternalDependencyInstrumentingArtifactTransform
[        ] Transforming layoutlib-api-31.12.1.jar (com.android.tools.layoutlib:layoutlib-api:31.12.1) with MergeInstrumentationAnalysisTransform
[        ] Transforming android-device-provider-ddmlib-proto-31.12.1.jar (com.android.tools.utp:android-device-provider-ddmlib-proto:31.12.1) with InstrumentationAnalysisTransform
[        ] Transforming layoutlib-api-31.12.1.jar (com.android.tools.layoutlib:layoutlib-api:31.12.1) with ExternalDependencyInstrumentingArtifactTransform
[        ] Transforming android-device-provider-ddmlib-proto-31.12.1.jar (com.android.tools.utp:android-device-provider-ddmlib-proto:31.12.1) with MergeInstrumentationAnalysisTransform
[        ] Transforming android-device-provider-gradle-proto-31.12.1.jar (com.android.tools.utp:android-device-provider-gradle-proto:31.12.1) with InstrumentationAnalysisTransform
[        ] Transforming android-device-provider-ddmlib-proto-31.12.1.jar (com.android.tools.utp:android-device-provider-ddmlib-proto:31.12.1) with ExternalDependencyInstrumentingArtifactTransform
[        ] Transforming android-device-provider-gradle-proto-31.12.1.jar (com.android.tools.utp:android-device-provider-gradle-proto:31.12.1) with MergeInstrumentationAnalysisTransform
[        ] Transforming android-device-provider-profile-proto-31.12.1.jar (com.android.tools.utp:android-device-provider-profile-proto:31.12.1) with InstrumentationAnalysisTransform
[        ] Transforming android-device-provider-gradle-proto-31.12.1.jar (com.android.tools.utp:android-device-provider-gradle-proto:31.12.1) with ExternalDependencyInstrumentingArtifactTransform
[        ] Transforming android-device-provider-profile-proto-31.12.1.jar (com.android.tools.utp:android-device-provider-profile-proto:31.12.1) with MergeInstrumentationAnalysisTransform
[        ] Transforming android-test-plugin-host-additional-test-output-proto-31.12.1.jar (com.android.tools.utp:android-test-plugin-host-additional-test-output-proto:31.12.1) with InstrumentationAnalysisTransform
[        ] Transforming android-test-plugin-host-additional-test-output-proto-31.12.1.jar (com.android.tools.utp:android-test-plugin-host-additional-test-output-proto:31.12.1) with MergeInstrumentationAnalysisTransform
[        ] Transforming android-device-provider-profile-proto-31.12.1.jar (com.android.tools.utp:android-device-provider-profile-proto:31.12.1) with ExternalDependencyInstrumentingArtifactTransform
[        ] Transforming android-test-plugin-host-coverage-proto-31.12.1.jar (com.android.tools.utp:android-test-plugin-host-coverage-proto:31.12.1) with InstrumentationAnalysisTransform
[        ] Transforming android-test-plugin-host-additional-test-output-proto-31.12.1.jar (com.android.tools.utp:android-test-plugin-host-additional-test-output-proto:31.12.1) with ExternalDependencyInstrumentingArtifactTransform
[        ] Transforming android-test-plugin-host-coverage-proto-31.12.1.jar (com.android.tools.utp:android-test-plugin-host-coverage-proto:31.12.1) with MergeInstrumentationAnalysisTransform
[        ] Transforming android-test-plugin-host-emulator-control-proto-31.12.1.jar (com.android.tools.utp:android-test-plugin-host-emulator-control-proto:31.12.1) with InstrumentationAnalysisTransform
[        ] Transforming android-test-plugin-host-coverage-proto-31.12.1.jar (com.android.tools.utp:android-test-plugin-host-coverage-proto:31.12.1) with ExternalDependencyInstrumentingArtifactTransform
[        ] Transforming android-test-plugin-host-emulator-control-proto-31.12.1.jar (com.android.tools.utp:android-test-plugin-host-emulator-control-proto:31.12.1) with MergeInstrumentationAnalysisTransform
[        ] Transforming android-test-plugin-host-logcat-proto-31.12.1.jar (com.android.tools.utp:android-test-plugin-host-logcat-proto:31.12.1) with InstrumentationAnalysisTransform
[        ] Transforming android-test-plugin-host-logcat-proto-31.12.1.jar (com.android.tools.utp:android-test-plugin-host-logcat-proto:31.12.1) with MergeInstrumentationAnalysisTransform
[        ] Transforming android-test-plugin-host-emulator-control-proto-31.12.1.jar (com.android.tools.utp:android-test-plugin-host-emulator-control-proto:31.12.1) with ExternalDependencyInstrumentingArtifactTransform
[        ] Transforming android-test-plugin-host-apk-installer-proto-31.12.1.jar (com.android.tools.utp:android-test-plugin-host-apk-installer-proto:31.12.1) with InstrumentationAnalysisTransform
[        ] Transforming android-test-plugin-host-logcat-proto-31.12.1.jar (com.android.tools.utp:android-test-plugin-host-logcat-proto:31.12.1) with ExternalDependencyInstrumentingArtifactTransform
[        ] Transforming android-test-plugin-host-apk-installer-proto-31.12.1.jar (com.android.tools.utp:android-test-plugin-host-apk-installer-proto:31.12.1) with MergeInstrumentationAnalysisTransform
[        ] Transforming android-test-plugin-result-listener-gradle-proto-31.12.1.jar (com.android.tools.utp:android-test-plugin-result-listener-gradle-proto:31.12.1) with InstrumentationAnalysisTransform
[        ] Transforming android-test-plugin-result-listener-gradle-proto-31.12.1.jar (com.android.tools.utp:android-test-plugin-result-listener-gradle-proto:31.12.1) with MergeInstrumentationAnalysisTransform
[        ] Transforming jetifier-processor-1.0.0-beta10.jar (com.android.tools.build.jetifier:jetifier-processor:1.0.0-beta10) with InstrumentationAnalysisTransform
[        ] Transforming android-test-plugin-host-apk-installer-proto-31.12.1.jar (com.android.tools.utp:android-test-plugin-host-apk-installer-proto:31.12.1) with ExternalDependencyInstrumentingArtifactTransform
[        ] Transforming android-test-plugin-result-listener-gradle-proto-31.12.1.jar (com.android.tools.utp:android-test-plugin-result-listener-gradle-proto:31.12.1) with ExternalDependencyInstrumentingArtifactTransform
[        ] Transforming jetifier-processor-1.0.0-beta10.jar (com.android.tools.build.jetifier:jetifier-processor:1.0.0-beta10) with MergeInstrumentationAnalysisTransform
[        ] Transforming jetifier-core-1.0.0-beta10.jar (com.android.tools.build.jetifier:jetifier-core:1.0.0-beta10) with InstrumentationAnalysisTransform
[        ] Transforming jetifier-processor-1.0.0-beta10.jar (com.android.tools.build.jetifier:jetifier-processor:1.0.0-beta10) with ExternalDependencyInstrumentingArtifactTransform
[        ] Transforming jetifier-core-1.0.0-beta10.jar (com.android.tools.build.jetifier:jetifier-core:1.0.0-beta10) with MergeInstrumentationAnalysisTransform
[        ] Transforming builder-model-8.12.1.jar (com.android.tools.build:builder-model:8.12.1) with InstrumentationAnalysisTransform
[        ] Transforming builder-model-8.12.1.jar (com.android.tools.build:builder-model:8.12.1) with MergeInstrumentationAnalysisTransform
[        ] Transforming jetifier-core-1.0.0-beta10.jar (com.android.tools.build.jetifier:jetifier-core:1.0.0-beta10) with ExternalDependencyInstrumentingArtifactTransform
[        ] Transforming kotlin-reflect-2.1.20.jar (org.jetbrains.kotlin:kotlin-reflect:2.1.20) with InstrumentationAnalysisTransform
[        ] Transforming builder-model-8.12.1.jar (com.android.tools.build:builder-model:8.12.1) with ExternalDependencyInstrumentingArtifactTransform
[        ] Transforming kotlin-reflect-2.1.20.jar (org.jetbrains.kotlin:kotlin-reflect:2.1.20) with MergeInstrumentationAnalysisTransform
[        ] Transforming dvlib-31.12.1.jar (com.android.tools:dvlib:31.12.1) with InstrumentationAnalysisTransform
[        ] Transforming dvlib-31.12.1.jar (com.android.tools:dvlib:31.12.1) with MergeInstrumentationAnalysisTransform
[        ] Transforming kotlin-reflect-2.1.20.jar (org.jetbrains.kotlin:kotlin-reflect:2.1.20) with ExternalDependencyInstrumentingArtifactTransform
[        ] Transforming common-31.12.1.jar (com.android.tools:common:31.12.1) with InstrumentationAnalysisTransform
[        ] Transforming dvlib-31.12.1.jar (com.android.tools:dvlib:31.12.1) with ExternalDependencyInstrumentingArtifactTransform
[        ] Transforming common-31.12.1.jar (com.android.tools:common:31.12.1) with MergeInstrumentationAnalysisTransform
[        ] Transforming kotlin-stdlib-jdk8-2.1.20.jar (org.jetbrains.kotlin:kotlin-stdlib-jdk8:2.1.20) with InstrumentationAnalysisTransform
[        ] Transforming common-31.12.1.jar (com.android.tools:common:31.12.1) with ExternalDependencyInstrumentingArtifactTransform
[        ] Transforming kotlin-stdlib-jdk8-2.1.20.jar (org.jetbrains.kotlin:kotlin-stdlib-jdk8:2.1.20) with MergeInstrumentationAnalysisTransform
[        ] Transforming kotlin-compiler-runner-2.2.10.jar (org.jetbrains.kotlin:kotlin-compiler-runner:2.2.10) with InstrumentationAnalysisTransform
[        ] Transforming kotlin-compiler-runner-2.2.10.jar (org.jetbrains.kotlin:kotlin-compiler-runner:2.2.10) with MergeInstrumentationAnalysisTransform
[        ] Transforming kotlin-stdlib-jdk8-2.1.20.jar (org.jetbrains.kotlin:kotlin-stdlib-jdk8:2.1.20) with ExternalDependencyInstrumentingArtifactTransform
[        ] Transforming kotlinx-coroutines-core-jvm-1.9.0.jar (org.jetbrains.kotlinx:kotlinx-coroutines-core-jvm:1.9.0) with InstrumentationAnalysisTransform
[        ] Transforming kotlin-compiler-runner-2.2.10.jar (org.jetbrains.kotlin:kotlin-compiler-runner:2.2.10) with ExternalDependencyInstrumentingArtifactTransform
[        ] Transforming kotlinx-coroutines-core-jvm-1.9.0.jar (org.jetbrains.kotlinx:kotlinx-coroutines-core-jvm:1.9.0) with MergeInstrumentationAnalysisTransform
[        ] Transforming kotlin-stdlib-jdk7-2.1.20.jar (org.jetbrains.kotlin:kotlin-stdlib-jdk7:2.1.20) with InstrumentationAnalysisTransform
[        ] Transforming kotlinx-coroutines-core-jvm-1.9.0.jar (org.jetbrains.kotlinx:kotlinx-coroutines-core-jvm:1.9.0) with ExternalDependencyInstrumentingArtifactTransform
[        ] Transforming kotlin-stdlib-jdk7-2.1.20.jar (org.jetbrains.kotlin:kotlin-stdlib-jdk7:2.1.20) with MergeInstrumentationAnalysisTransform
[        ] Transforming kotlin-stdlib-2.1.20.jar (org.jetbrains.kotlin:kotlin-stdlib:2.1.20) with InstrumentationAnalysisTransform
[        ] Transforming kotlin-stdlib-2.1.20.jar (org.jetbrains.kotlin:kotlin-stdlib:2.1.20) with MergeInstrumentationAnalysisTransform
[        ] Transforming transform-api-2.0.0-deprecated-use-gradle-api.jar (com.android.tools.build:transform-api:2.0.0-deprecated-use-gradle-api) with InstrumentationAnalysisTransform
[        ] Transforming kotlin-stdlib-jdk7-2.1.20.jar (org.jetbrains.kotlin:kotlin-stdlib-jdk7:2.1.20) with ExternalDependencyInstrumentingArtifactTransform
[        ] Transforming kotlin-stdlib-2.1.20.jar (org.jetbrains.kotlin:kotlin-stdlib:2.1.20) with ExternalDependencyInstrumentingArtifactTransform
[        ] Transforming transform-api-2.0.0-deprecated-use-gradle-api.jar (com.android.tools.build:transform-api:2.0.0-deprecated-use-gradle-api) with MergeInstrumentationAnalysisTransform
[        ] Transforming httpmime-4.5.6.jar (org.apache.httpcomponents:httpmime:4.5.6) with InstrumentationAnalysisTransform
[        ] Transforming httpmime-4.5.6.jar (org.apache.httpcomponents:httpmime:4.5.6) with MergeInstrumentationAnalysisTransform
[        ] Transforming commons-io-2.16.1.jar (commons-io:commons-io:2.16.1) with InstrumentationAnalysisTransform
[        ] Transforming transform-api-2.0.0-deprecated-use-gradle-api.jar (com.android.tools.build:transform-api:2.0.0-deprecated-use-gradle-api) with ExternalDependencyInstrumentingArtifactTransform
[        ] Transforming httpmime-4.5.6.jar (org.apache.httpcomponents:httpmime:4.5.6) with ExternalDependencyInstrumentingArtifactTransform
[        ] Transforming commons-io-2.16.1.jar (commons-io:commons-io:2.16.1) with MergeInstrumentationAnalysisTransform
[        ] Transforming asm-commons-9.7.1.jar (org.ow2.asm:asm-commons:9.7.1) with InstrumentationAnalysisTransform
[        ] Transforming asm-commons-9.7.1.jar (org.ow2.asm:asm-commons:9.7.1) with MergeInstrumentationAnalysisTransform
[        ] Transforming asm-util-9.7.1.jar (org.ow2.asm:asm-util:9.7.1) with InstrumentationAnalysisTransform
[        ] Transforming commons-io-2.16.1.jar (commons-io:commons-io:2.16.1) with ExternalDependencyInstrumentingArtifactTransform
[        ] Transforming asm-commons-9.7.1.jar (org.ow2.asm:asm-commons:9.7.1) with ExternalDependencyInstrumentingArtifactTransform
[        ] Transforming asm-util-9.7.1.jar (org.ow2.asm:asm-util:9.7.1) with MergeInstrumentationAnalysisTransform
[        ] Transforming asm-analysis-9.7.1.jar (org.ow2.asm:asm-analysis:9.7.1) with InstrumentationAnalysisTransform
[        ] Transforming asm-analysis-9.7.1.jar (org.ow2.asm:asm-analysis:9.7.1) with MergeInstrumentationAnalysisTransform
[        ] Transforming asm-tree-9.7.1.jar (org.ow2.asm:asm-tree:9.7.1) with InstrumentationAnalysisTransform
[        ] Transforming asm-util-9.7.1.jar (org.ow2.asm:asm-util:9.7.1) with ExternalDependencyInstrumentingArtifactTransform
[        ] Transforming asm-analysis-9.7.1.jar (org.ow2.asm:asm-analysis:9.7.1) with ExternalDependencyInstrumentingArtifactTransform
[        ] Transforming asm-tree-9.7.1.jar (org.ow2.asm:asm-tree:9.7.1) with MergeInstrumentationAnalysisTransform
[        ] Transforming asm-9.7.1.jar (org.ow2.asm:asm:9.7.1) with InstrumentationAnalysisTransform
[        ] Transforming asm-9.7.1.jar (org.ow2.asm:asm:9.7.1) with MergeInstrumentationAnalysisTransform
[        ] Transforming asm-tree-9.7.1.jar (org.ow2.asm:asm-tree:9.7.1) with ExternalDependencyInstrumentingArtifactTransform
[        ] Transforming apkzlib-8.12.1.jar (com.android.tools.build:apkzlib:8.12.1) with InstrumentationAnalysisTransform
[        ] Transforming asm-9.7.1.jar (org.ow2.asm:asm:9.7.1) with ExternalDependencyInstrumentingArtifactTransform
[        ] Transforming apkzlib-8.12.1.jar (com.android.tools.build:apkzlib:8.12.1) with MergeInstrumentationAnalysisTransform
[        ] Transforming bcpkix-jdk18on-1.79.jar (org.bouncycastle:bcpkix-jdk18on:1.79) with InstrumentationAnalysisTransform
[        ] Transforming bcpkix-jdk18on-1.79.jar (org.bouncycastle:bcpkix-jdk18on:1.79) with MergeInstrumentationAnalysisTransform
[        ] Transforming jaxb-runtime-2.3.2.jar (org.glassfish.jaxb:jaxb-runtime:2.3.2) with InstrumentationAnalysisTransform
[        ] Transforming apkzlib-8.12.1.jar (com.android.tools.build:apkzlib:8.12.1) with ExternalDependencyInstrumentingArtifactTransform
[        ] Transforming bcpkix-jdk18on-1.79.jar (org.bouncycastle:bcpkix-jdk18on:1.79) with ExternalDependencyInstrumentingArtifactTransform
[        ] Transforming jaxb-runtime-2.3.2.jar (org.glassfish.jaxb:jaxb-runtime:2.3.2) with MergeInstrumentationAnalysisTransform
[        ] Transforming jopt-simple-4.9.jar (net.sf.jopt-simple:jopt-simple:4.9) with InstrumentationAnalysisTransform
[        ] Transforming jopt-simple-4.9.jar (net.sf.jopt-simple:jopt-simple:4.9) with MergeInstrumentationAnalysisTransform
[        ] Transforming javapoet-1.10.0.jar (com.squareup:javapoet:1.10.0) with InstrumentationAnalysisTransform
[        ] Transforming jaxb-runtime-2.3.2.jar (org.glassfish.jaxb:jaxb-runtime:2.3.2) with ExternalDependencyInstrumentingArtifactTransform
[        ] Transforming jopt-simple-4.9.jar (net.sf.jopt-simple:jopt-simple:4.9) with ExternalDependencyInstrumentingArtifactTransform
[        ] Transforming javapoet-1.10.0.jar (com.squareup:javapoet:1.10.0) with MergeInstrumentationAnalysisTransform
[        ] Transforming protobuf-java-util-3.25.5.jar (com.google.protobuf:protobuf-java-util:3.25.5) with InstrumentationAnalysisTransform
[        ] Transforming protobuf-java-util-3.25.5.jar (com.google.protobuf:protobuf-java-util:3.25.5) with MergeInstrumentationAnalysisTransform
[        ] Transforming javapoet-1.10.0.jar (com.squareup:javapoet:1.10.0) with ExternalDependencyInstrumentingArtifactTransform
[        ] Transforming grpc-protobuf-1.69.1.jar (io.grpc:grpc-protobuf:1.69.1) with InstrumentationAnalysisTransform
[        ] Transforming protobuf-java-util-3.25.5.jar (com.google.protobuf:protobuf-java-util:3.25.5) with ExternalDependencyInstrumentingArtifactTransform
[        ] Transforming grpc-protobuf-1.69.1.jar (io.grpc:grpc-protobuf:1.69.1) with MergeInstrumentationAnalysisTransform
[        ] Transforming tink-1.7.0.jar (com.google.crypto.tink:tink:1.7.0) with InstrumentationAnalysisTransform
[        ] Transforming tink-1.7.0.jar (com.google.crypto.tink:tink:1.7.0) with MergeInstrumentationAnalysisTransform
[        ] Transforming grpc-protobuf-1.69.1.jar (io.grpc:grpc-protobuf:1.69.1) with ExternalDependencyInstrumentingArtifactTransform
[        ] Transforming core-proto-0.0.9-alpha03.jar (com.google.testing.platform:core-proto:0.0.9-alpha03) with InstrumentationAnalysisTransform
[        ] Transforming tink-1.7.0.jar (com.google.crypto.tink:tink:1.7.0) with ExternalDependencyInstrumentingArtifactTransform
[        ] Transforming core-proto-0.0.9-alpha03.jar (com.google.testing.platform:core-proto:0.0.9-alpha03) with MergeInstrumentationAnalysisTransform
[        ] Transforming protos-31.12.1.jar (com.android.tools.analytics-library:protos:31.12.1) with InstrumentationAnalysisTransform
[        ] Transforming protos-31.12.1.jar (com.android.tools.analytics-library:protos:31.12.1) with MergeInstrumentationAnalysisTransform
[        ] Transforming core-proto-0.0.9-alpha03.jar (com.google.testing.platform:core-proto:0.0.9-alpha03) with ExternalDependencyInstrumentingArtifactTransform
[        ] Transforming proto-google-common-protos-2.48.0.jar (com.google.api.grpc:proto-google-common-protos:2.48.0) with InstrumentationAnalysisTransform
[        ] Transforming protos-31.12.1.jar (com.android.tools.analytics-library:protos:31.12.1) with ExternalDependencyInstrumentingArtifactTransform
[        ] Transforming proto-google-common-protos-2.48.0.jar (com.google.api.grpc:proto-google-common-protos:2.48.0) with MergeInstrumentationAnalysisTransform
[        ] Transforming protobuf-java-3.25.5.jar (com.google.protobuf:protobuf-java:3.25.5) with InstrumentationAnalysisTransform
[        ] Transforming protobuf-java-3.25.5.jar (com.google.protobuf:protobuf-java:3.25.5) with MergeInstrumentationAnalysisTransform
[        ] Transforming grpc-netty-1.69.1.jar (io.grpc:grpc-netty:1.69.1) with InstrumentationAnalysisTransform
[        ] Transforming proto-google-common-protos-2.48.0.jar (com.google.api.grpc:proto-google-common-protos:2.48.0) with ExternalDependencyInstrumentingArtifactTransform
[        ] Transforming grpc-netty-1.69.1.jar (io.grpc:grpc-netty:1.69.1) with MergeInstrumentationAnalysisTransform
[        ] Transforming grpc-inprocess-1.69.1.jar (io.grpc:grpc-inprocess:1.69.1) with InstrumentationAnalysisTransform
[        ] Transforming protobuf-java-3.25.5.jar (com.google.protobuf:protobuf-java:3.25.5) with ExternalDependencyInstrumentingArtifactTransform
[        ] Transforming grpc-inprocess-1.69.1.jar (io.grpc:grpc-inprocess:1.69.1) with MergeInstrumentationAnalysisTransform
[        ] Transforming grpc-netty-1.69.1.jar (io.grpc:grpc-netty:1.69.1) with ExternalDependencyInstrumentingArtifactTransform
[        ] Transforming grpc-util-1.69.1.jar (io.grpc:grpc-util:1.69.1) with InstrumentationAnalysisTransform
[        ] Transforming grpc-inprocess-1.69.1.jar (io.grpc:grpc-inprocess:1.69.1) with ExternalDependencyInstrumentingArtifactTransform
[        ] Transforming grpc-util-1.69.1.jar (io.grpc:grpc-util:1.69.1) with MergeInstrumentationAnalysisTransform
[        ] Transforming grpc-core-1.69.1.jar (io.grpc:grpc-core:1.69.1) with InstrumentationAnalysisTransform
[        ] Transforming grpc-core-1.69.1.jar (io.grpc:grpc-core:1.69.1) with MergeInstrumentationAnalysisTransform
[        ] Transforming kotlin-build-statistics-2.2.10.jar (org.jetbrains.kotlin:kotlin-build-statistics:2.2.10) with InstrumentationAnalysisTransform
[        ] Transforming kotlin-build-statistics-2.2.10.jar (org.jetbrains.kotlin:kotlin-build-statistics:2.2.10) with MergeInstrumentationAnalysisTransform
[        ] Transforming gson-2.11.0.jar (com.google.code.gson:gson:2.11.0) with InstrumentationAnalysisTransform
[        ] Transforming grpc-util-1.69.1.jar (io.grpc:grpc-util:1.69.1) with ExternalDependencyInstrumentingArtifactTransform
[        ] Transforming kotlin-build-statistics-2.2.10.jar (org.jetbrains.kotlin:kotlin-build-statistics:2.2.10) with ExternalDependencyInstrumentingArtifactTransform
[        ] Transforming grpc-core-1.69.1.jar (io.grpc:grpc-core:1.69.1) with ExternalDependencyInstrumentingArtifactTransform
[        ] Transforming gson-2.11.0.jar (com.google.code.gson:gson:2.11.0) with MergeInstrumentationAnalysisTransform
[        ] Transforming grpc-stub-1.69.1.jar (io.grpc:grpc-stub:1.69.1) with InstrumentationAnalysisTransform
[        ] Transforming grpc-stub-1.69.1.jar (io.grpc:grpc-stub:1.69.1) with MergeInstrumentationAnalysisTransform
[        ] Transforming tensorflow-lite-metadata-0.2.0.jar (org.tensorflow:tensorflow-lite-metadata:0.2.0) with InstrumentationAnalysisTransform
[        ] Transforming gson-2.11.0.jar (com.google.code.gson:gson:2.11.0) with ExternalDependencyInstrumentingArtifactTransform
[        ] Transforming tensorflow-lite-metadata-0.2.0.jar (org.tensorflow:tensorflow-lite-metadata:0.2.0) with MergeInstrumentationAnalysisTransform
[        ] Transforming grpc-stub-1.69.1.jar (io.grpc:grpc-stub:1.69.1) with ExternalDependencyInstrumentingArtifactTransform
[        ] Transforming flatbuffers-java-1.12.0.jar (com.google.flatbuffers:flatbuffers-java:1.12.0) with InstrumentationAnalysisTransform
[        ] Transforming tensorflow-lite-metadata-0.2.0.jar (org.tensorflow:tensorflow-lite-metadata:0.2.0) with ExternalDependencyInstrumentingArtifactTransform
[        ] Transforming flatbuffers-java-1.12.0.jar (com.google.flatbuffers:flatbuffers-java:1.12.0) with MergeInstrumentationAnalysisTransform
[        ] Transforming kotlin-gradle-plugin-idea-proto-2.2.10.jar (org.jetbrains.kotlin:kotlin-gradle-plugin-idea-proto:2.2.10) with InstrumentationAnalysisTransform
[        ] Transforming kotlin-gradle-plugin-idea-proto-2.2.10.jar (org.jetbrains.kotlin:kotlin-gradle-plugin-idea-proto:2.2.10) with MergeInstrumentationAnalysisTransform
[        ] Transforming kotlin-gradle-plugin-idea-2.2.10.jar (org.jetbrains.kotlin:kotlin-gradle-plugin-idea:2.2.10) with InstrumentationAnalysisTransform
[        ] Transforming flatbuffers-java-1.12.0.jar (com.google.flatbuffers:flatbuffers-java:1.12.0) with ExternalDependencyInstrumentingArtifactTransform
[        ] Transforming kotlin-gradle-plugin-idea-proto-2.2.10.jar (org.jetbrains.kotlin:kotlin-gradle-plugin-idea-proto:2.2.10) with ExternalDependencyInstrumentingArtifactTransform
[        ] Transforming kotlin-gradle-plugin-idea-2.2.10.jar (org.jetbrains.kotlin:kotlin-gradle-plugin-idea:2.2.10) with MergeInstrumentationAnalysisTransform
[        ] Transforming kotlin-klib-commonizer-api-2.2.10.jar (org.jetbrains.kotlin:kotlin-klib-commonizer-api:2.2.10) with InstrumentationAnalysisTransform
[        ] Transforming kotlin-klib-commonizer-api-2.2.10.jar (org.jetbrains.kotlin:kotlin-klib-commonizer-api:2.2.10) with MergeInstrumentationAnalysisTransform
[        ] Transforming kotlin-gradle-plugin-idea-2.2.10.jar (org.jetbrains.kotlin:kotlin-gradle-plugin-idea:2.2.10) with ExternalDependencyInstrumentingArtifactTransform
[        ] Transforming kotlin-util-klib-metadata-2.2.10.jar (org.jetbrains.kotlin:kotlin-util-klib-metadata:2.2.10) with InstrumentationAnalysisTransform
[        ] Transforming kotlin-klib-commonizer-api-2.2.10.jar (org.jetbrains.kotlin:kotlin-klib-commonizer-api:2.2.10) with ExternalDependencyInstrumentingArtifactTransform
[        ] Transforming kotlin-util-klib-metadata-2.2.10.jar (org.jetbrains.kotlin:kotlin-util-klib-metadata:2.2.10) with MergeInstrumentationAnalysisTransform
[        ] Transforming abi-tools-api-2.2.10.jar (org.jetbrains.kotlin:abi-tools-api:2.2.10) with InstrumentationAnalysisTransform
[        ] Transforming abi-tools-api-2.2.10.jar (org.jetbrains.kotlin:abi-tools-api:2.2.10) with MergeInstrumentationAnalysisTransform
[        ] Transforming kotlin-util-klib-metadata-2.2.10.jar (org.jetbrains.kotlin:kotlin-util-klib-metadata:2.2.10) with ExternalDependencyInstrumentingArtifactTransform
[        ] Transforming jimfs-1.1.jar (com.google.jimfs:jimfs:1.1) with InstrumentationAnalysisTransform
[        ] Transforming abi-tools-api-2.2.10.jar (org.jetbrains.kotlin:abi-tools-api:2.2.10) with ExternalDependencyInstrumentingArtifactTransform
[        ] Transforming jimfs-1.1.jar (com.google.jimfs:jimfs:1.1) with MergeInstrumentationAnalysisTransform
[        ] Transforming grpc-context-1.69.1.jar (io.grpc:grpc-context:1.69.1) with InstrumentationAnalysisTransform
[        ] Transforming grpc-context-1.69.1.jar (io.grpc:grpc-context:1.69.1) with MergeInstrumentationAnalysisTransform
[        ] Transforming jimfs-1.1.jar (com.google.jimfs:jimfs:1.1) with ExternalDependencyInstrumentingArtifactTransform
[        ] Transforming grpc-protobuf-lite-1.69.1.jar (io.grpc:grpc-protobuf-lite:1.69.1) with InstrumentationAnalysisTransform
[        ] Transforming grpc-context-1.69.1.jar (io.grpc:grpc-context:1.69.1) with ExternalDependencyInstrumentingArtifactTransform
[        ] Transforming grpc-protobuf-lite-1.69.1.jar (io.grpc:grpc-protobuf-lite:1.69.1) with MergeInstrumentationAnalysisTransform
[        ] Transforming grpc-api-1.69.1.jar (io.grpc:grpc-api:1.69.1) with InstrumentationAnalysisTransform
[        ] Transforming grpc-api-1.69.1.jar (io.grpc:grpc-api:1.69.1) with MergeInstrumentationAnalysisTransform
[        ] Transforming guava-33.3.1-jre.jar (com.google.guava:guava:33.3.1-jre) with InstrumentationAnalysisTransform
[        ] Transforming grpc-protobuf-lite-1.69.1.jar (io.grpc:grpc-protobuf-lite:1.69.1) with ExternalDependencyInstrumentingArtifactTransform
[        ] Transforming grpc-api-1.69.1.jar (io.grpc:grpc-api:1.69.1) with ExternalDependencyInstrumentingArtifactTransform
[        ] Transforming guava-33.3.1-jre.jar (com.google.guava:guava:33.3.1-jre) with MergeInstrumentationAnalysisTransform
[        ] Transforming dagger-2.28.3.jar (com.google.dagger:dagger:2.28.3) with InstrumentationAnalysisTransform
[        ] Transforming dagger-2.28.3.jar (com.google.dagger:dagger:2.28.3) with MergeInstrumentationAnalysisTransform
[        ] Transforming javax.inject-1.jar (javax.inject:javax.inject:1) with InstrumentationAnalysisTransform
[        ] Transforming guava-33.3.1-jre.jar (com.google.guava:guava:33.3.1-jre) with ExternalDependencyInstrumentingArtifactTransform
[        ] Transforming dagger-2.28.3.jar (com.google.dagger:dagger:2.28.3) with ExternalDependencyInstrumentingArtifactTransform
[        ] Transforming javax.inject-1.jar (javax.inject:javax.inject:1) with MergeInstrumentationAnalysisTransform
[        ] Transforming kxml2-2.3.0.jar (net.sf.kxml:kxml2:2.3.0) with InstrumentationAnalysisTransform
[        ] Transforming kxml2-2.3.0.jar (net.sf.kxml:kxml2:2.3.0) with MergeInstrumentationAnalysisTransform
[        ] Transforming javax.inject-1.jar (javax.inject:javax.inject:1) with ExternalDependencyInstrumentingArtifactTransform
[        ] Transforming commons-compress-1.21.jar (org.apache.commons:commons-compress:1.21) with InstrumentationAnalysisTransform
[        ] Transforming kxml2-2.3.0.jar (net.sf.kxml:kxml2:2.3.0) with ExternalDependencyInstrumentingArtifactTransform
[        ] Transforming commons-compress-1.21.jar (org.apache.commons:commons-compress:1.21) with MergeInstrumentationAnalysisTransform
[        ] Transforming bcutil-jdk18on-1.79.jar (org.bouncycastle:bcutil-jdk18on:1.79) with InstrumentationAnalysisTransform
[        ] Transforming bcutil-jdk18on-1.79.jar (org.bouncycastle:bcutil-jdk18on:1.79) with MergeInstrumentationAnalysisTransform
[        ] Transforming commons-compress-1.21.jar (org.apache.commons:commons-compress:1.21) with ExternalDependencyInstrumentingArtifactTransform
[        ] Transforming bcprov-jdk18on-1.79.jar (org.bouncycastle:bcprov-jdk18on:1.79) with InstrumentationAnalysisTransform
[        ] Transforming bcutil-jdk18on-1.79.jar (org.bouncycastle:bcutil-jdk18on:1.79) with ExternalDependencyInstrumentingArtifactTransform
[        ] Transforming bcprov-jdk18on-1.79.jar (org.bouncycastle:bcprov-jdk18on:1.79) with MergeInstrumentationAnalysisTransform
[        ] Transforming httpclient-4.5.14.jar (org.apache.httpcomponents:httpclient:4.5.14) with InstrumentationAnalysisTransform
[        ] Transforming httpclient-4.5.14.jar (org.apache.httpcomponents:httpclient:4.5.14) with MergeInstrumentationAnalysisTransform
[        ] Transforming bcprov-jdk18on-1.79.jar (org.bouncycastle:bcprov-jdk18on:1.79) with ExternalDependencyInstrumentingArtifactTransform
[        ] Transforming httpcore-4.4.16.jar (org.apache.httpcomponents:httpcore:4.4.16) with InstrumentationAnalysisTransform
[        ] Transforming httpclient-4.5.14.jar (org.apache.httpcomponents:httpclient:4.5.14) with ExternalDependencyInstrumentingArtifactTransform
[        ] Transforming httpcore-4.4.16.jar (org.apache.httpcomponents:httpcore:4.4.16) with MergeInstrumentationAnalysisTransform
[        ] Transforming javax.activation-1.2.0.jar (com.sun.activation:javax.activation:1.2.0) with InstrumentationAnalysisTransform
[        ] Transforming httpcore-4.4.16.jar (org.apache.httpcomponents:httpcore:4.4.16) with ExternalDependencyInstrumentingArtifactTransform
[        ] Transforming javax.activation-1.2.0.jar (com.sun.activation:javax.activation:1.2.0) with MergeInstrumentationAnalysisTransform
[        ] Transforming annotations-23.0.0.jar (org.jetbrains:annotations:23.0.0) with InstrumentationAnalysisTransform
[        ] Transforming annotations-23.0.0.jar (org.jetbrains:annotations:23.0.0) with MergeInstrumentationAnalysisTransform
[        ] Transforming signflinger-8.12.1.jar (com.android:signflinger:8.12.1) with InstrumentationAnalysisTransform
[        ] Transforming javax.activation-1.2.0.jar (com.sun.activation:javax.activation:1.2.0) with ExternalDependencyInstrumentingArtifactTransform
[        ] Transforming annotations-23.0.0.jar (org.jetbrains:annotations:23.0.0) with ExternalDependencyInstrumentingArtifactTransform
[        ] Transforming signflinger-8.12.1.jar (com.android:signflinger:8.12.1) with MergeInstrumentationAnalysisTransform
[        ] Transforming zipflinger-8.12.1.jar (com.android:zipflinger:8.12.1) with InstrumentationAnalysisTransform
[        ] Transforming zipflinger-8.12.1.jar (com.android:zipflinger:8.12.1) with MergeInstrumentationAnalysisTransform
[        ] Transforming signflinger-8.12.1.jar (com.android:signflinger:8.12.1) with ExternalDependencyInstrumentingArtifactTransform
[        ] Transforming annotations-31.12.1.jar (com.android.tools:annotations:31.12.1) with InstrumentationAnalysisTransform
[        ] Transforming zipflinger-8.12.1.jar (com.android:zipflinger:8.12.1) with ExternalDependencyInstrumentingArtifactTransform
[        ] Transforming annotations-31.12.1.jar (com.android.tools:annotations:31.12.1) with MergeInstrumentationAnalysisTransform
[        ] Transforming jna-platform-5.6.0.jar (net.java.dev.jna:jna-platform:5.6.0) with InstrumentationAnalysisTransform
[        ] Transforming annotations-31.12.1.jar (com.android.tools:annotations:31.12.1) with ExternalDependencyInstrumentingArtifactTransform
[        ] Transforming jna-platform-5.6.0.jar (net.java.dev.jna:jna-platform:5.6.0) with MergeInstrumentationAnalysisTransform
[        ] Transforming juniversalchardet-1.0.3.jar (com.googlecode.juniversalchardet:juniversalchardet:1.0.3) with InstrumentationAnalysisTransform
[        ] Transforming juniversalchardet-1.0.3.jar (com.googlecode.juniversalchardet:juniversalchardet:1.0.3) with MergeInstrumentationAnalysisTransform
[        ] Transforming javax.annotation-api-1.3.2.jar (javax.annotation:javax.annotation-api:1.3.2) with InstrumentationAnalysisTransform
[        ] Transforming jna-platform-5.6.0.jar (net.java.dev.jna:jna-platform:5.6.0) with ExternalDependencyInstrumentingArtifactTransform
[        ] Transforming juniversalchardet-1.0.3.jar (com.googlecode.juniversalchardet:juniversalchardet:1.0.3) with ExternalDependencyInstrumentingArtifactTransform
[        ] Transforming javax.annotation-api-1.3.2.jar (javax.annotation:javax.annotation-api:1.3.2) with MergeInstrumentationAnalysisTransform
[        ] Transforming stax-ex-1.8.1.jar (org.jvnet.staxex:stax-ex:1.8.1) with InstrumentationAnalysisTransform
[        ] Transforming stax-ex-1.8.1.jar (org.jvnet.staxex:stax-ex:1.8.1) with MergeInstrumentationAnalysisTransform
[        ] Transforming javax.annotation-api-1.3.2.jar (javax.annotation:javax.annotation-api:1.3.2) with ExternalDependencyInstrumentingArtifactTransform
[        ] Transforming jakarta.xml.bind-api-2.3.2.jar (jakarta.xml.bind:jakarta.xml.bind-api:2.3.2) with InstrumentationAnalysisTransform
[        ] Transforming stax-ex-1.8.1.jar (org.jvnet.staxex:stax-ex:1.8.1) with ExternalDependencyInstrumentingArtifactTransform
[        ] Transforming jakarta.xml.bind-api-2.3.2.jar (jakarta.xml.bind:jakarta.xml.bind-api:2.3.2) with MergeInstrumentationAnalysisTransform
[        ] Transforming txw2-2.3.2.jar (org.glassfish.jaxb:txw2:2.3.2) with InstrumentationAnalysisTransform
[        ] Transforming txw2-2.3.2.jar (org.glassfish.jaxb:txw2:2.3.2) with MergeInstrumentationAnalysisTransform
[        ] Transforming istack-commons-runtime-3.0.8.jar (com.sun.istack:istack-commons-runtime:3.0.8) with InstrumentationAnalysisTransform
[        ] Transforming jakarta.xml.bind-api-2.3.2.jar (jakarta.xml.bind:jakarta.xml.bind-api:2.3.2) with ExternalDependencyInstrumentingArtifactTransform
[        ] Transforming txw2-2.3.2.jar (org.glassfish.jaxb:txw2:2.3.2) with ExternalDependencyInstrumentingArtifactTransform
[        ] Transforming istack-commons-runtime-3.0.8.jar (com.sun.istack:istack-commons-runtime:3.0.8) with MergeInstrumentationAnalysisTransform
[        ] Transforming FastInfoset-1.2.16.jar (com.sun.xml.fastinfoset:FastInfoset:1.2.16) with InstrumentationAnalysisTransform
[        ] Transforming istack-commons-runtime-3.0.8.jar (com.sun.istack:istack-commons-runtime:3.0.8) with ExternalDependencyInstrumentingArtifactTransform
[        ] Transforming FastInfoset-1.2.16.jar (com.sun.xml.fastinfoset:FastInfoset:1.2.16) with MergeInstrumentationAnalysisTransform
[        ] Transforming jakarta.activation-api-1.2.1.jar (jakarta.activation:jakarta.activation-api:1.2.1) with InstrumentationAnalysisTransform
[        ] Transforming FastInfoset-1.2.16.jar (com.sun.xml.fastinfoset:FastInfoset:1.2.16) with ExternalDependencyInstrumentingArtifactTransform
[        ] Transforming jakarta.activation-api-1.2.1.jar (jakarta.activation:jakarta.activation-api:1.2.1) with MergeInstrumentationAnalysisTransform
[        ] Transforming auto-value-annotations-1.6.2.jar (com.google.auto.value:auto-value-annotations:1.6.2) with InstrumentationAnalysisTransform
[        ] Transforming auto-value-annotations-1.6.2.jar (com.google.auto.value:auto-value-annotations:1.6.2) with MergeInstrumentationAnalysisTransform
[        ] Transforming jakarta.activation-api-1.2.1.jar (jakarta.activation:jakarta.activation-api:1.2.1) with ExternalDependencyInstrumentingArtifactTransform
[        ] Transforming error_prone_annotations-2.30.0.jar (com.google.errorprone:error_prone_annotations:2.30.0) with InstrumentationAnalysisTransform
[        ] Transforming auto-value-annotations-1.6.2.jar (com.google.auto.value:auto-value-annotations:1.6.2) with ExternalDependencyInstrumentingArtifactTransform
[        ] Transforming error_prone_annotations-2.30.0.jar (com.google.errorprone:error_prone_annotations:2.30.0) with MergeInstrumentationAnalysisTransform
[        ] Transforming jose4j-0.9.5.jar (org.bitbucket.b_c:jose4j:0.9.5) with InstrumentationAnalysisTransform
[        ] Transforming jose4j-0.9.5.jar (org.bitbucket.b_c:jose4j:0.9.5) with MergeInstrumentationAnalysisTransform
[        ] Transforming slf4j-api-1.7.30.jar (org.slf4j:slf4j-api:1.7.30) with InstrumentationAnalysisTransform
[        ] Transforming error_prone_annotations-2.30.0.jar (com.google.errorprone:error_prone_annotations:2.30.0) with ExternalDependencyInstrumentingArtifactTransform
[        ] Transforming slf4j-api-1.7.30.jar (org.slf4j:slf4j-api:1.7.30) with MergeInstrumentationAnalysisTransform
[        ] Transforming jdom2-2.0.6.jar (org.jdom:jdom2:2.0.6) with InstrumentationAnalysisTransform
[        ] Transforming jose4j-0.9.5.jar (org.bitbucket.b_c:jose4j:0.9.5) with ExternalDependencyInstrumentingArtifactTransform
[        ] Transforming jdom2-2.0.6.jar (org.jdom:jdom2:2.0.6) with MergeInstrumentationAnalysisTransform
[        ] Transforming slf4j-api-1.7.30.jar (org.slf4j:slf4j-api:1.7.30) with ExternalDependencyInstrumentingArtifactTransform
[        ] Transforming jsr305-3.0.2.jar (com.google.code.findbugs:jsr305:3.0.2) with InstrumentationAnalysisTransform
[        ] Transforming jsr305-3.0.2.jar (com.google.code.findbugs:jsr305:3.0.2) with MergeInstrumentationAnalysisTransform
[        ] Transforming j2objc-annotations-3.0.0.jar (com.google.j2objc:j2objc-annotations:3.0.0) with InstrumentationAnalysisTransform
[        ] Transforming jdom2-2.0.6.jar (org.jdom:jdom2:2.0.6) with ExternalDependencyInstrumentingArtifactTransform
[        ] Transforming j2objc-annotations-3.0.0.jar (com.google.j2objc:j2objc-annotations:3.0.0) with MergeInstrumentationAnalysisTransform
[        ] Transforming jsr305-3.0.2.jar (com.google.code.findbugs:jsr305:3.0.2) with ExternalDependencyInstrumentingArtifactTransform
[        ] Transforming j2objc-annotations-3.0.0.jar (com.google.j2objc:j2objc-annotations:3.0.0) with ExternalDependencyInstrumentingArtifactTransform
[        ] Transforming annotations-4.1.1.4.jar (com.google.android:annotations:4.1.1.4) with InstrumentationAnalysisTransform
[        ] Transforming annotations-4.1.1.4.jar (com.google.android:annotations:4.1.1.4) with MergeInstrumentationAnalysisTransform
[        ] Transforming animal-sniffer-annotations-1.24.jar (org.codehaus.mojo:animal-sniffer-annotations:1.24) with InstrumentationAnalysisTransform
[        ] Transforming annotations-4.1.1.4.jar (com.google.android:annotations:4.1.1.4) with ExternalDependencyInstrumentingArtifactTransform
[        ] Transforming animal-sniffer-annotations-1.24.jar (org.codehaus.mojo:animal-sniffer-annotations:1.24) with MergeInstrumentationAnalysisTransform
[        ] Transforming perfmark-api-0.27.0.jar (io.perfmark:perfmark-api:0.27.0) with InstrumentationAnalysisTransform
[        ] Transforming perfmark-api-0.27.0.jar (io.perfmark:perfmark-api:0.27.0) with MergeInstrumentationAnalysisTransform
[        ] Transforming netty-codec-http2-4.1.110.Final.jar (io.netty:netty-codec-http2:4.1.110.Final) with InstrumentationAnalysisTransform
[        ] Transforming animal-sniffer-annotations-1.24.jar (org.codehaus.mojo:animal-sniffer-annotations:1.24) with ExternalDependencyInstrumentingArtifactTransform
[        ] Transforming perfmark-api-0.27.0.jar (io.perfmark:perfmark-api:0.27.0) with ExternalDependencyInstrumentingArtifactTransform
[        ] Transforming netty-codec-http2-4.1.110.Final.jar (io.netty:netty-codec-http2:4.1.110.Final) with MergeInstrumentationAnalysisTransform
[        ] Transforming netty-handler-proxy-4.1.110.Final.jar (io.netty:netty-handler-proxy:4.1.110.Final) with InstrumentationAnalysisTransform
[        ] Transforming netty-handler-proxy-4.1.110.Final.jar (io.netty:netty-handler-proxy:4.1.110.Final) with MergeInstrumentationAnalysisTransform
[        ] Transforming netty-codec-http2-4.1.110.Final.jar (io.netty:netty-codec-http2:4.1.110.Final) with ExternalDependencyInstrumentingArtifactTransform
[        ] Transforming netty-codec-http-4.1.110.Final.jar (io.netty:netty-codec-http:4.1.110.Final) with InstrumentationAnalysisTransform
[        ] Transforming netty-handler-proxy-4.1.110.Final.jar (io.netty:netty-handler-proxy:4.1.110.Final) with ExternalDependencyInstrumentingArtifactTransform
[        ] Transforming netty-codec-http-4.1.110.Final.jar (io.netty:netty-codec-http:4.1.110.Final) with MergeInstrumentationAnalysisTransform
[        ] Transforming netty-handler-4.1.110.Final.jar (io.netty:netty-handler:4.1.110.Final) with InstrumentationAnalysisTransform
[        ] Transforming netty-handler-4.1.110.Final.jar (io.netty:netty-handler:4.1.110.Final) with MergeInstrumentationAnalysisTransform
[        ] Transforming netty-transport-native-unix-common-4.1.110.Final.jar (io.netty:netty-transport-native-unix-common:4.1.110.Final) with InstrumentationAnalysisTransform
[        ] Transforming netty-codec-http-4.1.110.Final.jar (io.netty:netty-codec-http:4.1.110.Final) with ExternalDependencyInstrumentingArtifactTransform
[        ] Transforming netty-transport-native-unix-common-4.1.110.Final.jar (io.netty:netty-transport-native-unix-common:4.1.110.Final) with MergeInstrumentationAnalysisTransform
[        ] Transforming netty-handler-4.1.110.Final.jar (io.netty:netty-handler:4.1.110.Final) with ExternalDependencyInstrumentingArtifactTransform
[        ] Transforming netty-transport-native-unix-common-4.1.110.Final.jar (io.netty:netty-transport-native-unix-common:4.1.110.Final) with ExternalDependencyInstrumentingArtifactTransform
[        ] Transforming checker-qual-3.43.0.jar (org.checkerframework:checker-qual:3.43.0) with InstrumentationAnalysisTransform
[        ] Transforming checker-qual-3.43.0.jar (org.checkerframework:checker-qual:3.43.0) with MergeInstrumentationAnalysisTransform
[        ] Transforming apksig-8.12.1.jar (com.android.tools.build:apksig:8.12.1) with InstrumentationAnalysisTransform
[        ] Transforming apksig-8.12.1.jar (com.android.tools.build:apksig:8.12.1) with MergeInstrumentationAnalysisTransform
[        ] Transforming javawriter-2.5.0.jar (com.squareup:javawriter:2.5.0) with InstrumentationAnalysisTransform
[        ] Transforming checker-qual-3.43.0.jar (org.checkerframework:checker-qual:3.43.0) with ExternalDependencyInstrumentingArtifactTransform
[        ] Transforming apksig-8.12.1.jar (com.android.tools.build:apksig:8.12.1) with ExternalDependencyInstrumentingArtifactTransform
[        ] Transforming javawriter-2.5.0.jar (com.squareup:javawriter:2.5.0) with MergeInstrumentationAnalysisTransform
[        ] Transforming kotlin-gradle-plugin-annotations-2.2.10.jar (org.jetbrains.kotlin:kotlin-gradle-plugin-annotations:2.2.10) with InstrumentationAnalysisTransform
[        ] Transforming kotlin-gradle-plugin-annotations-2.2.10.jar (org.jetbrains.kotlin:kotlin-gradle-plugin-annotations:2.2.10) with MergeInstrumentationAnalysisTransform
[        ] Transforming kotlin-native-utils-2.2.10.jar (org.jetbrains.kotlin:kotlin-native-utils:2.2.10) with InstrumentationAnalysisTransform
[        ] Transforming javawriter-2.5.0.jar (com.squareup:javawriter:2.5.0) with ExternalDependencyInstrumentingArtifactTransform
[        ] Transforming kotlin-native-utils-2.2.10.jar (org.jetbrains.kotlin:kotlin-native-utils:2.2.10) with MergeInstrumentationAnalysisTransform
[        ] Transforming kotlin-tooling-core-2.2.10.jar (org.jetbrains.kotlin:kotlin-tooling-core:2.2.10) with InstrumentationAnalysisTransform
[        ] Transforming kotlin-gradle-plugin-annotations-2.2.10.jar (org.jetbrains.kotlin:kotlin-gradle-plugin-annotations:2.2.10) with ExternalDependencyInstrumentingArtifactTransform
[        ] Transforming kotlin-native-utils-2.2.10.jar (org.jetbrains.kotlin:kotlin-native-utils:2.2.10) with ExternalDependencyInstrumentingArtifactTransform
[        ] Transforming kotlin-tooling-core-2.2.10.jar (org.jetbrains.kotlin:kotlin-tooling-core:2.2.10) with MergeInstrumentationAnalysisTransform
[        ] Transforming kotlin-build-tools-api-2.2.10.jar (org.jetbrains.kotlin:kotlin-build-tools-api:2.2.10) with InstrumentationAnalysisTransform
[        ] Transforming kotlin-build-tools-api-2.2.10.jar (org.jetbrains.kotlin:kotlin-build-tools-api:2.2.10) with MergeInstrumentationAnalysisTransform
[        ] Transforming kotlin-util-klib-2.2.10.jar (org.jetbrains.kotlin:kotlin-util-klib:2.2.10) with InstrumentationAnalysisTransform
[        ] Transforming kotlin-tooling-core-2.2.10.jar (org.jetbrains.kotlin:kotlin-tooling-core:2.2.10) with ExternalDependencyInstrumentingArtifactTransform
[        ] Transforming kotlin-build-tools-api-2.2.10.jar (org.jetbrains.kotlin:kotlin-build-tools-api:2.2.10) with ExternalDependencyInstrumentingArtifactTransform
[        ] Transforming kotlin-util-klib-2.2.10.jar (org.jetbrains.kotlin:kotlin-util-klib:2.2.10) with MergeInstrumentationAnalysisTransform
[        ] Transforming kotlin-util-io-2.2.10.jar (org.jetbrains.kotlin:kotlin-util-io:2.2.10) with InstrumentationAnalysisTransform
[        ] Transforming kotlin-util-io-2.2.10.jar (org.jetbrains.kotlin:kotlin-util-io:2.2.10) with MergeInstrumentationAnalysisTransform
[        ] Transforming kotlin-daemon-client-2.2.10.jar (org.jetbrains.kotlin:kotlin-daemon-client:2.2.10) with InstrumentationAnalysisTransform
[        ] Transforming kotlin-util-klib-2.2.10.jar (org.jetbrains.kotlin:kotlin-util-klib:2.2.10) with ExternalDependencyInstrumentingArtifactTransform
[        ] Transforming kotlin-util-io-2.2.10.jar (org.jetbrains.kotlin:kotlin-util-io:2.2.10) with ExternalDependencyInstrumentingArtifactTransform
[        ] Transforming kotlin-daemon-client-2.2.10.jar (org.jetbrains.kotlin:kotlin-daemon-client:2.2.10) with MergeInstrumentationAnalysisTransform
[        ] Transforming failureaccess-1.0.2.jar (com.google.guava:failureaccess:1.0.2) with InstrumentationAnalysisTransform
[        ] Transforming kotlin-daemon-client-2.2.10.jar (org.jetbrains.kotlin:kotlin-daemon-client:2.2.10) with ExternalDependencyInstrumentingArtifactTransform
[        ] Transforming failureaccess-1.0.2.jar (com.google.guava:failureaccess:1.0.2) with MergeInstrumentationAnalysisTransform
[        ] Transforming listenablefuture-9999.0-empty-to-avoid-conflict-with-guava.jar (com.google.guava:listenablefuture:9999.0-empty-to-avoid-conflict-with-guava) with InstrumentationAnalysisTransform
[        ] Transforming failureaccess-1.0.2.jar (com.google.guava:failureaccess:1.0.2) with ExternalDependencyInstrumentingArtifactTransform
[        ] Transforming listenablefuture-9999.0-empty-to-avoid-conflict-with-guava.jar (com.google.guava:listenablefuture:9999.0-empty-to-avoid-conflict-with-guava) with MergeInstrumentationAnalysisTransform
[        ] Transforming commons-logging-1.2.jar (commons-logging:commons-logging:1.2) with InstrumentationAnalysisTransform
[        ] Transforming listenablefuture-9999.0-empty-to-avoid-conflict-with-guava.jar (com.google.guava:listenablefuture:9999.0-empty-to-avoid-conflict-with-guava) with ExternalDependencyInstrumentingArtifactTransform
[        ] Transforming commons-logging-1.2.jar (commons-logging:commons-logging:1.2) with MergeInstrumentationAnalysisTransform
[        ] Transforming commons-codec-1.11.jar (commons-codec:commons-codec:1.11) with InstrumentationAnalysisTransform
[        ] Transforming commons-codec-1.11.jar (commons-codec:commons-codec:1.11) with MergeInstrumentationAnalysisTransform
[        ] Transforming commons-logging-1.2.jar (commons-logging:commons-logging:1.2) with ExternalDependencyInstrumentingArtifactTransform
[        ] Transforming jna-5.6.0.jar (net.java.dev.jna:jna:5.6.0) with InstrumentationAnalysisTransform
[        ] Transforming commons-codec-1.11.jar (commons-codec:commons-codec:1.11) with ExternalDependencyInstrumentingArtifactTransform
[        ] Transforming jna-5.6.0.jar (net.java.dev.jna:jna:5.6.0) with MergeInstrumentationAnalysisTransform
[        ] Transforming netty-codec-socks-4.1.110.Final.jar (io.netty:netty-codec-socks:4.1.110.Final) with InstrumentationAnalysisTransform
[        ] Transforming netty-codec-socks-4.1.110.Final.jar (io.netty:netty-codec-socks:4.1.110.Final) with MergeInstrumentationAnalysisTransform
[        ] Transforming netty-codec-4.1.110.Final.jar (io.netty:netty-codec:4.1.110.Final) with InstrumentationAnalysisTransform
[        ] Transforming jna-5.6.0.jar (net.java.dev.jna:jna:5.6.0) with ExternalDependencyInstrumentingArtifactTransform
[        ] Transforming netty-codec-socks-4.1.110.Final.jar (io.netty:netty-codec-socks:4.1.110.Final) with ExternalDependencyInstrumentingArtifactTransform
[        ] Transforming netty-codec-4.1.110.Final.jar (io.netty:netty-codec:4.1.110.Final) with MergeInstrumentationAnalysisTransform
[        ] Transforming netty-transport-4.1.110.Final.jar (io.netty:netty-transport:4.1.110.Final) with InstrumentationAnalysisTransform
[        ] Transforming netty-transport-4.1.110.Final.jar (io.netty:netty-transport:4.1.110.Final) with MergeInstrumentationAnalysisTransform
[        ] Transforming netty-buffer-4.1.110.Final.jar (io.netty:netty-buffer:4.1.110.Final) with InstrumentationAnalysisTransform
[        ] Transforming netty-codec-4.1.110.Final.jar (io.netty:netty-codec:4.1.110.Final) with ExternalDependencyInstrumentingArtifactTransform
[        ] Transforming netty-buffer-4.1.110.Final.jar (io.netty:netty-buffer:4.1.110.Final) with MergeInstrumentationAnalysisTransform
[        ] Transforming netty-transport-4.1.110.Final.jar (io.netty:netty-transport:4.1.110.Final) with ExternalDependencyInstrumentingArtifactTransform
[        ] Transforming netty-buffer-4.1.110.Final.jar (io.netty:netty-buffer:4.1.110.Final) with ExternalDependencyInstrumentingArtifactTransform
[        ] Transforming netty-resolver-4.1.110.Final.jar (io.netty:netty-resolver:4.1.110.Final) with InstrumentationAnalysisTransform
[        ] Transforming netty-resolver-4.1.110.Final.jar (io.netty:netty-resolver:4.1.110.Final) with MergeInstrumentationAnalysisTransform
[        ] Transforming netty-common-4.1.110.Final.jar (io.netty:netty-common:4.1.110.Final) with InstrumentationAnalysisTransform
[        ] Transforming netty-common-4.1.110.Final.jar (io.netty:netty-common:4.1.110.Final) with MergeInstrumentationAnalysisTransform
[        ] Transforming netty-resolver-4.1.110.Final.jar (io.netty:netty-resolver:4.1.110.Final) with ExternalDependencyInstrumentingArtifactTransform
[        ] Transforming netty-common-4.1.110.Final.jar (io.netty:netty-common:4.1.110.Final) with ExternalDependencyInstrumentingArtifactTransform
[        ] Using default execution profile
[        ] Using Kotlin Gradle Plugin gradle76 variant
[        ] All projects evaluated.
[        ] Task name matched 'assembleDebug'
[        ] Selected primary task 'assembleDebug' from project :
[ +262 ms] Tasks to be executed: [task ':app:preBuild', task ':app:preDebugBuild', task ':app:mergeDebugNativeDebugMetadata', task ':app:compileFlutterBuildDebug', task ':app:packJniLibsflutterBuildDebug', task ':cloud_firestore:preBuild', task ':cloud_firestore:preDebugBuild', task ':cloud_firestore:writeDebugAarMetadata', task ':firebase_core:preBuild', task ':firebase_core:preDebugBuild', task ':firebase_core:writeDebugAarMetadata', task ':flutter_local_notifications:preBuild', task ':flutter_local_notifications:preDebugBuild', task ':flutter_local_notifications:writeDebugAarMetadata', task ':google_mobile_ads:preBuild', task ':google_mobile_ads:preDebugBuild', task ':google_mobile_ads:writeDebugAarMetadata', task ':path_provider_android:preBuild', task ':path_provider_android:preDebugBuild', task ':path_provider_android:writeDebugAarMetadata', task ':webview_flutter_android:preBuild', task ':webview_flutter_android:preDebugBuild', task ':webview_flutter_android:writeDebugAarMetadata', task ':app:checkDebugAarMetadata', task ':app:cleanMergeDebugAssets', task ':app:mergeDebugShaders', task ':app:compileDebugShaders', task ':app:generateDebugAssets', task ':cloud_firestore:mergeDebugShaders', task ':cloud_firestore:compileDebugShaders', task ':cloud_firestore:generateDebugAssets', task ':cloud_firestore:packageDebugAssets', task ':firebase_core:mergeDebugShaders', task ':firebase_core:compileDebugShaders', task ':firebase_core:generateDebugAssets', task ':firebase_core:packageDebugAssets', task ':flutter_local_notifications:mergeDebugShaders', task ':flutter_local_notifications:compileDebugShaders', task ':flutter_local_notifications:generateDebugAssets', task ':flutter_local_notifications:packageDebugAssets', task ':google_mobile_ads:mergeDebugShaders', task ':google_mobile_ads:compileDebugShaders', task ':google_mobile_ads:generateDebugAssets', task ':google_mobile_ads:packageDebugAssets', task ':path_provider_android:mergeDebugShaders', task ':path_provider_android:compileDebugShaders', task ':path_provider_android:generateDebugAssets', task ':path_provider_android:packageDebugAssets', task ':webview_flutter_android:mergeDebugShaders', task ':webview_flutter_android:compileDebugShaders', task ':webview_flutter_android:generateDebugAssets', task ':webview_flutter_android:packageDebugAssets', task ':app:mergeDebugAssets', task ':app:copyFlutterAssetsDebug', task ':app:generateDebugResValues', task ':app:processDebugGoogleServices', task ':cloud_firestore:generateDebugResValues', task ':cloud_firestore:generateDebugResources', task ':cloud_firestore:packageDebugResources', task ':firebase_core:generateDebugResValues', task ':firebase_core:generateDebugResources', task ':firebase_core:packageDebugResources', task ':flutter_local_notifications:generateDebugResValues', task ':flutter_local_notifications:generateDebugResources', task ':flutter_local_notifications:packageDebugResources', task ':google_mobile_ads:generateDebugResValues', task ':google_mobile_ads:generateDebugResources', task ':google_mobile_ads:packageDebugResources', task ':path_provider_android:generateDebugResValues', task ':path_provider_android:generateDebugResources', task ':path_provider_android:packageDebugResources', task ':webview_flutter_android:generateDebugResValues', task ':webview_flutter_android:generateDebugResources', task ':webview_flutter_android:packageDebugResources', task ':app:mapDebugSourceSetPaths', task ':app:generateDebugResources', task ':app:mergeDebugResources', task ':app:packageDebugResources', task ':app:parseDebugLocalResources', task ':app:createDebugCompatibleScreenManifests', task ':app:extractDeepLinksDebug', task ':cloud_firestore:extractDeepLinksDebug', task ':cloud_firestore:processDebugManifest', task ':firebase_core:extractDeepLinksDebug', task ':firebase_core:processDebugManifest', task ':flutter_local_notifications:extractDeepLinksDebug', task ':flutter_local_notifications:processDebugManifest', task ':google_mobile_ads:extractDeepLinksDebug', task ':google_mobile_ads:processDebugManifest', task ':path_provider_android:extractDeepLinksDebug', task ':path_provider_android:processDebugManifest', task ':webview_flutter_android:extractDeepLinksDebug', task ':webview_flutter_android:processDebugManifest', task ':app:processDebugMainManifest', task ':app:processDebugManifest', task ':app:processDebugManifestForPackage', task ':cloud_firestore:compileDebugLibraryResources', task ':cloud_firestore:parseDebugLocalResources', task ':cloud_firestore:generateDebugRFile', task ':firebase_core:compileDebugLibraryResources', task ':firebase_core:parseDebugLocalResources', task ':firebase_core:generateDebugRFile', task ':flutter_local_notifications:compileDebugLibraryResources', task ':flutter_local_notifications:parseDebugLocalResources', task ':flutter_local_notifications:generateDebugRFile', task ':google_mobile_ads:compileDebugLibraryResources', task ':google_mobile_ads:parseDebugLocalResources', task ':google_mobile_ads:generateDebugRFile', task ':path_provider_android:compileDebugLibraryResources', task ':path_provider_android:parseDebugLocalResources', task ':path_provider_android:generateDebugRFile', task ':webview_flutter_android:compileDebugLibraryResources', task ':webview_flutter_android:parseDebugLocalResources', task ':webview_flutter_android:generateDebugRFile', task ':app:processDebugResources', task ':cloud_firestore:generateDebugBuildConfig', task ':cloud_firestore:javaPreCompileDebug', task ':firebase_core:generateDebugBuildConfig', task ':firebase_core:javaPreCompileDebug', task ':firebase_core:compileDebugJavaWithJavac', task ':firebase_core:bundleLibCompileToJarDebug', task ':cloud_firestore:compileDebugJavaWithJavac', task ':cloud_firestore:bundleLibCompileToJarDebug', task ':flutter_local_notifications:javaPreCompileDebug', task ':flutter_local_notifications:compileDebugJavaWithJavac', task ':flutter_local_notifications:bundleLibCompileToJarDebug', task ':google_mobile_ads:javaPreCompileDebug', task ':webview_flutter_android:compileDebugKotlin', task ':webview_flutter_android:javaPreCompileDebug', task ':webview_flutter_android:compileDebugJavaWithJavac', task ':webview_flutter_android:bundleLibCompileToJarDebug', task ':google_mobile_ads:compileDebugJavaWithJavac', task ':google_mobile_ads:bundleLibCompileToJarDebug', task ':path_provider_android:javaPreCompileDebug', task ':path_provider_android:compileDebugJavaWithJavac', task ':path_provider_android:bundleLibCompileToJarDebug', task ':app:compileDebugKotlin', task ':app:javaPreCompileDebug', task ':app:compileDebugJavaWithJavac', task ':app:compressDebugAssets', task ':app:processDebugJavaRes', task ':cloud_firestore:processDebugJavaRes', task ':firebase_core:processDebugJavaRes', task ':flutter_local_notifications:processDebugJavaRes', task ':google_mobile_ads:processDebugJavaRes', task ':path_provider_android:processDebugJavaRes', task ':webview_flutter_android:processDebugJavaRes', task ':app:mergeDebugJavaResource', task ':app:checkDebugDuplicateClasses', task ':app:desugarDebugFileDependencies', task ':app:mergeExtDexDebug', task ':cloud_firestore:bundleLibRuntimeToJarDebug', task ':firebase_core:bundleLibRuntimeToJarDebug', task ':flutter_local_notifications:bundleLibRuntimeToJarDebug', task ':google_mobile_ads:bundleLibRuntimeToJarDebug', task ':webview_flutter_android:bundleLibRuntimeToJarDebug', task ':path_provider_android:bundleLibRuntimeToJarDebug', task ':app:mergeLibDexDebug', task ':app:dexBuilderDebug', task ':app:mergeProjectDexDebug', task ':app:preProfileBuild', task ':app:configureCMakeDebug[arm64-v8a]', task ':app:buildCMakeDebug[arm64-v8a]', task ':app:configureCMakeDebug[armeabi-v7a]', task ':app:buildCMakeDebug[armeabi-v7a]', task ':app:configureCMakeDebug[x86]', task ':app:buildCMakeDebug[x86]', task ':app:configureCMakeDebug[x86_64]', task ':app:buildCMakeDebug[x86_64]', task ':app:mergeDebugJniLibFolders', task ':cloud_firestore:mergeDebugJniLibFolders', task ':cloud_firestore:mergeDebugNativeLibs', task ':cloud_firestore:copyDebugJniLibsProjectOnly', task ':firebase_core:mergeDebugJniLibFolders', task ':firebase_core:mergeDebugNativeLibs', task ':firebase_core:copyDebugJniLibsProjectOnly', task ':flutter_local_notifications:mergeDebugJniLibFolders', task ':flutter_local_notifications:mergeDebugNativeLibs', task ':flutter_local_notifications:copyDebugJniLibsProjectOnly', task ':google_mobile_ads:mergeDebugJniLibFolders', task ':google_mobile_ads:mergeDebugNativeLibs', task ':google_mobile_ads:copyDebugJniLibsProjectOnly', task ':path_provider_android:mergeDebugJniLibFolders', task ':path_provider_android:mergeDebugNativeLibs', task ':path_provider_android:copyDebugJniLibsProjectOnly', task ':webview_flutter_android:mergeDebugJniLibFolders', task ':webview_flutter_android:mergeDebugNativeLibs', task ':webview_flutter_android:copyDebugJniLibsProjectOnly', task ':app:mergeDebugNativeLibs', task ':app:stripDebugDebugSymbols', task ':app:validateSigningDebug', task ':app:writeDebugAppMetadata', task ':app:writeDebugSigningConfigVersions', task ':app:packageDebug', task ':app:createDebugApkListingFileRedirect', task ':app:assembleDebug', task ':cloud_firestore:stripDebugDebugSymbols', task ':cloud_firestore:copyDebugJniLibsProjectAndLocalJars', task ':cloud_firestore:extractDebugAnnotations', task ':cloud_firestore:extractDeepLinksForAarDebug', task ':cloud_firestore:mergeDebugGeneratedProguardFiles', task ':cloud_firestore:mergeDebugConsumerProguardFiles', task ':cloud_firestore:prepareDebugArtProfile', task ':cloud_firestore:prepareLintJarForPublish', task ':cloud_firestore:mergeDebugJavaResource', task ':cloud_firestore:syncDebugLibJars', task ':cloud_firestore:bundleDebugAar', task ':cloud_firestore:assembleDebug', task ':firebase_core:stripDebugDebugSymbols', task ':firebase_core:copyDebugJniLibsProjectAndLocalJars', task ':firebase_core:extractDebugAnnotations', task ':firebase_core:extractDeepLinksForAarDebug', task ':firebase_core:mergeDebugGeneratedProguardFiles', task ':firebase_core:mergeDebugConsumerProguardFiles', task ':firebase_core:prepareDebugArtProfile', task ':firebase_core:prepareLintJarForPublish', task ':firebase_core:mergeDebugJavaResource', task ':firebase_core:syncDebugLibJars', task ':firebase_core:bundleDebugAar', task ':firebase_core:assembleDebug', task ':flutter_local_notifications:stripDebugDebugSymbols', task ':flutter_local_notifications:copyDebugJniLibsProjectAndLocalJars', task ':flutter_local_notifications:extractDebugAnnotations', task ':flutter_local_notifications:extractDeepLinksForAarDebug', task ':flutter_local_notifications:mergeDebugGeneratedProguardFiles', task ':flutter_local_notifications:mergeDebugConsumerProguardFiles', task ':flutter_local_notifications:prepareDebugArtProfile', task ':flutter_local_notifications:prepareLintJarForPublish', task ':flutter_local_notifications:mergeDebugJavaResource', task ':flutter_local_notifications:syncDebugLibJars', task ':flutter_local_notifications:bundleDebugAar', task ':flutter_local_notifications:assembleDebug', task ':google_mobile_ads:stripDebugDebugSymbols', task ':google_mobile_ads:copyDebugJniLibsProjectAndLocalJars', task ':google_mobile_ads:extractDebugAnnotations', task ':google_mobile_ads:extractDeepLinksForAarDebug', task ':google_mobile_ads:mergeDebugGeneratedProguardFiles', task ':google_mobile_ads:mergeDebugConsumerProguardFiles', task ':google_mobile_ads:prepareDebugArtProfile', task ':google_mobile_ads:prepareLintJarForPublish', task ':google_mobile_ads:mergeDebugJavaResource', task ':google_mobile_ads:syncDebugLibJars', task ':google_mobile_ads:bundleDebugAar', task ':google_mobile_ads:assembleDebug', task ':path_provider_android:stripDebugDebugSymbols', task ':path_provider_android:copyDebugJniLibsProjectAndLocalJars', task ':path_provider_android:extractDebugAnnotations', task ':path_provider_android:extractDeepLinksForAarDebug', task ':path_provider_android:mergeDebugGeneratedProguardFiles', task ':path_provider_android:mergeDebugConsumerProguardFiles', task ':path_provider_android:prepareDebugArtProfile', task ':path_provider_android:prepareLintJarForPublish', task ':path_provider_android:mergeDebugJavaResource', task ':path_provider_android:syncDebugLibJars', task ':path_provider_android:bundleDebugAar', task ':path_provider_android:assembleDebug', task ':webview_flutter_android:stripDebugDebugSymbols', task ':webview_flutter_android:copyDebugJniLibsProjectAndLocalJars', task ':webview_flutter_android:extractDebugAnnotations', task ':webview_flutter_android:extractDeepLinksForAarDebug', task ':webview_flutter_android:mergeDebugGeneratedProguardFiles', task ':webview_flutter_android:mergeDebugConsumerProguardFiles', task ':webview_flutter_android:prepareDebugArtProfile', task ':webview_flutter_android:prepareLintJarForPublish', task ':webview_flutter_android:mergeDebugJavaResource', task ':webview_flutter_android:syncDebugLibJars', task ':webview_flutter_android:bundleDebugAar', task ':webview_flutter_android:assembleDebug']
[        ] Tasks that were excluded: []
[        ] work action Parameters of DexingWithClasspathTransform (Thread[Execution worker Thread 6,5,main]) started.
[        ] Resolve mutations for :app:preBuild (Thread[Execution worker Thread 6,5,main]) started.
[        ] :app:preBuild (Thread[Execution worker Thread 6,5,main]) started.
[  +90 ms] > Task :app:preBuild UP-TO-DATE
[        ] Skipping task ':app:preBuild' as it has no actions.
[        ] Resolve mutations for :app:preDebugBuild (Thread[Execution worker Thread 6,5,main]) started.
[        ] :app:preDebugBuild (Thread[Execution worker Thread 6,5,main]) started.
[        ] > Task :app:preDebugBuild UP-TO-DATE
[        ] Skipping task ':app:preDebugBuild' as it has no actions.
[        ] Resolve mutations for :app:mergeDebugNativeDebugMetadata (Thread[Execution worker Thread 6,5,main]) started.
[        ] :app:mergeDebugNativeDebugMetadata (Thread[Execution worker Thread 6,5,main]) started.
[        ] > Task :app:mergeDebugNativeDebugMetadata NO-SOURCE
[        ] Skipping task ':app:mergeDebugNativeDebugMetadata' as it has no source files and no previous output files.
[        ] Resolve mutations for :app:compileFlutterBuildDebug (Thread[Execution worker Thread 6,5,main]) started.
[        ] :app:compileFlutterBuildDebug (Thread[Execution worker Thread 6,5,main]) started.
[+2007 ms] > Task :app:compileFlutterBuildDebug
[        ] Caching disabled for task ':app:compileFlutterBuildDebug' because:
[        ]   Build cache is disabled
[        ]   Caching has not been enabled for the task
[        ] Task ':app:compileFlutterBuildDebug' is not up-to-date because:
[        ]   Value of input property 'verbose' has changed for task ':app:compileFlutterBuildDebug'
[        ] Starting process 'command 'C:\src\flutter\bin\flutter.bat''. Working directory: C:\Users\ardaa\StudioProjects\sigara Command: C:\src\flutter\bin\flutter.bat --verbose assemble --no-version-check --depfile C:\Users\ardaa\StudioProjects\sigara\build\app\intermediates\flutter\debug/flutter_build.d --output C:\Users\ardaa\StudioProjects\sigara\build\app\intermediates\flutter\debug -dTargetFile=lib\main.dart -dTargetPlatform=android -dBuildMode=debug -dTrackWidgetCreation=true -dFlavor= -dAndroidArchs=android-arm android-arm64 android-x86 android-x64 -dMinSdkVersion=23 debug_android_application
[        ] Successfully started process 'command 'C:\src\flutter\bin\flutter.bat''
[        ] [ +306 ms] Artifact Instance of 'AndroidGenSnapshotArtifacts' is not required, skipping update.
[        ] [        ] Artifact Instance of 'AndroidInternalBuildArtifacts' is not required, skipping update.
[        ] [        ] Artifact Instance of 'IOSEngineArtifacts' is not required, skipping update.
[        ] [        ] Artifact Instance of 'FlutterWebSdk' is not required, skipping update.
[        ] [        ] Artifact Instance of 'LegacyCanvasKitRemover' is not required, skipping update.
[        ] [   +3 ms] Artifact Instance of 'WindowsEngineArtifacts' is not required, skipping update.
[        ] [        ] Artifact Instance of 'MacOSEngineArtifacts' is not required, skipping update.
[        ] [        ] Artifact Instance of 'LinuxEngineArtifacts' is not required, skipping update.
[        ] [        ] Artifact Instance of 'LinuxFuchsiaSDKArtifacts' is not required, skipping update.
[        ] [        ] Artifact Instance of 'MacOSFuchsiaSDKArtifacts' is not required, skipping update.
[        ] [        ] Artifact Instance of 'FlutterRunnerSDKArtifacts' is not required, skipping update.
[        ] [        ] Artifact Instance of 'FlutterRunnerDebugSymbols' is not required, skipping update.
[        ] [  +81 ms] Artifact Instance of 'MaterialFonts' is not required, skipping update.
[        ] [        ] Artifact Instance of 'GradleWrapper' is not required, skipping update.
[        ] [   +3 ms] Artifact Instance of 'AndroidInternalBuildArtifacts' is not required, skipping update.
[        ] [        ] Artifact Instance of 'IOSEngineArtifacts' is not required, skipping update.
[        ] [        ] Artifact Instance of 'FlutterWebSdk' is not required, skipping update.
[        ] [        ] Artifact Instance of 'LegacyCanvasKitRemover' is not required, skipping update.
[        ] [        ] Artifact Instance of 'FlutterSdk' is not required, skipping update.
[        ] [        ] Artifact Instance of 'WindowsEngineArtifacts' is not required, skipping update.
[        ] [        ] Artifact Instance of 'MacOSEngineArtifacts' is not required, skipping update.
[        ] [        ] Artifact Instance of 'LinuxEngineArtifacts' is not required, skipping update.
[        ] [        ] Artifact Instance of 'LinuxFuchsiaSDKArtifacts' is not required, skipping update.
[        ] [        ] Artifact Instance of 'MacOSFuchsiaSDKArtifacts' is not required, skipping update.
[        ] [        ] Artifact Instance of 'FlutterRunnerSDKArtifacts' is not required, skipping update.
[        ] [        ] Artifact Instance of 'FlutterRunnerDebugSymbols' is not required, skipping update.
[        ] [        ] Artifact Instance of 'IosUsbArtifacts' is not required, skipping update.
[        ] [        ] Artifact Instance of 'IosUsbArtifacts' is not required, skipping update.
[        ] [        ] Artifact Instance of 'IosUsbArtifacts' is not required, skipping update.
[        ] [        ] Artifact Instance of 'IosUsbArtifacts' is not required, skipping update.
[        ] [        ] Artifact Instance of 'IosUsbArtifacts' is not required, skipping update.
[        ] [        ] Artifact Instance of 'FontSubsetArtifacts' is not required, skipping update.
[        ] [        ] Artifact Instance of 'PubDependencies' is not required, skipping update.
[        ] [  +63 ms] Initializing file store
[        ] [  +14 ms] Done initializing file store
[        ] [  +55 ms] Skipping target: gen_localizations
[        ] [   +7 ms] Skipping target: gen_dart_plugin_registrant
[ +386 ms] [ +767 ms] Skipping target: kernel_snapshot_program
[        ] [   +5 ms] Skipping target: dart_build
[        ] [        ] Skipping target: install_code_assets
[ +310 ms] [ +261 ms] Skipping target: debug_android_application
[        ] [        ] Persisting file store
[        ] [   +8 ms] Done persisting file store
[        ] [   +6 ms] build succeeded.
[        ] [  +12 ms] "flutter assemble" took 1.361ms.
[        ] [  +39 ms] Running 1 shutdown hook
[        ] [   +1 ms] Shutdown hooks complete
[ +201 ms] [ +202 ms] exiting with code 0
[  +93 ms] Resolve mutations for :app:packJniLibsflutterBuildDebug (Thread[Execution worker Thread 6,5,main]) started.
[        ] :app:packJniLibsflutterBuildDebug (Thread[Execution worker Thread 6,5,main]) started.
[        ] > Task :app:packJniLibsflutterBuildDebug UP-TO-DATE
[        ] Caching disabled for task ':app:packJniLibsflutterBuildDebug' because:
[        ]   Build cache is disabled
[        ]   Not worth caching
[        ] Skipping task ':app:packJniLibsflutterBuildDebug' as it is up-to-date.
[        ] work action org.gradle.api.internal.artifacts.transform.DefaultTransformUpstreamDependenciesResolver$FinalizeTransformDependenciesFromSelectedArtifacts$CalculateFinalDependencies@2ab241a0 (Thread[Execution worker Thread 6,5,main]) started.
[  +94 ms] work action Dependencies for project :firebase_core {artifactType=android-classes-jar, dexing-component-attributes=ComponentSpecificParameters(minSdkVersion=23, debuggable=true, enableCoreLibraryDesugaring=false, enableGlobalSynthetics=false, enableApiModeling=false, dependenciesClassesAreInstrumented=false, asmTransformComponent=null, useJacocoTransformInstrumentation=false, enableDesugaring=true, needsClasspath=true, useFullClasspath=false, componentIfUsingFullClasspath=null)} (Thread[Execution worker Thread 6,5,main]) started.
[        ] Transforming kotlinx-coroutines-core-jvm-1.9.0.jar (org.jetbrains.kotlinx:kotlinx-coroutines-core-jvm:1.9.0) with JetifyTransform
[        ] Transforming kotlinx-coroutines-core-jvm-1.9.0.jar (org.jetbrains.kotlinx:kotlinx-coroutines-core-jvm:1.9.0) with IdentityTransform
[        ] Transforming annotations-23.0.0.jar (org.jetbrains:annotations:23.0.0) with JetifyTransform
[        ] Transforming annotations-23.0.0.jar (org.jetbrains:annotations:23.0.0) with IdentityTransform
[        ] Transforming kotlin-stdlib-jdk7-1.8.22.jar (org.jetbrains.kotlin:kotlin-stdlib-jdk7:1.8.22) with JetifyTransform
[        ] Transforming listenablefuture-9999.0-empty-to-avoid-conflict-with-guava.jar (com.google.guava:listenablefuture:9999.0-empty-to-avoid-conflict-with-guava) with JetifyTransform
[        ] Transforming kotlin-stdlib-jdk7-1.8.22.jar (org.jetbrains.kotlin:kotlin-stdlib-jdk7:1.8.22) with IdentityTransform
[        ] Transforming listenablefuture-9999.0-empty-to-avoid-conflict-with-guava.jar (com.google.guava:listenablefuture:9999.0-empty-to-avoid-conflict-with-guava) with IdentityTransform
[        ] Transforming firebase-common-22.0.1.aar (com.google.firebase:firebase-common:22.0.1) with JetifyTransform
[        ] Transforming firebase-common-22.0.1.aar (com.google.firebase:firebase-common:22.0.1) with JetifyTransform
[        ] Transforming javax.inject-1.jar (javax.inject:javax.inject:1) with JetifyTransform
[        ] Transforming firebase-common-22.0.1.aar (com.google.firebase:firebase-common:22.0.1) with AarToClassTransform
[        ] Transforming firebase-common-22.0.1.aar (com.google.firebase:firebase-common:22.0.1) with AarToClassTransform
[        ] Transforming javax.inject-1.jar (javax.inject:javax.inject:1) with IdentityTransform
[        ] Transforming datastore-preferences-proto-1.1.7.jar (androidx.datastore:datastore-preferences-proto:1.1.7) with JetifyTransform
[        ] Transforming datastore-preferences-proto-1.1.7.jar (androidx.datastore:datastore-preferences-proto:1.1.7) with IdentityTransform
[        ] Transforming fragment-1.7.1.aar (androidx.fragment:fragment:1.7.1) with JetifyTransform
[        ] Transforming fragment-1.7.1.aar (androidx.fragment:fragment:1.7.1) with AarToClassTransform
[        ] Transforming loader-1.0.0.aar (androidx.loader:loader:1.0.0) with JetifyTransform
[        ] Transforming loader-1.0.0.aar (androidx.loader:loader:1.0.0) with AarToClassTransform
[        ] Transforming activity-1.8.1.aar (androidx.activity:activity:1.8.1) with JetifyTransform
[        ] Transforming activity-1.8.1.aar (androidx.activity:activity:1.8.1) with AarToClassTransform
[        ] Transforming fragment-1.7.1.aar (androidx.fragment:fragment:1.7.1) with JetifyTransform
[        ] Transforming fragment-1.7.1.aar (androidx.fragment:fragment:1.7.1) with JetifyTransform
[        ] Transforming fragment-1.7.1.aar (androidx.fragment:fragment:1.7.1) with AarToClassTransform
[        ] Transforming fragment-1.7.1.aar (androidx.fragment:fragment:1.7.1) with AarToClassTransform
[        ] Transforming flutter_embedding_debug-1.0.0-18b71d647a292a980abb405ac7d16fe1f0b20434.jar (io.flutter:flutter_embedding_debug:1.0.0-18b71d647a292a980abb405ac7d16fe1f0b20434) with JetifyTransform
[        ] Transforming flutter_embedding_debug-1.0.0-18b71d647a292a980abb405ac7d16fe1f0b20434.jar (io.flutter:flutter_embedding_debug:1.0.0-18b71d647a292a980abb405ac7d16fe1f0b20434) with IdentityTransform
[        ] Transforming lifecycle-livedata-2.7.0.aar (androidx.lifecycle:lifecycle-livedata:2.7.0) with JetifyTransform
[        ] Transforming lifecycle-livedata-2.7.0.aar (androidx.lifecycle:lifecycle-livedata:2.7.0) with AarToClassTransform
[        ] Transforming lifecycle-viewmodel-savedstate-2.7.0.aar (androidx.lifecycle:lifecycle-viewmodel-savedstate:2.7.0) with JetifyTransform
[        ] Transforming lifecycle-viewmodel-savedstate-2.7.0.aar (androidx.lifecycle:lifecycle-viewmodel-savedstate:2.7.0) with AarToClassTransform
[        ] Transforming lifecycle-viewmodel-2.7.0.aar (androidx.lifecycle:lifecycle-viewmodel:2.7.0) with JetifyTransform
[        ] Transforming lifecycle-viewmodel-2.7.0.aar (androidx.lifecycle:lifecycle-viewmodel:2.7.0) with AarToClassTransform
[        ] Transforming lifecycle-livedata-2.7.0.aar (androidx.lifecycle:lifecycle-livedata:2.7.0) with JetifyTransform
[        ] Transforming lifecycle-livedata-2.7.0.aar (androidx.lifecycle:lifecycle-livedata:2.7.0) with AarToClassTransform
[        ] Transforming lifecycle-viewmodel-2.7.0.aar (androidx.lifecycle:lifecycle-viewmodel:2.7.0) with JetifyTransform
[        ] Transforming lifecycle-viewmodel-2.7.0.aar (androidx.lifecycle:lifecycle-viewmodel:2.7.0) with AarToClassTransform
[        ] Transforming window-1.2.0.aar (androidx.window:window:1.2.0) with JetifyTransform
[        ] Transforming window-1.2.0.aar (androidx.window:window:1.2.0) with AarToClassTransform
[        ] Transforming lifecycle-livedata-core-ktx-2.7.0.aar (androidx.lifecycle:lifecycle-livedata-core-ktx:2.7.0) with JetifyTransform
[        ] Transforming lifecycle-livedata-core-ktx-2.7.0.aar (androidx.lifecycle:lifecycle-livedata-core-ktx:2.7.0) with AarToClassTransform
[        ] Transforming kotlinx-coroutines-play-services-1.9.0.jar (org.jetbrains.kotlinx:kotlinx-coroutines-play-services:1.9.0) with JetifyTransform
[        ] Transforming kotlinx-coroutines-play-services-1.9.0.jar (org.jetbrains.kotlinx:kotlinx-coroutines-play-services:1.9.0) with IdentityTransform
[        ] Transforming window-java-1.2.0.aar (androidx.window:window-java:1.2.0) with JetifyTransform
[        ] Transforming window-java-1.2.0.aar (androidx.window:window-java:1.2.0) with AarToClassTransform
[        ] Transforming datastore-core-okio-jvm-1.1.7.jar (androidx.datastore:datastore-core-okio-jvm:1.1.7) with JetifyTransform
[        ] Transforming datastore-core-okio-jvm-1.1.7.jar (androidx.datastore:datastore-core-okio-jvm:1.1.7) with IdentityTransform
[        ] Transforming lifecycle-livedata-core-2.7.0.aar (androidx.lifecycle:lifecycle-livedata-core:2.7.0) with JetifyTransform
[        ] Transforming lifecycle-livedata-core-2.7.0.aar (androidx.lifecycle:lifecycle-livedata-core:2.7.0) with AarToClassTransform
[        ] Transforming datastore-preferences-external-protobuf-1.1.7.jar (androidx.datastore:datastore-preferences-external-protobuf:1.1.7) with JetifyTransform
[        ] Transforming datastore-preferences-external-protobuf-1.1.7.jar (androidx.datastore:datastore-preferences-external-protobuf:1.1.7) with IdentityTransform
[        ] Transforming datastore-core-release.aar (androidx.datastore:datastore-core-android:1.1.7) with JetifyTransform
[        ] Transforming datastore-core-release.aar (androidx.datastore:datastore-core-android:1.1.7) with AarToClassTransform
[        ] Transforming kotlinx-coroutines-android-1.9.0.jar (org.jetbrains.kotlinx:kotlinx-coroutines-android:1.9.0) with JetifyTransform
[        ] Transforming kotlinx-coroutines-android-1.9.0.jar (org.jetbrains.kotlinx:kotlinx-coroutines-android:1.9.0) with IdentityTransform
[        ] Transforming datastore-preferences-release.aar (androidx.datastore:datastore-preferences-android:1.1.7) with JetifyTransform
[        ] Transforming datastore-preferences-release.aar (androidx.datastore:datastore-preferences-android:1.1.7) with AarToClassTransform
[        ] Transforming play-services-basement-18.9.0.aar (com.google.android.gms:play-services-basement:18.9.0) with JetifyTransform
[        ] Transforming play-services-basement-18.9.0.aar (com.google.android.gms:play-services-basement:18.9.0) with JetifyTransform
[        ] Transforming play-services-basement-18.9.0.aar (com.google.android.gms:play-services-basement:18.9.0) with JetifyTransform
[        ] Transforming play-services-basement-18.9.0.aar (com.google.android.gms:play-services-basement:18.9.0) with AarToClassTransform
[        ] Transforming play-services-tasks-18.4.0.aar (com.google.android.gms:play-services-tasks:18.4.0) with JetifyTransform
[        ] Transforming play-services-tasks-18.4.0.aar (com.google.android.gms:play-services-tasks:18.4.0) with JetifyTransform
[        ] Transforming play-services-basement-18.9.0.aar (com.google.android.gms:play-services-basement:18.9.0) with JetifyTransform
[        ] Transforming play-services-tasks-18.4.0.aar (com.google.android.gms:play-services-tasks:18.4.0) with JetifyTransform
[        ] Transforming play-services-tasks-18.4.0.aar (com.google.android.gms:play-services-tasks:18.4.0) with JetifyTransform
[        ] Transforming play-services-tasks-18.4.0.aar (com.google.android.gms:play-services-tasks:18.4.0) with JetifyTransform
[        ] Transforming play-services-tasks-18.4.0.aar (com.google.android.gms:play-services-tasks:18.4.0) with AarToClassTransform
[        ] Transforming play-services-tasks-18.4.0.aar (com.google.android.gms:play-services-tasks:18.4.0) with JetifyTransform
[        ] Transforming play-services-tasks-18.4.0.aar (com.google.android.gms:play-services-tasks:18.4.0) with JetifyTransform
[        ] Transforming play-services-tasks-18.4.0.aar (com.google.android.gms:play-services-tasks:18.4.0) with AarToClassTransform
[        ] Transforming play-services-tasks-18.4.0.aar (com.google.android.gms:play-services-tasks:18.4.0) with JetifyTransform
[        ] Transforming play-services-basement-18.9.0.aar (com.google.android.gms:play-services-basement:18.9.0) with AarToClassTransform
[        ] Transforming play-services-basement-18.9.0.aar (com.google.android.gms:play-services-basement:18.9.0) with AarToClassTransform
[        ] Transforming play-services-basement-18.9.0.aar (com.google.android.gms:play-services-basement:18.9.0) with JetifyTransform
[        ] Transforming play-services-basement-18.9.0.aar (com.google.android.gms:play-services-basement:18.9.0) with JetifyTransform
[        ] Transforming viewpager-1.0.0.aar (androidx.viewpager:viewpager:1.0.0) with JetifyTransform
[        ] Transforming play-services-tasks-18.4.0.aar (com.google.android.gms:play-services-tasks:18.4.0) with AarToClassTransform
[        ] Transforming play-services-tasks-18.4.0.aar (com.google.android.gms:play-services-tasks:18.4.0) with AarToClassTransform
[        ] Transforming core-ktx-1.13.1.aar (androidx.core:core-ktx:1.13.1) with JetifyTransform
[        ] Transforming datastore-release.aar (androidx.datastore:datastore-android:1.1.7) with JetifyTransform
[        ] Transforming core-ktx-1.13.1.aar (androidx.core:core-ktx:1.13.1) with AarToClassTransform
[        ] Transforming play-services-tasks-18.4.0.aar (com.google.android.gms:play-services-tasks:18.4.0) with AarToClassTransform
[        ] Transforming play-services-tasks-18.4.0.aar (com.google.android.gms:play-services-tasks:18.4.0) with AarToClassTransform
[        ] Transforming play-services-tasks-18.4.0.aar (com.google.android.gms:play-services-tasks:18.4.0) with AarToClassTransform
[        ] Transforming customview-1.0.0.aar (androidx.customview:customview:1.0.0) with JetifyTransform
[        ] Transforming datastore-preferences-core-release.aar (androidx.datastore:datastore-preferences-core-android:1.1.7) with JetifyTransform
[        ] Transforming play-services-tasks-18.4.0.aar (com.google.android.gms:play-services-tasks:18.4.0) with AarToClassTransform
[        ] Transforming play-services-basement-18.9.0.aar (com.google.android.gms:play-services-basement:18.9.0) with AarToClassTransform
[        ] Transforming datastore-preferences-core-release.aar (androidx.datastore:datastore-preferences-core-android:1.1.7) with AarToClassTransform
[        ] Transforming core-1.13.1.aar (androidx.core:core:1.13.1) with JetifyTransform
[        ] Transforming customview-1.0.0.aar (androidx.customview:customview:1.0.0) with AarToClassTransform
[        ] Transforming customview-1.0.0.aar (androidx.customview:customview:1.0.0) with JetifyTransform
[        ] Transforming datastore-release.aar (androidx.datastore:datastore-android:1.1.7) with AarToClassTransform
[        ] Transforming viewpager-1.0.0.aar (androidx.viewpager:viewpager:1.0.0) with AarToClassTransform
[        ] Transforming core-1.13.1.aar (androidx.core:core:1.13.1) with JetifyTransform
[        ] Transforming core-1.13.1.aar (androidx.core:core:1.13.1) with JetifyTransform
[        ] Transforming core-1.13.1.aar (androidx.core:core:1.13.1) with AarToClassTransform
[        ] Transforming core-1.13.1.aar (androidx.core:core:1.13.1) with AarToClassTransform
[        ] Transforming play-services-basement-18.9.0.aar (com.google.android.gms:play-services-basement:18.9.0) with AarToClassTransform
[        ] Transforming play-services-basement-18.9.0.aar (com.google.android.gms:play-services-basement:18.9.0) with AarToClassTransform
[        ] Transforming lifecycle-runtime-2.7.0.aar (androidx.lifecycle:lifecycle-runtime:2.7.0) with JetifyTransform
[        ] Transforming core-1.13.1.aar (androidx.core:core:1.13.1) with JetifyTransform
[        ] Transforming lifecycle-common-2.7.0.jar (androidx.lifecycle:lifecycle-common:2.7.0) with JetifyTransform
[        ] Transforming core-1.13.1.aar (androidx.core:core:1.13.1) with JetifyTransform
[        ] Transforming core-1.13.1.aar (androidx.core:core:1.13.1) with JetifyTransform
[        ] Transforming core-1.13.1.aar (androidx.core:core:1.13.1) with JetifyTransform
[        ] Transforming lifecycle-common-java8-2.7.0.jar (androidx.lifecycle:lifecycle-common-java8:2.7.0) with JetifyTransform
[        ] Transforming core-1.13.1.aar (androidx.core:core:1.13.1) with JetifyTransform
[        ] Transforming core-1.13.1.aar (androidx.core:core:1.13.1) with JetifyTransform
[        ] Transforming core-1.13.1.aar (androidx.core:core:1.13.1) with JetifyTransform
[        ] Transforming customview-1.0.0.aar (androidx.customview:customview:1.0.0) with AarToClassTransform
[        ] Transforming core-1.13.1.aar (androidx.core:core:1.13.1) with AarToClassTransform
[        ] Transforming savedstate-1.2.1.aar (androidx.savedstate:savedstate:1.2.1) with JetifyTransform
[        ] Transforming core-1.13.1.aar (androidx.core:core:1.13.1) with AarToClassTransform
[        ] Transforming core-1.13.1.aar (androidx.core:core:1.13.1) with AarToClassTransform
[        ] Transforming lifecycle-process-2.7.0.aar (androidx.lifecycle:lifecycle-process:2.7.0) with JetifyTransform
[        ] Transforming core-1.13.1.aar (androidx.core:core:1.13.1) with AarToClassTransform
[        ] Transforming lifecycle-common-java8-2.7.0.jar (androidx.lifecycle:lifecycle-common-java8:2.7.0) with IdentityTransform
[        ] Transforming core-1.13.1.aar (androidx.core:core:1.13.1) with AarToClassTransform
[        ] Transforming core-1.13.1.aar (androidx.core:core:1.13.1) with AarToClassTransform
[        ] Transforming core-1.13.1.aar (androidx.core:core:1.13.1) with AarToClassTransform
[        ] Transforming lifecycle-common-2.7.0.jar (androidx.lifecycle:lifecycle-common:2.7.0) with IdentityTransform
[        ] Transforming core-1.13.1.aar (androidx.core:core:1.13.1) with AarToClassTransform
[        ] Transforming lifecycle-runtime-2.7.0.aar (androidx.lifecycle:lifecycle-runtime:2.7.0) with AarToClassTransform
[        ] Transforming tracing-1.2.0.aar (androidx.tracing:tracing:1.2.0) with JetifyTransform
[        ] Transforming profileinstaller-1.3.1.aar (androidx.profileinstaller:profileinstaller:1.3.1) with JetifyTransform
[        ] Transforming lifecycle-process-2.7.0.aar (androidx.lifecycle:lifecycle-process:2.7.0) with AarToClassTransform
[        ] Transforming savedstate-1.2.1.aar (androidx.savedstate:savedstate:1.2.1) with AarToClassTransform
[        ] Transforming profileinstaller-1.3.1.aar (androidx.profileinstaller:profileinstaller:1.3.1) with AarToClassTransform
[        ] Transforming tracing-1.2.0.aar (androidx.tracing:tracing:1.2.0) with AarToClassTransform
[        ] Transforming startup-runtime-1.1.1.aar (androidx.startup:startup-runtime:1.1.1) with JetifyTransform
[        ] Transforming startup-runtime-1.1.1.aar (androidx.startup:startup-runtime:1.1.1) with AarToClassTransform
[        ] Transforming collection-1.1.0.jar (androidx.collection:collection:1.1.0) with JetifyTransform
[        ] Transforming collection-1.1.0.jar (androidx.collection:collection:1.1.0) with IdentityTransform
[        ] Transforming versionedparcelable-1.1.1.aar (androidx.versionedparcelable:versionedparcelable:1.1.1) with JetifyTransform
[        ] Transforming versionedparcelable-1.1.1.aar (androidx.versionedparcelable:versionedparcelable:1.1.1) with AarToClassTransform
[        ] Transforming concurrent-futures-1.1.0.jar (androidx.concurrent:concurrent-futures:1.1.0) with JetifyTransform
[        ] Transforming concurrent-futures-1.1.0.jar (androidx.concurrent:concurrent-futures:1.1.0) with IdentityTransform
[        ] Transforming annotation-experimental-1.4.1.aar (androidx.annotation:annotation-experimental:1.4.1) with JetifyTransform
[        ] Transforming annotation-experimental-1.4.1.aar (androidx.annotation:annotation-experimental:1.4.1) with AarToClassTransform
[        ] Transforming annotation-jvm-1.9.1.jar (androidx.annotation:annotation-jvm:1.9.1) with JetifyTransform
[        ] Transforming annotation-jvm-1.9.1.jar (androidx.annotation:annotation-jvm:1.9.1) with IdentityTransform
[        ] Transforming relinker-1.4.5.aar (com.getkeepsafe.relinker:relinker:1.4.5) with JetifyTransform
[        ] Transforming relinker-1.4.5.aar (com.getkeepsafe.relinker:relinker:1.4.5) with AarToClassTransform
[        ] Transforming kotlin-stdlib-jdk8-1.8.22.jar (org.jetbrains.kotlin:kotlin-stdlib-jdk8:1.8.22) with JetifyTransform
[        ] Transforming kotlin-stdlib-jdk8-1.8.22.jar (org.jetbrains.kotlin:kotlin-stdlib-jdk8:1.8.22) with IdentityTransform
[        ] Transforming core-runtime-2.2.0.aar (androidx.arch.core:core-runtime:2.2.0) with JetifyTransform
[        ] Transforming core-runtime-2.2.0.aar (androidx.arch.core:core-runtime:2.2.0) with AarToClassTransform
[        ] Transforming core-common-2.2.0.jar (androidx.arch.core:core-common:2.2.0) with JetifyTransform
[        ] Transforming core-common-2.2.0.jar (androidx.arch.core:core-common:2.2.0) with IdentityTransform
[        ] Transforming kotlin-stdlib-2.0.21.jar (org.jetbrains.kotlin:kotlin-stdlib:2.0.21) with JetifyTransform
[        ] work action org.gradle.api.internal.artifacts.transform.DefaultTransformUpstreamDependenciesResolver$FinalizeTransformDependenciesFromSelectedArtifacts$CalculateFinalDependencies@4e5ba7f3 (Thread[Execution worker Thread 5,5,main]) started.
[        ] Transforming kotlin-stdlib-2.0.21.jar (org.jetbrains.kotlin:kotlin-stdlib:2.0.21) with IdentityTransform
[        ] Transforming firebase-components-19.0.0.aar (com.google.firebase:firebase-components:19.0.0) with JetifyTransform
[        ] Transforming kotlin-android-extensions-runtime-1.9.22.jar (org.jetbrains.kotlin:kotlin-android-extensions-runtime:1.9.22) with JetifyTransform
[        ] Transforming firebase-components-19.0.0.aar (com.google.firebase:firebase-components:19.0.0) with JetifyTransform
[        ] Transforming kotlin-android-extensions-runtime-1.9.22.jar (org.jetbrains.kotlin:kotlin-android-extensions-runtime:1.9.22) with IdentityTransform
[        ] Transforming firebase-components-19.0.0.aar (com.google.firebase:firebase-components:19.0.0) with AarToClassTransform
[        ] Transforming core-1.0.0.aar (androidx.window.extensions.core:core:1.0.0) with JetifyTransform
[        ] Transforming firebase-components-19.0.0.aar (com.google.firebase:firebase-components:19.0.0) with AarToClassTransform
[        ] Transforming core-1.0.0.aar (androidx.window.extensions.core:core:1.0.0) with AarToClassTransform
[        ] Transforming okio-jvm-3.4.0.jar (com.squareup.okio:okio-jvm:3.4.0) with JetifyTransform
[        ] Transforming okio-jvm-3.4.0.jar (com.squareup.okio:okio-jvm:3.4.0) with IdentityTransform
[        ] work action Dependencies for project :flutter_local_notifications {artifactType=android-classes-jar, dexing-component-attributes=ComponentSpecificParameters(minSdkVersion=23, debuggable=true, enableCoreLibraryDesugaring=false, enableGlobalSynthetics=false, enableApiModeling=false, dependenciesClassesAreInstrumented=false, asmTransformComponent=null, useJacocoTransformInstrumentation=false, enableDesugaring=true, needsClasspath=true, useFullClasspath=false, componentIfUsingFullClasspath=null)} (Thread[Execution worker Thread 5,5,main]) started.
[        ] Transforming interpolator-1.0.0.aar (androidx.interpolator:interpolator:1.0.0) with JetifyTransform
[        ] Transforming interpolator-1.0.0.aar (androidx.interpolator:interpolator:1.0.0) with JetifyTransform
[        ] Transforming interpolator-1.0.0.aar (androidx.interpolator:interpolator:1.0.0) with AarToClassTransform
[        ] Transforming interpolator-1.0.0.aar (androidx.interpolator:interpolator:1.0.0) with AarToClassTransform
[        ] Transforming core-runtime-2.2.0.aar (androidx.arch.core:core-runtime:2.2.0) with JetifyTransform
[        ] Transforming core-runtime-2.2.0.aar (androidx.arch.core:core-runtime:2.2.0) with AarToClassTransform
[        ] Transforming core-runtime-2.2.0.aar (androidx.arch.core:core-runtime:2.2.0) with JetifyTransform
[        ] Transforming core-runtime-2.2.0.aar (androidx.arch.core:core-runtime:2.2.0) with AarToClassTransform
[        ] Transforming kotlin-parcelize-runtime-1.9.22.jar (org.jetbrains.kotlin:kotlin-parcelize-runtime:1.9.22) with JetifyTransform
[        ] Transforming kotlin-parcelize-runtime-1.9.22.jar (org.jetbrains.kotlin:kotlin-parcelize-runtime:1.9.22) with IdentityTransform
[        ] Transforming firebase-annotations-17.0.0.jar (com.google.firebase:firebase-annotations:17.0.0) with JetifyTransform
[        ] Transforming firebase-annotations-17.0.0.jar (com.google.firebase:firebase-annotations:17.0.0) with IdentityTransform
[        ] Transforming error_prone_annotations-2.36.0.jar (com.google.errorprone:error_prone_annotations:2.36.0) with JetifyTransform
[        ] Transforming error_prone_annotations-2.36.0.jar (com.google.errorprone:error_prone_annotations:2.36.0) with JetifyTransform
[        ] Transforming error_prone_annotations-2.36.0.jar (com.google.errorprone:error_prone_annotations:2.36.0) with IdentityTransform
[        ] Transforming error_prone_annotations-2.36.0.jar (com.google.errorprone:error_prone_annotations:2.36.0) with IdentityTransform
[        ] Transforming media-1.1.0.aar (androidx.media:media:1.1.0) with JetifyTransform
[        ] Transforming media-1.1.0.aar (androidx.media:media:1.1.0) with AarToClassTransform
[        ] Transforming gson-2.12.0.jar (com.google.code.gson:gson:2.12.0) with JetifyTransform
[        ] Transforming gson-2.12.0.jar (com.google.code.gson:gson:2.12.0) with IdentityTransform
[        ] work action org.gradle.api.internal.artifacts.transform.DefaultTransformUpstreamDependenciesResolver$FinalizeTransformDependenciesFromSelectedArtifacts$CalculateFinalDependencies@55fbad1d (Thread[Execution worker Thread 5,5,main]) started.
[        ] work action Dependencies for project :path_provider_android {artifactType=android-classes-jar, dexing-component-attributes=ComponentSpecificParameters(minSdkVersion=23, debuggable=true, enableCoreLibraryDesugaring=false, enableGlobalSynthetics=false, enableApiModeling=false, dependenciesClassesAreInstrumented=false, asmTransformComponent=null, useJacocoTransformInstrumentation=false, enableDesugaring=true, needsClasspath=true, useFullClasspath=false, componentIfUsingFullClasspath=null)} (Thread[Execution worker Thread 5,5,main]) started.
[        ] work action org.gradle.api.internal.artifacts.transform.DefaultTransformUpstreamDependenciesResolver$FinalizeTransformDependenciesFromSelectedArtifacts$CalculateFinalDependencies@6b07496f (Thread[Execution worker Thread 5,5,main]) started.
[  +98 ms] work action Dependencies for project :webview_flutter_android {artifactType=android-classes-jar, dexing-component-attributes=ComponentSpecificParameters(minSdkVersion=23, debuggable=true, enableCoreLibraryDesugaring=false, enableGlobalSynthetics=false, enableApiModeling=false, dependenciesClassesAreInstrumented=false, asmTransformComponent=null, useJacocoTransformInstrumentation=false, enableDesugaring=true, needsClasspath=true, useFullClasspath=false, componentIfUsingFullClasspath=null)} (Thread[Execution worker Thread 5,5,main]) started.
[        ] Transforming webkit-1.14.0.aar (androidx.webkit:webkit:1.14.0) with JetifyTransform
[        ] Transforming webkit-1.14.0.aar (androidx.webkit:webkit:1.14.0) with AarToClassTransform
[        ] Resolve mutations for :cloud_firestore:preBuild (Thread[Execution worker Thread 4,5,main]) started.
[        ] Transforming webkit-1.14.0.aar (androidx.webkit:webkit:1.14.0) with JetifyTransform
[        ] Transforming webkit-1.14.0.aar (androidx.webkit:webkit:1.14.0) with AarToClassTransform
[        ] Transforming jspecify-1.0.0.jar (org.jspecify:jspecify:1.0.0) with JetifyTransform
[        ] :cloud_firestore:preBuild (Thread[Execution worker Thread 7,5,main]) started.
[        ] Transforming jspecify-1.0.0.jar (org.jspecify:jspecify:1.0.0) with IdentityTransform
[        ] > Task :cloud_firestore:preBuild UP-TO-DATE
[        ] Skipping task ':cloud_firestore:preBuild' as it has no actions.
[        ] Resolve mutations for :cloud_firestore:preDebugBuild (Thread[Execution worker Thread 7,5,main]) started.
[        ] :cloud_firestore:preDebugBuild (Thread[Execution worker Thread 7,5,main]) started.
[        ] > Task :cloud_firestore:preDebugBuild UP-TO-DATE
[        ] Skipping task ':cloud_firestore:preDebugBuild' as it has no actions.
[        ] Resolve mutations for :cloud_firestore:writeDebugAarMetadata (Thread[Execution worker Thread 7,5,main]) started.
[        ] :cloud_firestore:writeDebugAarMetadata (Thread[Execution worker Thread 7,5,main]) started.
[        ] > Task :cloud_firestore:writeDebugAarMetadata UP-TO-DATE
[        ] Caching disabled for task ':cloud_firestore:writeDebugAarMetadata' because:
[        ]   Build cache is disabled
[        ]   Caching has been disabled for the task
[        ] Skipping task ':cloud_firestore:writeDebugAarMetadata' as it is up-to-date.
[        ] work action resolve aar-metadata.properties (project :cloud_firestore) (Thread[Execution worker Thread 7,5,main]) started.
[        ] Resolve mutations for :firebase_core:preBuild (Thread[Execution worker Thread 10,5,main]) started.
[        ] :firebase_core:preBuild (Thread[Execution worker Thread 15,5,main]) started.
[        ] > Task :firebase_core:preBuild UP-TO-DATE
[        ] Skipping task ':firebase_core:preBuild' as it has no actions.
[        ] Resolve mutations for :firebase_core:preDebugBuild (Thread[Execution worker Thread 15,5,main]) started.
[        ] :firebase_core:preDebugBuild (Thread[Execution worker Thread 3,5,main]) started.
[        ] > Task :firebase_core:preDebugBuild UP-TO-DATE
[        ] Skipping task ':firebase_core:preDebugBuild' as it has no actions.
[        ] Resolve mutations for :firebase_core:writeDebugAarMetadata (Thread[Execution worker Thread 3,5,main]) started.
[        ] :firebase_core:writeDebugAarMetadata (Thread[Execution worker Thread 3,5,main]) started.
[        ] > Task :firebase_core:writeDebugAarMetadata UP-TO-DATE
[        ] Caching disabled for task ':firebase_core:writeDebugAarMetadata' because:
[        ]   Build cache is disabled
[        ]   Caching has been disabled for the task
[        ] Skipping task ':firebase_core:writeDebugAarMetadata' as it is up-to-date.
[        ] work action resolve aar-metadata.properties (project :firebase_core) (Thread[Execution worker Thread 3,5,main]) started.
[        ] Resolve mutations for :flutter_local_notifications:preBuild (Thread[Execution worker Thread 8,5,main]) started.
[        ] :flutter_local_notifications:preBuild (Thread[Execution worker Thread 8,5,main]) started.
[        ] > Task :flutter_local_notifications:preBuild UP-TO-DATE
[        ] Skipping task ':flutter_local_notifications:preBuild' as it has no actions.
[        ] Resolve mutations for :flutter_local_notifications:preDebugBuild (Thread[Execution worker Thread 8,5,main]) started.
[        ] :flutter_local_notifications:preDebugBuild (Thread[Execution worker Thread 8,5,main]) started.
[        ] > Task :flutter_local_notifications:preDebugBuild UP-TO-DATE
[        ] Skipping task ':flutter_local_notifications:preDebugBuild' as it has no actions.
[        ] Resolve mutations for :flutter_local_notifications:writeDebugAarMetadata (Thread[Execution worker Thread 8,5,main]) started.
[        ] :flutter_local_notifications:writeDebugAarMetadata (Thread[Execution worker Thread 8,5,main]) started.
[        ] > Task :flutter_local_notifications:writeDebugAarMetadata UP-TO-DATE
[        ] Caching disabled for task ':flutter_local_notifications:writeDebugAarMetadata' because:
[        ]   Build cache is disabled
[        ]   Caching has been disabled for the task
[        ] Skipping task ':flutter_local_notifications:writeDebugAarMetadata' as it is up-to-date.
[        ] work action resolve aar-metadata.properties (project :flutter_local_notifications) (Thread[Execution worker Thread 8,5,main]) started.
[        ] Resolve mutations for :google_mobile_ads:preBuild (Thread[Execution worker Thread 8,5,main]) started.
[        ] :google_mobile_ads:preBuild (Thread[Execution worker Thread 8,5,main]) started.
[        ] > Task :google_mobile_ads:preBuild UP-TO-DATE
[        ] Skipping task ':google_mobile_ads:preBuild' as it has no actions.
[        ] Resolve mutations for :google_mobile_ads:preDebugBuild (Thread[Execution worker Thread 8,5,main]) started.
[        ] :google_mobile_ads:preDebugBuild (Thread[Execution worker Thread 13,5,main]) started.
[        ] > Task :google_mobile_ads:preDebugBuild UP-TO-DATE
[        ] Skipping task ':google_mobile_ads:preDebugBuild' as it has no actions.
[        ] Resolve mutations for :google_mobile_ads:writeDebugAarMetadata (Thread[Execution worker Thread 13,5,main]) started.
[        ] :google_mobile_ads:writeDebugAarMetadata (Thread[Execution worker Thread 13,5,main]) started.
[        ] > Task :google_mobile_ads:writeDebugAarMetadata UP-TO-DATE
[        ] Caching disabled for task ':google_mobile_ads:writeDebugAarMetadata' because:
[        ]   Build cache is disabled
[        ]   Caching has been disabled for the task
[        ] Skipping task ':google_mobile_ads:writeDebugAarMetadata' as it is up-to-date.
[        ] work action resolve aar-metadata.properties (project :google_mobile_ads) (Thread[Execution worker Thread 13,5,main]) started.
[        ] Resolve mutations for :path_provider_android:preBuild (Thread[Execution worker Thread 13,5,main]) started.
[        ] :path_provider_android:preBuild (Thread[Execution worker Thread 6,5,main]) started.
[        ] > Task :path_provider_android:preBuild UP-TO-DATE
[        ] Skipping task ':path_provider_android:preBuild' as it has no actions.
[        ] Resolve mutations for :path_provider_android:preDebugBuild (Thread[Execution worker Thread 6,5,main]) started.
[        ] :path_provider_android:preDebugBuild (Thread[Execution worker Thread 6,5,main]) started.
[        ] > Task :path_provider_android:preDebugBuild UP-TO-DATE
[        ] Skipping task ':path_provider_android:preDebugBuild' as it has no actions.
[        ] Resolve mutations for :path_provider_android:writeDebugAarMetadata (Thread[Execution worker Thread 6,5,main]) started.
[        ] :path_provider_android:writeDebugAarMetadata (Thread[Execution worker Thread 6,5,main]) started.
[        ] > Task :path_provider_android:writeDebugAarMetadata UP-TO-DATE
[        ] Caching disabled for task ':path_provider_android:writeDebugAarMetadata' because:
[        ]   Build cache is disabled
[        ]   Caching has been disabled for the task
[        ] Skipping task ':path_provider_android:writeDebugAarMetadata' as it is up-to-date.
[        ] work action resolve aar-metadata.properties (project :path_provider_android) (Thread[Execution worker Thread 6,5,main]) started.
[        ] Resolve mutations for :webview_flutter_android:preBuild (Thread[Execution worker Thread 6,5,main]) started.
[        ] :webview_flutter_android:preBuild (Thread[Execution worker Thread 6,5,main]) started.
[        ] > Task :webview_flutter_android:preBuild UP-TO-DATE
[        ] Skipping task ':webview_flutter_android:preBuild' as it has no actions.
[        ] Resolve mutations for :webview_flutter_android:preDebugBuild (Thread[Execution worker Thread 6,5,main]) started.
[        ] :webview_flutter_android:preDebugBuild (Thread[Execution worker,5,main]) started.
[        ] > Task :webview_flutter_android:preDebugBuild UP-TO-DATE
[        ] Skipping task ':webview_flutter_android:preDebugBuild' as it has no actions.
[        ] Resolve mutations for :webview_flutter_android:writeDebugAarMetadata (Thread[Execution worker,5,main]) started.
[        ] :webview_flutter_android:writeDebugAarMetadata (Thread[Execution worker,5,main]) started.
[        ] > Task :webview_flutter_android:writeDebugAarMetadata UP-TO-DATE
[        ] Caching disabled for task ':webview_flutter_android:writeDebugAarMetadata' because:
[        ]   Build cache is disabled
[        ]   Caching has been disabled for the task
[        ] Skipping task ':webview_flutter_android:writeDebugAarMetadata' as it is up-to-date.
[        ] work action resolve aar-metadata.properties (project :webview_flutter_android) (Thread[Execution worker,5,main]) started.
[        ] Resolve mutations for :app:checkDebugAarMetadata (Thread[Execution worker,5,main]) started.
[        ] :app:checkDebugAarMetadata (Thread[Execution worker,5,main]) started.
[        ] Resolve mutations for :app:cleanMergeDebugAssets (Thread[Execution worker Thread 7,5,main]) started.
[        ] :app:cleanMergeDebugAssets (Thread[Execution worker Thread 7,5,main]) started.
[        ] > Task :app:cleanMergeDebugAssets UP-TO-DATE
[        ] Caching disabled for task ':app:cleanMergeDebugAssets' because:
[        ]   Build cache is disabled
[        ] Task ':app:cleanMergeDebugAssets' is not up-to-date because:
[        ]   Task has not declared any outputs despite executing actions.
[        ] Resolve mutations for :app:mergeDebugShaders (Thread[Execution worker Thread 7,5,main]) started.
[        ] :app:mergeDebugShaders (Thread[Execution worker Thread 7,5,main]) started.
[        ] > Task :app:mergeDebugShaders UP-TO-DATE
[        ] Caching disabled for task ':app:mergeDebugShaders' because:
[        ]   Build cache is disabled
[        ]   Simple merging task
[        ] Skipping task ':app:mergeDebugShaders' as it is up-to-date.
[        ] Resolve mutations for :app:compileDebugShaders (Thread[Execution worker Thread 7,5,main]) started.
[        ] :app:compileDebugShaders (Thread[Execution worker Thread 7,5,main]) started.
[        ] > Task :app:compileDebugShaders NO-SOURCE
[        ] Skipping task ':app:compileDebugShaders' as it has no source files and no previous output files.
[        ] Resolve mutations for :app:generateDebugAssets (Thread[Execution worker Thread 7,5,main]) started.
[        ] :app:generateDebugAssets (Thread[Execution worker Thread 7,5,main]) started.
[        ] > Task :app:generateDebugAssets UP-TO-DATE
[        ] Skipping task ':app:generateDebugAssets' as it has no actions.
[        ] Resolve mutations for :cloud_firestore:mergeDebugShaders (Thread[Execution worker Thread 7,5,main]) started.
[        ] :cloud_firestore:mergeDebugShaders (Thread[Execution worker Thread 7,5,main]) started.
[        ] > Task :cloud_firestore:mergeDebugShaders UP-TO-DATE
[        ] Caching disabled for task ':cloud_firestore:mergeDebugShaders' because:
[        ]   Build cache is disabled
[        ]   Simple merging task
[        ] Skipping task ':cloud_firestore:mergeDebugShaders' as it is up-to-date.
[        ] Resolve mutations for :cloud_firestore:compileDebugShaders (Thread[Execution worker Thread 7,5,main]) started.
[        ] :cloud_firestore:compileDebugShaders (Thread[Execution worker Thread 7,5,main]) started.
[        ] > Task :cloud_firestore:compileDebugShaders NO-SOURCE
[        ] Skipping task ':cloud_firestore:compileDebugShaders' as it has no source files and no previous output files.
[        ] Resolve mutations for :cloud_firestore:generateDebugAssets (Thread[Execution worker Thread 7,5,main]) started.
[        ] :cloud_firestore:generateDebugAssets (Thread[Execution worker Thread 7,5,main]) started.
[        ] > Task :cloud_firestore:generateDebugAssets UP-TO-DATE
[        ] Skipping task ':cloud_firestore:generateDebugAssets' as it has no actions.
[        ] Resolve mutations for :cloud_firestore:packageDebugAssets (Thread[Execution worker Thread 5,5,main]) started.
[        ] :cloud_firestore:packageDebugAssets (Thread[Execution worker Thread 5,5,main]) started.
[  +82 ms] > Task :app:checkDebugAarMetadata FAILED
[        ] Transforming firebase-common-22.0.1.aar (com.google.firebase:firebase-common:22.0.1) with JetifyTransform
[        ] Transforming firebase-common-22.0.1.aar (com.google.firebase:firebase-common:22.0.1) with ExtractAarTransform
[        ] Transforming firebase-common-22.0.1.aar (com.google.firebase:firebase-common:22.0.1) with AarTransform
[        ] Transforming firebase-firestore-26.1.0.aar (com.google.firebase:firebase-firestore:26.1.0) with JetifyTransform
[        ] Transforming firebase-common-22.0.1.aar (com.google.firebase:firebase-common:22.0.1) with JetifyTransform
[        ] Transforming firebase-firestore-26.1.0.aar (com.google.firebase:firebase-firestore:26.1.0) with ExtractAarTransform
[        ] Transforming firebase-common-22.0.1.aar (com.google.firebase:firebase-common:22.0.1) with ExtractAarTransform
[        ] Transforming firebase-firestore-26.1.0.aar (com.google.firebase:firebase-firestore:26.1.0) with AarTransform
[        ] Transforming firebase-common-22.0.1.aar (com.google.firebase:firebase-common:22.0.1) with AarTransform
[        ] Transforming media-1.1.0.aar (androidx.media:media:1.1.0) with JetifyTransform
[        ] Transforming media-1.1.0.aar (androidx.media:media:1.1.0) with ExtractAarTransform
[        ] Transforming media-1.1.0.aar (androidx.media:media:1.1.0) with AarTransform
[        ] Transforming webkit-1.14.0.aar (androidx.webkit:webkit:1.14.0) with JetifyTransform
[        ] Transforming webkit-1.14.0.aar (androidx.webkit:webkit:1.14.0) with ExtractAarTransform
[        ] Transforming webkit-1.14.0.aar (androidx.webkit:webkit:1.14.0) with AarTransform
[        ] Transforming webkit-1.14.0.aar (androidx.webkit:webkit:1.14.0) with JetifyTransform
[        ] Transforming webkit-1.14.0.aar (androidx.webkit:webkit:1.14.0) with ExtractAarTransform
[        ] Transforming webkit-1.14.0.aar (androidx.webkit:webkit:1.14.0) with AarTransform
[        ] Transforming window-1.2.0.aar (androidx.window:window:1.2.0) with JetifyTransform
[        ] Transforming play-services-ads-24.1.0.aar (com.google.android.gms:play-services-ads:24.1.0) with JetifyTransform
[        ] Transforming window-1.2.0.aar (androidx.window:window:1.2.0) with ExtractAarTransform
[        ] Transforming play-services-ads-24.1.0.aar (com.google.android.gms:play-services-ads:24.1.0) with ExtractAarTransform
[        ] Transforming constraintlayout-2.1.4.aar (androidx.constraintlayout:constraintlayout:2.1.4) with JetifyTransform
[        ] Transforming play-services-ads-24.1.0.aar (com.google.android.gms:play-services-ads:24.1.0) with AarTransform
[        ] Transforming window-1.2.0.aar (androidx.window:window:1.2.0) with AarTransform
[        ] Transforming constraintlayout-2.1.4.aar (androidx.constraintlayout:constraintlayout:2.1.4) with ExtractAarTransform
[        ] Transforming window-java-1.2.0.aar (androidx.window:window-java:1.2.0) with JetifyTransform
[        ] Transforming constraintlayout-2.1.4.aar (androidx.constraintlayout:constraintlayout:2.1.4) with AarTransform
[        ] Transforming window-java-1.2.0.aar (androidx.window:window-java:1.2.0) with ExtractAarTransform
[        ] Transforming window-java-1.2.0.aar (androidx.window:window-java:1.2.0) with AarTransform
[        ] Transforming datastore-core-release.aar (androidx.datastore:datastore-core-android:1.1.7) with JetifyTransform
[        ] Transforming datastore-core-release.aar (androidx.datastore:datastore-core-android:1.1.7) with ExtractAarTransform
[        ] Transforming datastore-core-release.aar (androidx.datastore:datastore-core-android:1.1.7) with AarTransform
[        ] Transforming datastore-preferences-core-release.aar (androidx.datastore:datastore-preferences-core-android:1.1.7) with JetifyTransform
[        ] Transforming datastore-preferences-core-release.aar (androidx.datastore:datastore-preferences-core-android:1.1.7) with ExtractAarTransform
[        ] Transforming browser-1.8.0.aar (androidx.browser:browser:1.8.0) with JetifyTransform
[        ] Transforming datastore-preferences-core-release.aar (androidx.datastore:datastore-preferences-core-android:1.1.7) with AarTransform
[        ] Transforming browser-1.8.0.aar (androidx.browser:browser:1.8.0) with JetifyTransform
[        ] Transforming datastore-release.aar (androidx.datastore:datastore-android:1.1.7) with JetifyTransform
[        ] Transforming browser-1.8.0.aar (androidx.browser:browser:1.8.0) with ExtractAarTransform
[        ] Transforming datastore-release.aar (androidx.datastore:datastore-android:1.1.7) with ExtractAarTransform
[        ] Transforming appcompat-1.2.0.aar (androidx.appcompat:appcompat:1.2.0) with JetifyTransform
[        ] Transforming browser-1.8.0.aar (androidx.browser:browser:1.8.0) with ExtractAarTransform
[        ] Transforming appcompat-1.2.0.aar (androidx.appcompat:appcompat:1.2.0) with ExtractAarTransform
[        ] Transforming user-messaging-platform-3.2.0.aar (com.google.android.ump:user-messaging-platform:3.2.0) with JetifyTransform
[        ] Transforming datastore-release.aar (androidx.datastore:datastore-android:1.1.7) with AarTransform
[        ] Transforming browser-1.8.0.aar (androidx.browser:browser:1.8.0) with AarTransform
[        ] Transforming datastore-preferences-release.aar (androidx.datastore:datastore-preferences-android:1.1.7) with JetifyTransform
[        ] Transforming user-messaging-platform-3.2.0.aar (com.google.android.ump:user-messaging-platform:3.2.0) with ExtractAarTransform
[        ] Transforming appcompat-1.2.0.aar (androidx.appcompat:appcompat:1.2.0) with AarTransform
[        ] Transforming user-messaging-platform-3.2.0.aar (com.google.android.ump:user-messaging-platform:3.2.0) with JetifyTransform
[        ] Transforming browser-1.8.0.aar (androidx.browser:browser:1.8.0) with AarTransform
[        ] Transforming user-messaging-platform-3.2.0.aar (com.google.android.ump:user-messaging-platform:3.2.0) with ExtractAarTransform
[        ] Transforming user-messaging-platform-3.2.0.aar (com.google.android.ump:user-messaging-platform:3.2.0) with AarTransform
[        ] Transforming play-services-ads-base-24.1.0.aar (com.google.android.gms:play-services-ads-base:24.1.0) with JetifyTransform
[        ] Transforming play-services-ads-base-24.1.0.aar (com.google.android.gms:play-services-ads-base:24.1.0) with JetifyTransform
[        ] Transforming datastore-preferences-release.aar (androidx.datastore:datastore-preferences-android:1.1.7) with ExtractAarTransform
[        ] Transforming play-services-ads-base-24.1.0.aar (com.google.android.gms:play-services-ads-base:24.1.0) with ExtractAarTransform
[        ] Transforming datastore-preferences-release.aar (androidx.datastore:datastore-preferences-android:1.1.7) with AarTransform
[        ] Transforming play-services-ads-identifier-18.0.0.aar (com.google.android.gms:play-services-ads-identifier:18.0.0) with JetifyTransform
[        ] Transforming play-services-ads-base-24.1.0.aar (com.google.android.gms:play-services-ads-base:24.1.0) with ExtractAarTransform
[        ] Transforming user-messaging-platform-3.2.0.aar (com.google.android.ump:user-messaging-platform:3.2.0) with AarTransform
[        ] Transforming play-services-appset-16.0.1.aar (com.google.android.gms:play-services-appset:16.0.1) with JetifyTransform
[        ] Transforming play-services-ads-base-24.1.0.aar (com.google.android.gms:play-services-ads-base:24.1.0) with AarTransform
[        ] Transforming play-services-appset-16.0.1.aar (com.google.android.gms:play-services-appset:16.0.1) with ExtractAarTransform
[        ] Transforming fragment-1.7.1.aar (androidx.fragment:fragment:1.7.1) with JetifyTransform
[        ] Transforming play-services-appset-16.0.1.aar (com.google.android.gms:play-services-appset:16.0.1) with AarTransform
[        ] Transforming play-services-ads-identifier-18.0.0.aar (com.google.android.gms:play-services-ads-identifier:18.0.0) with ExtractAarTransform
[        ] Transforming play-services-ads-base-24.1.0.aar (com.google.android.gms:play-services-ads-base:24.1.0) with AarTransform
[        ] Transforming play-services-ads-identifier-18.0.0.aar (com.google.android.gms:play-services-ads-identifier:18.0.0) with AarTransform
[        ] Transforming play-services-ads-api-24.1.0.aar (com.google.android.gms:play-services-ads-api:24.1.0) with JetifyTransform
[        ] Transforming fragment-1.7.1.aar (androidx.fragment:fragment:1.7.1) with ExtractAarTransform
[        ] Transforming firebase-appcheck-interop-17.0.0.aar (com.google.firebase:firebase-appcheck-interop:17.0.0) with JetifyTransform
[        ] Transforming ads-adservices-java-1.0.0-beta05.aar (androidx.privacysandbox.ads:ads-adservices-java:1.0.0-beta05) with JetifyTransform
[        ] Transforming firebase-database-collection-18.0.1.aar (com.google.firebase:firebase-database-collection:18.0.1) with JetifyTransform
[        ] Transforming ads-adservices-java-1.0.0-beta05.aar (androidx.privacysandbox.ads:ads-adservices-java:1.0.0-beta05) with ExtractAarTransform
[        ] Transforming firebase-appcheck-interop-17.0.0.aar (com.google.firebase:firebase-appcheck-interop:17.0.0) with ExtractAarTransform
[        ] Transforming fragment-1.7.1.aar (androidx.fragment:fragment:1.7.1) with AarTransform
[        ] Transforming play-services-ads-api-24.1.0.aar (com.google.android.gms:play-services-ads-api:24.1.0) with ExtractAarTransform
[        ] Transforming fragment-1.7.1.aar (androidx.fragment:fragment:1.7.1) with JetifyTransform
[        ] Transforming play-services-ads-api-24.1.0.aar (com.google.android.gms:play-services-ads-api:24.1.0) with AarTransform
[        ] Transforming firebase-appcheck-interop-17.0.0.aar (com.google.firebase:firebase-appcheck-interop:17.0.0) with AarTransform
[        ] Transforming ads-adservices-java-1.0.0-beta05.aar (androidx.privacysandbox.ads:ads-adservices-java:1.0.0-beta05) with AarTransform
[        ] Transforming firebase-database-collection-18.0.1.aar (com.google.firebase:firebase-database-collection:18.0.1) with ExtractAarTransform
[        ] Transforming ads-adservices-1.0.0-beta05.aar (androidx.privacysandbox.ads:ads-adservices:1.0.0-beta05) with JetifyTransform
[        ] Transforming firebase-database-collection-18.0.1.aar (com.google.firebase:firebase-database-collection:18.0.1) with AarTransform
[        ] Transforming fragment-1.7.1.aar (androidx.fragment:fragment:1.7.1) with ExtractAarTransform
[        ] Transforming ads-adservices-1.0.0-beta05.aar (androidx.privacysandbox.ads:ads-adservices:1.0.0-beta05) with JetifyTransform
[        ] Transforming ads-adservices-1.0.0-beta05.aar (androidx.privacysandbox.ads:ads-adservices:1.0.0-beta05) with ExtractAarTransform
[        ] Transforming ads-adservices-1.0.0-beta05.aar (androidx.privacysandbox.ads:ads-adservices:1.0.0-beta05) with ExtractAarTransform
[        ] Transforming fragment-1.7.1.aar (androidx.fragment:fragment:1.7.1) with AarTransform
[        ] Transforming ads-adservices-1.0.0-beta05.aar (androidx.privacysandbox.ads:ads-adservices:1.0.0-beta05) with AarTransform
[        ] Transforming ads-adservices-1.0.0-beta05.aar (androidx.privacysandbox.ads:ads-adservices:1.0.0-beta05) with AarTransform
[        ] Transforming play-services-base-18.9.0.aar (com.google.android.gms:play-services-base:18.9.0) with JetifyTransform
[        ] Transforming play-services-base-18.9.0.aar (com.google.android.gms:play-services-base:18.9.0) with JetifyTransform
[        ] Transforming play-services-base-18.9.0.aar (com.google.android.gms:play-services-base:18.9.0) with JetifyTransform
[        ] Transforming loader-1.0.0.aar (androidx.loader:loader:1.0.0) with JetifyTransform
[        ] Transforming play-services-base-18.9.0.aar (com.google.android.gms:play-services-base:18.9.0) with JetifyTransform
[        ] Transforming loader-1.0.0.aar (androidx.loader:loader:1.0.0) with ExtractAarTransform
[        ] Transforming play-services-base-18.9.0.aar (com.google.android.gms:play-services-base:18.9.0) with ExtractAarTransform
[        ] Transforming play-services-base-18.9.0.aar (com.google.android.gms:play-services-base:18.9.0) with ExtractAarTransform
[        ] Transforming play-services-base-18.9.0.aar (com.google.android.gms:play-services-base:18.9.0) with ExtractAarTransform
[        ] Transforming play-services-base-18.9.0.aar (com.google.android.gms:play-services-base:18.9.0) with AarTransform
[        ] Transforming play-services-base-18.9.0.aar (com.google.android.gms:play-services-base:18.9.0) with AarTransform
[        ] Transforming loader-1.0.0.aar (androidx.loader:loader:1.0.0) with AarTransform
[        ] Transforming play-services-base-18.9.0.aar (com.google.android.gms:play-services-base:18.9.0) with ExtractAarTransform
[        ] Transforming activity-1.8.1.aar (androidx.activity:activity:1.8.1) with JetifyTransform
[        ] Transforming play-services-base-18.9.0.aar (com.google.android.gms:play-services-base:18.9.0) with AarTransform
[        ] Transforming activity-1.8.1.aar (androidx.activity:activity:1.8.1) with ExtractAarTransform
[        ] Transforming play-services-base-18.9.0.aar (com.google.android.gms:play-services-base:18.9.0) with AarTransform
[        ] Transforming activity-1.8.1.aar (androidx.activity:activity:1.8.1) with AarTransform
[        ] Transforming lifecycle-livedata-core-ktx-2.7.0.aar (androidx.lifecycle:lifecycle-livedata-core-ktx:2.7.0) with JetifyTransform
[        ] Transforming lifecycle-livedata-core-ktx-2.7.0.aar (androidx.lifecycle:lifecycle-livedata-core-ktx:2.7.0) with ExtractAarTransform
[        ] Transforming lifecycle-livedata-core-ktx-2.7.0.aar (androidx.lifecycle:lifecycle-livedata-core-ktx:2.7.0) with AarTransform
[        ] Transforming lifecycle-viewmodel-savedstate-2.7.0.aar (androidx.lifecycle:lifecycle-viewmodel-savedstate:2.7.0) with JetifyTransform
[        ] Transforming lifecycle-viewmodel-savedstate-2.7.0.aar (androidx.lifecycle:lifecycle-viewmodel-savedstate:2.7.0) with ExtractAarTransform
[        ] Transforming work-runtime-2.7.0.aar (androidx.work:work-runtime:2.7.0) with JetifyTransform
[        ] Transforming lifecycle-viewmodel-savedstate-2.7.0.aar (androidx.lifecycle:lifecycle-viewmodel-savedstate:2.7.0) with AarTransform
[        ] Transforming work-runtime-2.7.0.aar (androidx.work:work-runtime:2.7.0) with ExtractAarTransform
[        ] Transforming lifecycle-service-2.7.0.aar (androidx.lifecycle:lifecycle-service:2.7.0) with JetifyTransform
[        ] Transforming lifecycle-viewmodel-2.7.0.aar (androidx.lifecycle:lifecycle-viewmodel:2.7.0) with JetifyTransform
[        ] Transforming lifecycle-service-2.7.0.aar (androidx.lifecycle:lifecycle-service:2.7.0) with ExtractAarTransform
[        ] Transforming work-runtime-2.7.0.aar (androidx.work:work-runtime:2.7.0) with AarTransform
[        ] Transforming lifecycle-service-2.7.0.aar (androidx.lifecycle:lifecycle-service:2.7.0) with AarTransform
[        ] Transforming lifecycle-viewmodel-2.7.0.aar (androidx.lifecycle:lifecycle-viewmodel:2.7.0) with ExtractAarTransform
[        ] Transforming lifecycle-viewmodel-2.7.0.aar (androidx.lifecycle:lifecycle-viewmodel:2.7.0) with AarTransform
[        ] Transforming lifecycle-viewmodel-2.7.0.aar (androidx.lifecycle:lifecycle-viewmodel:2.7.0) with JetifyTransform
[        ] Transforming lifecycle-viewmodel-2.7.0.aar (androidx.lifecycle:lifecycle-viewmodel:2.7.0) with ExtractAarTransform
[        ] Transforming lifecycle-viewmodel-2.7.0.aar (androidx.lifecycle:lifecycle-viewmodel:2.7.0) with AarTransform
[        ] Transforming lifecycle-livedata-core-2.7.0.aar (androidx.lifecycle:lifecycle-livedata-core:2.7.0) with JetifyTransform
[        ] Transforming lifecycle-livedata-core-2.7.0.aar (androidx.lifecycle:lifecycle-livedata-core:2.7.0) with ExtractAarTransform
[        ] Transforming lifecycle-livedata-core-2.7.0.aar (androidx.lifecycle:lifecycle-livedata-core:2.7.0) with AarTransform
[        ] Transforming lifecycle-livedata-2.7.0.aar (androidx.lifecycle:lifecycle-livedata:2.7.0) with JetifyTransform
[        ] Transforming lifecycle-livedata-2.7.0.aar (androidx.lifecycle:lifecycle-livedata:2.7.0) with ExtractAarTransform
[        ] Transforming lifecycle-livedata-2.7.0.aar (androidx.lifecycle:lifecycle-livedata:2.7.0) with AarTransform
[        ] Transforming lifecycle-livedata-2.7.0.aar (androidx.lifecycle:lifecycle-livedata:2.7.0) with JetifyTransform
[        ] Transforming lifecycle-livedata-2.7.0.aar (androidx.lifecycle:lifecycle-livedata:2.7.0) with ExtractAarTransform
[        ] Transforming lifecycle-livedata-2.7.0.aar (androidx.lifecycle:lifecycle-livedata:2.7.0) with AarTransform
[        ] Transforming play-services-tasks-18.4.0.aar (com.google.android.gms:play-services-tasks:18.4.0) with JetifyTransform
[        ] Transforming play-services-tasks-18.4.0.aar (com.google.android.gms:play-services-tasks:18.4.0) with ExtractAarTransform
[        ] Transforming play-services-tasks-18.4.0.aar (com.google.android.gms:play-services-tasks:18.4.0) with AarTransform
[        ] Transforming play-services-tasks-18.4.0.aar (com.google.android.gms:play-services-tasks:18.4.0) with JetifyTransform
[        ] Transforming play-services-tasks-18.4.0.aar (com.google.android.gms:play-services-tasks:18.4.0) with ExtractAarTransform
[        ] Transforming play-services-tasks-18.4.0.aar (com.google.android.gms:play-services-tasks:18.4.0) with AarTransform
[        ] Transforming firebase-auth-interop-19.0.2.aar (com.google.firebase:firebase-auth-interop:19.0.2) with JetifyTransform
[        ] Transforming play-services-basement-18.9.0.aar (com.google.android.gms:play-services-basement:18.9.0) with JetifyTransform
[        ] Transforming firebase-auth-interop-19.0.2.aar (com.google.firebase:firebase-auth-interop:19.0.2) with ExtractAarTransform
[        ] Transforming play-services-basement-18.9.0.aar (com.google.android.gms:play-services-basement:18.9.0) with ExtractAarTransform
[        ] Transforming firebase-auth-interop-19.0.2.aar (com.google.firebase:firebase-auth-interop:19.0.2) with AarTransform
[        ] Transforming play-services-measurement-sdk-api-20.1.2.aar (com.google.android.gms:play-services-measurement-sdk-api:20.1.2) with JetifyTransform
[        ] Transforming play-services-basement-18.9.0.aar (com.google.android.gms:play-services-basement:18.9.0) with AarTransform
[        ] Transforming play-services-measurement-sdk-api-20.1.2.aar (com.google.android.gms:play-services-measurement-sdk-api:20.1.2) with ExtractAarTransform
[        ] Transforming play-services-measurement-base-20.1.2.aar (com.google.android.gms:play-services-measurement-base:20.1.2) with JetifyTransform
[        ] Transforming viewpager-1.0.0.aar (androidx.viewpager:viewpager:1.0.0) with JetifyTransform
[        ] Transforming play-services-measurement-base-20.1.2.aar (com.google.android.gms:play-services-measurement-base:20.1.2) with ExtractAarTransform
[        ] Transforming play-services-measurement-sdk-api-20.1.2.aar (com.google.android.gms:play-services-measurement-sdk-api:20.1.2) with AarTransform
[        ] Transforming play-services-measurement-base-20.1.2.aar (com.google.android.gms:play-services-measurement-base:20.1.2) with AarTransform
[        ] Transforming viewpager-1.0.0.aar (androidx.viewpager:viewpager:1.0.0) with ExtractAarTransform
[        ] Transforming viewpager-1.0.0.aar (androidx.viewpager:viewpager:1.0.0) with AarTransform
[        ] Transforming core-ktx-1.13.1.aar (androidx.core:core-ktx:1.13.1) with JetifyTransform
[        ] Transforming core-ktx-1.13.1.aar (androidx.core:core-ktx:1.13.1) with ExtractAarTransform
[        ] Transforming core-ktx-1.13.1.aar (androidx.core:core-ktx:1.13.1) with AarTransform
[        ] Transforming customview-1.0.0.aar (androidx.customview:customview:1.0.0) with JetifyTransform
[        ] Transforming customview-1.0.0.aar (androidx.customview:customview:1.0.0) with ExtractAarTransform
[        ] Transforming customview-1.0.0.aar (androidx.customview:customview:1.0.0) with AarTransform
[        ] Transforming core-1.13.1.aar (androidx.core:core:1.13.1) with JetifyTransform
[        ] Transforming core-1.13.1.aar (androidx.core:core:1.13.1) with ExtractAarTransform
[        ] Transforming core-1.13.1.aar (androidx.core:core:1.13.1) with AarTransform
[        ] Transforming appcompat-resources-1.2.0.aar (androidx.appcompat:appcompat-resources:1.2.0) with JetifyTransform
[        ] Transforming core-1.13.1.aar (androidx.core:core:1.13.1) with JetifyTransform
[        ] Transforming appcompat-resources-1.2.0.aar (androidx.appcompat:appcompat-resources:1.2.0) with ExtractAarTransform
[        ] Transforming core-1.13.1.aar (androidx.core:core:1.13.1) with ExtractAarTransform
[        ] Transforming appcompat-resources-1.2.0.aar (androidx.appcompat:appcompat-resources:1.2.0) with AarTransform
[        ] Transforming drawerlayout-1.0.0.aar (androidx.drawerlayout:drawerlayout:1.0.0) with JetifyTransform
[        ] Transforming core-1.13.1.aar (androidx.core:core:1.13.1) with AarTransform
[        ] Transforming drawerlayout-1.0.0.aar (androidx.drawerlayout:drawerlayout:1.0.0) with ExtractAarTransform
[        ] Transforming lifecycle-runtime-2.7.0.aar (androidx.lifecycle:lifecycle-runtime:2.7.0) with JetifyTransform
[        ] Transforming drawerlayout-1.0.0.aar (androidx.drawerlayout:drawerlayout:1.0.0) with AarTransform
[        ] Transforming vectordrawable-animated-1.1.0.aar (androidx.vectordrawable:vectordrawable-animated:1.1.0) with JetifyTransform
[        ] Transforming lifecycle-runtime-2.7.0.aar (androidx.lifecycle:lifecycle-runtime:2.7.0) with ExtractAarTransform
[        ] Transforming vectordrawable-animated-1.1.0.aar (androidx.vectordrawable:vectordrawable-animated:1.1.0) with ExtractAarTransform
[        ] Transforming lifecycle-runtime-2.7.0.aar (androidx.lifecycle:lifecycle-runtime:2.7.0) with AarTransform
[        ] Transforming vectordrawable-1.1.0.aar (androidx.vectordrawable:vectordrawable:1.1.0) with JetifyTransform
[        ] Transforming vectordrawable-1.1.0.aar (androidx.vectordrawable:vectordrawable:1.1.0) with JetifyTransform
[        ] Transforming vectordrawable-animated-1.1.0.aar (androidx.vectordrawable:vectordrawable-animated:1.1.0) with AarTransform
[        ] Transforming vectordrawable-1.1.0.aar (androidx.vectordrawable:vectordrawable:1.1.0) with ExtractAarTransform
[        ] Transforming vectordrawable-1.1.0.aar (androidx.vectordrawable:vectordrawable:1.1.0) with ExtractAarTransform
[        ] Transforming savedstate-1.2.1.aar (androidx.savedstate:savedstate:1.2.1) with JetifyTransform
[        ] Transforming vectordrawable-1.1.0.aar (androidx.vectordrawable:vectordrawable:1.1.0) with AarTransform
[        ] Transforming savedstate-1.2.1.aar (androidx.savedstate:savedstate:1.2.1) with ExtractAarTransform
[        ] Transforming vectordrawable-1.1.0.aar (androidx.vectordrawable:vectordrawable:1.1.0) with AarTransform
[        ] Transforming savedstate-1.2.1.aar (androidx.savedstate:savedstate:1.2.1) with AarTransform
[        ] Transforming lifecycle-process-2.7.0.aar (androidx.lifecycle:lifecycle-process:2.7.0) with JetifyTransform
[        ] Transforming lifecycle-process-2.7.0.aar (androidx.lifecycle:lifecycle-process:2.7.0) with ExtractAarTransform
[        ] Transforming lifecycle-process-2.7.0.aar (androidx.lifecycle:lifecycle-process:2.7.0) with AarTransform
[        ] Transforming profileinstaller-1.3.1.aar (androidx.profileinstaller:profileinstaller:1.3.1) with JetifyTransform
[        ] Transforming profileinstaller-1.3.1.aar (androidx.profileinstaller:profileinstaller:1.3.1) with ExtractAarTransform
[        ] Transforming profileinstaller-1.3.1.aar (androidx.profileinstaller:profileinstaller:1.3.1) with AarTransform
[        ] Transforming startup-runtime-1.1.1.aar (androidx.startup:startup-runtime:1.1.1) with JetifyTransform
[        ] Transforming startup-runtime-1.1.1.aar (androidx.startup:startup-runtime:1.1.1) with ExtractAarTransform
[        ] Transforming startup-runtime-1.1.1.aar (androidx.startup:startup-runtime:1.1.1) with AarTransform
[        ] Transforming tracing-1.2.0.aar (androidx.tracing:tracing:1.2.0) with JetifyTransform
[        ] Transforming tracing-1.2.0.aar (androidx.tracing:tracing:1.2.0) with ExtractAarTransform
[        ] Transforming tracing-1.2.0.aar (androidx.tracing:tracing:1.2.0) with AarTransform
[        ] Transforming firebase-components-19.0.0.aar (com.google.firebase:firebase-components:19.0.0) with JetifyTransform
[        ] Transforming firebase-components-19.0.0.aar (com.google.firebase:firebase-components:19.0.0) with ExtractAarTransform
[        ] Transforming firebase-components-19.0.0.aar (com.google.firebase:firebase-components:19.0.0) with AarTransform
[        ] Transforming interpolator-1.0.0.aar (androidx.interpolator:interpolator:1.0.0) with JetifyTransform
[        ] Transforming interpolator-1.0.0.aar (androidx.interpolator:interpolator:1.0.0) with ExtractAarTransform
[        ] Transforming interpolator-1.0.0.aar (androidx.interpolator:interpolator:1.0.0) with AarTransform
[        ] Transforming interpolator-1.0.0.aar (androidx.interpolator:interpolator:1.0.0) with JetifyTransform
[        ] Transforming interpolator-1.0.0.aar (androidx.interpolator:interpolator:1.0.0) with ExtractAarTransform
[        ] Transforming interpolator-1.0.0.aar (androidx.interpolator:interpolator:1.0.0) with AarTransform
[        ] Transforming versionedparcelable-1.1.1.aar (androidx.versionedparcelable:versionedparcelable:1.1.1) with JetifyTransform
[        ] Transforming versionedparcelable-1.1.1.aar (androidx.versionedparcelable:versionedparcelable:1.1.1) with ExtractAarTransform
[        ] Transforming versionedparcelable-1.1.1.aar (androidx.versionedparcelable:versionedparcelable:1.1.1) with AarTransform
[        ] Transforming core-runtime-2.2.0.aar (androidx.arch.core:core-runtime:2.2.0) with JetifyTransform
[        ] Transforming core-runtime-2.2.0.aar (androidx.arch.core:core-runtime:2.2.0) with ExtractAarTransform
[        ] Transforming core-runtime-2.2.0.aar (androidx.arch.core:core-runtime:2.2.0) with AarTransform
[        ] Transforming core-runtime-2.2.0.aar (androidx.arch.core:core-runtime:2.2.0) with JetifyTransform
[        ] Transforming core-runtime-2.2.0.aar (androidx.arch.core:core-runtime:2.2.0) with ExtractAarTransform
[        ] Transforming core-runtime-2.2.0.aar (androidx.arch.core:core-runtime:2.2.0) with AarTransform
[        ] Transforming room-runtime-2.2.5.aar (androidx.room:room-runtime:2.2.5) with JetifyTransform
[        ] Transforming core-1.0.0.aar (androidx.window.extensions.core:core:1.0.0) with JetifyTransform
[        ] Transforming room-runtime-2.2.5.aar (androidx.room:room-runtime:2.2.5) with ExtractAarTransform
[        ] Transforming core-1.0.0.aar (androidx.window.extensions.core:core:1.0.0) with ExtractAarTransform
[        ] Transforming room-runtime-2.2.5.aar (androidx.room:room-runtime:2.2.5) with AarTransform
[        ] Transforming core-1.0.0.aar (androidx.window.extensions.core:core:1.0.0) with AarTransform
[        ] Transforming annotation-experimental-1.4.1.aar (androidx.annotation:annotation-experimental:1.4.1) with JetifyTransform
[        ] Transforming annotation-experimental-1.4.1.aar (androidx.annotation:annotation-experimental:1.4.1) with ExtractAarTransform
[        ] Transforming annotation-experimental-1.4.1.aar (androidx.annotation:annotation-experimental:1.4.1) with AarTransform
[        ] Transforming relinker-1.4.5.aar (com.getkeepsafe.relinker:relinker:1.4.5) with JetifyTransform
[        ] Transforming relinker-1.4.5.aar (com.getkeepsafe.relinker:relinker:1.4.5) with ExtractAarTransform
[        ] Transforming relinker-1.4.5.aar (com.getkeepsafe.relinker:relinker:1.4.5) with AarTransform
[        ] Transforming cursoradapter-1.0.0.aar (androidx.cursoradapter:cursoradapter:1.0.0) with JetifyTransform
[        ] Transforming cursoradapter-1.0.0.aar (androidx.cursoradapter:cursoradapter:1.0.0) with ExtractAarTransform
[        ] Transforming cursoradapter-1.0.0.aar (androidx.cursoradapter:cursoradapter:1.0.0) with AarTransform
[        ] Transforming sqlite-framework-2.1.0.aar (androidx.sqlite:sqlite-framework:2.1.0) with JetifyTransform
[        ] Transforming sqlite-framework-2.1.0.aar (androidx.sqlite:sqlite-framework:2.1.0) with JetifyTransform
[        ] Transforming sqlite-framework-2.1.0.aar (androidx.sqlite:sqlite-framework:2.1.0) with ExtractAarTransform
[        ] Transforming sqlite-framework-2.1.0.aar (androidx.sqlite:sqlite-framework:2.1.0) with ExtractAarTransform
[        ] Transforming sqlite-framework-2.1.0.aar (androidx.sqlite:sqlite-framework:2.1.0) with AarTransform
[        ] Transforming sqlite-2.1.0.aar (androidx.sqlite:sqlite:2.1.0) with JetifyTransform
[        ] Transforming sqlite-2.1.0.aar (androidx.sqlite:sqlite:2.1.0) with JetifyTransform
[        ] Transforming sqlite-2.1.0.aar (androidx.sqlite:sqlite:2.1.0) with JetifyTransform
[        ] Transforming sqlite-framework-2.1.0.aar (androidx.sqlite:sqlite-framework:2.1.0) with AarTransform
[        ] Transforming sqlite-2.1.0.aar (androidx.sqlite:sqlite:2.1.0) with ExtractAarTransform
[        ] Transforming grpc-android-1.62.2.aar (io.grpc:grpc-android:1.62.2) with JetifyTransform
[        ] Transforming sqlite-2.1.0.aar (androidx.sqlite:sqlite:2.1.0) with ExtractAarTransform
[        ] Transforming sqlite-2.1.0.aar (androidx.sqlite:sqlite:2.1.0) with ExtractAarTransform
[        ] Transforming sqlite-2.1.0.aar (androidx.sqlite:sqlite:2.1.0) with AarTransform
[        ] Transforming grpc-android-1.62.2.aar (io.grpc:grpc-android:1.62.2) with ExtractAarTransform
[        ] Transforming protolite-well-known-types-18.0.1.aar (com.google.firebase:protolite-well-known-types:18.0.1) with JetifyTransform
[        ] Transforming sqlite-2.1.0.aar (androidx.sqlite:sqlite:2.1.0) with AarTransform
[        ] Transforming protolite-well-known-types-18.0.1.aar (com.google.firebase:protolite-well-known-types:18.0.1) with ExtractAarTransform
[        ] Transforming grpc-android-1.62.2.aar (io.grpc:grpc-android:1.62.2) with AarTransform
[        ] Transforming sqlite-2.1.0.aar (androidx.sqlite:sqlite:2.1.0) with AarTransform
[        ] Transforming protolite-well-known-types-18.0.1.aar (com.google.firebase:protolite-well-known-types:18.0.1) with AarTransform
[        ] Caching disabled for task ':app:checkDebugAarMetadata' because:
[        ]   Build cache is disabled
[        ]   Caching has been disabled for the task
[        ] Task ':app:checkDebugAarMetadata' is not up-to-date because:
[        ]   Task has failed previously.
[        ] > Task :cloud_firestore:packageDebugAssets
[        ] Caching disabled for task ':cloud_firestore:packageDebugAssets' because:
[        ]   Build cache is disabled
[        ]   Simple merging task
[        ] Task ':cloud_firestore:packageDebugAssets' is not up-to-date because:
[        ]   No history is available.
[        ] The input changes require a full rebuild for incremental task ':cloud_firestore:packageDebugAssets'.
[        ] FAILURE: Build failed with an exc
eption.
[        ] * What went wrong:
[        ] Execution failed for task ':app:c
heckDebugAarMetadata'.
[        ] > A failure occurred while execut
ing com.android.build.gradle.internal.tasks.
CheckAarMetadataWorkAction
[        ]    > An issue was found when chec
king AAR metadata:
[        ]        1.  Dependency ':flutter_l
ocal_notifications' requires core library de
sugaring to be enabled
[        ]            for :app.
[        ]            See https://developer.
android.com/studio/write/java8-support.html 
for more
[        ]            details.
[        ] * Try:
[        ] > Run with --debug option to get 
more log output.
[        ] > Run with --scan to get full ins
ights.
[        ] > Get more help at https://help.g
radle.org.
[        ] * Exception is:
[        ] org.gradle.api.tasks.TaskExecutio
nException: Execution failed for task ':app:
checkDebugAarMetadata'.
[        ] 	at org.gradle.api.internal.tasks
.execution.ExecuteActionsTaskExecuter.lambda
$executeIfValid$1(ExecuteActionsTaskExecuter
.java:130)
[        ] 	at org.gradle.internal.Try$Failu
re.ifSuccessfulOrElse(Try.java:293)
[        ] 	at org.gradle.api.internal.tasks
.execution.ExecuteActionsTaskExecuter.execut
eIfValid(ExecuteActionsTaskExecuter.java:128
)
[        ] 	at org.gradle.api.internal.tasks
.execution.ExecuteActionsTaskExecuter.execut
e(ExecuteActionsTaskExecuter.java:116)
[        ] 	at org.gradle.api.internal.tasks
.execution.FinalizePropertiesTaskExecuter.ex
ecute(FinalizePropertiesTaskExecuter.java:46
)
[        ] 	at org.gradle.api.internal.tasks
.execution.ResolveTaskExecutionModeExecuter.
execute(ResolveTaskExecutionModeExecuter.jav
a:51)
[        ] 	at org.gradle.api.internal.tasks
.execution.SkipTaskWithNoActionsExecuter.exe
cute(SkipTaskWithNoActionsExecuter.java:57)
[        ] 	at org.gradle.api.internal.tasks
.execution.SkipOnlyIfTaskExecuter.execute(Sk
ipOnlyIfTaskExecuter.java:74)
[        ] 	at org.gradle.api.internal.tasks
.execution.CatchExceptionTaskExecuter.execut
e(CatchExceptionTaskExecuter.java:36)
[        ] 	at org.gradle.api.internal.tasks
.execution.EventFiringTaskExecuter$1.execute
Task(EventFiringTaskExecuter.java:77)
[        ] 	at org.gradle.api.internal.tasks
.execution.EventFiringTaskExecuter$1.call(Ev
entFiringTaskExecuter.java:55)
[        ] 	at org.gradle.api.internal.tasks
.execution.EventFiringTaskExecuter$1.call(Ev
entFiringTaskExecuter.java:52)
[        ] 	at org.gradle.internal.operation
s.DefaultBuildOperationRunner$CallableBuildO
perationWorker.execute(DefaultBuildOperation
Runner.java:209)
[        ] 	at org.gradle.internal.operation
s.DefaultBuildOperationRunner$CallableBuildO
perationWorker.execute(DefaultBuildOperation
Runner.java:204)
[        ] 	at org.gradle.internal.operation
s.DefaultBuildOperationRunner$2.execute(Defa
ultBuildOperationRunner.java:66)
[        ] 	at org.gradle.internal.operation
s.DefaultBuildOperationRunner$2.execute(Defa
ultBuildOperationRunner.java:59)
[        ] 	at org.gradle.internal.operation
s.DefaultBuildOperationRunner.execute(Defaul
tBuildOperationRunner.java:166)
[        ] 	at org.gradle.internal.operation
s.DefaultBuildOperationRunner.execute(Defaul
tBuildOperationRunner.java:59)
[        ] 	at org.gradle.internal.operation
s.DefaultBuildOperationRunner.call(DefaultBu
ildOperationRunner.java:53)
[        ] 	at org.gradle.api.internal.tasks
.execution.EventFiringTaskExecuter.execute(E
ventFiringTaskExecuter.java:52)
[        ] 	at org.gradle.execution.plan.Loc
alTaskNodeExecutor.execute(LocalTaskNodeExec
utor.java:42)
[        ] 	at org.gradle.execution.taskgrap
h.DefaultTaskExecutionGraph$InvokeNodeExecut
orsAction.execute(DefaultTaskExecutionGraph.
java:331)
[        ] 	at org.gradle.execution.taskgrap
h.DefaultTaskExecutionGraph$InvokeNodeExecut
orsAction.execute(DefaultTaskExecutionGraph.
java:318)
[        ] 	at org.gradle.execution.taskgrap
h.DefaultTaskExecutionGraph$BuildOperationAw
areExecutionAction.lambda$execute$0(DefaultT
askExecutionGraph.java:314)
[        ] 	at org.gradle.internal.operation
s.CurrentBuildOperationRef.with(CurrentBuild
OperationRef.java:85)
[        ] 	at org.gradle.execution.taskgrap
h.DefaultTaskExecutionGraph$BuildOperationAw
areExecutionAction.execute(DefaultTaskExecut
ionGraph.java:314)
[        ] 	at org.gradle.execution.taskgrap
h.DefaultTaskExecutionGraph$BuildOperationAw
areExecutionAction.execute(DefaultTaskExecut
ionGraph.java:303)
[        ] 	at org.gradle.execution.plan.Def
aultPlanExecutor$ExecutorWorker.execute(Defa
ultPlanExecutor.java:459)
[        ] 	at org.gradle.execution.plan.Def
aultPlanExecutor$ExecutorWorker.run(DefaultP
lanExecutor.java:376)
[        ] 	at org.gradle.internal.concurren
t.ExecutorPolicy$CatchAndRecordFailures.onEx
ecute(ExecutorPolicy.java:64)
[        ] 	at org.gradle.internal.concurren
t.AbstractManagedExecutor$1.run(AbstractMana
gedExecutor.java:48)
[        ] 	at java.base/java.util.concurren
t.ThreadPoolExecutor.runWorker(ThreadPoolExe
cutor.java:1136)
[        ] 	at java.base/java.util.concurren
t.ThreadPoolExecutor$Worker.run(ThreadPoolEx
ecutor.java:635)
[        ] 	at java.base/java.lang.Thread.ru
n(Thread.java:842)
[        ] Caused by: org.gradle.workers.int
ernal.DefaultWorkerExecutor$WorkExecutionExc
eption: A failure occurred while executing c
om.android.build.gradle.internal.tasks.Check
AarMetadataWorkAction
[        ] 	at org.gradle.workers.internal.D
efaultWorkerExecutor$WorkItemExecution.waitF
orCompletion(DefaultWorkerExecutor.java:287)
[        ] 	at org.gradle.internal.work.Defa
ultAsyncWorkTracker.lambda$waitForItemsAndGa
therFailures$2(DefaultAsyncWorkTracker.java:
130)
[        ] 	at org.gradle.internal.Factories
$1.create(Factories.java:31)
[        ] 	at org.gradle.internal.work.Defa
ultWorkerLeaseService.withoutLocks(DefaultWo
rkerLeaseService.java:335)
[        ] 	at org.gradle.internal.work.Defa
ultWorkerLeaseService.withoutLocks(DefaultWo
rkerLeaseService.java:318)
[        ] 	at org.gradle.internal.work.Defa
ultWorkerLeaseService.withoutLock(DefaultWor
kerLeaseService.java:323)
[        ] 	at org.gradle.internal.work.Defa
ultAsyncWorkTracker.waitForItemsAndGatherFai
lures(DefaultAsyncWorkTracker.java:126)
[        ] 	at org.gradle.internal.work.Defa
ultAsyncWorkTracker.waitForItemsAndGatherFai
lures(DefaultAsyncWorkTracker.java:92)
[        ] 	at org.gradle.internal.work.Defa
ultAsyncWorkTracker.waitForAll(DefaultAsyncW
orkTracker.java:78)
[        ] 	at org.gradle.internal.work.Defa
ultAsyncWorkTracker.waitForCompletion(Defaul
tAsyncWorkTracker.java:66)
[        ] 	at org.gradle.api.internal.tasks
.execution.TaskExecution$3.run(TaskExecution
.java:252)
[        ] 	at org.gradle.internal.operation
s.DefaultBuildOperationRunner$1.execute(Defa
ultBuildOperationRunner.java:29)
[        ] 	at org.gradle.internal.operation
s.DefaultBuildOperationRunner$1.execute(Defa
ultBuildOperationRunner.java:26)
[        ] 	at org.gradle.internal.operation
s.DefaultBuildOperationRunner$2.execute(Defa
ultBuildOperationRunner.java:66)
[        ] 	at org.gradle.internal.operation
s.DefaultBuildOperationRunner$2.execute(Defa
ultBuildOperationRunner.java:59)
[        ] 	at org.gradle.internal.operation
s.DefaultBuildOperationRunner.execute(Defaul
tBuildOperationRunner.java:166)
[        ] 	at org.gradle.internal.operation
s.DefaultBuildOperationRunner.execute(Defaul
tBuildOperationRunner.java:59)
[        ] 	at org.gradle.internal.operation
s.DefaultBuildOperationRunner.run(DefaultBui
ldOperationRunner.java:47)
[        ] 	at org.gradle.api.internal.tasks
.execution.TaskExecution.executeAction(TaskE
xecution.java:229)
[        ] 	at org.gradle.api.internal.tasks
.execution.TaskExecution.executeActions(Task
Execution.java:212)
[        ] 	at org.gradle.api.internal.tasks
.execution.TaskExecution.executeWithPrevious
OutputFiles(TaskExecution.java:195)
[        ] 	at org.gradle.api.internal.tasks
.execution.TaskExecution.execute(TaskExecuti
on.java:162)
[        ] 	at org.gradle.internal.execution
.steps.ExecuteStep.executeInternal(ExecuteSt
ep.java:105)
[        ] 	at org.gradle.internal.execution
.steps.ExecuteStep.access$000(ExecuteStep.ja
va:44)
[        ] 	at org.gradle.internal.execution
.steps.ExecuteStep$1.call(ExecuteStep.java:5
9)
[        ] 	at org.gradle.internal.execution
.steps.ExecuteStep$1.call(ExecuteStep.java:5
6)
[        ] 	at org.gradle.internal.operation
s.DefaultBuildOperationRunner$CallableBuildO
perationWorker.execute(DefaultBuildOperation
Runner.java:209)
[        ] 	at org.gradle.internal.operation
s.DefaultBuildOperationRunner$CallableBuildO
perationWorker.execute(DefaultBuildOperation
Runner.java:204)
[        ] 	at org.gradle.internal.operation
s.DefaultBuildOperationRunner$2.execute(Defa
ultBuildOperationRunner.java:66)
[        ] 	at org.gradle.internal.operation
s.DefaultBuildOperationRunner$2.execute(Defa
ultBuildOperationRunner.java:59)
[        ] 	at org.gradle.internal.operation
s.DefaultBuildOperationRunner.execute(Defaul
tBuildOperationRunner.java:166)
[        ] 	at org.gradle.internal.operation
s.DefaultBuildOperationRunner.execute(Defaul
tBuildOperationRunner.java:59)
[        ] 	at org.gradle.internal.operation
s.DefaultBuildOperationRunner.call(DefaultBu
ildOperationRunner.java:53)
[        ] 	at org.gradle.internal.execution
.steps.ExecuteStep.execute(ExecuteStep.java:
56)
[        ] 	at org.gradle.internal.execution
.steps.ExecuteStep.execute(ExecuteStep.java:
44)
[        ] 	at org.gradle.internal.execution
.steps.CancelExecutionStep.execute(CancelExe
cutionStep.java:42)
[        ] 	at org.gradle.internal.execution
.steps.TimeoutStep.executeWithoutTimeout(Tim
eoutStep.java:75)
[        ] 	at org.gradle.internal.execution
.steps.TimeoutStep.execute(TimeoutStep.java:
55)
[        ] 	at org.gradle.internal.execution
.steps.PreCreateOutputParentsStep.execute(Pr
eCreateOutputParentsStep.java:50)
[        ] 	at org.gradle.internal.execution
.steps.PreCreateOutputParentsStep.execute(Pr
eCreateOutputParentsStep.java:28)
[        ] 	at org.gradle.internal.execution
.steps.RemovePreviousOutputsStep.execute(Rem
ovePreviousOutputsStep.java:67)
[        ] 	at org.gradle.internal.execution
.steps.RemovePreviousOutputsStep.execute(Rem
ovePreviousOutputsStep.java:37)
[        ] 	at org.gradle.internal.execution
.steps.BroadcastChangingOutputsStep.execute(
BroadcastChangingOutputsStep.java:61)
[        ] 	at org.gradle.internal.execution
.steps.BroadcastChangingOutputsStep.execute(
BroadcastChangingOutputsStep.java:26)
[        ] 	at org.gradle.internal.execution
.steps.CaptureOutputsAfterExecutionStep.exec
ute(CaptureOutputsAfterExecutionStep.java:69
)
[        ] 	at org.gradle.internal.execution
.steps.CaptureOutputsAfterExecutionStep.exec
ute(CaptureOutputsAfterExecutionStep.java:46
)
[        ] 	at org.gradle.internal.execution
.steps.ResolveInputChangesStep.execute(Resol
veInputChangesStep.java:40)
[        ] 	at org.gradle.internal.execution
.steps.ResolveInputChangesStep.execute(Resol
veInputChangesStep.java:29)
[        ] 	at org.gradle.internal.execution
.steps.BuildCacheStep.executeWithoutCache(Bu
ildCacheStep.java:189)
[        ] 	at org.gradle.internal.execution
.steps.BuildCacheStep.lambda$execute$1(Build
CacheStep.java:75)
[        ] 	at org.gradle.internal.Either$Ri
ght.fold(Either.java:175)
[        ] 	at org.gradle.internal.execution
.caching.CachingState.fold(CachingState.java
:62)
[        ] 	at org.gradle.internal.execution
.steps.BuildCacheStep.execute(BuildCacheStep
.java:73)
[        ] 	at org.gradle.internal.execution
.steps.BuildCacheStep.execute(BuildCacheStep
.java:48)
[        ] 	at org.gradle.internal.execution
.steps.StoreExecutionStateStep.execute(Store
ExecutionStateStep.java:46)
[        ] 	at org.gradle.internal.execution
.steps.StoreExecutionStateStep.execute(Store
ExecutionStateStep.java:35)
[        ] 	at org.gradle.internal.execution
.steps.SkipUpToDateStep.executeBecause(SkipU
pToDateStep.java:75)
[        ] 	at org.gradle.internal.execution
.steps.SkipUpToDateStep.lambda$execute$2(Ski
pUpToDateStep.java:53)
[        ] 	at java.base/java.util.Optional.
orElseGet(Optional.java:364)
[        ] 	at org.gradle.internal.execution
.steps.SkipUpToDateStep.execute(SkipUpToDate
Step.java:53)
[        ] 	at org.gradle.internal.execution
.steps.SkipUpToDateStep.execute(SkipUpToDate
Step.java:35)
[        ] 	at org.gradle.internal.execution
.steps.legacy.MarkSnapshottingInputsFinished
Step.execute(MarkSnapshottingInputsFinishedS
tep.java:37)
[        ] 	at org.gradle.internal.execution
.steps.legacy.MarkSnapshottingInputsFinished
Step.execute(MarkSnapshottingInputsFinishedS
tep.java:27)
[        ] 	at org.gradle.internal.execution
.steps.ResolveIncrementalCachingStateStep.ex
ecuteDelegate(ResolveIncrementalCachingState
Step.java:49)
[        ] 	at org.gradle.internal.execution
.steps.ResolveIncrementalCachingStateStep.ex
ecuteDelegate(ResolveIncrementalCachingState
Step.java:27)
[        ] 	at org.gradle.internal.execution
.steps.AbstractResolveCachingStateStep.execu
te(AbstractResolveCachingStateStep.java:71)
[        ] 	at org.gradle.internal.execution
.steps.AbstractResolveCachingStateStep.execu
te(AbstractResolveCachingStateStep.java:39)
[        ] 	at org.gradle.internal.execution
.steps.ResolveChangesStep.execute(ResolveCha
ngesStep.java:65)
[        ] 	at org.gradle.internal.execution
.steps.ResolveChangesStep.execute(ResolveCha
ngesStep.java:36)
[        ] 	at org.gradle.internal.execution
.steps.ValidateStep.execute(ValidateStep.jav
a:107)
[        ] 	at org.gradle.internal.execution
.steps.ValidateStep.execute(ValidateStep.jav
a:56)
[        ] 	at org.gradle.internal.execution
.steps.AbstractCaptureStateBeforeExecutionSt
ep.execute(AbstractCaptureStateBeforeExecuti
onStep.java:64)
[        ] 	at org.gradle.internal.execution
.steps.AbstractCaptureStateBeforeExecutionSt
ep.execute(AbstractCaptureStateBeforeExecuti
onStep.java:43)
[        ] 	at org.gradle.internal.execution
.steps.AbstractSkipEmptyWorkStep.executeWith
NonEmptySources(AbstractSkipEmptyWorkStep.ja
va:125)
[        ] 	at org.gradle.internal.execution
.steps.AbstractSkipEmptyWorkStep.execute(Abs
tractSkipEmptyWorkStep.java:56)
[        ] 	at org.gradle.internal.execution
.steps.AbstractSkipEmptyWorkStep.execute(Abs
tractSkipEmptyWorkStep.java:36)
[        ] 	at org.gradle.internal.execution
.steps.legacy.MarkSnapshottingInputsStartedS
tep.execute(MarkSnapshottingInputsStartedSte
p.java:38)
[        ] 	at org.gradle.internal.execution
.steps.LoadPreviousExecutionStateStep.execut
e(LoadPreviousExecutionStateStep.java:36)
[        ] 	at org.gradle.internal.execution
.steps.LoadPreviousExecutionStateStep.execut
e(LoadPreviousExecutionStateStep.java:23)
[        ] 	at org.gradle.internal.execution
.steps.HandleStaleOutputsStep.execute(Handle
StaleOutputsStep.java:75)
[        ] 	at org.gradle.internal.execution
.steps.HandleStaleOutputsStep.execute(Handle
StaleOutputsStep.java:41)
[        ] 	at org.gradle.internal.execution
.steps.AssignMutableWorkspaceStep.lambda$exe
cute$0(AssignMutableWorkspaceStep.java:35)
[        ] 	at org.gradle.api.internal.tasks
.execution.TaskExecution$4.withWorkspace(Tas
kExecution.java:289)
[        ] 	at org.gradle.internal.execution
.steps.AssignMutableWorkspaceStep.execute(As
signMutableWorkspaceStep.java:31)
[        ] 	at org.gradle.internal.execution
.steps.AssignMutableWorkspaceStep.execute(As
signMutableWorkspaceStep.java:22)
[        ] 	at org.gradle.internal.execution
.steps.ChoosePipelineStep.execute(ChoosePipe
lineStep.java:40)
[        ] 	at org.gradle.internal.execution
.steps.ChoosePipelineStep.execute(ChoosePipe
lineStep.java:23)
[        ] 	at org.gradle.internal.execution
.steps.ExecuteWorkBuildOperationFiringStep.l
ambda$execute$2(ExecuteWorkBuildOperationFir
ingStep.java:67)
[        ] 	at java.base/java.util.Optional.
orElseGet(Optional.java:364)
[        ] 	at org.gradle.internal.execution
.steps.ExecuteWorkBuildOperationFiringStep.e
xecute(ExecuteWorkBuildOperationFiringStep.j
ava:67)
[        ] 	at org.gradle.internal.execution
.steps.ExecuteWorkBuildOperationFiringStep.e
xecute(ExecuteWorkBuildOperationFiringStep.j
ava:39)
[        ] 	at org.gradle.internal.execution
.steps.IdentityCacheStep.execute(IdentityCac
heStep.java:46)
[        ] 	at org.gradle.internal.execution
.steps.IdentityCacheStep.execute(IdentityCac
heStep.java:34)
[        ] 	at org.gradle.internal.execution
.steps.IdentifyStep.execute(IdentifyStep.jav
a:48)
[        ] 	at org.gradle.internal.execution
.steps.IdentifyStep.execute(IdentifyStep.jav
a:35)
[        ] 	at org.gradle.internal.execution
.impl.DefaultExecutionEngine$1.execute(Defau
ltExecutionEngine.java:61)
[        ] 	at org.gradle.api.internal.tasks
.execution.ExecuteActionsTaskExecuter.execut
eIfValid(ExecuteActionsTaskExecuter.java:127
)
[        ] 	at org.gradle.api.internal.tasks
.execution.ExecuteActionsTaskExecuter.execut
e(ExecuteActionsTaskExecuter.java:116)
[        ] 	at org.gradle.api.internal.tasks
.execution.FinalizePropertiesTaskExecuter.ex
ecute(FinalizePropertiesTaskExecuter.java:46
)
[        ] 	at org.gradle.api.internal.tasks
.execution.ResolveTaskExecutionModeExecuter.
execute(ResolveTaskExecutionModeExecuter.jav
a:51)
[        ] 	at org.gradle.api.internal.tasks
.execution.SkipTaskWithNoActionsExecuter.exe
cute(SkipTaskWithNoActionsExecuter.java:57)
[        ] 	at org.gradle.api.internal.tasks
.execution.SkipOnlyIfTaskExecuter.execute(Sk
ipOnlyIfTaskExecuter.java:74)
[        ] 	at org.gradle.api.internal.tasks
.execution.CatchExceptionTaskExecuter.execut
e(CatchExceptionTaskExecuter.java:36)
[        ] 	at org.gradle.api.internal.tasks
.execution.EventFiringTaskExecuter$1.execute
Task(EventFiringTaskExecuter.java:77)
[        ] 	at org.gradle.api.internal.tasks
.execution.EventFiringTaskExecuter$1.call(Ev
entFiringTaskExecuter.java:55)
[        ] 	at org.gradle.api.internal.tasks
.execution.EventFiringTaskExecuter$1.call(Ev
entFiringTaskExecuter.java:52)
[        ] 	at org.gradle.internal.operation
s.DefaultBuildOperationRunner$CallableBuildO
perationWorker.execute(DefaultBuildOperation
Runner.java:209)
[        ] 	at org.gradle.internal.operation
s.DefaultBuildOperationRunner$CallableBuildO
perationWorker.execute(DefaultBuildOperation
Runner.java:204)
[        ] 	at org.gradle.internal.operation
s.DefaultBuildOperationRunner$2.execute(Defa
ultBuildOperationRunner.java:66)
[        ] 	at org.gradle.internal.operation
s.DefaultBuildOperationRunner$2.execute(Defa
ultBuildOperationRunner.java:59)
[        ] 	at org.gradle.internal.operation
s.DefaultBuildOperationRunner.execute(Defaul
tBuildOperationRunner.java:166)
[        ] 	at org.gradle.internal.operation
s.DefaultBuildOperationRunner.execute(Defaul
tBuildOperationRunner.java:59)
[        ] 	at org.gradle.internal.operation
s.DefaultBuildOperationRunner.call(DefaultBu
ildOperationRunner.java:53)
[        ] 	at org.gradle.api.internal.tasks
.execution.EventFiringTaskExecuter.execute(E
ventFiringTaskExecuter.java:52)
[        ] 	at org.gradle.execution.plan.Loc
alTaskNodeExecutor.execute(LocalTaskNodeExec
utor.java:42)
[        ] 	at org.gradle.execution.taskgrap
h.DefaultTaskExecutionGraph$InvokeNodeExecut
orsAction.execute(DefaultTaskExecutionGraph.
java:331)
[        ] 	at org.gradle.execution.taskgrap
h.DefaultTaskExecutionGraph$InvokeNodeExecut
orsAction.execute(DefaultTaskExecutionGraph.
java:318)
[        ] 	at org.gradle.execution.taskgrap
h.DefaultTaskExecutionGraph$BuildOperationAw
areExecutionAction.lambda$execute$0(DefaultT
askExecutionGraph.java:314)
[        ] 	at org.gradle.internal.operation
s.CurrentBuildOperationRef.with(CurrentBuild
OperationRef.java:85)
[        ] 	at org.gradle.execution.taskgrap
h.DefaultTaskExecutionGraph$BuildOperationAw
areExecutionAction.execute(DefaultTaskExecut
ionGraph.java:314)
[        ] 	at org.gradle.execution.taskgrap
h.DefaultTaskExecutionGraph$BuildOperationAw
areExecutionAction.execute(DefaultTaskExecut
ionGraph.java:303)
[        ] 	at org.gradle.execution.plan.Def
aultPlanExecutor$ExecutorWorker.execute(Defa
ultPlanExecutor.java:459)
[        ] 	at org.gradle.execution.plan.Def
aultPlanExecutor$ExecutorWorker.run(DefaultP
lanExecutor.java:376)
[        ] 	at org.gradle.internal.concurren
t.ExecutorPolicy$CatchAndRecordFailures.onEx
ecute(ExecutorPolicy.java:64)
[        ] 	at org.gradle.internal.concurren
t.AbstractManagedExecutor$1.run(AbstractMana
gedExecutor.java:48)
[        ] 	at java.base/java.util.concurren
t.ThreadPoolExecutor.runWorker(ThreadPoolExe
cutor.java:1136)
[        ] 	at java.base/java.util.concurren
t.ThreadPoolExecutor$Worker.run(ThreadPoolEx
ecutor.java:635)
[        ] 	at java.base/java.lang.Thread.ru
n(Thread.java:842)
[        ] Caused by: java.lang.RuntimeExcep
tion: An issue was found when checking AAR m
etadata:
[        ]   1.  Dependency ':flutter_local_
notifications' requires core library desugar
ing to be enabled
[        ]       for :app.
[        ]       See https://developer.andro
id.com/studio/write/java8-support.html for m
ore
[        ]       details.
[        ] 	at com.android.build.gradle.inte
rnal.tasks.CheckAarMetadataWorkAction.execut
e(CheckAarMetadataTask.kt:288)
[        ] 	at org.gradle.workers.internal.D
efaultWorkerServer.execute(DefaultWorkerServ
er.java:63)
[        ] 	at org.gradle.workers.internal.N
oIsolationWorkerFactory$1$1.create(NoIsolati
onWorkerFactory.java:66)
[        ] 	at org.gradle.workers.internal.N
oIsolationWorkerFactory$1$1.create(NoIsolati
onWorkerFactory.java:62)
[        ] 	at org.gradle.internal.classload
er.ClassLoaderUtils.executeInClassloader(Cla
ssLoaderUtils.java:100)
[        ] 	at org.gradle.workers.internal.N
oIsolationWorkerFactory$1.lambda$execute$0(N
oIsolationWorkerFactory.java:62)
[        ] 	at org.gradle.workers.internal.A
bstractWorker$1.call(AbstractWorker.java:44)
[        ] 	at org.gradle.workers.internal.A
bstractWorker$1.call(AbstractWorker.java:41)
[        ] 	at org.gradle.internal.operation
s.DefaultBuildOperationRunner$CallableBuildO
perationWorker.execute(DefaultBuildOperation
Runner.java:209)
[        ] 	at org.gradle.internal.operation
s.DefaultBuildOperationRunner$CallableBuildO
perationWorker.execute(DefaultBuildOperation
Runner.java:204)
[        ] 	at org.gradle.internal.operation
s.DefaultBuildOperationRunner$2.execute(Defa
ultBuildOperationRunner.java:66)
[        ] 	at org.gradle.internal.operation
s.DefaultBuildOperationRunner$2.execute(Defa
ultBuildOperationRunner.java:59)
[        ] 	at org.gradle.internal.operation
s.DefaultBuildOperationRunner.execute(Defaul
tBuildOperationRunner.java:166)
[        ] 	at org.gradle.internal.operation
s.DefaultBuildOperationRunner.execute(Defaul
tBuildOperationRunner.java:59)
[        ] 	at org.gradle.internal.operation
s.DefaultBuildOperationRunner.call(DefaultBu
ildOperationRunner.java:53)
[        ] 	at org.gradle.workers.internal.A
bstractWorker.executeWrappedInBuildOperation
(AbstractWorker.java:41)
[        ] 	at org.gradle.workers.internal.N
oIsolationWorkerFactory$1.execute(NoIsolatio
nWorkerFactory.java:59)
[        ] 	at org.gradle.workers.internal.D
efaultWorkerExecutor.lambda$submitWork$0(Def
aultWorkerExecutor.java:174)
[        ] 	at java.base/java.util.concurren
t.FutureTask.run(FutureTask.java:264)
[        ] 	at org.gradle.internal.work.Defa
ultConditionalExecutionQueue$ExecutionRunner
.runExecution(DefaultConditionalExecutionQue
ue.java:194)
[        ] 	at org.gradle.internal.work.Defa
ultConditionalExecutionQueue$ExecutionRunner
.access$700(DefaultConditionalExecutionQueue
.java:127)
[        ] 	at org.gradle.internal.work.Defa
ultConditionalExecutionQueue$ExecutionRunner
$1.run(DefaultConditionalExecutionQueue.java
:169)
[        ] 	at org.gradle.internal.Factories
$1.create(Factories.java:31)
[   +1 ms] 	at org.gradle.internal.work.Defa
ultWorkerLeaseService.withLocks(DefaultWorke
rLeaseService.java:263)
[        ] 	at org.gradle.internal.work.Defa
ultWorkerLeaseService.runAsWorkerThread(Defa
ultWorkerLeaseService.java:127)
[        ] 	at org.gradle.internal.work.Defa
ultWorkerLeaseService.runAsWorkerThread(Defa
ultWorkerLeaseService.java:132)
[        ] 	at org.gradle.internal.work.Defa
ultConditionalExecutionQueue$ExecutionRunner
.runBatch(DefaultConditionalExecutionQueue.j
ava:164)
[        ] 	at org.gradle.internal.work.Defa
ultConditionalExecutionQueue$ExecutionRunner
.run(DefaultConditionalExecutionQueue.java:1
33)
[        ] 	at java.base/java.util.concurren
t.Executors$RunnableAdapter.call(Executors.j
ava:539)
[        ] 	at java.base/java.util.concurren
t.FutureTask.run(FutureTask.java:264)
[        ] 	... 5 more
[   +3 ms] BU´┐¢LD FAILED in 6s
[        ] Deprecated Gradle features were used in this build, making it incompatible with Gradle 9.0.
[        ] You can use '--warning-mode all' to show the individual deprecation warnings and determine if they come from your own scripts or plugins.
[        ] For more on this, please refer to https://docs.gradle.org/8.10.2/userguide/command_line_interface.html#sec:command_line_warnings in the Gradle documentation.
[        ] 19 actionable tasks: 4 executed, 15 up-to-date
[        ] Watched directory hierarchies: [C:\src\flutter\packages\flutter_tools\gradle]
[  +84 ms] Running Gradle task 'assembleDebug'... (completed in 7,2s)
[  +45 ms] "flutter apk" took 8.183ms.
[  +55 ms] Gradle task assembleDebug failed 
with exit code 1
[        ] 
           #0      throwToolExit (package:fl
utter_tools/src/base/common.dart:34:3)
           #1      AndroidGradleBuilder.buil
dGradleApp (package:flutter_tools/src/androi
d/gradle.dart:572:7)
           <asynchronous suspension>
           #2      AndroidGradleBuilder.buil
dApk (package:flutter_tools/src/android/grad
le.dart:232:5)
           <asynchronous suspension>
           #3      BuildApkCommand.runComman
d (package:flutter_tools/src/commands/build_
apk.dart:154:5)
           <asynchronous suspension>
           #4      FlutterCommand.run.<anony
mous closure> (package:flutter_tools/src/run
ner/flutter_command.dart:1558:27)
           <asynchronous suspension>
           #5      AppContext.run.<anonymous
 closure> (package:flutter_tools/src/base/co
ntext.dart:154:19)
           <asynchronous suspension>
           #6      CommandRunner.runCommand 
(package:args/command_runner.dart:212:13)
           <asynchronous suspension>
           #7      FlutterCommandRunner.runC
ommand.<anonymous closure> (package:flutter_
tools/src/runner/flutter_command_runner.dart
:496:9)
           <asynchronous suspension>
           #8      AppContext.run.<anonymous
 closure> (package:flutter_tools/src/base/co
ntext.dart:154:19)
           <asynchronous suspension>
           #9      FlutterCommandRunner.runC
ommand (package:flutter_tools/src/runner/flu
tter_command_runner.dart:431:5)
           <asynchronous suspension>
           #10     run.<anonymous closure>.<
anonymous closure> (package:flutter_tools/ru
nner.dart:98:11)
           <asynchronous suspension>
           #11     AppContext.run.<anonymous
 closure> (package:flutter_tools/src/base/co
ntext.dart:154:19)
           <asynchronous suspension>
           #12     main (package:flutter_too
ls/executable.dart:99:3)
           <asynchronous suspension>


[        ] Running 1 shutdown hook
[   +2 ms] Shutdown hooks complete
[ +165 ms] exiting with code 1
